merged 1300 rows from 4 shards

====================================================================================
E2 · d=6 · sigma_rel=0.25 · 25 instances x 2 seeds <-- PRIMARY CELL
====================================================================================
      arm       simple regret (median [IQR])   AUC post-init
   qlogei         0.1484  [ 0.1057,  0.1968]          0.8139
  qlognei         0.1366  [ 0.1044,  0.2147]          0.8382
   random         0.2308  [ 0.1774,  0.2629]          0.7889
    sobol         0.1530  [ 0.1010,  0.2455]          0.8206
      lhs         0.1271  [ 0.0746,  0.1717]          0.8601
    coord         0.1393  [ 0.0896,  0.1772]          0.7642
      doe         0.0957  [ 0.0733,  0.1158]          0.8629

  paired vs qLogEI, instance-level (n=25):
      qlognei:  -0.0020  [ -0.0250,  +0.0209]  wilcoxon p=0.7112
       random:  +0.0664  [ +0.0419,  +0.0909]  wilcoxon p=0.0000
        sobol:  +0.0171  [ -0.0127,  +0.0484]  wilcoxon p=0.3123
          lhs:  -0.0282  [ -0.0477,  -0.0084]  wilcoxon p=0.0147
        coord:  -0.0133  [ -0.0415,  +0.0136]  wilcoxon p=0.3388
          doe:  -0.0595  [ -0.0792,  -0.0373]  wilcoxon p=0.0000  <-- best non-BO

====================================================================================
E2 · d=6 · sigma_rel=0.1 · 25 instances x 2 seeds
====================================================================================
      arm       simple regret (median [IQR])   AUC post-init
   qlogei         0.0808  [ 0.0553,  0.1159]          0.8911
  qlognei         0.0780  [ 0.0600,  0.1032]          0.8993
   random         0.1740  [ 0.1352,  0.2090]          0.8263
    sobol         0.1167  [ 0.0879,  0.1503]          0.8596
      lhs         0.1010  [ 0.0688,  0.1392]          0.8913
    coord         0.0825  [ 0.0630,  0.1091]          0.8842
      doe         0.0934  [ 0.0715,  0.1088]          0.8733

  paired vs qLogEI, instance-level (n=25):
      qlognei:  -0.0066  [ -0.0199,  +0.0081]  wilcoxon p=0.1817
       random:  +0.0819  [ +0.0635,  +0.1003]  wilcoxon p=0.0000
        sobol:  +0.0336  [ +0.0188,  +0.0491]  wilcoxon p=0.0003
          lhs:  +0.0153  [ -0.0010,  +0.0320]  wilcoxon p=0.1135
        coord:  +0.0006  [ -0.0108,  +0.0124]  wilcoxon p=0.9158  <-- best non-BO
          doe:  +0.0018  [ -0.0083,  +0.0117]  wilcoxon p=0.6915

====================================================================================
E2 · d=8 · sigma_rel=0.25 · 25 instances x 2 seeds
====================================================================================
      arm       simple regret (median [IQR])   AUC post-init
   qlogei         0.1255  [ 0.0715,  0.1637]          0.8648
  qlognei         0.1148  [ 0.0734,  0.1485]          0.8751
   random         0.1681  [ 0.1373,  0.1932]          0.8344
    sobol         0.1947  [ 0.1179,  0.2398]          0.8285
      lhs         0.1548  [ 0.1061,  0.2164]          0.8257
    coord         0.1868  [ 0.1615,  0.2249]          0.7917

  paired vs qLogEI, instance-level (n=25):
      qlognei:  -0.0142  [ -0.0308,  -0.0000]  wilcoxon p=0.1730
       random:  +0.0465  [ +0.0298,  +0.0632]  wilcoxon p=0.0000
        sobol:  +0.0557  [ +0.0283,  +0.0822]  wilcoxon p=0.0006
          lhs:  +0.0380  [ +0.0101,  +0.0626]  wilcoxon p=0.0187  <-- best non-BO
        coord:  +0.0679  [ +0.0487,  +0.0876]  wilcoxon p=0.0000

====================================================================================
E2 · d=8 · sigma_rel=0.1 · 25 instances x 2 seeds
====================================================================================
      arm       simple regret (median [IQR])   AUC post-init
   qlogei         0.0962  [ 0.0730,  0.1283]          0.8914
  qlognei         0.0851  [ 0.0467,  0.1111]          0.8964
   random         0.1241  [ 0.0957,  0.1583]          0.8663
    sobol         0.0818  [ 0.0512,  0.1444]          0.8790
      lhs         0.1257  [ 0.0889,  0.1634]          0.8672
    coord         0.1005  [ 0.0756,  0.1394]          0.8728

  paired vs qLogEI, instance-level (n=25):
      qlognei:  -0.0123  [ -0.0215,  -0.0040]  wilcoxon p=0.0275
       random:  +0.0301  [ +0.0157,  +0.0450]  wilcoxon p=0.0004
        sobol:  -0.0004  [ -0.0143,  +0.0134]  wilcoxon p=0.9368  <-- best non-BO
          lhs:  +0.0288  [ +0.0114,  +0.0479]  wilcoxon p=0.0067
        coord:  +0.0081  [ -0.0044,  +0.0216]  wilcoxon p=0.3254
