F3 · seeds arm · arm=versionb d=6 sigma=0.25
  draws=(4096,)  n_rho=(64,)  alpha=0.95
  cells=[(0.99, 0.6), (0.99, 0.75), (0.95, 0.6), (0.99, 0.85), (0.5, 0.6)]  (gamma=0.50 is the NEGATIVE CONTROL)
  pairs=200  already done=0
  rows per campaign = 5
  threads=1 OMP=1
  [  1/200] 033466197eba3ddb seed=0 5 rows (83.5s) ~277.1 min left
  [  2/200] 0a6e0788538a7c52 seed=0 5 rows (82.0s) ~273.1 min left
  [  3/200] 0ed87c75239d73f8 seed=0 5 rows (73.8s) ~261.9 min left
  [  4/200] 32bb966a18f1d863 seed=0 5 rows (77.4s) ~258.6 min left
  [  5/200] 443c180247c17191 seed=0 5 rows (78.7s) ~257.0 min left
  [  6/200] 48b1324dd0461cd9 seed=0 5 rows (92.1s) ~262.7 min left
  [  7/200] 4d4f7158b65b52ba seed=0 5 rows (80.7s) ~261.1 min left
  [  8/200] 51cf489c521a6911 seed=0 5 rows (80.9s) ~259.7 min left
  [  9/200] 578e5d8768359f0f seed=0 5 rows (81.2s) ~258.4 min left
  [ 10/200] 59e420274f4385d9 seed=0 5 rows (88.1s) ~259.2 min left
  [ 11/200] 5b3926ef2c5fe4b6 seed=0 5 rows (81.0s) ~257.6 min left
  [ 12/200] 763e0f58925816ca seed=0 5 rows (77.3s) ~255.1 min left
  [ 13/200] 7b6071e568a98779 seed=0 5 rows (79.8s) ~253.3 min left
  [ 14/200] 7ef3fc89acece49c seed=0 5 rows (80.9s) ~251.9 min left
  [ 15/200] 7f5c7431c0530e74 seed=0 5 rows (79.2s) ~250.1 min left
  [ 16/200] 8abe35e93ddfcad1 seed=0 5 rows (97.6s) ~251.9 min left
  [ 17/200] 9414bc879284eef0 seed=0 5 rows (104.2s) ~254.5 min left
  [ 18/200] 9f3cdb4d835c6909 seed=0 5 rows (91.8s) ~254.5 min left
  [ 19/200] c75f6d6f50fe2434 seed=0 5 rows (91.0s) ~254.2 min left
  [ 20/200] ce7334da318bc5e5 seed=0 5 rows (95.9s) ~254.6 min left
  [ 21/200] da5ec2fbb20c9f9b seed=0 5 rows (86.9s) ~253.4 min left
  [ 22/200] e402c32907f27534 seed=0 5 rows (96.8s) ~253.6 min left
  [ 23/200] e946207e9dfe1876 seed=0 5 rows (84.2s) ~252.0 min left
  [ 24/200] ef2815cdafff288c seed=0 5 rows (78.4s) ~249.8 min left
  [ 25/200] f79c5cf175034acd seed=0 5 rows (72.9s) ~246.9 min left
  [ 26/200] 033466197eba3ddb seed=1 5 rows (64.6s) ~243.3 min left
  [ 27/200] 0a6e0788538a7c52 seed=1 5 rows (69.3s) ~240.3 min left
  [ 28/200] 0ed87c75239d73f8 seed=1 5 rows (67.4s) ~237.3 min left
  [ 29/200] 32bb966a18f1d863 seed=1 5 rows (70.7s) ~234.7 min left
  [ 30/200] 443c180247c17191 seed=1 5 rows (68.7s) ~232.1 min left
  [ 31/200] 48b1324dd0461cd9 seed=1 5 rows (73.8s) ~230.0 min left
  [ 32/200] 4d4f7158b65b52ba seed=1 5 rows (73.6s) ~227.9 min left
  [ 33/200] 51cf489c521a6911 seed=1 5 rows (78.7s) ~226.3 min left
  [ 34/200] 578e5d8768359f0f seed=1 5 rows (64.5s) ~223.6 min left
  [ 35/200] 59e420274f4385d9 seed=1 5 rows (65.4s) ~221.0 min left
  [ 36/200] 5b3926ef2c5fe4b6 seed=1 5 rows (70.5s) ~218.9 min left
  [ 37/200] 763e0f58925816ca seed=1 5 rows (65.1s) ~216.5 min left
  [ 38/200] 7b6071e568a98779 seed=1 5 rows (68.9s) ~214.4 min left
  [ 39/200] 7ef3fc89acece49c seed=1 5 rows (69.6s) ~212.4 min left
  [ 40/200] 7f5c7431c0530e74 seed=1 5 rows (66.6s) ~210.2 min left
  [ 41/200] 8abe35e93ddfcad1 seed=1 5 rows (64.3s) ~208.0 min left
  [ 42/200] 9414bc879284eef0 seed=1 5 rows (65.7s) ~205.9 min left
  [ 43/200] 9f3cdb4d835c6909 seed=1 5 rows (68.6s) ~204.0 min left
  [ 44/200] c75f6d6f50fe2434 seed=1 5 rows (66.3s) ~202.0 min left
  [ 45/200] ce7334da318bc5e5 seed=1 5 rows (73.7s) ~200.5 min left
  [ 46/200] da5ec2fbb20c9f9b seed=1 5 rows (67.2s) ~198.6 min left
  [ 47/200] e402c32907f27534 seed=1 5 rows (65.4s) ~196.7 min left
  [ 48/200] e946207e9dfe1876 seed=1 5 rows (60.3s) ~194.5 min left
  [ 49/200] ef2815cdafff288c seed=1 5 rows (56.4s) ~192.2 min left
  [ 50/200] f79c5cf175034acd seed=1 5 rows (60.7s) ~190.1 min left
  [ 51/200] 033466197eba3ddb seed=2 5 rows (58.3s) ~188.0 min left
  [ 52/200] 0a6e0788538a7c52 seed=2 5 rows (63.9s) ~186.2 min left
  [ 53/200] 0ed87c75239d73f8 seed=2 5 rows (59.1s) ~184.1 min left
  [ 54/200] 32bb966a18f1d863 seed=2 5 rows (55.3s) ~182.0 min left
  [ 55/200] 443c180247c17191 seed=2 5 rows (57.5s) ~180.0 min left
  [ 56/200] 48b1324dd0461cd9 seed=2 5 rows (57.4s) ~178.0 min left
  [ 57/200] 4d4f7158b65b52ba seed=2 5 rows (56.9s) ~176.1 min left
  [ 58/200] 51cf489c521a6911 seed=2 5 rows (56.9s) ~174.1 min left
  [ 59/200] 578e5d8768359f0f seed=2 5 rows (58.6s) ~172.3 min left
  [ 60/200] 59e420274f4385d9 seed=2 5 rows (56.5s) ~170.4 min left
  [ 61/200] 5b3926ef2c5fe4b6 seed=2 5 rows (57.8s) ~168.6 min left
  [ 62/200] 763e0f58925816ca seed=2 5 rows (58.0s) ~166.9 min left
  [ 63/200] 7b6071e568a98779 seed=2 5 rows (73.4s) ~165.7 min left
  [ 64/200] 7ef3fc89acece49c seed=2 5 rows (59.1s) ~164.0 min left
  [ 65/200] 7f5c7431c0530e74 seed=2 5 rows (54.0s) ~162.2 min left
  [ 66/200] 8abe35e93ddfcad1 seed=2 5 rows (51.9s) ~160.3 min left
  [ 67/200] 9414bc879284eef0 seed=2 5 rows (53.9s) ~158.5 min left
  [ 68/200] 9f3cdb4d835c6909 seed=2 5 rows (52.6s) ~156.7 min left
  [ 69/200] c75f6d6f50fe2434 seed=2 5 rows (52.1s) ~154.9 min left
  [ 70/200] ce7334da318bc5e5 seed=2 5 rows (50.6s) ~153.1 min left
  [ 71/200] da5ec2fbb20c9f9b seed=2 5 rows (50.5s) ~151.3 min left
  [ 72/200] e402c32907f27534 seed=2 5 rows (51.5s) ~149.6 min left
  [ 73/200] e946207e9dfe1876 seed=2 5 rows (51.5s) ~147.9 min left
  [ 74/200] ef2815cdafff288c seed=2 5 rows (49.8s) ~146.1 min left
  [ 75/200] f79c5cf175034acd seed=2 5 rows (53.3s) ~144.5 min left
  [ 76/200] 033466197eba3ddb seed=3 5 rows (49.5s) ~142.8 min left
  [ 77/200] 0a6e0788538a7c52 seed=3 5 rows (50.7s) ~141.2 min left
  [ 78/200] 0ed87c75239d73f8 seed=3 5 rows (50.0s) ~139.5 min left
  [ 79/200] 32bb966a18f1d863 seed=3 5 rows (50.6s) ~137.9 min left
  [ 80/200] 443c180247c17191 seed=3 5 rows (49.5s) ~136.3 min left
  [ 81/200] 48b1324dd0461cd9 seed=3 5 rows (52.2s) ~134.8 min left
  [ 82/200] 4d4f7158b65b52ba seed=3 5 rows (50.6s) ~133.2 min left
  [ 83/200] 51cf489c521a6911 seed=3 5 rows (48.4s) ~131.7 min left
  [ 84/200] 578e5d8768359f0f seed=3 5 rows (50.9s) ~130.1 min left
  [ 85/200] 59e420274f4385d9 seed=3 5 rows (49.0s) ~128.6 min left
  [ 86/200] 5b3926ef2c5fe4b6 seed=3 5 rows (49.7s) ~127.1 min left
  [ 87/200] 763e0f58925816ca seed=3 5 rows (48.7s) ~125.6 min left
  [ 88/200] 7b6071e568a98779 seed=3 5 rows (50.9s) ~124.2 min left
  [ 89/200] 7ef3fc89acece49c seed=3 5 rows (50.7s) ~122.7 min left
  [ 90/200] 7f5c7431c0530e74 seed=3 5 rows (49.2s) ~121.3 min left
  [ 91/200] 8abe35e93ddfcad1 seed=3 5 rows (50.2s) ~119.8 min left
  [ 92/200] 9414bc879284eef0 seed=3 5 rows (50.9s) ~118.4 min left
  [ 93/200] 9f3cdb4d835c6909 seed=3 5 rows (50.4s) ~117.1 min left
  [ 94/200] c75f6d6f50fe2434 seed=3 5 rows (51.3s) ~115.7 min left
  [ 95/200] ce7334da318bc5e5 seed=3 5 rows (49.6s) ~114.3 min left
  [ 96/200] da5ec2fbb20c9f9b seed=3 5 rows (51.8s) ~113.0 min left
  [ 97/200] e402c32907f27534 seed=3 5 rows (51.2s) ~111.6 min left
  [ 98/200] e946207e9dfe1876 seed=3 5 rows (56.2s) ~110.4 min left
  [ 99/200] ef2815cdafff288c seed=3 5 rows (52.5s) ~109.1 min left
  [100/200] f79c5cf175034acd seed=3 5 rows (53.7s) ~107.8 min left
  [101/200] 033466197eba3ddb seed=4 5 rows (54.5s) ~106.6 min left
  [102/200] 0a6e0788538a7c52 seed=4 5 rows (54.2s) ~105.4 min left
  [103/200] 0ed87c75239d73f8 seed=4 5 rows (53.8s) ~104.1 min left
  [104/200] 32bb966a18f1d863 seed=4 5 rows (51.8s) ~102.8 min left
  [105/200] 443c180247c17191 seed=4 5 rows (51.7s) ~101.6 min left
  [106/200] 48b1324dd0461cd9 seed=4 5 rows (52.8s) ~100.3 min left
  [107/200] 4d4f7158b65b52ba seed=4 5 rows (52.4s) ~99.1 min left
  [108/200] 51cf489c521a6911 seed=4 5 rows (51.5s) ~97.9 min left
  [109/200] 578e5d8768359f0f seed=4 5 rows (52.5s) ~96.6 min left
  [110/200] 59e420274f4385d9 seed=4 5 rows (51.2s) ~95.4 min left
  [111/200] 5b3926ef2c5fe4b6 seed=4 5 rows (52.5s) ~94.2 min left
  [112/200] 763e0f58925816ca seed=4 5 rows (50.3s) ~93.0 min left
  [113/200] 7b6071e568a98779 seed=4 5 rows (53.7s) ~91.8 min left
  [114/200] 7ef3fc89acece49c seed=4 5 rows (53.8s) ~90.6 min left
  [115/200] 7f5c7431c0530e74 seed=4 5 rows (53.1s) ~89.4 min left
  [116/200] 8abe35e93ddfcad1 seed=4 5 rows (54.7s) ~88.3 min left
  [117/200] 9414bc879284eef0 seed=4 5 rows (53.8s) ~87.1 min left
  [118/200] 9f3cdb4d835c6909 seed=4 5 rows (43.9s) ~85.9 min left
  [119/200] c75f6d6f50fe2434 seed=4 5 rows (43.3s) ~84.6 min left
  [120/200] ce7334da318bc5e5 seed=4 5 rows (42.1s) ~83.3 min left
  [121/200] da5ec2fbb20c9f9b seed=4 5 rows (42.7s) ~82.1 min left
  [122/200] e402c32907f27534 seed=4 5 rows (41.4s) ~80.8 min left
  [123/200] e946207e9dfe1876 seed=4 5 rows (42.8s) ~79.6 min left
  [124/200] ef2815cdafff288c seed=4 5 rows (40.0s) ~78.3 min left
  [125/200] f79c5cf175034acd seed=4 5 rows (41.8s) ~77.1 min left
  [126/200] 033466197eba3ddb seed=5 5 rows (39.3s) ~75.8 min left
  [127/200] 0a6e0788538a7c52 seed=5 5 rows (41.8s) ~74.6 min left
  [128/200] 0ed87c75239d73f8 seed=5 5 rows (42.2s) ~73.4 min left
  [129/200] 32bb966a18f1d863 seed=5 5 rows (43.3s) ~72.2 min left
  [130/200] 443c180247c17191 seed=5 5 rows (42.4s) ~71.0 min left
  [131/200] 48b1324dd0461cd9 seed=5 5 rows (43.3s) ~69.9 min left
  [132/200] 4d4f7158b65b52ba seed=5 5 rows (43.2s) ~68.7 min left
  [133/200] 51cf489c521a6911 seed=5 5 rows (45.0s) ~67.6 min left
  [134/200] 578e5d8768359f0f seed=5 5 rows (46.3s) ~66.4 min left
  [135/200] 59e420274f4385d9 seed=5 5 rows (46.5s) ~65.3 min left
  [136/200] 5b3926ef2c5fe4b6 seed=5 5 rows (71.2s) ~64.4 min left
  [137/200] 763e0f58925816ca seed=5 5 rows (46.6s) ~63.3 min left
  [138/200] 7b6071e568a98779 seed=5 5 rows (46.1s) ~62.2 min left
  [139/200] 7ef3fc89acece49c seed=5 5 rows (44.1s) ~61.1 min left
  [140/200] 7f5c7431c0530e74 seed=5 5 rows (40.5s) ~59.9 min left
  [141/200] 8abe35e93ddfcad1 seed=5 5 rows (42.5s) ~58.8 min left
  [142/200] 9414bc879284eef0 seed=5 5 rows (41.5s) ~57.7 min left
  [143/200] 9f3cdb4d835c6909 seed=5 5 rows (40.6s) ~56.6 min left
  [144/200] c75f6d6f50fe2434 seed=5 5 rows (45.4s) ~55.5 min left
  [145/200] ce7334da318bc5e5 seed=5 5 rows (57.8s) ~54.5 min left
  [146/200] da5ec2fbb20c9f9b seed=5 5 rows (43.8s) ~53.4 min left
  [147/200] e402c32907f27534 seed=5 5 rows (41.6s) ~52.3 min left
  [148/200] e946207e9dfe1876 seed=5 5 rows (42.7s) ~51.2 min left
  [149/200] ef2815cdafff288c seed=5 5 rows (40.2s) ~50.1 min left
  [150/200] f79c5cf175034acd seed=5 5 rows (42.5s) ~49.0 min left
  [151/200] 033466197eba3ddb seed=6 5 rows (41.7s) ~48.0 min left
  [152/200] 0a6e0788538a7c52 seed=6 5 rows (42.2s) ~46.9 min left
  [153/200] 0ed87c75239d73f8 seed=6 5 rows (42.7s) ~45.8 min left
  [154/200] 32bb966a18f1d863 seed=6 5 rows (41.8s) ~44.8 min left
  [155/200] 443c180247c17191 seed=6 5 rows (42.5s) ~43.7 min left
  [156/200] 48b1324dd0461cd9 seed=6 5 rows (42.2s) ~42.7 min left
  [157/200] 4d4f7158b65b52ba seed=6 5 rows (41.8s) ~41.6 min left
  [158/200] 51cf489c521a6911 seed=6 5 rows (42.7s) ~40.6 min left
  [159/200] 578e5d8768359f0f seed=6 5 rows (42.2s) ~39.6 min left
  [160/200] 59e420274f4385d9 seed=6 5 rows (40.5s) ~38.5 min left
  [161/200] 5b3926ef2c5fe4b6 seed=6 5 rows (40.0s) ~37.5 min left
  [162/200] 763e0f58925816ca seed=6 5 rows (40.0s) ~36.5 min left
  [163/200] 7b6071e568a98779 seed=6 5 rows (40.4s) ~35.4 min left
  [164/200] 7ef3fc89acece49c seed=6 5 rows (39.4s) ~34.4 min left
  [165/200] 7f5c7431c0530e74 seed=6 5 rows (35.3s) ~33.4 min left
  [166/200] 8abe35e93ddfcad1 seed=6 5 rows (35.4s) ~32.4 min left
  [167/200] 9414bc879284eef0 seed=6 5 rows (35.8s) ~31.3 min left
  [168/200] 9f3cdb4d835c6909 seed=6 5 rows (35.8s) ~30.3 min left
  [169/200] c75f6d6f50fe2434 seed=6 5 rows (36.3s) ~29.3 min left
  [170/200] ce7334da318bc5e5 seed=6 5 rows (35.8s) ~28.3 min left
  [171/200] da5ec2fbb20c9f9b seed=6 5 rows (35.4s) ~27.3 min left
  [172/200] e402c32907f27534 seed=6 5 rows (38.5s) ~26.3 min left
  [173/200] e946207e9dfe1876 seed=6 5 rows (38.9s) ~25.3 min left
  [174/200] ef2815cdafff288c seed=6 5 rows (34.8s) ~24.3 min left
  [175/200] f79c5cf175034acd seed=6 5 rows (36.5s) ~23.3 min left
  [176/200] 033466197eba3ddb seed=7 5 rows (33.0s) ~22.4 min left
  [177/200] 0a6e0788538a7c52 seed=7 5 rows (33.3s) ~21.4 min left
  [178/200] 0ed87c75239d73f8 seed=7 5 rows (34.8s) ~20.4 min left
  [179/200] 32bb966a18f1d863 seed=7 5 rows (33.9s) ~19.4 min left
  [180/200] 443c180247c17191 seed=7 5 rows (34.2s) ~18.5 min left
  [181/200] 48b1324dd0461cd9 seed=7 5 rows (38.3s) ~17.5 min left
  [182/200] 4d4f7158b65b52ba seed=7 5 rows (37.5s) ~16.6 min left
  [183/200] 51cf489c521a6911 seed=7 5 rows (35.1s) ~15.6 min left
  [184/200] 578e5d8768359f0f seed=7 5 rows (36.2s) ~14.7 min left
  [185/200] 59e420274f4385d9 seed=7 5 rows (36.3s) ~13.7 min left
  [186/200] 5b3926ef2c5fe4b6 seed=7 5 rows (36.0s) ~12.8 min left
  [187/200] 763e0f58925816ca seed=7 5 rows (34.8s) ~11.9 min left
  [188/200] 7b6071e568a98779 seed=7 5 rows (36.7s) ~10.9 min left
  [189/200] 7ef3fc89acece49c seed=7 5 rows (35.8s) ~10.0 min left
  [190/200] 7f5c7431c0530e74 seed=7 5 rows (34.7s) ~9.1 min left
  [191/200] 8abe35e93ddfcad1 seed=7 5 rows (35.6s) ~8.1 min left
  [192/200] 9414bc879284eef0 seed=7 5 rows (36.3s) ~7.2 min left
  [193/200] 9f3cdb4d835c6909 seed=7 5 rows (35.9s) ~6.3 min left
  [194/200] c75f6d6f50fe2434 seed=7 5 rows (35.9s) ~5.4 min left
  [195/200] ce7334da318bc5e5 seed=7 5 rows (36.0s) ~4.5 min left
  [196/200] da5ec2fbb20c9f9b seed=7 5 rows (35.6s) ~3.6 min left
  [197/200] e402c32907f27534 seed=7 5 rows (36.0s) ~2.7 min left
  [198/200] e946207e9dfe1876 seed=7 5 rows (35.9s) ~1.8 min left
  [199/200] ef2815cdafff288c seed=7 5 rows (35.1s) ~0.9 min left
  [200/200] f79c5cf175034acd seed=7 5 rows (36.2s) ~0.0 min left

200 campaigns · 1000 rows -> f3-draw-sweep.json.partial
  promote to f3-draw-sweep.json when the arm is complete
