K6 · design space vs regret · HEAD=fdd74596423990e0b9b6bc142d42e1df9e2b0af5 · python=3.11.15
cell d=6 sigma=0.25 · arms=('lhs', 'sobol', 'random')
gamma=(0.5, 0.7, 0.8, 0.9, 0.95, 0.99)
tau_frac=(0.6, 0.75, 0.85, 0.95) (of tau_max, never absolute)
grid: 20000 Sobol at seed 0

50 (instance, seed) pairs x 3 arms = 150 campaigns

[  1/50] lhs            033466197eba3ddb seed=0 regret=0.1993 active=6 (2.3s)
[  1/50] sobol          033466197eba3ddb seed=0 regret=0.0740 active=6 (1.5s)
[  1/50] random         033466197eba3ddb seed=0 regret=0.1440 active=6 (2.4s)
[  2/50] lhs            033466197eba3ddb seed=1 regret=0.1878 active=6 (1.6s)
[  2/50] sobol          033466197eba3ddb seed=1 regret=0.0887 active=6 (2.0s)
[  2/50] random         033466197eba3ddb seed=1 regret=0.2524 active=6 (1.6s)
[  3/50] lhs            0a6e0788538a7c52 seed=0 regret=0.1084 active=6 (3.4s)
[  3/50] sobol          0a6e0788538a7c52 seed=0 regret=0.2753 active=6 (2.2s)
[  3/50] random         0a6e0788538a7c52 seed=0 regret=0.1773 active=6 (1.7s)
[  4/50] lhs            0a6e0788538a7c52 seed=1 regret=0.1569 active=6 (1.6s)
[  4/50] sobol          0a6e0788538a7c52 seed=1 regret=0.2126 active=6 (1.9s)
[  4/50] random         0a6e0788538a7c52 seed=1 regret=0.1843 active=6 (1.5s)
[  5/50] lhs            0ed87c75239d73f8 seed=0 regret=0.0669 active=6 (1.8s)
[  5/50] sobol          0ed87c75239d73f8 seed=0 regret=0.1380 active=6 (1.5s)
[  5/50] random         0ed87c75239d73f8 seed=0 regret=0.1465 active=6 (2.0s)
[  6/50] lhs            0ed87c75239d73f8 seed=1 regret=0.1046 active=6 (1.6s)
[  6/50] sobol          0ed87c75239d73f8 seed=1 regret=0.3168 active=6 (1.5s)
[  6/50] random         0ed87c75239d73f8 seed=1 regret=0.2382 active=6 (1.5s)
[  7/50] lhs            32bb966a18f1d863 seed=0 regret=0.0709 active=6 (1.8s)
[  7/50] sobol          32bb966a18f1d863 seed=0 regret=0.2467 active=6 (1.4s)
[  7/50] random         32bb966a18f1d863 seed=0 regret=0.2431 active=6 (1.4s)
[  8/50] lhs            32bb966a18f1d863 seed=1 regret=0.0512 active=6 (1.4s)
[  8/50] sobol          32bb966a18f1d863 seed=1 regret=0.0925 active=6 (1.3s)
[  8/50] random         32bb966a18f1d863 seed=1 regret=0.2186 active=6 (2.2s)
[  9/50] lhs            443c180247c17191 seed=0 regret=0.1934 active=6 (1.5s)
[  9/50] sobol          443c180247c17191 seed=0 regret=0.2709 active=6 (1.4s)
[  9/50] random         443c180247c17191 seed=0 regret=0.2646 active=6 (1.4s)
[ 10/50] lhs            443c180247c17191 seed=1 regret=0.1269 active=6 (1.4s)
[ 10/50] sobol          443c180247c17191 seed=1 regret=0.3042 active=6 (1.5s)
[ 10/50] random         443c180247c17191 seed=1 regret=0.1323 active=6 (1.6s)
[ 11/50] lhs            48b1324dd0461cd9 seed=0 regret=0.1158 active=6 (1.6s)
[ 11/50] sobol          48b1324dd0461cd9 seed=0 regret=0.2305 active=6 (2.4s)
[ 11/50] random         48b1324dd0461cd9 seed=0 regret=0.2364 active=6 (2.6s)
[ 12/50] lhs            48b1324dd0461cd9 seed=1 regret=0.0555 active=6 (1.4s)
[ 12/50] sobol          48b1324dd0461cd9 seed=1 regret=0.0708 active=6 (2.3s)
[ 12/50] random         48b1324dd0461cd9 seed=1 regret=0.2537 active=6 (2.1s)
[ 13/50] lhs            4d4f7158b65b52ba seed=0 regret=0.2527 active=6 (1.8s)
[ 13/50] sobol          4d4f7158b65b52ba seed=0 regret=0.1496 active=6 (1.6s)
[ 13/50] random         4d4f7158b65b52ba seed=0 regret=0.1900 active=6 (1.9s)
[ 14/50] lhs            4d4f7158b65b52ba seed=1 regret=0.1621 active=6 (1.8s)
[ 14/50] sobol          4d4f7158b65b52ba seed=1 regret=0.1029 active=6 (2.0s)
[ 14/50] random         4d4f7158b65b52ba seed=1 regret=0.1954 active=6 (2.0s)
[ 15/50] lhs            51cf489c521a6911 seed=0 regret=0.1923 active=6 (1.9s)
[ 15/50] sobol          51cf489c521a6911 seed=0 regret=0.2315 active=6 (1.6s)
[ 15/50] random         51cf489c521a6911 seed=0 regret=0.3006 active=6 (1.8s)
[ 16/50] lhs            51cf489c521a6911 seed=1 regret=0.2282 active=6 (1.4s)
[ 16/50] sobol          51cf489c521a6911 seed=1 regret=0.1339 active=6 (1.4s)
[ 16/50] random         51cf489c521a6911 seed=1 regret=0.2899 active=6 (1.9s)
[ 17/50] lhs            578e5d8768359f0f seed=0 regret=0.0725 active=6 (2.6s)
[ 17/50] sobol          578e5d8768359f0f seed=0 regret=0.2479 active=6 (1.8s)
[ 17/50] random         578e5d8768359f0f seed=0 regret=0.2701 active=6 (1.5s)
[ 18/50] lhs            578e5d8768359f0f seed=1 regret=0.0194 active=6 (1.9s)
[ 18/50] sobol          578e5d8768359f0f seed=1 regret=0.1037 active=6 (1.5s)
[ 18/50] random         578e5d8768359f0f seed=1 regret=0.1112 active=6 (2.3s)
[ 19/50] lhs            59e420274f4385d9 seed=0 regret=0.0734 active=6 (1.6s)
[ 19/50] sobol          59e420274f4385d9 seed=0 regret=0.1420 active=6 (1.4s)
[ 19/50] random         59e420274f4385d9 seed=0 regret=0.2412 active=6 (1.7s)
[ 20/50] lhs            59e420274f4385d9 seed=1 regret=0.1493 active=6 (1.4s)
[ 20/50] sobol          59e420274f4385d9 seed=1 regret=0.3281 active=6 (1.6s)
[ 20/50] random         59e420274f4385d9 seed=1 regret=0.1698 active=6 (1.6s)
[ 21/50] lhs            5b3926ef2c5fe4b6 seed=0 regret=0.2072 active=6 (1.7s)
[ 21/50] sobol          5b3926ef2c5fe4b6 seed=0 regret=0.2250 active=6 (2.1s)
[ 21/50] random         5b3926ef2c5fe4b6 seed=0 regret=0.2311 active=6 (2.1s)
[ 22/50] lhs            5b3926ef2c5fe4b6 seed=1 regret=0.1333 active=6 (1.6s)
[ 22/50] sobol          5b3926ef2c5fe4b6 seed=1 regret=0.2420 active=6 (1.4s)
[ 22/50] random         5b3926ef2c5fe4b6 seed=1 regret=0.2112 active=6 (1.4s)
[ 23/50] lhs            763e0f58925816ca seed=0 regret=0.1848 active=6 (1.8s)
[ 23/50] sobol          763e0f58925816ca seed=0 regret=0.1860 active=6 (1.8s)
[ 23/50] random         763e0f58925816ca seed=0 regret=0.1831 active=6 (1.7s)
[ 24/50] lhs            763e0f58925816ca seed=1 regret=0.1617 active=6 (2.0s)
[ 24/50] sobol          763e0f58925816ca seed=1 regret=0.3031 active=6 (1.9s)
[ 24/50] random         763e0f58925816ca seed=1 regret=0.2451 active=6 (1.5s)
[ 25/50] lhs            7b6071e568a98779 seed=0 regret=0.1528 active=6 (1.7s)
[ 25/50] sobol          7b6071e568a98779 seed=0 regret=0.1003 active=6 (1.4s)
[ 25/50] random         7b6071e568a98779 seed=0 regret=0.2328 active=6 (2.3s)
[ 26/50] lhs            7b6071e568a98779 seed=1 regret=0.1065 active=6 (1.6s)
[ 26/50] sobol          7b6071e568a98779 seed=1 regret=0.0277 active=6 (1.7s)
[ 26/50] random         7b6071e568a98779 seed=1 regret=0.3129 active=6 (1.9s)
[ 27/50] lhs            7ef3fc89acece49c seed=0 regret=0.1102 active=6 (1.7s)
[ 27/50] sobol          7ef3fc89acece49c seed=0 regret=0.1195 active=6 (1.9s)
[ 27/50] random         7ef3fc89acece49c seed=0 regret=0.1668 active=6 (2.3s)
[ 28/50] lhs            7ef3fc89acece49c seed=1 regret=0.1411 active=6 (1.7s)
[ 28/50] sobol          7ef3fc89acece49c seed=1 regret=0.0594 active=6 (2.1s)
[ 28/50] random         7ef3fc89acece49c seed=1 regret=0.2833 active=6 (1.8s)
[ 29/50] lhs            7f5c7431c0530e74 seed=0 regret=0.1736 active=6 (1.7s)
[ 29/50] sobol          7f5c7431c0530e74 seed=0 regret=0.1819 active=6 (1.7s)
[ 29/50] random         7f5c7431c0530e74 seed=0 regret=0.2632 active=6 (1.7s)
[ 30/50] lhs            7f5c7431c0530e74 seed=1 regret=0.0770 active=6 (1.4s)
[ 30/50] sobol          7f5c7431c0530e74 seed=1 regret=0.1607 active=6 (1.4s)
[ 30/50] random         7f5c7431c0530e74 seed=1 regret=0.1607 active=6 (1.9s)
[ 31/50] lhs            8abe35e93ddfcad1 seed=0 regret=0.1436 active=6 (2.3s)
[ 31/50] sobol          8abe35e93ddfcad1 seed=0 regret=0.2074 active=6 (1.7s)
[ 31/50] random         8abe35e93ddfcad1 seed=0 regret=0.2428 active=6 (1.4s)
[ 32/50] lhs            8abe35e93ddfcad1 seed=1 regret=0.0626 active=6 (1.5s)
[ 32/50] sobol          8abe35e93ddfcad1 seed=1 regret=0.3218 active=6 (1.5s)
[ 32/50] random         8abe35e93ddfcad1 seed=1 regret=0.1547 active=6 (2.1s)
[ 33/50] lhs            9414bc879284eef0 seed=0 regret=0.0721 active=6 (3.1s)
[ 33/50] sobol          9414bc879284eef0 seed=0 regret=0.0633 active=6 (2.0s)
[ 33/50] random         9414bc879284eef0 seed=0 regret=0.2260 active=6 (2.0s)
[ 34/50] lhs            9414bc879284eef0 seed=1 regret=0.0199 active=6 (2.2s)
[ 34/50] sobol          9414bc879284eef0 seed=1 regret=0.0980 active=6 (1.8s)
[ 34/50] random         9414bc879284eef0 seed=1 regret=0.0980 active=6 (2.0s)
[ 35/50] lhs            9f3cdb4d835c6909 seed=0 regret=0.1740 active=6 (2.4s)
[ 35/50] sobol          9f3cdb4d835c6909 seed=0 regret=0.2203 active=6 (2.0s)
[ 35/50] random         9f3cdb4d835c6909 seed=0 regret=0.2109 active=6 (1.8s)
[ 36/50] lhs            9f3cdb4d835c6909 seed=1 regret=0.0834 active=6 (2.0s)
[ 36/50] sobol          9f3cdb4d835c6909 seed=1 regret=0.0486 active=6 (1.8s)
[ 36/50] random         9f3cdb4d835c6909 seed=1 regret=0.3117 active=6 (2.4s)
[ 37/50] lhs            c75f6d6f50fe2434 seed=0 regret=0.1175 active=6 (2.7s)
[ 37/50] sobol          c75f6d6f50fe2434 seed=0 regret=0.1554 active=6 (2.1s)
[ 37/50] random         c75f6d6f50fe2434 seed=0 regret=0.2852 active=6 (1.9s)
[ 38/50] lhs            c75f6d6f50fe2434 seed=1 regret=0.1543 active=6 (1.8s)
[ 38/50] sobol          c75f6d6f50fe2434 seed=1 regret=0.0501 active=6 (2.6s)
[ 38/50] random         c75f6d6f50fe2434 seed=1 regret=0.2985 active=6 (2.1s)
[ 39/50] lhs            ce7334da318bc5e5 seed=0 regret=0.1471 active=6 (3.0s)
[ 39/50] sobol          ce7334da318bc5e5 seed=0 regret=0.0998 active=6 (2.5s)
[ 39/50] random         ce7334da318bc5e5 seed=0 regret=0.1772 active=6 (2.0s)
[ 40/50] lhs            ce7334da318bc5e5 seed=1 regret=0.1080 active=6 (1.7s)
[ 40/50] sobol          ce7334da318bc5e5 seed=1 regret=0.2896 active=6 (2.4s)
[ 40/50] random         ce7334da318bc5e5 seed=1 regret=0.1737 active=6 (3.4s)
[ 41/50] lhs            da5ec2fbb20c9f9b seed=0 regret=0.1657 active=6 (2.1s)
[ 41/50] sobol          da5ec2fbb20c9f9b seed=0 regret=0.1506 active=6 (2.1s)
[ 41/50] random         da5ec2fbb20c9f9b seed=0 regret=0.2297 active=6 (1.8s)
[ 42/50] lhs            da5ec2fbb20c9f9b seed=1 regret=0.0737 active=6 (2.0s)
[ 42/50] sobol          da5ec2fbb20c9f9b seed=1 regret=0.2949 active=6 (1.9s)
[ 42/50] random         da5ec2fbb20c9f9b seed=1 regret=0.1565 active=6 (3.0s)
[ 43/50] lhs            e402c32907f27534 seed=0 regret=0.1957 active=6 (2.2s)
[ 43/50] sobol          e402c32907f27534 seed=0 regret=0.2477 active=6 (2.5s)
[ 43/50] random         e402c32907f27534 seed=0 regret=0.2644 active=6 (2.4s)
[ 44/50] lhs            e402c32907f27534 seed=1 regret=0.1179 active=6 (1.7s)
[ 44/50] sobol          e402c32907f27534 seed=1 regret=0.2596 active=6 (2.3s)
[ 44/50] random         e402c32907f27534 seed=1 regret=0.2304 active=6 (3.5s)
[ 45/50] lhs            e946207e9dfe1876 seed=0 regret=0.1273 active=6 (3.8s)
[ 45/50] sobol          e946207e9dfe1876 seed=0 regret=0.1411 active=6 (3.0s)
[ 45/50] random         e946207e9dfe1876 seed=0 regret=0.1776 active=6 (3.4s)
[ 46/50] lhs            e946207e9dfe1876 seed=1 regret=0.1851 active=6 (3.0s)
[ 46/50] sobol          e946207e9dfe1876 seed=1 regret=0.1040 active=6 (2.3s)
[ 46/50] random         e946207e9dfe1876 seed=1 regret=0.2598 active=6 (2.4s)
[ 47/50] lhs            ef2815cdafff288c seed=0 regret=0.0816 active=6 (3.3s)
[ 47/50] sobol          ef2815cdafff288c seed=0 regret=0.1218 active=6 (3.3s)
[ 47/50] random         ef2815cdafff288c seed=0 regret=0.2740 active=6 (3.5s)
[ 48/50] lhs            ef2815cdafff288c seed=1 regret=0.0361 active=6 (2.1s)
[ 48/50] sobol          ef2815cdafff288c seed=1 regret=0.1149 active=6 (2.3s)
[ 48/50] random         ef2815cdafff288c seed=1 regret=0.1831 active=6 (2.3s)
[ 49/50] lhs            f79c5cf175034acd seed=0 regret=0.0648 active=6 (2.8s)
[ 49/50] sobol          f79c5cf175034acd seed=0 regret=0.1650 active=6 (2.0s)
[ 49/50] random         f79c5cf175034acd seed=0 regret=0.3159 active=6 (2.0s)
[ 50/50] lhs            f79c5cf175034acd seed=1 regret=0.1848 active=6 (1.9s)
[ 50/50] sobol          f79c5cf175034acd seed=1 regret=0.0979 active=6 (2.1s)
[ 50/50] random         f79c5cf175034acd seed=1 regret=0.2619 active=6 (2.6s)

3600 scored rows in 309s
gate failures: 0
