K6b · conservative excursion sets · HEAD=3d57e25bd86587168720aff483a31546cffc11cb
cell d=6 sigma=0.25 · arms=('lhs', 'sobol', 'random')
theta = tau_frac * mu_max, tau_frac=(0.6, 0.75, 0.85, 0.95) (margin 1 absorbed)
subset=2000 Sobol seed 0 · 512 joint draws

50 pairs x 3 arms = 150 campaigns

[  1/50] lhs            033466197eba3ddb seed=0 a*=0.992..0.227 (1.2s)
[  1/50] sobol          033466197eba3ddb seed=0 a*=0.971..0.055 (0.7s)
[  1/50] random         033466197eba3ddb seed=0 a*=0.957..0.059 (0.6s)
[  2/50] lhs            033466197eba3ddb seed=1 a*=0.955..0.051 (0.7s)
[  2/50] sobol          033466197eba3ddb seed=1 a*=0.953..0.008 (0.5s)
[  2/50] random         033466197eba3ddb seed=1 a*=0.971..0.053 (0.7s)
[  3/50] lhs            0a6e0788538a7c52 seed=0 a*=0.979..0.096 (0.7s)
[  3/50] sobol          0a6e0788538a7c52 seed=0 a*=0.953..0.043 (0.7s)
[  3/50] random         0a6e0788538a7c52 seed=0 a*=0.945..0.049 (0.7s)
[  4/50] lhs            0a6e0788538a7c52 seed=1 a*=0.949..0.043 (0.7s)
[  4/50] sobol          0a6e0788538a7c52 seed=1 a*=0.975..0.035 (0.6s)
[  4/50] random         0a6e0788538a7c52 seed=1 a*=0.936..0.062 (0.7s)
[  5/50] lhs            0ed87c75239d73f8 seed=0 a*=0.990..0.156 (0.7s)
[  5/50] sobol          0ed87c75239d73f8 seed=0 a*=0.973..0.027 (0.7s)
[  5/50] random         0ed87c75239d73f8 seed=0 a*=0.992..0.059 (0.7s)
[  6/50] lhs            0ed87c75239d73f8 seed=1 a*=0.895..0.016 (0.6s)
[  6/50] sobol          0ed87c75239d73f8 seed=1 a*=0.965..0.137 (0.7s)
[  6/50] random         0ed87c75239d73f8 seed=1 a*=0.994..0.072 (0.8s)
[  7/50] lhs            32bb966a18f1d863 seed=0 a*=0.982..0.139 (0.7s)
[  7/50] sobol          32bb966a18f1d863 seed=0 a*=0.895..0.012 (0.7s)
[  7/50] random         32bb966a18f1d863 seed=0 a*=0.934..0.016 (0.6s)
[  8/50] lhs            32bb966a18f1d863 seed=1 a*=0.988..0.082 (0.7s)
[  8/50] sobol          32bb966a18f1d863 seed=1 a*=0.875..0.035 (0.6s)
[  8/50] random         32bb966a18f1d863 seed=1 a*=0.998..0.211 (0.8s)
[  9/50] lhs            443c180247c17191 seed=0 a*=0.953..0.045 (0.6s)
[  9/50] sobol          443c180247c17191 seed=0 a*=0.934..0.055 (0.7s)
[  9/50] random         443c180247c17191 seed=0 a*=0.969..0.096 (0.8s)
[ 10/50] lhs            443c180247c17191 seed=1 a*=0.922..0.043 (0.6s)
[ 10/50] sobol          443c180247c17191 seed=1 a*=0.908..0.014 (0.6s)
[ 10/50] random         443c180247c17191 seed=1 a*=0.984..0.076 (0.7s)
[ 11/50] lhs            48b1324dd0461cd9 seed=0 a*=0.988..0.135 (0.8s)
[ 11/50] sobol          48b1324dd0461cd9 seed=0 a*=0.982..0.041 (0.9s)
[ 11/50] random         48b1324dd0461cd9 seed=0 a*=0.994..0.086 (0.7s)
[ 12/50] lhs            48b1324dd0461cd9 seed=1 a*=0.943..0.025 (0.7s)
[ 12/50] sobol          48b1324dd0461cd9 seed=1 a*=0.961..0.043 (0.7s)
[ 12/50] random         48b1324dd0461cd9 seed=1 a*=0.998..0.270 (0.9s)
[ 13/50] lhs            4d4f7158b65b52ba seed=0 a*=0.980..0.105 (0.7s)
[ 13/50] sobol          4d4f7158b65b52ba seed=0 a*=0.965..0.041 (0.8s)
[ 13/50] random         4d4f7158b65b52ba seed=0 a*=0.965..0.037 (0.9s)
[ 14/50] lhs            4d4f7158b65b52ba seed=1 a*=0.957..0.107 (0.7s)
[ 14/50] sobol          4d4f7158b65b52ba seed=1 a*=0.922..0.016 (0.7s)
[ 14/50] random         4d4f7158b65b52ba seed=1 a*=0.941..0.018 (0.6s)
[ 15/50] lhs            51cf489c521a6911 seed=0 a*=0.982..0.139 (0.9s)
[ 15/50] sobol          51cf489c521a6911 seed=0 a*=0.951..0.023 (0.7s)
[ 15/50] random         51cf489c521a6911 seed=0 a*=0.949..0.031 (0.7s)
[ 16/50] lhs            51cf489c521a6911 seed=1 a*=0.850..0.018 (0.6s)
[ 16/50] sobol          51cf489c521a6911 seed=1 a*=0.771..0.008 (0.6s)
[ 16/50] random         51cf489c521a6911 seed=1 a*=0.852..0.014 (0.6s)
[ 17/50] lhs            578e5d8768359f0f seed=0 a*=0.998..0.186 (0.8s)
[ 17/50] sobol          578e5d8768359f0f seed=0 a*=0.988..0.055 (0.8s)
[ 17/50] random         578e5d8768359f0f seed=0 a*=0.996..0.080 (0.7s)
[ 18/50] lhs            578e5d8768359f0f seed=1 a*=0.947..0.023 (0.7s)
[ 18/50] sobol          578e5d8768359f0f seed=1 a*=0.965..0.027 (0.6s)
[ 18/50] random         578e5d8768359f0f seed=1 a*=1.000..0.225 (0.8s)
[ 19/50] lhs            59e420274f4385d9 seed=0 a*=0.988..0.088 (0.6s)
[ 19/50] sobol          59e420274f4385d9 seed=0 a*=0.930..0.021 (0.6s)
[ 19/50] random         59e420274f4385d9 seed=0 a*=0.990..0.057 (0.7s)
[ 20/50] lhs            59e420274f4385d9 seed=1 a*=0.932..0.012 (0.6s)
[ 20/50] sobol          59e420274f4385d9 seed=1 a*=0.934..0.037 (0.6s)
[ 20/50] random         59e420274f4385d9 seed=1 a*=0.990..0.064 (0.7s)
[ 21/50] lhs            5b3926ef2c5fe4b6 seed=0 a*=0.986..0.141 (0.8s)
[ 21/50] sobol          5b3926ef2c5fe4b6 seed=0 a*=0.963..0.035 (0.8s)
[ 21/50] random         5b3926ef2c5fe4b6 seed=0 a*=0.969..0.037 (0.7s)
[ 22/50] lhs            5b3926ef2c5fe4b6 seed=1 a*=0.943..0.053 (0.7s)
[ 22/50] sobol          5b3926ef2c5fe4b6 seed=1 a*=0.971..0.025 (0.7s)
[ 22/50] random         5b3926ef2c5fe4b6 seed=1 a*=0.934..0.039 (0.7s)
[ 23/50] lhs            763e0f58925816ca seed=0 a*=0.982..0.139 (0.9s)
[ 23/50] sobol          763e0f58925816ca seed=0 a*=0.926..0.014 (0.7s)
[ 23/50] random         763e0f58925816ca seed=0 a*=0.918..0.008 (0.8s)
[ 24/50] lhs            763e0f58925816ca seed=1 a*=0.961..0.033 (0.9s)
[ 24/50] sobol          763e0f58925816ca seed=1 a*=0.967..0.078 (0.7s)
[ 24/50] random         763e0f58925816ca seed=1 a*=0.975..0.055 (0.8s)
[ 25/50] lhs            7b6071e568a98779 seed=0 a*=0.980..0.070 (0.8s)
[ 25/50] sobol          7b6071e568a98779 seed=0 a*=0.979..0.025 (0.8s)
[ 25/50] random         7b6071e568a98779 seed=0 a*=0.996..0.027 (0.8s)
[ 26/50] lhs            7b6071e568a98779 seed=1 a*=0.934..0.047 (0.8s)
[ 26/50] sobol          7b6071e568a98779 seed=1 a*=0.979..0.094 (0.8s)
[ 26/50] random         7b6071e568a98779 seed=1 a*=0.996..0.131 (1.1s)
[ 27/50] lhs            7ef3fc89acece49c seed=0 a*=1.000..0.121 (0.8s)
[ 27/50] sobol          7ef3fc89acece49c seed=0 a*=0.969..0.029 (0.8s)
[ 27/50] random         7ef3fc89acece49c seed=0 a*=0.998..0.066 (0.8s)
[ 28/50] lhs            7ef3fc89acece49c seed=1 a*=0.893..0.012 (0.8s)
[ 28/50] sobol          7ef3fc89acece49c seed=1 a*=0.980..0.045 (0.8s)
[ 28/50] random         7ef3fc89acece49c seed=1 a*=0.990..0.062 (0.8s)
[ 29/50] lhs            7f5c7431c0530e74 seed=0 a*=0.975..0.113 (0.7s)
[ 29/50] sobol          7f5c7431c0530e74 seed=0 a*=0.943..0.021 (0.7s)
[ 29/50] random         7f5c7431c0530e74 seed=0 a*=0.963..0.033 (0.6s)
[ 30/50] lhs            7f5c7431c0530e74 seed=1 a*=0.971..0.027 (0.6s)
[ 30/50] sobol          7f5c7431c0530e74 seed=1 a*=0.932..0.010 (0.6s)
[ 30/50] random         7f5c7431c0530e74 seed=1 a*=0.967..0.047 (0.7s)
[ 31/50] lhs            8abe35e93ddfcad1 seed=0 a*=0.996..0.211 (0.9s)
[ 31/50] sobol          8abe35e93ddfcad1 seed=0 a*=0.951..0.031 (0.8s)
[ 31/50] random         8abe35e93ddfcad1 seed=0 a*=0.959..0.043 (0.8s)
[ 32/50] lhs            8abe35e93ddfcad1 seed=1 a*=0.992..0.107 (0.8s)
[ 32/50] sobol          8abe35e93ddfcad1 seed=1 a*=0.961..0.025 (0.8s)
[ 32/50] random         8abe35e93ddfcad1 seed=1 a*=0.998..0.203 (1.0s)
[ 33/50] lhs            9414bc879284eef0 seed=0 a*=0.977..0.119 (0.8s)
[ 33/50] sobol          9414bc879284eef0 seed=0 a*=0.967..0.016 (0.8s)
[ 33/50] random         9414bc879284eef0 seed=0 a*=0.955..0.016 (0.7s)
[ 34/50] lhs            9414bc879284eef0 seed=1 a*=0.994..0.117 (0.8s)
[ 34/50] sobol          9414bc879284eef0 seed=1 a*=0.951..0.035 (0.7s)
[ 34/50] random         9414bc879284eef0 seed=1 a*=0.998..0.131 (0.8s)
[ 35/50] lhs            9f3cdb4d835c6909 seed=0 a*=0.990..0.123 (0.8s)
[ 35/50] sobol          9f3cdb4d835c6909 seed=0 a*=0.939..0.010 (0.7s)
[ 35/50] random         9f3cdb4d835c6909 seed=0 a*=0.957..0.025 (0.7s)
[ 36/50] lhs            9f3cdb4d835c6909 seed=1 a*=0.969..0.045 (0.7s)
[ 36/50] sobol          9f3cdb4d835c6909 seed=1 a*=0.955..0.023 (0.7s)
[ 36/50] random         9f3cdb4d835c6909 seed=1 a*=0.998..0.230 (0.9s)
[ 37/50] lhs            c75f6d6f50fe2434 seed=0 a*=0.990..0.160 (0.7s)
[ 37/50] sobol          c75f6d6f50fe2434 seed=0 a*=0.975..0.016 (0.7s)
[ 37/50] random         c75f6d6f50fe2434 seed=0 a*=0.980..0.031 (0.7s)
[ 38/50] lhs            c75f6d6f50fe2434 seed=1 a*=0.916..0.018 (0.6s)
[ 38/50] sobol          c75f6d6f50fe2434 seed=1 a*=0.971..0.061 (0.7s)
[ 38/50] random         c75f6d6f50fe2434 seed=1 a*=0.922..0.035 (0.7s)
[ 39/50] lhs            ce7334da318bc5e5 seed=0 a*=0.994..0.115 (0.9s)
[ 39/50] sobol          ce7334da318bc5e5 seed=0 a*=0.955..0.059 (0.8s)
[ 39/50] random         ce7334da318bc5e5 seed=0 a*=0.992..0.143 (0.9s)
[ 40/50] lhs            ce7334da318bc5e5 seed=1 a*=0.953..0.047 (0.7s)
[ 40/50] sobol          ce7334da318bc5e5 seed=1 a*=0.953..0.014 (0.7s)
[ 40/50] random         ce7334da318bc5e5 seed=1 a*=0.998..0.164 (0.8s)
[ 41/50] lhs            da5ec2fbb20c9f9b seed=0 a*=0.980..0.096 (0.7s)
[ 41/50] sobol          da5ec2fbb20c9f9b seed=0 a*=0.957..0.057 (0.8s)
[ 41/50] random         da5ec2fbb20c9f9b seed=0 a*=0.953..0.041 (0.8s)
[ 42/50] lhs            da5ec2fbb20c9f9b seed=1 a*=0.957..0.061 (0.7s)
[ 42/50] sobol          da5ec2fbb20c9f9b seed=1 a*=0.953..0.006 (0.6s)
[ 42/50] random         da5ec2fbb20c9f9b seed=1 a*=0.998..0.154 (0.8s)
[ 43/50] lhs            e402c32907f27534 seed=0 a*=0.969..0.055 (0.7s)
[ 43/50] sobol          e402c32907f27534 seed=0 a*=0.973..0.092 (0.8s)
[ 43/50] random         e402c32907f27534 seed=0 a*=0.973..0.053 (0.7s)
[ 44/50] lhs            e402c32907f27534 seed=1 a*=0.926..0.047 (0.7s)
[ 44/50] sobol          e402c32907f27534 seed=1 a*=0.982..0.021 (0.7s)
[ 44/50] random         e402c32907f27534 seed=1 a*=0.977..0.033 (0.7s)
[ 45/50] lhs            e946207e9dfe1876 seed=0 a*=0.965..0.035 (0.7s)
[ 45/50] sobol          e946207e9dfe1876 seed=0 a*=0.965..0.027 (0.7s)
[ 45/50] random         e946207e9dfe1876 seed=0 a*=1.000..0.213 (0.8s)
[ 46/50] lhs            e946207e9dfe1876 seed=1 a*=0.830..0.002 (0.6s)
[ 46/50] sobol          e946207e9dfe1876 seed=1 a*=0.900..0.025 (0.7s)
[ 46/50] random         e946207e9dfe1876 seed=1 a*=0.971..0.037 (0.8s)
[ 47/50] lhs            ef2815cdafff288c seed=0 a*=0.982..0.088 (0.7s)
[ 47/50] sobol          ef2815cdafff288c seed=0 a*=0.949..0.021 (0.6s)
[ 47/50] random         ef2815cdafff288c seed=0 a*=0.988..0.043 (0.7s)
[ 48/50] lhs            ef2815cdafff288c seed=1 a*=0.869..0.008 (0.6s)
[ 48/50] sobol          ef2815cdafff288c seed=1 a*=0.893..0.014 (0.6s)
[ 48/50] random         ef2815cdafff288c seed=1 a*=0.998..0.113 (0.7s)
[ 49/50] lhs            f79c5cf175034acd seed=0 a*=0.990..0.025 (0.7s)
[ 49/50] sobol          f79c5cf175034acd seed=0 a*=0.955..0.025 (0.8s)
[ 49/50] random         f79c5cf175034acd seed=0 a*=0.965..0.021 (0.7s)
[ 50/50] lhs            f79c5cf175034acd seed=1 a*=0.873..0.021 (0.6s)
[ 50/50] sobol          f79c5cf175034acd seed=1 a*=0.918..0.086 (0.8s)
[ 50/50] random         f79c5cf175034acd seed=1 a*=0.996..0.109 (0.8s)

600 rows in 123s · gate failures: 0
