K6b · conservative excursion sets · HEAD=f47c6f3b24c85ddc7344f93a17aceef6c210b280
cell d=6 sigma=0.25 · arms=('doe', 'qlogei', 'qlognei', 'qlogei-add', 'qlogei-addonly')
theta = tau_frac * mu_max, tau_frac=(0.6, 0.75, 0.85, 0.95) (margin 1 absorbed)
subset=2000 Sobol seed 0 · 512 joint draws

50 pairs x 5 arms = 250 campaigns

[  1/50] doe            033466197eba3ddb seed=0 a*=1.000..0.025 (1.8s)
[  1/50] qlogei         033466197eba3ddb seed=0 a*=0.936..0.076 (17.0s)
[  1/50] qlognei        033466197eba3ddb seed=0 a*=0.998..0.137 (13.3s)
[  1/50] qlogei-add     033466197eba3ddb seed=0 a*=1.000..0.303 (33.5s)
[  1/50] qlogei-addonly 033466197eba3ddb seed=0 a*=1.000..0.307 (30.8s)
[  2/50] doe            033466197eba3ddb seed=1 a*=1.000..0.014 (0.7s)
[  2/50] qlogei         033466197eba3ddb seed=1 a*=0.809..0.000 (4.5s)
[  2/50] qlognei        033466197eba3ddb seed=1 a*=0.963..0.012 (7.8s)
[  2/50] qlogei-add     033466197eba3ddb seed=1 a*=0.967..0.002 (8.7s)
[  2/50] qlogei-addonly 033466197eba3ddb seed=1 a*=0.990..0.006 (8.5s)
[  3/50] doe            0a6e0788538a7c52 seed=0 a*=1.000..0.059 (0.8s)
[  3/50] qlogei         0a6e0788538a7c52 seed=0 a*=0.988..0.055 (9.5s)
[  3/50] qlognei        0a6e0788538a7c52 seed=0 a*=0.982..0.094 (12.8s)
[  3/50] qlogei-add     0a6e0788538a7c52 seed=0 a*=0.893..0.094 (69.6s)
[  3/50] qlogei-addonly 0a6e0788538a7c52 seed=0 a*=0.893..0.057 (16.5s)
[  4/50] doe            0a6e0788538a7c52 seed=1 a*=1.000..0.031 (1.1s)
[  4/50] qlogei         0a6e0788538a7c52 seed=1 a*=0.996..0.004 (16.5s)
[  4/50] qlognei        0a6e0788538a7c52 seed=1 a*=0.992..0.018 (11.5s)
[  4/50] qlogei-add     0a6e0788538a7c52 seed=1 a*=0.996..0.006 (25.1s)
[  4/50] qlogei-addonly 0a6e0788538a7c52 seed=1 a*=0.959..0.000 (13.0s)
[  5/50] doe            0ed87c75239d73f8 seed=0 a*=1.000..0.043 (1.5s)
/Users/jy/BO/nutrigene-ai-bo-ipsec/.venv/lib/python3.11/site-packages/botorch/optim/optimize.py:844: RuntimeWarning: Optimization failed in `gen_candidates_scipy` with the following warning(s):
[OptimizationWarning('Optimization failed within `scipy.optimize.minimize` with status 2 and message ABNORMAL: .')]
Trying again with a new set of initial conditions.
  return _optimize_acqf_batch(opt_inputs=opt_inputs)
[  5/50] qlogei         0ed87c75239d73f8 seed=0 a*=0.998..0.109 (21.5s)
[  5/50] qlognei        0ed87c75239d73f8 seed=0 a*=0.793..0.006 (13.0s)
/Users/jy/BO/nutrigene-ai-bo-ipsec/.venv/lib/python3.11/site-packages/botorch/optim/optimize.py:844: RuntimeWarning: Optimization failed in `gen_candidates_scipy` with the following warning(s):
[OptimizationWarning('Optimization failed within `scipy.optimize.minimize` with status 2 and message ABNORMAL: .')]
Trying again with a new set of initial conditions.
  return _optimize_acqf_batch(opt_inputs=opt_inputs)
[  5/50] qlogei-add     0ed87c75239d73f8 seed=0 a*=0.996..0.127 (101.6s)
[  5/50] qlogei-addonly 0ed87c75239d73f8 seed=0 a*=0.984..0.143 (41.8s)
[  6/50] doe            0ed87c75239d73f8 seed=1 a*=1.000..0.043 (1.3s)
[  6/50] qlogei         0ed87c75239d73f8 seed=1 a*=1.000..0.111 (18.5s)
[  6/50] qlognei        0ed87c75239d73f8 seed=1 a*=0.986..0.031 (19.8s)
[  6/50] qlogei-add     0ed87c75239d73f8 seed=1 a*=0.994..0.031 (40.2s)
[  6/50] qlogei-addonly 0ed87c75239d73f8 seed=1 a*=0.961..0.055 (28.1s)
[  7/50] doe            32bb966a18f1d863 seed=0 a*=1.000..0.062 (1.4s)
[  7/50] qlogei         32bb966a18f1d863 seed=0 a*=1.000..0.070 (44.9s)
[  7/50] qlognei        32bb966a18f1d863 seed=0 a*=0.932..0.020 (23.4s)
/Users/jy/BO/nutrigene-ai-bo-ipsec/.venv/lib/python3.11/site-packages/botorch/optim/optimize.py:844: RuntimeWarning: Optimization failed in `gen_candidates_scipy` with the following warning(s):
[OptimizationWarning('Optimization failed within `scipy.optimize.minimize` with status 2 and message ABNORMAL: .')]
Trying again with a new set of initial conditions.
  return _optimize_acqf_batch(opt_inputs=opt_inputs)
[  7/50] qlogei-add     32bb966a18f1d863 seed=0 a*=0.961..0.002 (64.6s)
[  7/50] qlogei-addonly 32bb966a18f1d863 seed=0 a*=0.941..0.076 (38.9s)
[  8/50] doe            32bb966a18f1d863 seed=1 a*=1.000..0.027 (1.5s)
[  8/50] qlogei         32bb966a18f1d863 seed=1 a*=0.994..0.008 (19.9s)
[  8/50] qlognei        32bb966a18f1d863 seed=1 a*=1.000..0.143 (26.6s)
[  8/50] qlogei-add     32bb966a18f1d863 seed=1 a*=0.996..0.041 (33.1s)
[  8/50] qlogei-addonly 32bb966a18f1d863 seed=1 a*=0.990..0.016 (23.9s)
[  9/50] doe            443c180247c17191 seed=0 a*=1.000..0.031 (1.2s)
[  9/50] qlogei         443c180247c17191 seed=0 a*=0.979..0.090 (20.7s)
[  9/50] qlognei        443c180247c17191 seed=0 a*=0.975..0.109 (22.5s)
/Users/jy/BO/nutrigene-ai-bo-ipsec/.venv/lib/python3.11/site-packages/botorch/optim/optimize.py:844: RuntimeWarning: Optimization failed in `gen_candidates_scipy` with the following warning(s):
[OptimizationWarning('Optimization failed within `scipy.optimize.minimize` with status 2 and message ABNORMAL: .')]
Trying again with a new set of initial conditions.
  return _optimize_acqf_batch(opt_inputs=opt_inputs)
[  9/50] qlogei-add     443c180247c17191 seed=0 a*=1.000..0.047 (47.5s)
[  9/50] qlogei-addonly 443c180247c17191 seed=0 a*=0.973..0.143 (22.4s)
[ 10/50] doe            443c180247c17191 seed=1 a*=1.000..0.023 (1.2s)
[ 10/50] qlogei         443c180247c17191 seed=1 a*=0.990..0.004 (15.7s)
[ 10/50] qlognei        443c180247c17191 seed=1 a*=0.988..0.027 (21.7s)
[ 10/50] qlogei-add     443c180247c17191 seed=1 a*=0.996..0.008 (29.1s)
[ 10/50] qlogei-addonly 443c180247c17191 seed=1 a*=0.742..0.000 (8.7s)
[ 11/50] doe            48b1324dd0461cd9 seed=0 a*=1.000..0.053 (1.5s)
[ 11/50] qlogei         48b1324dd0461cd9 seed=0 a*=0.996..0.191 (20.6s)
[ 11/50] qlognei        48b1324dd0461cd9 seed=0 a*=1.000..0.365 (25.1s)
[ 11/50] qlogei-add     48b1324dd0461cd9 seed=0 a*=1.000..0.129 (32.8s)
[ 11/50] qlogei-addonly 48b1324dd0461cd9 seed=0 a*=1.000..0.213 (20.3s)
[ 12/50] doe            48b1324dd0461cd9 seed=1 a*=1.000..0.031 (1.4s)
[ 12/50] qlogei         48b1324dd0461cd9 seed=1 a*=0.996..0.086 (19.6s)
[ 12/50] qlognei        48b1324dd0461cd9 seed=1 a*=0.990..0.039 (24.6s)
[ 12/50] qlogei-add     48b1324dd0461cd9 seed=1 a*=1.000..0.068 (59.1s)
[ 12/50] qlogei-addonly 48b1324dd0461cd9 seed=1 a*=0.990..0.008 (21.2s)
[ 13/50] doe            4d4f7158b65b52ba seed=0 a*=1.000..0.033 (1.5s)
/Users/jy/BO/nutrigene-ai-bo-ipsec/.venv/lib/python3.11/site-packages/botorch/optim/optimize.py:844: RuntimeWarning: Optimization failed in `gen_candidates_scipy` with the following warning(s):
[NumericalWarning('A not p.d., added jitter of 1.0e-08 to the diagonal'), OptimizationWarning('Optimization failed within `scipy.optimize.minimize` with status 2 and message ABNORMAL: .')]
Trying again with a new set of initial conditions.
  return _optimize_acqf_batch(opt_inputs=opt_inputs)
[ 13/50] qlogei         4d4f7158b65b52ba seed=0 a*=0.930..0.023 (22.2s)
[ 13/50] qlognei        4d4f7158b65b52ba seed=0 a*=0.932..0.020 (21.5s)
/Users/jy/BO/nutrigene-ai-bo-ipsec/.venv/lib/python3.11/site-packages/botorch/optim/optimize.py:844: RuntimeWarning: Optimization failed in `gen_candidates_scipy` with the following warning(s):
[OptimizationWarning('Optimization failed within `scipy.optimize.minimize` with status 2 and message ABNORMAL: .')]
Trying again with a new set of initial conditions.
  return _optimize_acqf_batch(opt_inputs=opt_inputs)
[ 13/50] qlogei-add     4d4f7158b65b52ba seed=0 a*=0.994..0.039 (64.0s)
[ 13/50] qlogei-addonly 4d4f7158b65b52ba seed=0 a*=1.000..0.266 (23.3s)
[ 14/50] doe            4d4f7158b65b52ba seed=1 a*=0.998..0.010 (1.0s)
[ 14/50] qlogei         4d4f7158b65b52ba seed=1 a*=0.992..0.002 (15.3s)
[ 14/50] qlognei        4d4f7158b65b52ba seed=1 a*=0.982..0.016 (19.1s)
[ 14/50] qlogei-add     4d4f7158b65b52ba seed=1 a*=0.965..0.018 (28.8s)
[ 14/50] qlogei-addonly 4d4f7158b65b52ba seed=1 a*=0.998..0.049 (26.4s)
[ 15/50] doe            51cf489c521a6911 seed=0 a*=1.000..0.018 (1.6s)
[ 15/50] qlogei         51cf489c521a6911 seed=0 a*=0.959..0.010 (22.9s)
[ 15/50] qlognei        51cf489c521a6911 seed=0 a*=0.990..0.025 (27.9s)
[ 15/50] qlogei-add     51cf489c521a6911 seed=0 a*=0.998..0.109 (41.4s)
[ 15/50] qlogei-addonly 51cf489c521a6911 seed=0 a*=1.000..0.238 (16.7s)
[ 16/50] doe            51cf489c521a6911 seed=1 a*=0.998..0.010 (0.5s)
[ 16/50] qlogei         51cf489c521a6911 seed=1 a*=0.945..0.002 (6.3s)
[ 16/50] qlognei        51cf489c521a6911 seed=1 a*=0.953..0.008 (7.4s)
[ 16/50] qlogei-add     51cf489c521a6911 seed=1 a*=0.979..0.016 (10.9s)
[ 16/50] qlogei-addonly 51cf489c521a6911 seed=1 a*=0.990..0.010 (9.1s)
[ 17/50] doe            578e5d8768359f0f seed=0 a*=1.000..0.037 (0.7s)
/Users/jy/BO/nutrigene-ai-bo-ipsec/.venv/lib/python3.11/site-packages/botorch/optim/optimize.py:844: RuntimeWarning: Optimization failed in `gen_candidates_scipy` with the following warning(s):
[OptimizationWarning('Optimization failed within `scipy.optimize.minimize` with status 2 and message ABNORMAL: .')]
Trying again with a new set of initial conditions.
  return _optimize_acqf_batch(opt_inputs=opt_inputs)
[ 17/50] qlogei         578e5d8768359f0f seed=0 a*=0.990..0.010 (8.8s)
[ 17/50] qlognei        578e5d8768359f0f seed=0 a*=0.994..0.051 (8.0s)
[ 17/50] qlogei-add     578e5d8768359f0f seed=0 a*=1.000..0.082 (17.0s)
[ 17/50] qlogei-addonly 578e5d8768359f0f seed=0 a*=0.996..0.225 (9.7s)
[ 18/50] doe            578e5d8768359f0f seed=1 a*=1.000..0.043 (0.6s)
[ 18/50] qlogei         578e5d8768359f0f seed=1 a*=0.990..0.006 (8.1s)
[ 18/50] qlognei        578e5d8768359f0f seed=1 a*=0.781..0.000 (10.7s)
[ 18/50] qlogei-add     578e5d8768359f0f seed=1 a*=0.949..0.006 (7.5s)
[ 18/50] qlogei-addonly 578e5d8768359f0f seed=1 a*=1.000..0.061 (7.8s)
[ 19/50] doe            59e420274f4385d9 seed=0 a*=1.000..0.057 (0.7s)
[ 19/50] qlogei         59e420274f4385d9 seed=0 a*=0.979..0.109 (11.5s)
[ 19/50] qlognei        59e420274f4385d9 seed=0 a*=0.984..0.037 (8.8s)
/Users/jy/BO/nutrigene-ai-bo-ipsec/.venv/lib/python3.11/site-packages/botorch/optim/optimize.py:844: RuntimeWarning: Optimization failed in `gen_candidates_scipy` with the following warning(s):
[NumericalWarning('A not p.d., added jitter of 1.0e-08 to the diagonal'), OptimizationWarning('Optimization failed within `scipy.optimize.minimize` with status 2 and message ABNORMAL: .')]
Trying again with a new set of initial conditions.
  return _optimize_acqf_batch(opt_inputs=opt_inputs)
/Users/jy/BO/nutrigene-ai-bo-ipsec/.venv/lib/python3.11/site-packages/botorch/optim/optimize.py:844: RuntimeWarning: Optimization failed on the second try, after generating a new set of initial conditions.
  return _optimize_acqf_batch(opt_inputs=opt_inputs)
[ 19/50] qlogei-add     59e420274f4385d9 seed=0 a*=0.986..0.121 (23.3s)
[ 19/50] qlogei-addonly 59e420274f4385d9 seed=0 a*=1.000..0.209 (11.1s)
[ 20/50] doe            59e420274f4385d9 seed=1 a*=1.000..0.027 (1.1s)
[ 20/50] qlogei         59e420274f4385d9 seed=1 a*=0.920..0.008 (13.0s)
[ 20/50] qlognei        59e420274f4385d9 seed=1 a*=0.977..0.012 (12.1s)
[ 20/50] qlogei-add     59e420274f4385d9 seed=1 a*=0.904..0.012 (30.4s)
[ 20/50] qlogei-addonly 59e420274f4385d9 seed=1 a*=1.000..0.197 (14.8s)
[ 21/50] doe            5b3926ef2c5fe4b6 seed=0 a*=1.000..0.037 (0.9s)
[ 21/50] qlogei         5b3926ef2c5fe4b6 seed=0 a*=0.996..0.336 (17.1s)
[ 21/50] qlognei        5b3926ef2c5fe4b6 seed=0 a*=1.000..0.146 (11.1s)
[ 21/50] qlogei-add     5b3926ef2c5fe4b6 seed=0 a*=0.971..0.168 (21.3s)
[ 21/50] qlogei-addonly 5b3926ef2c5fe4b6 seed=0 a*=0.998..0.139 (15.3s)
[ 22/50] doe            5b3926ef2c5fe4b6 seed=1 a*=1.000..0.037 (0.8s)
[ 22/50] qlogei         5b3926ef2c5fe4b6 seed=1 a*=0.943..0.000 (5.1s)
[ 22/50] qlognei        5b3926ef2c5fe4b6 seed=1 a*=1.000..0.035 (8.0s)
[ 22/50] qlogei-add     5b3926ef2c5fe4b6 seed=1 a*=1.000..0.025 (25.7s)
[ 22/50] qlogei-addonly 5b3926ef2c5fe4b6 seed=1 a*=0.934..0.008 (15.5s)
[ 23/50] doe            763e0f58925816ca seed=0 a*=1.000..0.029 (0.9s)
[ 23/50] qlogei         763e0f58925816ca seed=0 a*=0.992..0.045 (10.6s)
[ 23/50] qlognei        763e0f58925816ca seed=0 a*=0.998..0.047 (12.9s)
/Users/jy/BO/nutrigene-ai-bo-ipsec/.venv/lib/python3.11/site-packages/botorch/optim/optimize.py:844: RuntimeWarning: Optimization failed in `gen_candidates_scipy` with the following warning(s):
[OptimizationWarning('Optimization failed within `scipy.optimize.minimize` with status 2 and message ABNORMAL: .')]
Trying again with a new set of initial conditions.
  return _optimize_acqf_batch(opt_inputs=opt_inputs)
[ 23/50] qlogei-add     763e0f58925816ca seed=0 a*=1.000..0.180 (30.9s)
[ 23/50] qlogei-addonly 763e0f58925816ca seed=0 a*=0.943..0.053 (14.8s)
[ 24/50] doe            763e0f58925816ca seed=1 a*=1.000..0.043 (0.7s)
