spade-kf3-followup-2026-08-24 · C2 · spade_cf_diverse_batch · 100 campaigns
warning: working tree dirty; code_commit is not a faithful fingerprint
[   1/100] 033466197eba3ddb seed=0 (0.1m, eta 8m)
[   2/100] 033466197eba3ddb seed=1 (0.1m, eta 6m)
[   3/100] 0a6e0788538a7c52 seed=0 (0.2m, eta 8m)
[   4/100] 0a6e0788538a7c52 seed=1 (0.3m, eta 8m)
[   5/100] 0ed87c75239d73f8 seed=0 (0.4m, eta 8m)
[   6/100] 0ed87c75239d73f8 seed=1 (0.5m, eta 8m)
[   7/100] 32bb966a18f1d863 seed=0 (0.6m, eta 8m)
[   8/100] 32bb966a18f1d863 seed=1 (0.7m, eta 8m)
[   9/100] 443c180247c17191 seed=0 (0.7m, eta 8m)
[  10/100] 443c180247c17191 seed=1 (0.8m, eta 7m)
[  11/100] 48b1324dd0461cd9 seed=0 (0.9m, eta 7m)
[  12/100] 48b1324dd0461cd9 seed=1 (1.0m, eta 7m)
[  13/100] 4d4f7158b65b52ba seed=0 (1.0m, eta 7m)
[  14/100] 4d4f7158b65b52ba seed=1 (1.1m, eta 7m)
[  15/100] 51cf489c521a6911 seed=0 (1.2m, eta 7m)
[  16/100] 51cf489c521a6911 seed=1 (1.3m, eta 7m)
[  17/100] 578e5d8768359f0f seed=0 (1.3m, eta 6m)
[  18/100] 578e5d8768359f0f seed=1 (1.4m, eta 6m)
[  19/100] 59e420274f4385d9 seed=0 (1.5m, eta 6m)
[  20/100] 59e420274f4385d9 seed=1 (1.6m, eta 6m)
[  21/100] 5b3926ef2c5fe4b6 seed=0 (1.6m, eta 6m)
[  22/100] 5b3926ef2c5fe4b6 seed=1 (1.7m, eta 6m)
[  23/100] 763e0f58925816ca seed=0 (1.8m, eta 6m)
[  24/100] 763e0f58925816ca seed=1 (1.8m, eta 6m)
[  25/100] 7b6071e568a98779 seed=0 (1.9m, eta 6m)
[  26/100] 7b6071e568a98779 seed=1 (2.0m, eta 6m)
[  27/100] 7ef3fc89acece49c seed=0 (2.1m, eta 6m)
[  28/100] 7ef3fc89acece49c seed=1 (2.2m, eta 6m)
[  29/100] 7f5c7431c0530e74 seed=0 (2.3m, eta 6m)
[  30/100] 7f5c7431c0530e74 seed=1 (2.4m, eta 6m)
[  31/100] 8abe35e93ddfcad1 seed=0 (2.4m, eta 5m)
[  32/100] 8abe35e93ddfcad1 seed=1 (2.5m, eta 5m)
[  33/100] 9414bc879284eef0 seed=0 (2.6m, eta 5m)
[  34/100] 9414bc879284eef0 seed=1 (2.7m, eta 5m)
[  35/100] 9f3cdb4d835c6909 seed=0 (2.8m, eta 5m)
[  36/100] 9f3cdb4d835c6909 seed=1 (2.8m, eta 5m)
[  37/100] c75f6d6f50fe2434 seed=0 (2.9m, eta 5m)
[  38/100] c75f6d6f50fe2434 seed=1 (3.0m, eta 5m)
[  39/100] ce7334da318bc5e5 seed=0 (3.1m, eta 5m)
[  40/100] ce7334da318bc5e5 seed=1 (3.1m, eta 5m)
[  41/100] da5ec2fbb20c9f9b seed=0 (3.2m, eta 5m)
[  42/100] da5ec2fbb20c9f9b seed=1 (3.3m, eta 4m)
[  43/100] e402c32907f27534 seed=0 (3.3m, eta 4m)
[  44/100] e402c32907f27534 seed=1 (3.4m, eta 4m)
[  45/100] e946207e9dfe1876 seed=0 (3.5m, eta 4m)
[  46/100] e946207e9dfe1876 seed=1 (3.6m, eta 4m)
[  47/100] ef2815cdafff288c seed=0 (3.7m, eta 4m)
[  48/100] ef2815cdafff288c seed=1 (3.8m, eta 4m)
[  49/100] f79c5cf175034acd seed=0 (3.9m, eta 4m)
[  50/100] f79c5cf175034acd seed=1 (4.0m, eta 4m)
[  51/100] 033466197eba3ddb seed=2 (4.0m, eta 4m)
[  52/100] 0a6e0788538a7c52 seed=2 (4.1m, eta 4m)
[  53/100] 0ed87c75239d73f8 seed=2 (4.2m, eta 4m)
[  54/100] 32bb966a18f1d863 seed=2 (4.3m, eta 4m)
[  55/100] 443c180247c17191 seed=2 (4.3m, eta 4m)
[  56/100] 48b1324dd0461cd9 seed=2 (4.4m, eta 3m)
[  57/100] 4d4f7158b65b52ba seed=2 (4.5m, eta 3m)
[  58/100] 51cf489c521a6911 seed=2 (4.5m, eta 3m)
[  59/100] 578e5d8768359f0f seed=2 (4.6m, eta 3m)
[  60/100] 59e420274f4385d9 seed=2 (4.7m, eta 3m)
[  61/100] 5b3926ef2c5fe4b6 seed=2 (4.8m, eta 3m)
[  62/100] 763e0f58925816ca seed=2 (4.9m, eta 3m)
[  63/100] 7b6071e568a98779 seed=2 (5.0m, eta 3m)
[  64/100] 7ef3fc89acece49c seed=2 (5.1m, eta 3m)
[  65/100] 7f5c7431c0530e74 seed=2 (5.1m, eta 3m)
[  66/100] 8abe35e93ddfcad1 seed=2 (5.2m, eta 3m)
[  67/100] 9414bc879284eef0 seed=2 (5.3m, eta 3m)
[  68/100] 9f3cdb4d835c6909 seed=2 (5.4m, eta 3m)
[  69/100] c75f6d6f50fe2434 seed=2 (5.5m, eta 2m)
[  70/100] ce7334da318bc5e5 seed=2 (5.6m, eta 2m)
[  71/100] da5ec2fbb20c9f9b seed=2 (5.7m, eta 2m)
[  72/100] e402c32907f27534 seed=2 (5.7m, eta 2m)
[  73/100] e946207e9dfe1876 seed=2 (5.8m, eta 2m)
[  74/100] ef2815cdafff288c seed=2 (5.9m, eta 2m)
[  75/100] f79c5cf175034acd seed=2 (6.0m, eta 2m)
[  76/100] 033466197eba3ddb seed=3 (6.1m, eta 2m)
[  77/100] 0a6e0788538a7c52 seed=3 (6.2m, eta 2m)
[  78/100] 0ed87c75239d73f8 seed=3 (6.3m, eta 2m)
[  79/100] 32bb966a18f1d863 seed=3 (6.4m, eta 2m)
[  80/100] 443c180247c17191 seed=3 (6.5m, eta 2m)
[  81/100] 48b1324dd0461cd9 seed=3 (6.6m, eta 2m)
[  82/100] 4d4f7158b65b52ba seed=3 (6.7m, eta 1m)
[  83/100] 51cf489c521a6911 seed=3 (6.7m, eta 1m)
[  84/100] 578e5d8768359f0f seed=3 (6.8m, eta 1m)
[  85/100] 59e420274f4385d9 seed=3 (7.1m, eta 1m)
[  86/100] 5b3926ef2c5fe4b6 seed=3 (7.2m, eta 1m)
[  87/100] 763e0f58925816ca seed=3 (7.6m, eta 1m)
[  88/100] 7b6071e568a98779 seed=3 (7.7m, eta 1m)
[  89/100] 7ef3fc89acece49c seed=3 (7.8m, eta 1m)
[  90/100] 7f5c7431c0530e74 seed=3 (7.9m, eta 1m)
[  91/100] 8abe35e93ddfcad1 seed=3 (8.0m, eta 1m)
[  92/100] 9414bc879284eef0 seed=3 (8.1m, eta 1m)
[  93/100] 9f3cdb4d835c6909 seed=3 (8.4m, eta 1m)
[  94/100] c75f6d6f50fe2434 seed=3 (8.5m, eta 1m)
[  95/100] ce7334da318bc5e5 seed=3 (8.6m, eta 0m)
[  96/100] da5ec2fbb20c9f9b seed=3 (8.7m, eta 0m)
[  97/100] e402c32907f27534 seed=3 (8.8m, eta 0m)
[  98/100] e946207e9dfe1876 seed=3 (8.8m, eta 0m)
[  99/100] ef2815cdafff288c seed=3 (9.1m, eta 0m)
[ 100/100] f79c5cf175034acd seed=3 (9.3m, eta 0m)

wrote kf3-followup-c2-spade_cf_diverse_batch.json · 1200 rows
