P6 · ackley d=8 sigma=0.1 · arms=('doe', 'qlogei', 'qlognei', 'lhs', 'sobol', 'random', 'versionb', 'versionb_random', 'versionb_predictive', 'plate1_only')
  tau from results/p5-tau-quantile.json: p=0.75->0.03259  p=0.25->0.05802  p=0.1->0.07500  p=0.01->0.12759
  gamma=(0.5, 0.7, 0.8, 0.9, 0.95, 0.99) (certification level ONLY; tau_q does not move with gamma)
  grid: 20000 Sobol at seed 0 · threads=1 · OMP=1
  ranking scalar: total_error_vol_pred (symmetric difference; NOT type I alone)
  UNGATABLE qlognei: q59-hartmann-no-screen.json is the only committed qlognei family column and it is hartmann6 at d=6 only; ackley d=8 has no comparator and none is coming, so this arm is UNGATABLE at this cell.
  UNGATABLE lhs: no committed family column exists for 'lhs' on any family -- lhs/sobol/random are ungatable off hill (COVERAGE-MATRIX B4). Reproducibility is the RNG's: one static_design call and one evaluate call, both seeded.
  UNGATABLE sobol: no committed family column exists for 'sobol' on any family -- lhs/sobol/random are ungatable off hill (COVERAGE-MATRIX B4). Reproducibility is the RNG's: one static_design call and one evaluate call, both seeded.
  UNGATABLE random: no committed family column exists for 'random' on any family -- lhs/sobol/random are ungatable off hill (COVERAGE-MATRIX B4). Reproducibility is the RNG's: one static_design call and one evaluate call, both seeded.
  UNGATABLE versionb: 'versionb' has no committed family column and none can exist -- SPADE was never run off hill, so there is nothing to reproduce. UNGATED. Its only guarantee is SEED DETERMINISM: the same seed rebuilds the same two plates through the same imported run_versionb._two_plate. Every table carrying this arm says so.
  UNGATABLE versionb_random: 'versionb_random' has no committed family column and none can exist -- SPADE was never run off hill, so there is nothing to reproduce. UNGATED. Its only guarantee is SEED DETERMINISM: the same seed rebuilds the same two plates through the same imported run_versionb._two_plate. Every table carrying this arm says so.
  UNGATABLE versionb_predictive: 'versionb_predictive' has no committed family column and none can exist -- SPADE was never run off hill, so there is nothing to reproduce. UNGATED. Its only guarantee is SEED DETERMINISM: the same seed rebuilds the same two plates through the same imported run_versionb._two_plate. Every table carrying this arm says so.
  UNGATABLE plate1_only: plate1_only's comparator is k6-designspace-spread.json lhs, which is HILL-ONLY, so off hill it is UNGATED like the rest. Its only guarantee is SEED DETERMINISM. It is `lhs` at 48 wells (D23.1) and carries never_rank_separately so it is never counted as a second arm in any ranking.
  doe gate distinguishes the pre-D20 column on 1/25 committed seeds -- over the whole column, not just the seeds run here
  tau above the predictive ceiling in 0/24 (p, gamma) cells -- empty by the noise floor, flagged per row
  checkpoint p6-ackley-d8-s0.1.ckpt.jsonl: 0 campaigns already done

  [ 0] doe      regret=0.0000 gated=True (3.0s)
  [ 0] qlogei   regret=0.7376 gated=True (13.5s)
  [ 0] qlognei  regret=0.6919 gated=False (10.9s)
  [ 0] lhs      regret=0.8889 gated=False (1.8s)
  [ 0] sobol    regret=0.8575 gated=False (2.4s)
  [ 0] random   regret=0.8575 gated=False (2.1s)
  [ 0] versionb regret=0.9225 gated=False (2.4s)
  [ 0] versionb_random regret=0.9225 gated=False (2.1s)
  [ 0] versionb_predictive regret=0.9112 gated=False (2.4s)
  [ 0] plate1_only regret=0.8889 gated=False (2.4s)
  [ 1] doe      regret=0.0317 gated=True (2.1s)
  [ 1] qlogei   regret=0.6369 gated=True (12.8s)
  [ 1] qlognei  regret=0.5026 gated=False (10.2s)
  [ 1] lhs      regret=0.8934 gated=False (2.0s)
  [ 1] sobol    regret=0.8665 gated=False (2.2s)
  [ 1] random   regret=0.8395 gated=False (2.5s)
  [ 1] versionb regret=0.8199 gated=False (2.6s)
  [ 1] versionb_random regret=0.9013 gated=False (2.0s)
  [ 1] versionb_predictive regret=0.8199 gated=False (2.5s)
  [ 1] plate1_only regret=0.8934 gated=False (2.0s)
  [ 2] doe      regret=0.0000 gated=True (2.0s)
  [ 2] qlogei   regret=0.7767 gated=True (10.4s)
  [ 2] qlognei  regret=0.7294 gated=False (9.8s)
  [ 2] lhs      regret=0.9267 gated=False (1.8s)
  [ 2] sobol    regret=0.9020 gated=False (1.7s)
  [ 2] random   regret=0.8146 gated=False (2.1s)
  [ 2] versionb regret=0.8367 gated=False (2.7s)
  [ 2] versionb_random regret=0.8889 gated=False (2.1s)
  [ 2] versionb_predictive regret=0.8367 gated=False (2.6s)
  [ 2] plate1_only regret=0.9267 gated=False (1.8s)
  [ 3] doe      regret=0.0000 gated=True (2.1s)
  [ 3] qlogei   regret=0.5822 gated=True (11.1s)
  [ 3] qlognei  regret=0.7086 gated=False (13.0s)
  [ 3] lhs      regret=0.8823 gated=False (1.9s)
  [ 3] sobol    regret=0.8728 gated=False (2.1s)
  [ 3] random   regret=0.8437 gated=False (2.2s)
  [ 3] versionb regret=0.7811 gated=False (2.8s)
  [ 3] versionb_random regret=0.7811 gated=False (2.3s)
  [ 3] versionb_predictive regret=0.7811 gated=False (2.8s)
  [ 3] plate1_only regret=0.8823 gated=False (1.9s)
  [ 4] doe      regret=0.0000 gated=True (2.1s)
  [ 4] qlogei   regret=0.8226 gated=True (9.4s)
  [ 4] qlognei  regret=0.5258 gated=False (16.0s)
  [ 4] lhs      regret=0.8829 gated=False (2.2s)
  [ 4] sobol    regret=0.8147 gated=False (2.7s)
  [ 4] random   regret=0.8526 gated=False (2.7s)
  [ 4] versionb regret=0.8806 gated=False (2.8s)
  [ 4] versionb_random regret=0.8981 gated=False (3.0s)
  [ 4] versionb_predictive regret=0.8806 gated=False (3.5s)
  [ 4] plate1_only regret=0.8829 gated=False (2.3s)
  [ 5] doe      regret=0.0000 gated=True (2.3s)
  [ 5] qlogei   regret=0.8310 gated=True (13.5s)
  [ 5] qlognei  regret=0.6465 gated=False (26.8s)
  [ 5] lhs      regret=0.8258 gated=False (2.6s)
  [ 5] sobol    regret=0.8707 gated=False (2.5s)
  [ 5] random   regret=0.8707 gated=False (2.2s)
  [ 5] versionb regret=0.5945 gated=False (3.7s)
  [ 5] versionb_random regret=0.6651 gated=False (2.9s)
  [ 5] versionb_predictive regret=0.5945 gated=False (3.3s)
  [ 5] plate1_only regret=0.8258 gated=False (2.2s)
  [ 6] doe      regret=0.0000 gated=True (2.3s)
  [ 6] qlogei   regret=0.7322 gated=True (13.8s)
  [ 6] qlognei  regret=0.5356 gated=False (12.9s)
  [ 6] lhs      regret=0.8830 gated=False (2.2s)
  [ 6] sobol    regret=0.8545 gated=False (2.3s)
  [ 6] random   regret=0.8085 gated=False (2.5s)
  [ 6] versionb regret=0.7080 gated=False (2.9s)
  [ 6] versionb_random regret=0.8602 gated=False (2.2s)
  [ 6] versionb_predictive regret=0.7080 gated=False (2.9s)
  [ 6] plate1_only regret=0.8830 gated=False (2.1s)
  [ 7] doe      regret=0.0000 gated=True (2.1s)
  [ 7] qlogei   regret=0.8482 gated=True (11.0s)
  [ 7] qlognei  regret=0.5433 gated=False (13.4s)
  [ 7] lhs      regret=0.8673 gated=False (2.2s)
  [ 7] sobol    regret=0.8558 gated=False (2.1s)
  [ 7] random   regret=0.8558 gated=False (2.1s)
  [ 7] versionb regret=0.8625 gated=False (2.7s)
  [ 7] versionb_random regret=0.8625 gated=False (2.3s)
  [ 7] versionb_predictive regret=0.8625 gated=False (2.7s)
  [ 7] plate1_only regret=0.8673 gated=False (2.1s)
  [ 8] doe      regret=0.0000 gated=True (2.1s)
  [ 8] qlogei   regret=0.7329 gated=True (9.8s)
  [ 8] qlognei  regret=0.7160 gated=False (11.1s)
  [ 8] lhs      regret=0.9180 gated=False (1.8s)
  [ 8] sobol    regret=0.9164 gated=False (2.0s)
  [ 8] random   regret=0.8987 gated=False (1.9s)
  [ 8] versionb regret=0.8428 gated=False (2.7s)
  [ 8] versionb_random regret=0.8931 gated=False (2.2s)
  [ 8] versionb_predictive regret=0.8428 gated=False (2.6s)
  [ 8] plate1_only regret=0.9180 gated=False (1.8s)
  [ 9] doe      regret=0.0000 gated=True (2.1s)
  [ 9] qlogei   regret=0.7363 gated=True (12.1s)
  [ 9] qlognei  regret=0.7421 gated=False (15.0s)
  [ 9] lhs      regret=0.8765 gated=False (2.2s)
  [ 9] sobol    regret=0.9142 gated=False (1.9s)
  [ 9] random   regret=0.9142 gated=False (2.1s)
  [ 9] versionb regret=0.9284 gated=False (2.3s)
  [ 9] versionb_random regret=0.8567 gated=False (2.2s)
  [ 9] versionb_predictive regret=0.9284 gated=False (2.4s)
  [ 9] plate1_only regret=0.8765 gated=False (2.1s)
  [10] doe      regret=0.0000 gated=True (2.1s)
  [10] qlogei   regret=0.7501 gated=True (14.2s)
  [10] qlognei  regret=0.8970 gated=False (15.6s)
  [10] lhs      regret=0.8455 gated=False (2.0s)
  [10] sobol    regret=0.8954 gated=False (2.1s)
  [10] random   regret=0.8617 gated=False (1.7s)
  [10] versionb regret=0.9059 gated=False (2.1s)
  [10] versionb_random regret=0.9204 gated=False (1.8s)
  [10] versionb_predictive regret=0.8706 gated=False (2.5s)
  [10] plate1_only regret=0.8455 gated=False (2.0s)
  [11] doe      regret=0.0000 gated=True (2.1s)
  [11] qlogei   regret=0.8691 gated=True (12.0s)
  [11] qlognei  regret=0.7596 gated=False (12.7s)
  [11] lhs      regret=0.8667 gated=False (2.2s)
  [11] sobol    regret=0.8968 gated=False (1.9s)
  [11] random   regret=0.8486 gated=False (1.8s)
  [11] versionb regret=0.8794 gated=False (2.5s)
  [11] versionb_random regret=0.9040 gated=False (2.1s)
  [11] versionb_predictive regret=0.8794 gated=False (2.6s)
  [11] plate1_only regret=0.8667 gated=False (2.2s)
  [12] doe      regret=0.0000 gated=True (2.0s)
  [12] qlogei   regret=0.6612 gated=True (7.2s)
  [12] qlognei  regret=0.6463 gated=False (13.5s)
  [12] lhs      regret=0.9031 gated=False (1.9s)
  [12] sobol    regret=0.8240 gated=False (2.1s)
  [12] random   regret=0.8240 gated=False (2.3s)
  [12] versionb regret=0.8268 gated=False (2.4s)
  [12] versionb_random regret=0.8268 gated=False (2.3s)
  [12] versionb_predictive regret=0.8268 gated=False (2.6s)
  [12] plate1_only regret=0.9031 gated=False (2.0s)
  [13] doe      regret=0.0000 gated=True (2.1s)
  [13] qlogei   regret=0.8011 gated=True (9.5s)
  [13] qlognei  regret=0.5256 gated=False (9.7s)
  [13] lhs      regret=0.8468 gated=False (2.2s)
  [13] sobol    regret=0.8933 gated=False (2.0s)
  [13] random   regret=0.9002 gated=False (1.8s)
  [13] versionb regret=0.8175 gated=False (2.5s)
  [13] versionb_random regret=0.9094 gated=False (1.9s)
  [13] versionb_predictive regret=0.8175 gated=False (2.7s)
  [13] plate1_only regret=0.8468 gated=False (2.1s)
  [14] doe      regret=0.0000 gated=True (2.0s)
  [14] qlogei   regret=0.5545 gated=True (11.1s)
  [14] qlognei  regret=0.5371 gated=False (8.6s)
  [14] lhs      regret=0.8764 gated=False (2.0s)
  [14] sobol    regret=0.5933 gated=False (2.1s)
  [14] random   regret=0.5933 gated=False (2.3s)
  [14] versionb regret=0.7679 gated=False (2.9s)
  [14] versionb_random regret=0.8212 gated=False (2.3s)
  [14] versionb_predictive regret=0.7679 gated=False (3.0s)
  [14] plate1_only regret=0.8764 gated=False (2.2s)
  [15] doe      regret=0.0000 gated=True (2.1s)
  [15] qlogei   regret=0.6663 gated=True (9.4s)
  [15] qlognei  regret=0.5109 gated=False (10.4s)
  [15] lhs      regret=0.8870 gated=False (2.1s)
  [15] sobol    regret=0.8238 gated=False (2.5s)
  [15] random   regret=0.8238 gated=False (2.4s)
  [15] versionb regret=0.8842 gated=False (2.5s)
  [15] versionb_random regret=0.8842 gated=False (2.2s)
  [15] versionb_predictive regret=0.8842 gated=False (2.5s)
  [15] plate1_only regret=0.8870 gated=False (2.0s)
  [16] doe      regret=0.0000 gated=True (2.1s)
  [16] qlogei   regret=0.7978 gated=True (9.0s)
  [16] qlognei  regret=0.6015 gated=False (10.8s)
  [16] lhs      regret=0.8903 gated=False (1.9s)
  [16] sobol    regret=0.8877 gated=False (2.1s)
  [16] random   regret=0.7839 gated=False (2.5s)
  [16] versionb regret=0.7989 gated=False (2.9s)
  [16] versionb_random regret=0.8668 gated=False (2.3s)
  [16] versionb_predictive regret=0.7891 gated=False (2.8s)
  [16] plate1_only regret=0.8903 gated=False (1.9s)
  [17] doe      regret=0.0000 gated=True (2.2s)
  [17] qlogei   regret=0.6978 gated=True (11.1s)
  [17] qlognei  regret=0.6965 gated=False (14.2s)
  [17] lhs      regret=0.9141 gated=False (1.8s)
  [17] sobol    regret=0.9201 gated=False (1.8s)
  [17] random   regret=0.9256 gated=False (1.9s)
  [17] versionb regret=0.8803 gated=False (2.3s)
  [17] versionb_random regret=0.9052 gated=False (1.9s)
  [17] versionb_predictive regret=0.8803 gated=False (2.4s)
  [17] plate1_only regret=0.9141 gated=False (2.0s)
  [18] doe      regret=0.0000 gated=True (2.1s)
  [18] qlogei   regret=0.6100 gated=True (9.7s)
  [18] qlognei  regret=0.4270 gated=False (11.6s)
  [18] lhs      regret=0.7920 gated=False (2.2s)
  [18] sobol    regret=0.8688 gated=False (2.0s)
  [18] random   regret=0.8688 gated=False (2.2s)
  [18] versionb regret=0.9128 gated=False (2.1s)
  [18] versionb_random regret=0.9413 gated=False (1.9s)
  [18] versionb_predictive regret=0.9413 gated=False (2.2s)
  [18] plate1_only regret=0.7920 gated=False (2.2s)
  [19] doe      regret=0.0000 gated=True (2.1s)
  [19] qlogei   regret=0.9118 gated=True (8.6s)
  [19] qlognei  regret=0.7155 gated=False (11.6s)
  [19] lhs      regret=0.8865 gated=False (1.8s)
  [19] sobol    regret=0.7801 gated=False (2.0s)
  [19] random   regret=0.8726 gated=False (2.1s)
  [19] versionb regret=0.8508 gated=False (2.5s)
  [19] versionb_random regret=0.9267 gated=False (2.0s)
  [19] versionb_predictive regret=0.8955 gated=False (2.3s)
  [19] plate1_only regret=0.8865 gated=False (1.8s)
  [20] doe      regret=0.0000 gated=True (2.1s)
  [20] qlogei   regret=0.6964 gated=True (10.0s)
  [20] qlognei  regret=0.7151 gated=False (12.2s)
  [20] lhs      regret=0.8634 gated=False (1.7s)
  [20] sobol    regret=0.8718 gated=False (1.9s)
  [20] random   regret=0.9023 gated=False (1.9s)
  [20] versionb regret=0.8199 gated=False (2.5s)
  [20] versionb_random regret=0.9088 gated=False (2.1s)
  [20] versionb_predictive regret=0.8199 gated=False (2.5s)
  [20] plate1_only regret=0.8634 gated=False (1.7s)
  [21] doe      regret=0.0000 gated=True (2.0s)
  [21] qlogei   regret=0.5341 gated=True (12.2s)
  [21] qlognei  regret=0.5811 gated=False (10.5s)
  [21] lhs      regret=0.9136 gated=False (1.5s)
  [21] sobol    regret=0.9126 gated=False (1.7s)
  [21] random   regret=0.8779 gated=False (1.9s)
  [21] versionb regret=0.8303 gated=False (2.5s)
  [21] versionb_random regret=0.8820 gated=False (2.0s)
  [21] versionb_predictive regret=0.8303 gated=False (2.5s)
  [21] plate1_only regret=0.9136 gated=False (1.5s)
  [22] doe      regret=0.0000 gated=True (2.0s)
  [22] qlogei   regret=0.6830 gated=True (8.4s)
  [22] qlognei  regret=0.6649 gated=False (18.1s)
  [22] lhs      regret=0.8785 gated=False (2.1s)
  [22] sobol    regret=0.8964 gated=False (1.9s)
  [22] random   regret=0.8984 gated=False (1.8s)
  [22] versionb regret=0.8756 gated=False (2.2s)
  [22] versionb_random regret=0.8956 gated=False (1.9s)
  [22] versionb_predictive regret=0.8756 gated=False (2.4s)
  [22] plate1_only regret=0.8785 gated=False (2.1s)
  [23] doe      regret=0.0000 gated=True (1.9s)
  [23] qlogei   regret=0.7391 gated=True (10.1s)
  [23] qlognei  regret=0.9246 gated=False (14.1s)
  [23] lhs      regret=0.8087 gated=False (1.8s)
  [23] sobol    regret=0.8378 gated=False (1.9s)
  [23] random   regret=0.9112 gated=False (1.6s)
  [23] versionb regret=0.8967 gated=False (2.3s)
  [23] versionb_random regret=0.8903 gated=False (1.9s)
  [23] versionb_predictive regret=0.8967 gated=False (2.3s)
  [23] plate1_only regret=0.8087 gated=False (1.8s)
  [24] doe      regret=0.0000 gated=True (1.9s)
  [24] qlogei   regret=0.8012 gated=True (10.5s)
  [24] qlognei  regret=0.7896 gated=False (9.5s)
  [24] lhs      regret=0.9177 gated=False (1.4s)
  [24] sobol    regret=0.9288 gated=False (1.4s)
  [24] random   regret=0.9041 gated=False (1.7s)
  [24] versionb regret=0.8761 gated=False (2.1s)
  [24] versionb_random regret=0.9234 gated=False (1.7s)
  [24] versionb_predictive regret=0.8761 gated=False (2.1s)
  [24] plate1_only regret=0.9177 gated=False (1.3s)

250 campaigns in p6-ackley-d8-s0.1.ckpt.jsonl · 1044s · gate failures: 0
  results/p6-families.json is NOT written here. Run --merge when cells finish.
