P6 · ackley d=6 sigma=0.1 · arms=('doe', 'qlogei', 'qlognei', 'lhs', 'sobol', 'random', 'versionb', 'versionb_random', 'versionb_predictive', 'plate1_only')
  tau from results/p5-tau-quantile.json: p=0.75->0.03293  p=0.25->0.06302  p=0.1->0.08561  p=0.01->0.16159
  gamma=(0.5, 0.7, 0.8, 0.9, 0.95, 0.99) (certification level ONLY; tau_q does not move with gamma)
  grid: 20000 Sobol at seed 0 · threads=1 · OMP=1
  ranking scalar: total_error_vol_pred (symmetric difference; NOT type I alone)
  UNGATABLE qlognei: q59-hartmann-no-screen.json is the only committed qlognei family column and it is hartmann6 at d=6 only; ackley d=6 has no comparator and none is coming, so this arm is UNGATABLE at this cell.
  UNGATABLE lhs: no committed family column exists for 'lhs' on any family -- lhs/sobol/random are ungatable off hill (COVERAGE-MATRIX B4). Reproducibility is the RNG's: one static_design call and one evaluate call, both seeded.
  UNGATABLE sobol: no committed family column exists for 'sobol' on any family -- lhs/sobol/random are ungatable off hill (COVERAGE-MATRIX B4). Reproducibility is the RNG's: one static_design call and one evaluate call, both seeded.
  UNGATABLE random: no committed family column exists for 'random' on any family -- lhs/sobol/random are ungatable off hill (COVERAGE-MATRIX B4). Reproducibility is the RNG's: one static_design call and one evaluate call, both seeded.
  UNGATABLE versionb: 'versionb' has no committed family column and none can exist -- SPADE was never run off hill, so there is nothing to reproduce. UNGATED. Its only guarantee is SEED DETERMINISM: the same seed rebuilds the same two plates through the same imported run_versionb._two_plate. Every table carrying this arm says so.
  UNGATABLE versionb_random: 'versionb_random' has no committed family column and none can exist -- SPADE was never run off hill, so there is nothing to reproduce. UNGATED. Its only guarantee is SEED DETERMINISM: the same seed rebuilds the same two plates through the same imported run_versionb._two_plate. Every table carrying this arm says so.
  UNGATABLE versionb_predictive: 'versionb_predictive' has no committed family column and none can exist -- SPADE was never run off hill, so there is nothing to reproduce. UNGATED. Its only guarantee is SEED DETERMINISM: the same seed rebuilds the same two plates through the same imported run_versionb._two_plate. Every table carrying this arm says so.
  UNGATABLE plate1_only: plate1_only's comparator is k6-designspace-spread.json lhs, which is HILL-ONLY, so off hill it is UNGATED like the rest. Its only guarantee is SEED DETERMINISM. It is `lhs` at 48 wells (D23.1) and carries never_rank_separately so it is never counted as a second arm in any ranking.
  doe gate distinguishes the pre-D20 column on 1/25 committed seeds -- over the whole column, not just the seeds run here
  tau above the predictive ceiling in 0/24 (p, gamma) cells -- empty by the noise floor, flagged per row
  checkpoint p6-ackley-d6-s0.1.ckpt.jsonl: 0 campaigns already done

  [ 0] doe      regret=0.0000 gated=True (3.1s)
  [ 0] qlogei   regret=0.5744 gated=True (11.2s)
  [ 0] qlognei  regret=0.4813 gated=False (12.1s)
  [ 0] lhs      regret=0.8103 gated=False (2.4s)
  [ 0] sobol    regret=0.8707 gated=False (2.2s)
  [ 0] random   regret=0.8553 gated=False (2.1s)
  [ 0] versionb regret=0.7369 gated=False (2.9s)
  [ 0] versionb_random regret=0.7704 gated=False (2.2s)
  [ 0] versionb_predictive regret=0.7704 gated=False (3.2s)
  [ 0] plate1_only regret=0.8103 gated=False (2.4s)
  [ 1] doe      regret=0.0266 gated=True (2.3s)
  [ 1] qlogei   regret=0.5113 gated=True (9.5s)
  [ 1] qlognei  regret=0.5927 gated=False (11.5s)
  [ 1] lhs      regret=0.9035 gated=False (1.8s)
  [ 1] sobol    regret=0.8498 gated=False (2.3s)
  [ 1] random   regret=0.8207 gated=False (2.9s)
  [ 1] versionb regret=0.6785 gated=False (3.0s)
  [ 1] versionb_random regret=0.8656 gated=False (2.1s)
  [ 1] versionb_predictive regret=0.6785 gated=False (3.4s)
  [ 1] plate1_only regret=0.9035 gated=False (2.3s)
  [ 2] doe      regret=0.0000 gated=True (2.7s)
  [ 2] qlogei   regret=0.5501 gated=True (10.3s)
  [ 2] qlognei  regret=0.6532 gated=False (10.9s)
  [ 2] lhs      regret=0.8341 gated=False (2.8s)
  [ 2] sobol    regret=0.9086 gated=False (2.1s)
  [ 2] random   regret=0.8345 gated=False (2.7s)
  [ 2] versionb regret=0.7275 gated=False (3.3s)
  [ 2] versionb_random regret=0.8437 gated=False (2.6s)
  [ 2] versionb_predictive regret=0.7275 gated=False (3.3s)
  [ 2] plate1_only regret=0.8341 gated=False (2.5s)
  [ 3] doe      regret=0.0000 gated=True (2.5s)
  [ 3] qlogei   regret=0.8025 gated=True (11.7s)
  [ 3] qlognei  regret=0.8242 gated=False (13.6s)
  [ 3] lhs      regret=0.7268 gated=False (2.5s)
  [ 3] sobol    regret=0.8707 gated=False (2.2s)
  [ 3] random   regret=0.8707 gated=False (2.0s)
  [ 3] versionb regret=0.8659 gated=False (2.7s)
  [ 3] versionb_random regret=0.8659 gated=False (2.2s)
  [ 3] versionb_predictive regret=0.5994 gated=False (2.9s)
  [ 3] plate1_only regret=0.7268 gated=False (2.6s)
  [ 4] doe      regret=0.0000 gated=True (2.9s)
  [ 4] qlogei   regret=0.4821 gated=True (14.5s)
  [ 4] qlognei  regret=0.4334 gated=False (11.2s)
  [ 4] lhs      regret=0.8347 gated=False (3.2s)
  [ 4] sobol    regret=0.8964 gated=False (2.0s)
  [ 4] random   regret=0.7416 gated=False (2.2s)
  [ 4] versionb regret=0.8107 gated=False (2.6s)
  [ 4] versionb_random regret=0.9099 gated=False (2.0s)
  [ 4] versionb_predictive regret=0.8107 gated=False (2.8s)
  [ 4] plate1_only regret=0.8347 gated=False (2.5s)
  [ 5] doe      regret=0.0000 gated=True (2.3s)
  [ 5] qlogei   regret=0.7027 gated=True (11.2s)
  [ 5] qlognei  regret=0.8608 gated=False (12.6s)
  [ 5] lhs      regret=0.8346 gated=False (3.1s)
  [ 5] sobol    regret=0.8636 gated=False (3.0s)
  [ 5] random   regret=0.8599 gated=False (2.2s)
  [ 5] versionb regret=0.6204 gated=False (3.1s)
  [ 5] versionb_random regret=0.8143 gated=False (2.6s)
  [ 5] versionb_predictive regret=0.6204 gated=False (3.0s)
  [ 5] plate1_only regret=0.8346 gated=False (2.1s)
  [ 6] doe      regret=0.0000 gated=True (2.5s)
  [ 6] qlogei   regret=0.2439 gated=True (11.9s)
  [ 6] qlognei  regret=0.6749 gated=False (10.2s)
  [ 6] lhs      regret=0.7337 gated=False (2.2s)
  [ 6] sobol    regret=0.8022 gated=False (2.3s)
  [ 6] random   regret=0.8022 gated=False (2.4s)
  [ 6] versionb regret=0.6155 gated=False (3.1s)
  [ 6] versionb_random regret=0.8391 gated=False (2.3s)
  [ 6] versionb_predictive regret=0.6155 gated=False (3.5s)
  [ 6] plate1_only regret=0.7337 gated=False (2.3s)
  [ 7] doe      regret=0.0000 gated=True (2.9s)
  [ 7] qlogei   regret=0.6183 gated=True (12.5s)
  [ 7] qlognei  regret=0.7645 gated=False (9.1s)
  [ 7] lhs      regret=0.8698 gated=False (2.1s)
  [ 7] sobol    regret=0.9095 gated=False (1.7s)
  [ 7] random   regret=0.8677 gated=False (2.0s)
  [ 7] versionb regret=0.6165 gated=False (2.8s)
  [ 7] versionb_random regret=0.7122 gated=False (2.3s)
  [ 7] versionb_predictive regret=0.6165 gated=False (2.7s)
  [ 7] plate1_only regret=0.8698 gated=False (2.1s)
  [ 8] doe      regret=0.0000 gated=True (2.3s)
  [ 8] qlogei   regret=0.5773 gated=True (6.9s)
  [ 8] qlognei  regret=0.4551 gated=False (8.7s)
  [ 8] lhs      regret=0.8412 gated=False (2.2s)
  [ 8] sobol    regret=0.8725 gated=False (2.5s)
  [ 8] random   regret=0.7997 gated=False (2.1s)
  [ 8] versionb regret=0.7874 gated=False (2.7s)
  [ 8] versionb_random regret=0.8885 gated=False (2.2s)
  [ 8] versionb_predictive regret=0.7874 gated=False (2.9s)
  [ 8] plate1_only regret=0.8412 gated=False (2.0s)
  [ 9] doe      regret=0.0000 gated=True (2.3s)
  [ 9] qlogei   regret=0.5114 gated=True (9.7s)
  [ 9] qlognei  regret=0.8233 gated=False (11.3s)
  [ 9] lhs      regret=0.8314 gated=False (2.2s)
  [ 9] sobol    regret=0.8657 gated=False (2.2s)
  [ 9] random   regret=0.8176 gated=False (2.8s)
  [ 9] versionb regret=0.8081 gated=False (2.8s)
  [ 9] versionb_random regret=0.8705 gated=False (2.3s)
  [ 9] versionb_predictive regret=0.8081 gated=False (2.9s)
  [ 9] plate1_only regret=0.8314 gated=False (2.3s)
  [10] doe      regret=0.0000 gated=True (2.6s)
  [10] qlogei   regret=0.5265 gated=True (13.6s)
  [10] qlognei  regret=0.7702 gated=False (11.3s)
  [10] lhs      regret=0.8439 gated=False (2.1s)
  [10] sobol    regret=0.8964 gated=False (2.1s)
  [10] random   regret=0.8486 gated=False (2.3s)
  [10] versionb regret=0.8184 gated=False (2.7s)
  [10] versionb_random regret=0.8820 gated=False (1.9s)
  [10] versionb_predictive regret=0.8101 gated=False (2.8s)
  [10] plate1_only regret=0.8439 gated=False (1.8s)
  [11] doe      regret=0.0000 gated=True (2.4s)
  [11] qlogei   regret=0.5325 gated=True (8.7s)
  [11] qlognei  regret=0.8465 gated=False (12.9s)
  [11] lhs      regret=0.9041 gated=False (1.9s)
  [11] sobol    regret=0.8542 gated=False (2.0s)
  [11] random   regret=0.8907 gated=False (2.1s)
  [11] versionb regret=0.8496 gated=False (2.8s)
  [11] versionb_random regret=0.9065 gated=False (2.3s)
  [11] versionb_predictive regret=0.8496 gated=False (2.7s)
  [11] plate1_only regret=0.9041 gated=False (2.1s)
  [12] doe      regret=0.0000 gated=True (2.6s)
  [12] qlogei   regret=0.5552 gated=True (9.8s)
  [12] qlognei  regret=0.6268 gated=False (11.5s)
  [12] lhs      regret=0.9070 gated=False (2.1s)
  [12] sobol    regret=0.8644 gated=False (2.2s)
  [12] random   regret=0.8122 gated=False (2.1s)
  [12] versionb regret=0.8055 gated=False (2.7s)
  [12] versionb_random regret=0.8855 gated=False (2.2s)
  [12] versionb_predictive regret=0.8055 gated=False (4.1s)
  [12] plate1_only regret=0.9070 gated=False (2.5s)
  [13] doe      regret=0.0000 gated=True (2.8s)
  [13] qlogei   regret=0.4936 gated=True (13.8s)
  [13] qlognei  regret=0.5683 gated=False (14.5s)
  [13] lhs      regret=0.8765 gated=False (1.8s)
  [13] sobol    regret=0.8675 gated=False (1.8s)
  [13] random   regret=0.8405 gated=False (2.0s)
  [13] versionb regret=0.7963 gated=False (2.7s)
  [13] versionb_random regret=0.8735 gated=False (2.8s)
  [13] versionb_predictive regret=0.7504 gated=False (4.9s)
  [13] plate1_only regret=0.8765 gated=False (2.5s)
  [14] doe      regret=0.0000 gated=True (2.7s)
  [14] qlogei   regret=0.2855 gated=True (10.9s)
  [14] qlognei  regret=0.5734 gated=False (13.0s)
  [14] lhs      regret=0.8738 gated=False (2.2s)
  [14] sobol    regret=0.8062 gated=False (2.4s)
  [14] random   regret=0.7841 gated=False (2.4s)
  [14] versionb regret=0.7668 gated=False (2.8s)
  [14] versionb_random regret=0.7668 gated=False (2.3s)
  [14] versionb_predictive regret=0.7668 gated=False (2.9s)
  [14] plate1_only regret=0.8738 gated=False (2.0s)
  [15] doe      regret=0.0000 gated=True (2.4s)
  [15] qlogei   regret=0.7915 gated=True (10.4s)
  [15] qlognei  regret=0.7378 gated=False (8.9s)
  [15] lhs      regret=0.8612 gated=False (2.1s)
  [15] sobol    regret=0.8454 gated=False (2.7s)
  [15] random   regret=0.8783 gated=False (2.6s)
  [15] versionb regret=0.7844 gated=False (3.0s)
  [15] versionb_random regret=0.8842 gated=False (2.8s)
  [15] versionb_predictive regret=0.7844 gated=False (3.0s)
  [15] plate1_only regret=0.8612 gated=False (2.1s)
  [16] doe      regret=0.0000 gated=True (2.4s)
  [16] qlogei   regret=0.5762 gated=True (7.6s)
  [16] qlognei  regret=0.3732 gated=False (9.7s)
  [16] lhs      regret=0.7809 gated=False (2.4s)
  [16] sobol    regret=0.8168 gated=False (2.5s)
  [16] random   regret=0.8168 gated=False (2.4s)
  [16] versionb regret=0.7293 gated=False (3.1s)
  [16] versionb_random regret=0.9009 gated=False (2.1s)
  [16] versionb_predictive regret=0.7685 gated=False (2.9s)
  [16] plate1_only regret=0.7809 gated=False (2.3s)
  [17] doe      regret=0.0000 gated=True (2.4s)
  [17] qlogei   regret=0.6698 gated=True (8.5s)
  [17] qlognei  regret=0.7674 gated=False (11.8s)
  [17] lhs      regret=0.8381 gated=False (2.5s)
  [17] sobol    regret=0.9163 gated=False (2.3s)
  [17] random   regret=0.9103 gated=False (1.9s)
  [17] versionb regret=0.7372 gated=False (3.0s)
  [17] versionb_random regret=0.8759 gated=False (2.3s)
  [17] versionb_predictive regret=0.7372 gated=False (2.8s)
  [17] plate1_only regret=0.8381 gated=False (2.2s)
  [18] doe      regret=0.0000 gated=True (2.3s)
  [18] qlogei   regret=0.5686 gated=True (9.8s)
  [18] qlognei  regret=0.7145 gated=False (16.2s)
  [18] lhs      regret=0.7894 gated=False (2.4s)
  [18] sobol    regret=0.8767 gated=False (2.1s)
  [18] random   regret=0.8821 gated=False (2.1s)
  [18] versionb regret=0.8149 gated=False (3.1s)
  [18] versionb_random regret=0.8930 gated=False (2.1s)
  [18] versionb_predictive regret=0.8149 gated=False (2.8s)
  [18] plate1_only regret=0.7894 gated=False (2.2s)
  [19] doe      regret=0.0000 gated=True (2.4s)
  [19] qlogei   regret=0.6479 gated=True (7.2s)
  [19] qlognei  regret=0.5912 gated=False (11.3s)
  [19] lhs      regret=0.7982 gated=False (2.2s)
  [19] sobol    regret=0.8301 gated=False (2.1s)
  [19] random   regret=0.8293 gated=False (2.2s)
  [19] versionb regret=0.5007 gated=False (2.9s)
  [19] versionb_random regret=0.8635 gated=False (2.3s)
  [19] versionb_predictive regret=0.5007 gated=False (3.1s)
  [19] plate1_only regret=0.7982 gated=False (4.3s)
  [20] doe      regret=0.0000 gated=True (2.6s)
  [20] qlogei   regret=0.8788 gated=True (12.0s)
  [20] qlognei  regret=0.7262 gated=False (14.1s)
  [20] lhs      regret=0.8918 gated=False (2.1s)
  [20] sobol    regret=0.8573 gated=False (2.2s)
  [20] random   regret=0.8522 gated=False (2.2s)
  [20] versionb regret=0.8675 gated=False (2.8s)
  [20] versionb_random regret=0.8924 gated=False (2.1s)
  [20] versionb_predictive regret=0.8924 gated=False (2.5s)
  [20] plate1_only regret=0.8918 gated=False (2.0s)
  [21] doe      regret=0.0000 gated=True (2.3s)
  [21] qlogei   regret=0.3968 gated=True (9.1s)
  [21] qlognei  regret=0.5830 gated=False (11.8s)
  [21] lhs      regret=0.8961 gated=False (2.1s)
  [21] sobol    regret=0.8676 gated=False (2.1s)
  [21] random   regret=0.9066 gated=False (1.9s)
  [21] versionb regret=0.8615 gated=False (3.0s)
  [21] versionb_random regret=0.8580 gated=False (2.2s)
  [21] versionb_predictive regret=0.8615 gated=False (2.6s)
  [21] plate1_only regret=0.8961 gated=False (2.0s)
  [22] doe      regret=0.0000 gated=True (2.4s)
  [22] qlogei   regret=0.4990 gated=True (10.3s)
  [22] qlognei  regret=0.8498 gated=False (10.3s)
  [22] lhs      regret=0.7641 gated=False (2.3s)
  [22] sobol    regret=0.6857 gated=False (2.3s)
  [22] random   regret=0.8777 gated=False (2.1s)
  [22] versionb regret=0.7021 gated=False (3.8s)
  [22] versionb_random regret=0.7996 gated=False (2.5s)
  [22] versionb_predictive regret=0.7021 gated=False (3.1s)
  [22] plate1_only regret=0.7641 gated=False (2.7s)
  [23] doe      regret=0.0000 gated=True (3.0s)
  [23] qlogei   regret=0.7439 gated=True (11.3s)
  [23] qlognei  regret=0.7750 gated=False (14.5s)
  [23] lhs      regret=0.8419 gated=False (2.3s)
  [23] sobol    regret=0.8728 gated=False (2.6s)
  [23] random   regret=0.7825 gated=False (3.5s)
  [23] versionb regret=0.7043 gated=False (3.4s)
  [23] versionb_random regret=0.8157 gated=False (2.4s)
  [23] versionb_predictive regret=0.7043 gated=False (3.2s)
  [23] plate1_only regret=0.8419 gated=False (2.3s)
  [24] doe      regret=0.0000 gated=True (2.6s)
  [24] qlogei   regret=0.3259 gated=True (9.2s)
  [24] qlognei  regret=0.4765 gated=False (10.2s)
  [24] lhs      regret=0.8580 gated=False (2.0s)
  [24] sobol    regret=0.9054 gated=False (2.2s)
  [24] random   regret=0.8801 gated=False (2.2s)
  [24] versionb regret=0.5653 gated=False (2.7s)
  [24] versionb_random regret=0.8279 gated=False (2.3s)
  [24] versionb_predictive regret=0.5653 gated=False (3.6s)
  [24] plate1_only regret=0.8580 gated=False (2.1s)

250 campaigns in p6-ackley-d6-s0.1.ckpt.jsonl · 1069s · gate failures: 0
  results/p6-families.json is NOT written here. Run --merge when cells finish.
