P6 · hartmann6 d=6 sigma=0.25 · arms=('doe', 'qlogei', 'qlognei', 'lhs', 'sobol', 'random')
  tau from results/p5-tau-quantile.json: p=0.75->0.00733  p=0.25->0.09706  p=0.1->0.21929  p=0.01->0.56612
  gamma=(0.5, 0.7, 0.8, 0.9, 0.95, 0.99) (certification level ONLY; tau_q does not move with gamma)
  grid: 20000 Sobol at seed 0 · threads=1 · OMP=1
  ranking scalar: total_error_vol_pred (symmetric difference; NOT type I alone)
  UNGATABLE lhs: no committed family column exists for 'lhs' on any family -- lhs/sobol/random are ungatable off hill (COVERAGE-MATRIX B4). Reproducibility is the RNG's: one static_design call and one evaluate call, both seeded.
  UNGATABLE sobol: no committed family column exists for 'sobol' on any family -- lhs/sobol/random are ungatable off hill (COVERAGE-MATRIX B4). Reproducibility is the RNG's: one static_design call and one evaluate call, both seeded.
  UNGATABLE random: no committed family column exists for 'random' on any family -- lhs/sobol/random are ungatable off hill (COVERAGE-MATRIX B4). Reproducibility is the RNG's: one static_design call and one evaluate call, both seeded.
  doe gate distinguishes the pre-D20 column on 10/25 committed seeds -- over the whole column, not just the seeds run here
  tau above the predictive ceiling in 1/24 (p, gamma) cells -- empty by the noise floor, flagged per row
    p=0.01@g=0.99
  checkpoint p6-hartmann6-d6-s0.25.ckpt.jsonl: 0 campaigns already done

  [ 0] doe      regret=0.5867 gated=True (18.1s)
  [ 0] qlogei   regret=0.2279 gated=True (51.3s)
  [ 0] qlognei  regret=0.1700 gated=True (65.7s)
  [ 0] lhs      regret=0.4116 gated=False (8.0s)
  [ 0] sobol    regret=0.5458 gated=False (6.9s)
  [ 0] random   regret=0.6496 gated=False (5.7s)
  [ 1] doe      regret=0.6370 gated=True (6.5s)
  [ 1] qlogei   regret=0.2857 gated=True (34.2s)
  [ 1] qlognei  regret=0.2443 gated=True (48.4s)
  [ 1] lhs      regret=0.5646 gated=False (6.8s)
  [ 1] sobol    regret=0.2516 gated=False (6.5s)
  [ 1] random   regret=0.7689 gated=False (5.9s)
  [ 2] doe      regret=0.5503 gated=True (9.0s)
P6 · hartmann6 d=6 sigma=0.25 · arms=('doe', 'qlogei', 'qlognei', 'lhs', 'sobol', 'random')
  tau from results/p5-tau-quantile.json: p=0.75->0.00733  p=0.25->0.09706  p=0.1->0.21929  p=0.01->0.56612
  gamma=(0.5, 0.7, 0.8, 0.9, 0.95, 0.99) (certification level ONLY; tau_q does not move with gamma)
  grid: 20000 Sobol at seed 0 · threads=1 · OMP=1
  ranking scalar: total_error_vol_pred (symmetric difference; NOT type I alone)
  UNGATABLE lhs: no committed family column exists for 'lhs' on any family -- lhs/sobol/random are ungatable off hill (COVERAGE-MATRIX B4). Reproducibility is the RNG's: one static_design call and one evaluate call, both seeded.
  UNGATABLE sobol: no committed family column exists for 'sobol' on any family -- lhs/sobol/random are ungatable off hill (COVERAGE-MATRIX B4). Reproducibility is the RNG's: one static_design call and one evaluate call, both seeded.
  UNGATABLE random: no committed family column exists for 'random' on any family -- lhs/sobol/random are ungatable off hill (COVERAGE-MATRIX B4). Reproducibility is the RNG's: one static_design call and one evaluate call, both seeded.
  doe gate distinguishes the pre-D20 column on 10/25 committed seeds -- over the whole column, not just the seeds run here
  tau above the predictive ceiling in 1/24 (p, gamma) cells -- empty by the noise floor, flagged per row
    p=0.01@g=0.99
  checkpoint p6-hartmann6-d6-s0.25.ckpt.jsonl: 13 campaigns already done

  [ 2] qlogei   regret=0.3587 gated=True (89.1s)
  [ 2] qlognei  regret=0.2550 gated=True (88.9s)
  [ 2] lhs      regret=0.4682 gated=False (10.1s)
  [ 2] sobol    regret=0.5549 gated=False (10.1s)
  [ 2] random   regret=0.3621 gated=False (9.1s)
  [ 3] doe      regret=0.5663 gated=True (13.4s)
P6 · hartmann6 d=6 sigma=0.25 · arms=('doe', 'qlogei', 'qlognei', 'lhs', 'sobol', 'random', 'versionb', 'versionb_random', 'versionb_predictive', 'plate1_only')
  tau from results/p5-tau-quantile.json: p=0.75->0.00733  p=0.25->0.09706  p=0.1->0.21929  p=0.01->0.56612
  gamma=(0.5, 0.7, 0.8, 0.9, 0.95, 0.99) (certification level ONLY; tau_q does not move with gamma)
  grid: 20000 Sobol at seed 0 · threads=1 · OMP=1
  ranking scalar: total_error_vol_pred (symmetric difference; NOT type I alone)
  UNGATABLE lhs: no committed family column exists for 'lhs' on any family -- lhs/sobol/random are ungatable off hill (COVERAGE-MATRIX B4). Reproducibility is the RNG's: one static_design call and one evaluate call, both seeded.
  UNGATABLE sobol: no committed family column exists for 'sobol' on any family -- lhs/sobol/random are ungatable off hill (COVERAGE-MATRIX B4). Reproducibility is the RNG's: one static_design call and one evaluate call, both seeded.
  UNGATABLE random: no committed family column exists for 'random' on any family -- lhs/sobol/random are ungatable off hill (COVERAGE-MATRIX B4). Reproducibility is the RNG's: one static_design call and one evaluate call, both seeded.
  UNGATABLE versionb: 'versionb' has no committed family column and none can exist -- SPADE was never run off hill, so there is nothing to reproduce. UNGATED. Its only guarantee is SEED DETERMINISM: the same seed rebuilds the same two plates through the same imported run_versionb._two_plate. Every table carrying this arm says so.
  UNGATABLE versionb_random: 'versionb_random' has no committed family column and none can exist -- SPADE was never run off hill, so there is nothing to reproduce. UNGATED. Its only guarantee is SEED DETERMINISM: the same seed rebuilds the same two plates through the same imported run_versionb._two_plate. Every table carrying this arm says so.
  UNGATABLE versionb_predictive: 'versionb_predictive' has no committed family column and none can exist -- SPADE was never run off hill, so there is nothing to reproduce. UNGATED. Its only guarantee is SEED DETERMINISM: the same seed rebuilds the same two plates through the same imported run_versionb._two_plate. Every table carrying this arm says so.
  UNGATABLE plate1_only: plate1_only's comparator is k6-designspace-spread.json lhs, which is HILL-ONLY, so off hill it is UNGATED like the rest. Its only guarantee is SEED DETERMINISM. It is `lhs` at 48 wells (D23.1) and carries never_rank_separately so it is never counted as a second arm in any ranking.
  doe gate distinguishes the pre-D20 column on 10/25 committed seeds -- over the whole column, not just the seeds run here
  tau above the predictive ceiling in 1/24 (p, gamma) cells -- empty by the noise floor, flagged per row
    p=0.01@g=0.99
  checkpoint p6-hartmann6-d6-s0.25.ckpt.jsonl: 19 campaigns already done

  [ 0] versionb regret=0.6182 gated=False (37.5s)
  [ 0] versionb_random regret=0.4824 gated=False (15.0s)
  [ 0] versionb_predictive regret=0.6182 gated=False (26.2s)
  [ 0] plate1_only regret=0.4116 gated=False (18.5s)
  [ 1] versionb regret=0.5567 gated=False (19.5s)
Traceback (most recent call last):
  File "/Users/jy/BO/nutrigene-ai-bo-ipsec/scripts/run_p6_families.py", line 1029, in <module>
    main()
  File "/Users/jy/BO/nutrigene-ai-bo-ipsec/scripts/run_p6_families.py", line 994, in main
    scored = score_campaign(rec, orc, grid, truth, active, taus, arm_label=arm)
             ^^^^^^^^^^^^^^^^^^^^^^^^^^^^^^^^^^^^^^^^^^^^^^^^^^^^^^^^^^^^^^^^^^
  File "/Users/jy/BO/nutrigene-ai-bo-ipsec/scripts/run_p6_families.py", line 592, in score_campaign
    raise MissingGateTarget(
MissingGateTarget: hartmann6 versionb_random seed=1 p=0.75 gamma=0.5: error-volume identity misses iou_pred by 3.331e-16, over the 2.220e-16 bound measured on the spread arms
P6 · hartmann6 d=6 sigma=0.25 · arms=('doe', 'qlogei', 'qlognei', 'lhs', 'sobol', 'random', 'versionb', 'versionb_random', 'versionb_predictive', 'plate1_only')
  tau from results/p5-tau-quantile.json: p=0.75->0.00733  p=0.25->0.09706  p=0.1->0.21929  p=0.01->0.56612
  gamma=(0.5, 0.7, 0.8, 0.9, 0.95, 0.99) (certification level ONLY; tau_q does not move with gamma)
  grid: 20000 Sobol at seed 0 · threads=1 · OMP=1
  ranking scalar: total_error_vol_pred (symmetric difference; NOT type I alone)
  UNGATABLE lhs: no committed family column exists for 'lhs' on any family -- lhs/sobol/random are ungatable off hill (COVERAGE-MATRIX B4). Reproducibility is the RNG's: one static_design call and one evaluate call, both seeded.
  UNGATABLE sobol: no committed family column exists for 'sobol' on any family -- lhs/sobol/random are ungatable off hill (COVERAGE-MATRIX B4). Reproducibility is the RNG's: one static_design call and one evaluate call, both seeded.
  UNGATABLE random: no committed family column exists for 'random' on any family -- lhs/sobol/random are ungatable off hill (COVERAGE-MATRIX B4). Reproducibility is the RNG's: one static_design call and one evaluate call, both seeded.
  UNGATABLE versionb: 'versionb' has no committed family column and none can exist -- SPADE was never run off hill, so there is nothing to reproduce. UNGATED. Its only guarantee is SEED DETERMINISM: the same seed rebuilds the same two plates through the same imported run_versionb._two_plate. Every table carrying this arm says so.
  UNGATABLE versionb_random: 'versionb_random' has no committed family column and none can exist -- SPADE was never run off hill, so there is nothing to reproduce. UNGATED. Its only guarantee is SEED DETERMINISM: the same seed rebuilds the same two plates through the same imported run_versionb._two_plate. Every table carrying this arm says so.
  UNGATABLE versionb_predictive: 'versionb_predictive' has no committed family column and none can exist -- SPADE was never run off hill, so there is nothing to reproduce. UNGATED. Its only guarantee is SEED DETERMINISM: the same seed rebuilds the same two plates through the same imported run_versionb._two_plate. Every table carrying this arm says so.
  UNGATABLE plate1_only: plate1_only's comparator is k6-designspace-spread.json lhs, which is HILL-ONLY, so off hill it is UNGATED like the rest. Its only guarantee is SEED DETERMINISM. It is `lhs` at 48 wells (D23.1) and carries never_rank_separately so it is never counted as a second arm in any ranking.
  doe gate distinguishes the pre-D20 column on 10/25 committed seeds -- over the whole column, not just the seeds run here
  tau above the predictive ceiling in 1/24 (p, gamma) cells -- empty by the noise floor, flagged per row
    p=0.01@g=0.99
  checkpoint p6-hartmann6-d6-s0.25.ckpt.jsonl: 24 campaigns already done

  [ 1] versionb_random regret=0.5567 gated=False (20.4s)
  [ 1] versionb_predictive regret=0.5567 gated=False (19.4s)
  [ 1] plate1_only regret=0.5646 gated=False (16.3s)
  [ 2] versionb regret=0.4659 gated=False (16.1s)
  [ 2] versionb_random regret=0.4659 gated=False (11.5s)
  [ 2] versionb_predictive regret=0.4659 gated=False (17.0s)
  [ 2] plate1_only regret=0.4682 gated=False (12.0s)
  [ 3] qlogei   regret=0.1736 gated=True (48.6s)
  [ 3] qlognei  regret=0.1340 gated=True (105.2s)
  [ 3] lhs      regret=0.5207 gated=False (13.3s)
  [ 3] sobol    regret=0.6189 gated=False (12.6s)
  [ 3] random   regret=0.3732 gated=False (12.0s)
  [ 3] versionb regret=0.4284 gated=False (12.0s)
  [ 3] versionb_random regret=0.4284 gated=False (12.1s)
  [ 3] versionb_predictive regret=0.4284 gated=False (12.8s)
  [ 3] plate1_only regret=0.5207 gated=False (12.8s)
  [ 4] doe      regret=0.7013 gated=True (15.0s)
  [ 4] qlogei   regret=0.4489 gated=True (48.3s)
  [ 4] qlognei  regret=0.6217 gated=True (80.5s)
  [ 4] lhs      regret=0.4584 gated=False (14.2s)
  [ 4] sobol    regret=0.6182 gated=False (18.8s)
  [ 4] random   regret=0.6076 gated=False (17.2s)
  [ 4] versionb regret=0.0907 gated=False (22.0s)
  [ 4] versionb_random regret=0.4243 gated=False (11.3s)
  [ 4] versionb_predictive regret=0.0907 gated=False (17.1s)
  [ 4] plate1_only regret=0.4584 gated=False (13.6s)
  [ 5] doe      regret=0.3586 gated=True (14.9s)
  [ 5] qlogei   regret=0.1938 gated=True (64.5s)
  [ 5] qlognei  regret=0.3438 gated=True (194.2s)
  [ 5] lhs      regret=0.3291 gated=False (19.8s)
  [ 5] sobol    regret=0.4809 gated=False (20.6s)
  [ 5] random   regret=0.4593 gated=False (29.8s)
  [ 5] versionb regret=0.6404 gated=False (26.1s)
  [ 5] versionb_random regret=0.6404 gated=False (23.5s)
  [ 5] versionb_predictive regret=0.5022 gated=False (25.4s)
  [ 5] plate1_only regret=0.3291 gated=False (10.8s)
  [ 6] doe      regret=0.6352 gated=True (15.8s)
  [ 6] qlogei   regret=0.4198 gated=True (46.7s)
  [ 6] qlognei  regret=0.4689 gated=True (83.6s)
  [ 6] lhs      regret=0.5826 gated=False (7.8s)
  [ 6] sobol    regret=0.5900 gated=False (7.1s)
  [ 6] random   regret=0.8035 gated=False (8.3s)
  [ 6] versionb regret=0.6204 gated=False (10.5s)
  [ 6] versionb_random regret=0.5944 gated=False (8.0s)
  [ 6] versionb_predictive regret=0.3898 gated=False (10.8s)
  [ 6] plate1_only regret=0.5826 gated=False (8.1s)
  [ 7] doe      regret=0.6650 gated=True (6.9s)
  [ 7] qlogei   regret=0.3836 gated=True (22.5s)
  [ 7] qlognei  regret=0.1886 gated=True (45.3s)
  [ 7] lhs      regret=0.5769 gated=False (7.6s)
  [ 7] sobol    regret=0.2118 gated=False (6.3s)
  [ 7] random   regret=0.5768 gated=False (8.6s)
  [ 7] versionb regret=0.1908 gated=False (15.3s)
  [ 7] versionb_random regret=0.6536 gated=False (13.7s)
  [ 7] versionb_predictive regret=0.1908 gated=False (19.8s)
  [ 7] plate1_only regret=0.5769 gated=False (14.7s)
  [ 8] doe      regret=0.3586 gated=True (13.6s)
  [ 8] qlogei   regret=0.5561 gated=True (103.3s)
  [ 8] qlognei  regret=0.1640 gated=True (87.1s)
  [ 8] lhs      regret=0.5674 gated=False (10.8s)
  [ 8] sobol    regret=0.2129 gated=False (11.1s)
  [ 8] random   regret=0.4524 gated=False (11.8s)
  [ 8] versionb regret=0.5162 gated=False (17.8s)
  [ 8] versionb_random regret=0.5162 gated=False (13.9s)
  [ 8] versionb_predictive regret=0.5162 gated=False (15.2s)
  [ 8] plate1_only regret=0.5674 gated=False (11.2s)
  [ 9] doe      regret=0.7158 gated=True (10.9s)
  [ 9] qlogei   regret=0.3915 gated=True (49.4s)
  [ 9] qlognei  regret=0.1220 gated=True (79.6s)
  [ 9] lhs      regret=0.5930 gated=False (10.7s)
  [ 9] sobol    regret=0.6931 gated=False (9.5s)
  [ 9] random   regret=0.5877 gated=False (11.9s)
  [ 9] versionb regret=0.4334 gated=False (14.3s)
  [ 9] versionb_random regret=0.4334 gated=False (11.1s)
  [ 9] versionb_predictive regret=0.3398 gated=False (13.6s)
  [ 9] plate1_only regret=0.5930 gated=False (8.8s)
  [10] doe      regret=0.6937 gated=True (8.4s)
  [10] qlogei   regret=0.3441 gated=True (33.8s)
  [10] qlognei  regret=0.2631 gated=True (66.0s)
  [10] lhs      regret=0.7380 gated=False (9.1s)
  [10] sobol    regret=0.5466 gated=False (9.1s)
  [10] random   regret=0.2769 gated=False (8.6s)
  [10] versionb regret=0.0697 gated=False (11.6s)
  [10] versionb_random regret=0.2025 gated=False (9.9s)
  [10] versionb_predictive regret=0.1986 gated=False (11.7s)
  [10] plate1_only regret=0.7380 gated=False (7.9s)
  [11] doe      regret=0.5503 gated=True (9.1s)
  [11] qlogei   regret=0.4195 gated=True (44.3s)
  [11] qlognei  regret=0.1748 gated=True (50.3s)
  [11] lhs      regret=0.5013 gated=False (7.5s)
  [11] sobol    regret=0.7366 gated=False (8.3s)
  [11] random   regret=0.7366 gated=False (7.3s)
  [11] versionb regret=0.4437 gated=False (13.9s)
  [11] versionb_random regret=0.7762 gated=False (9.4s)
  [11] versionb_predictive regret=0.4437 gated=False (11.3s)
  [11] plate1_only regret=0.5013 gated=False (5.8s)
  [12] doe      regret=0.4721 gated=True (5.9s)
  [12] qlogei   regret=0.4049 gated=True (30.4s)
  [12] qlognei  regret=0.4049 gated=True (54.6s)
  [12] lhs      regret=0.2003 gated=False (6.1s)
  [12] sobol    regret=0.4049 gated=False (6.0s)
  [12] random   regret=0.4049 gated=False (6.9s)
  [12] versionb regret=0.4728 gated=False (9.1s)
  [12] versionb_random regret=0.3012 gated=False (5.6s)
  [12] versionb_predictive regret=0.4728 gated=False (8.2s)
  [12] plate1_only regret=0.2003 gated=False (5.7s)
  [13] doe      regret=0.7219 gated=True (7.1s)
  [13] qlogei   regret=0.0631 gated=True (33.1s)
  [13] qlognei  regret=0.0697 gated=True (54.2s)
  [13] lhs      regret=0.3993 gated=False (5.3s)
  [13] sobol    regret=0.5955 gated=False (4.8s)
  [13] random   regret=0.5785 gated=False (4.5s)
  [13] versionb regret=0.4712 gated=False (6.6s)
  [13] versionb_random regret=0.5863 gated=False (5.3s)
  [13] versionb_predictive regret=0.5863 gated=False (6.7s)
  [13] plate1_only regret=0.3993 gated=False (5.3s)
  [14] doe      regret=0.4721 gated=True (4.6s)
  [14] qlogei   regret=0.4669 gated=True (22.9s)
  [14] qlognei  regret=0.1479 gated=True (43.6s)
  [14] lhs      regret=0.5707 gated=False (6.4s)
  [14] sobol    regret=0.4669 gated=False (5.7s)
  [14] random   regret=0.4669 gated=False (6.9s)
  [14] versionb regret=0.3732 gated=False (9.0s)
  [14] versionb_random regret=0.5989 gated=False (6.8s)
  [14] versionb_predictive regret=0.4155 gated=False (8.7s)
  [14] plate1_only regret=0.5707 gated=False (4.6s)
  [15] doe      regret=0.5663 gated=True (4.4s)
  [15] qlogei   regret=0.2779 gated=True (22.5s)
  [15] qlognei  regret=0.2386 gated=True (30.2s)
  [15] lhs      regret=0.6530 gated=False (4.2s)
  [15] sobol    regret=0.3612 gated=False (4.4s)
  [15] random   regret=0.2056 gated=False (4.6s)
  [15] versionb regret=0.4822 gated=False (6.0s)
  [15] versionb_random regret=0.4822 gated=False (4.4s)
  [15] versionb_predictive regret=0.4822 gated=False (6.6s)
  [15] plate1_only regret=0.6530 gated=False (4.4s)
  [16] doe      regret=0.4198 gated=True (5.5s)
  [16] qlogei   regret=0.1710 gated=True (19.7s)
  [16] qlognei  regret=0.1607 gated=True (34.3s)
  [16] lhs      regret=0.4816 gated=False (4.6s)
  [16] sobol    regret=0.7517 gated=False (4.6s)
  [16] random   regret=0.7171 gated=False (5.0s)
  [16] versionb regret=0.5678 gated=False (6.2s)
  [16] versionb_random regret=0.7538 gated=False (5.2s)
  [16] versionb_predictive regret=0.3283 gated=False (5.9s)
  [16] plate1_only regret=0.4816 gated=False (5.0s)
  [17] doe      regret=0.6756 gated=True (4.8s)
  [17] qlogei   regret=0.2004 gated=True (17.1s)
  [17] qlognei  regret=0.1102 gated=True (25.4s)
  [17] lhs      regret=0.5655 gated=False (3.0s)
  [17] sobol    regret=0.5318 gated=False (2.9s)
  [17] random   regret=0.5991 gated=False (3.2s)
  [17] versionb regret=0.6007 gated=False (3.7s)
  [17] versionb_random regret=0.6007 gated=False (3.5s)
  [17] versionb_predictive regret=0.6007 gated=False (4.3s)
  [17] plate1_only regret=0.5655 gated=False (3.0s)
  [18] doe      regret=0.6205 gated=True (2.7s)
  [18] qlogei   regret=0.2741 gated=True (13.3s)
  [18] qlognei  regret=0.2857 gated=True (15.4s)
  [18] lhs      regret=0.7116 gated=False (2.5s)
  [18] sobol    regret=0.3921 gated=False (2.6s)
  [18] random   regret=0.3921 gated=False (2.6s)
  [18] versionb regret=0.2306 gated=False (3.5s)
  [18] versionb_random regret=0.3919 gated=False (2.7s)
  [18] versionb_predictive regret=0.3109 gated=False (3.7s)
  [18] plate1_only regret=0.7116 gated=False (2.5s)
  [19] doe      regret=0.3586 gated=True (2.4s)
  [19] qlogei   regret=0.2553 gated=True (11.5s)
  [19] qlognei  regret=0.1875 gated=True (28.7s)
  [19] lhs      regret=0.3023 gated=False (2.8s)
  [19] sobol    regret=0.6235 gated=False (3.0s)
  [19] random   regret=0.8111 gated=False (2.8s)
  [19] versionb regret=0.2827 gated=False (4.4s)
  [19] versionb_random regret=0.3401 gated=False (3.3s)
  [19] versionb_predictive regret=0.2827 gated=False (4.9s)
  [19] plate1_only regret=0.3023 gated=False (2.8s)
  [20] doe      regret=0.7013 gated=True (2.9s)
  [20] qlogei   regret=0.2886 gated=True (11.7s)
  [20] qlognei  regret=0.7823 gated=True (20.0s)
  [20] lhs      regret=0.5853 gated=False (2.8s)
  [20] sobol    regret=0.1313 gated=False (3.0s)
  [20] random   regret=0.6867 gated=False (2.8s)
  [20] versionb regret=0.6451 gated=False (4.7s)
  [20] versionb_random regret=0.6890 gated=False (3.0s)
  [20] versionb_predictive regret=0.6451 gated=False (3.8s)
  [20] plate1_only regret=0.5853 gated=False (2.8s)
  [21] doe      regret=0.5867 gated=True (2.9s)
  [21] qlogei   regret=0.1732 gated=True (18.4s)
  [21] qlognei  regret=0.1472 gated=True (20.4s)
  [21] lhs      regret=0.3904 gated=False (3.2s)
  [21] sobol    regret=0.7006 gated=False (3.2s)
  [21] random   regret=0.3887 gated=False (3.0s)
  [21] versionb regret=0.4390 gated=False (4.0s)
  [21] versionb_random regret=0.4666 gated=False (3.7s)
  [21] versionb_predictive regret=0.4666 gated=False (4.0s)
  [21] plate1_only regret=0.3904 gated=False (3.1s)
  [22] doe      regret=0.5663 gated=True (3.0s)
  [22] qlogei   regret=0.1650 gated=True (19.7s)
  [22] qlognei  regret=0.3142 gated=True (24.3s)
  [22] lhs      regret=0.6467 gated=False (3.5s)
  [22] sobol    regret=0.6816 gated=False (3.2s)
  [22] random   regret=0.6999 gated=False (3.3s)
  [22] versionb regret=0.3612 gated=False (4.6s)
  [22] versionb_random regret=0.7159 gated=False (3.5s)
  [22] versionb_predictive regret=0.2214 gated=False (4.7s)
  [22] plate1_only regret=0.6467 gated=False (3.2s)
  [23] doe      regret=0.4198 gated=True (3.2s)
  [23] qlogei   regret=0.3269 gated=True (17.9s)
  [23] qlognei  regret=0.3171 gated=True (33.7s)
  [23] lhs      regret=0.4640 gated=False (2.9s)
  [23] sobol    regret=0.6966 gated=False (3.5s)
  [23] random   regret=0.6166 gated=False (3.7s)
  [23] versionb regret=0.4107 gated=False (4.0s)
  [23] versionb_random regret=0.7932 gated=False (2.9s)
  [23] versionb_predictive regret=0.2278 gated=False (4.3s)
  [23] plate1_only regret=0.4640 gated=False (2.8s)
  [24] doe      regret=0.4570 gated=True (2.9s)
  [24] qlogei   regret=0.1893 gated=True (12.9s)
Traceback (most recent call last):
  File "/Users/jy/BO/nutrigene-ai-bo-ipsec/scripts/run_p6_families.py", line 1041, in <module>
    continue

  File "/Users/jy/BO/nutrigene-ai-bo-ipsec/scripts/run_p6_families.py", line 1006, in main
    t0 = time.time()
                     
  File "/Users/jy/BO/nutrigene-ai-bo-ipsec/scripts/run_p6_families.py", line 604, in score_campaign
    raise MissingGateTarget(
MissingGateTarget: hartmann6 qlognei seed=24 p=0.75 gamma=0.7: error-volume identity misses iou_pred by 3.331e-16, over the 2.220e-16 bound measured on the optimiser arms
