P6 · hartmann6 d=8 sigma=0.1 · arms=('doe', 'qlogei', 'qlognei', 'lhs', 'sobol', 'random', 'versionb', 'versionb_random', 'versionb_predictive', 'plate1_only')
  tau from results/p5-tau-quantile.json: p=0.75->0.00726  p=0.25->0.09716  p=0.1->0.21631  p=0.01->0.56299
  gamma=(0.5, 0.7, 0.8, 0.9, 0.95, 0.99) (certification level ONLY; tau_q does not move with gamma)
  grid: 20000 Sobol at seed 0 · threads=1 · OMP=1
  ranking scalar: total_error_vol_pred (symmetric difference; NOT type I alone)
  UNGATABLE qlognei: q59-hartmann-no-screen.json is the only committed qlognei family column and it is hartmann6 at d=6 only; hartmann6 d=8 has no comparator and none is coming, so this arm is UNGATABLE at this cell.
  UNGATABLE lhs: no committed family column exists for 'lhs' on any family -- lhs/sobol/random are ungatable off hill (COVERAGE-MATRIX B4). Reproducibility is the RNG's: one static_design call and one evaluate call, both seeded.
  UNGATABLE sobol: no committed family column exists for 'sobol' on any family -- lhs/sobol/random are ungatable off hill (COVERAGE-MATRIX B4). Reproducibility is the RNG's: one static_design call and one evaluate call, both seeded.
  UNGATABLE random: no committed family column exists for 'random' on any family -- lhs/sobol/random are ungatable off hill (COVERAGE-MATRIX B4). Reproducibility is the RNG's: one static_design call and one evaluate call, both seeded.
  UNGATABLE versionb: 'versionb' has no committed family column and none can exist -- SPADE was never run off hill, so there is nothing to reproduce. UNGATED. Its only guarantee is SEED DETERMINISM: the same seed rebuilds the same two plates through the same imported run_versionb._two_plate. Every table carrying this arm says so.
  UNGATABLE versionb_random: 'versionb_random' has no committed family column and none can exist -- SPADE was never run off hill, so there is nothing to reproduce. UNGATED. Its only guarantee is SEED DETERMINISM: the same seed rebuilds the same two plates through the same imported run_versionb._two_plate. Every table carrying this arm says so.
  UNGATABLE versionb_predictive: 'versionb_predictive' has no committed family column and none can exist -- SPADE was never run off hill, so there is nothing to reproduce. UNGATED. Its only guarantee is SEED DETERMINISM: the same seed rebuilds the same two plates through the same imported run_versionb._two_plate. Every table carrying this arm says so.
  UNGATABLE plate1_only: plate1_only's comparator is k6-designspace-spread.json lhs, which is HILL-ONLY, so off hill it is UNGATED like the rest. Its only guarantee is SEED DETERMINISM. It is `lhs` at 48 wells (D23.1) and carries never_rank_separately so it is never counted as a second arm in any ranking.
  doe gate distinguishes the pre-D20 column on 3/25 committed seeds -- over the whole column, not just the seeds run here
  tau above the predictive ceiling in 0/24 (p, gamma) cells -- empty by the noise floor, flagged per row
  checkpoint p6-hartmann6-d8-s0.1.ckpt.jsonl: 0 campaigns already done

  [ 0] doe      regret=0.7441 gated=True (3.1s)
  [ 0] qlogei   regret=0.2324 gated=True (16.4s)
  [ 0] qlognei  regret=0.1926 gated=False (11.2s)
  [ 0] lhs      regret=0.5454 gated=False (2.8s)
  [ 0] sobol    regret=0.5734 gated=False (2.6s)
  [ 0] random   regret=0.5734 gated=False (2.7s)
  [ 0] versionb regret=0.2661 gated=False (3.8s)
  [ 0] versionb_random regret=0.4008 gated=False (3.3s)
  [ 0] versionb_predictive regret=0.2661 gated=False (3.8s)
  [ 0] plate1_only regret=0.5454 gated=False (2.7s)
  [ 1] doe      regret=0.7916 gated=True (2.0s)
  [ 1] qlogei   regret=0.1944 gated=True (19.5s)
  [ 1] qlognei  regret=0.1724 gated=False (14.6s)
  [ 1] lhs      regret=0.4777 gated=False (2.8s)
  [ 1] sobol    regret=0.4848 gated=False (3.0s)
  [ 1] random   regret=0.4848 gated=False (3.1s)
  [ 1] versionb regret=0.3381 gated=False (3.4s)
  [ 1] versionb_random regret=0.6080 gated=False (2.9s)
  [ 1] versionb_predictive regret=0.3381 gated=False (3.4s)
  [ 1] plate1_only regret=0.4777 gated=False (2.8s)
  [ 2] doe      regret=0.6205 gated=True (2.3s)
  [ 2] qlogei   regret=0.1656 gated=True (19.1s)
  [ 2] qlognei  regret=0.5039 gated=False (20.1s)
  [ 2] lhs      regret=0.4415 gated=False (2.9s)
  [ 2] sobol    regret=0.3268 gated=False (2.8s)
  [ 2] random   regret=0.6679 gated=False (2.6s)
  [ 2] versionb regret=0.2766 gated=False (3.2s)
  [ 2] versionb_random regret=0.2766 gated=False (3.1s)
  [ 2] versionb_predictive regret=0.1393 gated=False (3.4s)
  [ 2] plate1_only regret=0.4415 gated=False (2.9s)
  [ 3] doe      regret=0.4959 gated=True (2.3s)
  [ 3] qlogei   regret=0.5050 gated=True (12.9s)
  [ 3] qlognei  regret=0.3464 gated=False (14.6s)
  [ 3] lhs      regret=0.4664 gated=False (2.8s)
  [ 3] sobol    regret=0.4354 gated=False (3.0s)
  [ 3] random   regret=0.3741 gated=False (3.1s)
  [ 3] versionb regret=0.5699 gated=False (3.0s)
  [ 3] versionb_random regret=0.4793 gated=False (3.0s)
  [ 3] versionb_predictive regret=0.5209 gated=False (3.6s)
  [ 3] plate1_only regret=0.4664 gated=False (2.8s)
  [ 4] doe      regret=0.6761 gated=True (2.4s)
  [ 4] qlogei   regret=0.3063 gated=True (15.5s)
  [ 4] qlognei  regret=0.1223 gated=False (21.6s)
  [ 4] lhs      regret=0.5302 gated=False (2.8s)
  [ 4] sobol    regret=0.4300 gated=False (2.9s)
  [ 4] random   regret=0.3240 gated=False (2.6s)
  [ 4] versionb regret=0.2490 gated=False (3.6s)
  [ 4] versionb_random regret=0.3215 gated=False (3.1s)
  [ 4] versionb_predictive regret=0.3010 gated=False (3.7s)
  [ 4] plate1_only regret=0.5302 gated=False (2.8s)
  [ 5] doe      regret=0.6228 gated=True (2.2s)
  [ 5] qlogei   regret=0.1040 gated=True (14.9s)
  [ 5] qlognei  regret=0.0709 gated=False (16.3s)
  [ 5] lhs      regret=0.3443 gated=False (2.9s)
  [ 5] sobol    regret=0.4674 gated=False (2.7s)
  [ 5] random   regret=0.6330 gated=False (2.8s)
  [ 5] versionb regret=0.2990 gated=False (3.3s)
  [ 5] versionb_random regret=0.5200 gated=False (2.9s)
  [ 5] versionb_predictive regret=0.2990 gated=False (3.2s)
  [ 5] plate1_only regret=0.3443 gated=False (2.9s)
  [ 6] doe      regret=0.5703 gated=True (2.3s)
  [ 6] qlogei   regret=0.0545 gated=True (14.2s)
  [ 6] qlognei  regret=0.1700 gated=False (16.5s)
  [ 6] lhs      regret=0.6732 gated=False (2.6s)
  [ 6] sobol    regret=0.2706 gated=False (2.9s)
  [ 6] random   regret=0.2706 gated=False (2.7s)
  [ 6] versionb regret=0.2817 gated=False (3.5s)
  [ 6] versionb_random regret=0.4275 gated=False (2.8s)
  [ 6] versionb_predictive regret=0.2817 gated=False (3.4s)
  [ 6] plate1_only regret=0.6732 gated=False (2.7s)
  [ 7] doe      regret=0.5611 gated=True (2.4s)
  [ 7] qlogei   regret=0.1521 gated=True (16.8s)
  [ 7] qlognei  regret=0.0543 gated=False (14.7s)
  [ 7] lhs      regret=0.1327 gated=False (2.9s)
  [ 7] sobol    regret=0.5919 gated=False (2.9s)
  [ 7] random   regret=0.2623 gated=False (2.9s)
  [ 7] versionb regret=0.3551 gated=False (3.6s)
  [ 7] versionb_random regret=0.5714 gated=False (3.0s)
  [ 7] versionb_predictive regret=0.3551 gated=False (3.6s)
  [ 7] plate1_only regret=0.1327 gated=False (3.0s)
  [ 8] doe      regret=0.6499 gated=True (2.5s)
  [ 8] qlogei   regret=0.3908 gated=True (10.7s)
  [ 8] qlognei  regret=0.5141 gated=False (22.5s)
  [ 8] lhs      regret=0.5109 gated=False (3.0s)
  [ 8] sobol    regret=0.2686 gated=False (2.8s)
  [ 8] random   regret=0.5816 gated=False (2.9s)
  [ 8] versionb regret=0.6530 gated=False (3.5s)
  [ 8] versionb_random regret=0.6530 gated=False (3.1s)
  [ 8] versionb_predictive regret=0.6530 gated=False (3.5s)
  [ 8] plate1_only regret=0.5109 gated=False (2.9s)
  [ 9] doe      regret=0.7034 gated=True (2.3s)
  [ 9] qlogei   regret=0.2088 gated=True (15.7s)
  [ 9] qlognei  regret=0.0797 gated=False (17.9s)
  [ 9] lhs      regret=0.4516 gated=False (2.9s)
  [ 9] sobol    regret=0.5126 gated=False (3.0s)
  [ 9] random   regret=0.4468 gated=False (3.0s)
  [ 9] versionb regret=0.3067 gated=False (3.7s)
  [ 9] versionb_random regret=0.5681 gated=False (2.7s)
  [ 9] versionb_predictive regret=0.2710 gated=False (3.4s)
  [ 9] plate1_only regret=0.4516 gated=False (2.9s)
  [10] doe      regret=0.7626 gated=True (2.1s)
  [10] qlogei   regret=0.2273 gated=True (18.3s)
  [10] qlognei  regret=0.2133 gated=False (15.6s)
  [10] lhs      regret=0.1599 gated=False (3.1s)
  [10] sobol    regret=0.4603 gated=False (2.6s)
  [10] random   regret=0.5392 gated=False (3.0s)
  [10] versionb regret=0.5689 gated=False (3.6s)
  [10] versionb_random regret=0.5689 gated=False (3.2s)
  [10] versionb_predictive regret=0.5689 gated=False (3.5s)
  [10] plate1_only regret=0.1599 gated=False (3.0s)
  [11] doe      regret=0.6574 gated=True (2.5s)
  [11] qlogei   regret=0.1701 gated=True (14.5s)
  [11] qlognei  regret=0.2128 gated=False (20.5s)
  [11] lhs      regret=0.5366 gated=False (3.0s)
  [11] sobol    regret=0.0900 gated=False (2.9s)
  [11] random   regret=0.6210 gated=False (2.9s)
  [11] versionb regret=0.3071 gated=False (3.7s)
  [11] versionb_random regret=0.5516 gated=False (2.9s)
  [11] versionb_predictive regret=0.3071 gated=False (3.7s)
  [11] plate1_only regret=0.5366 gated=False (3.1s)
  [12] doe      regret=0.6574 gated=True (2.4s)
  [12] qlogei   regret=0.0940 gated=True (14.2s)
  [12] qlognei  regret=0.1087 gated=False (14.5s)
  [12] lhs      regret=0.5222 gated=False (2.8s)
  [12] sobol    regret=0.4354 gated=False (2.9s)
  [12] random   regret=0.4354 gated=False (2.8s)
  [12] versionb regret=0.2964 gated=False (3.5s)
  [12] versionb_random regret=0.2964 gated=False (3.1s)
  [12] versionb_predictive regret=0.2964 gated=False (3.5s)
  [12] plate1_only regret=0.5222 gated=False (2.9s)
  [13] doe      regret=0.7460 gated=True (2.2s)
  [13] qlogei   regret=0.5002 gated=True (12.8s)
  [13] qlognei  regret=0.0617 gated=False (19.1s)
  [13] lhs      regret=0.2885 gated=False (3.0s)
  [13] sobol    regret=0.4115 gated=False (2.9s)
  [13] random   regret=0.7058 gated=False (3.1s)
  [13] versionb regret=0.2489 gated=False (3.3s)
  [13] versionb_random regret=0.2489 gated=False (3.2s)
  [13] versionb_predictive regret=0.2489 gated=False (3.5s)
  [13] plate1_only regret=0.2885 gated=False (3.0s)
  [14] doe      regret=0.5330 gated=True (2.3s)
  [14] qlogei   regret=0.2549 gated=True (20.2s)
  [14] qlognei  regret=0.0890 gated=False (18.0s)
  [14] lhs      regret=0.4377 gated=False (3.0s)
  [14] sobol    regret=0.2333 gated=False (2.9s)
  [14] random   regret=0.2333 gated=False (2.9s)
  [14] versionb regret=0.5436 gated=False (3.4s)
  [14] versionb_random regret=0.5436 gated=False (3.0s)
  [14] versionb_predictive regret=0.5436 gated=False (3.6s)
  [14] plate1_only regret=0.4377 gated=False (2.9s)
  [15] doe      regret=0.7530 gated=True (2.2s)
  [15] qlogei   regret=0.3146 gated=True (12.2s)
  [15] qlognei  regret=0.1692 gated=False (17.1s)
  [15] lhs      regret=0.6052 gated=False (2.8s)
  [15] sobol    regret=0.7385 gated=False (2.6s)
  [15] random   regret=0.6245 gated=False (2.9s)
  [15] versionb regret=0.1678 gated=False (3.7s)
  [15] versionb_random regret=0.3181 gated=False (3.1s)
  [15] versionb_predictive regret=0.3311 gated=False (3.5s)
  [15] plate1_only regret=0.6052 gated=False (2.9s)
  [16] doe      regret=0.7530 gated=True (2.2s)
  [16] qlogei   regret=0.2886 gated=True (13.7s)
  [16] qlognei  regret=0.2125 gated=False (20.4s)
  [16] lhs      regret=0.3808 gated=False (2.8s)
  [16] sobol    regret=0.4160 gated=False (2.7s)
  [16] random   regret=0.5630 gated=False (2.8s)
  [16] versionb regret=0.2617 gated=False (3.5s)
  [16] versionb_random regret=0.4260 gated=False (2.8s)
  [16] versionb_predictive regret=0.1760 gated=False (3.6s)
  [16] plate1_only regret=0.3808 gated=False (2.9s)
  [17] doe      regret=0.6228 gated=True (2.2s)
  [17] qlogei   regret=0.1111 gated=True (15.6s)
  [17] qlognei  regret=0.1068 gated=False (17.2s)
  [17] lhs      regret=0.7674 gated=False (2.6s)
  [17] sobol    regret=0.2310 gated=False (2.8s)
  [17] random   regret=0.2310 gated=False (2.7s)
  [17] versionb regret=0.2585 gated=False (3.5s)
  [17] versionb_random regret=0.2585 gated=False (2.9s)
  [17] versionb_predictive regret=0.2585 gated=False (3.4s)
  [17] plate1_only regret=0.7674 gated=False (2.7s)
  [18] doe      regret=0.6425 gated=True (2.4s)
  [18] qlogei   regret=0.1479 gated=True (14.7s)
  [18] qlognei  regret=0.3140 gated=False (15.9s)
  [18] lhs      regret=0.4213 gated=False (2.7s)
  [18] sobol    regret=0.3799 gated=False (2.8s)
  [18] random   regret=0.4406 gated=False (3.0s)
  [18] versionb regret=0.5024 gated=False (3.4s)
  [18] versionb_random regret=0.5024 gated=False (2.9s)
  [18] versionb_predictive regret=0.5024 gated=False (3.4s)
  [18] plate1_only regret=0.4213 gated=False (2.8s)
  [19] doe      regret=0.5330 gated=True (2.3s)
  [19] qlogei   regret=0.1799 gated=True (13.9s)
  [19] qlognei  regret=0.1427 gated=False (19.6s)
  [19] lhs      regret=0.5874 gated=False (2.7s)
  [19] sobol    regret=0.4837 gated=False (2.9s)
  [19] random   regret=0.4837 gated=False (2.9s)
  [19] versionb regret=0.3493 gated=False (3.3s)
  [19] versionb_random regret=0.5036 gated=False (2.9s)
  [19] versionb_predictive regret=0.3493 gated=False (3.4s)
  [19] plate1_only regret=0.5874 gated=False (2.8s)
  [20] doe      regret=0.6832 gated=True (2.4s)
  [20] qlogei   regret=0.1983 gated=True (14.0s)
  [20] qlognei  regret=0.2878 gated=False (13.6s)
  [20] lhs      regret=0.4453 gated=False (3.0s)
  [20] sobol    regret=0.3689 gated=False (2.8s)
  [20] random   regret=0.7784 gated=False (2.4s)
  [20] versionb regret=0.5618 gated=False (3.5s)
  [20] versionb_random regret=0.4907 gated=False (3.1s)
  [20] versionb_predictive regret=0.5419 gated=False (3.6s)
  [20] plate1_only regret=0.4453 gated=False (2.9s)
  [21] doe      regret=0.4959 gated=True (2.4s)
  [21] qlogei   regret=0.2433 gated=True (14.9s)
  [21] qlognei  regret=0.3925 gated=False (18.3s)
  [21] lhs      regret=0.4357 gated=False (3.0s)
  [21] sobol    regret=0.5359 gated=False (2.9s)
  [21] random   regret=0.3867 gated=False (2.8s)
  [21] versionb regret=0.3623 gated=False (3.4s)
  [21] versionb_random regret=0.7899 gated=False (2.4s)
  [21] versionb_predictive regret=0.3510 gated=False (3.6s)
  [21] plate1_only regret=0.4357 gated=False (3.0s)
  [22] doe      regret=0.7956 gated=True (2.1s)
  [22] qlogei   regret=0.1122 gated=True (15.1s)
  [22] qlognei  regret=0.1535 gated=False (14.5s)
  [22] lhs      regret=0.5764 gated=False (2.9s)
  [22] sobol    regret=0.3641 gated=False (2.7s)
  [22] random   regret=0.3641 gated=False (2.9s)
  [22] versionb regret=0.3406 gated=False (3.4s)
  [22] versionb_random regret=0.5828 gated=False (3.0s)
  [22] versionb_predictive regret=0.3406 gated=False (3.3s)
  [22] plate1_only regret=0.5764 gated=False (2.9s)
  [23] doe      regret=0.5611 gated=True (2.3s)
  [23] qlogei   regret=0.6281 gated=True (9.7s)
  [23] qlognei  regret=0.4796 gated=False (11.7s)
  [23] lhs      regret=0.4513 gated=False (2.8s)
  [23] sobol    regret=0.4031 gated=False (2.8s)
  [23] random   regret=0.5601 gated=False (3.0s)
  [23] versionb regret=0.0806 gated=False (3.7s)
  [23] versionb_random regret=0.3775 gated=False (3.0s)
  [23] versionb_predictive regret=0.0806 gated=False (3.8s)
  [23] plate1_only regret=0.4513 gated=False (2.9s)
  [24] doe      regret=0.7032 gated=True (2.4s)
  [24] qlogei   regret=0.1402 gated=True (16.7s)
  [24] qlognei  regret=0.0939 gated=False (14.7s)
  [24] lhs      regret=0.3289 gated=False (2.7s)
  [24] sobol    regret=0.4988 gated=False (3.0s)
  [24] random   regret=0.1424 gated=False (2.9s)
  [24] versionb regret=0.4281 gated=False (3.2s)
  [24] versionb_random regret=0.4281 gated=False (3.1s)
  [24] versionb_predictive regret=0.3301 gated=False (3.4s)
  [24] plate1_only regret=0.3289 gated=False (2.8s)

250 campaigns in p6-hartmann6-d8-s0.1.ckpt.jsonl · 1408s · gate failures: 0
  results/p6-families.json is NOT written here. Run --merge when cells finish.
