P6 · levy d=8 sigma=0.1 · arms=('doe', 'qlogei', 'qlognei', 'lhs', 'sobol', 'random', 'versionb', 'versionb_random', 'versionb_predictive', 'plate1_only')
  tau from results/p5-tau-quantile.json: p=0.75->0.62173  p=0.25->0.80253  p=0.1->0.86587  p=0.01->0.93562
  gamma=(0.5, 0.7, 0.8, 0.9, 0.95, 0.99) (certification level ONLY; tau_q does not move with gamma)
  grid: 20000 Sobol at seed 0 · threads=1 · OMP=1
  ranking scalar: total_error_vol_pred (symmetric difference; NOT type I alone)
  UNGATABLE qlognei: q59-hartmann-no-screen.json is the only committed qlognei family column and it is hartmann6 at d=6 only; levy d=8 has no comparator and none is coming, so this arm is UNGATABLE at this cell.
  UNGATABLE lhs: no committed family column exists for 'lhs' on any family -- lhs/sobol/random are ungatable off hill (COVERAGE-MATRIX B4). Reproducibility is the RNG's: one static_design call and one evaluate call, both seeded.
  UNGATABLE sobol: no committed family column exists for 'sobol' on any family -- lhs/sobol/random are ungatable off hill (COVERAGE-MATRIX B4). Reproducibility is the RNG's: one static_design call and one evaluate call, both seeded.
  UNGATABLE random: no committed family column exists for 'random' on any family -- lhs/sobol/random are ungatable off hill (COVERAGE-MATRIX B4). Reproducibility is the RNG's: one static_design call and one evaluate call, both seeded.
  UNGATABLE versionb: 'versionb' has no committed family column and none can exist -- SPADE was never run off hill, so there is nothing to reproduce. UNGATED. Its only guarantee is SEED DETERMINISM: the same seed rebuilds the same two plates through the same imported run_versionb._two_plate. Every table carrying this arm says so.
  UNGATABLE versionb_random: 'versionb_random' has no committed family column and none can exist -- SPADE was never run off hill, so there is nothing to reproduce. UNGATED. Its only guarantee is SEED DETERMINISM: the same seed rebuilds the same two plates through the same imported run_versionb._two_plate. Every table carrying this arm says so.
  UNGATABLE versionb_predictive: 'versionb_predictive' has no committed family column and none can exist -- SPADE was never run off hill, so there is nothing to reproduce. UNGATED. Its only guarantee is SEED DETERMINISM: the same seed rebuilds the same two plates through the same imported run_versionb._two_plate. Every table carrying this arm says so.
  UNGATABLE plate1_only: plate1_only's comparator is k6-designspace-spread.json lhs, which is HILL-ONLY, so off hill it is UNGATED like the rest. Its only guarantee is SEED DETERMINISM. It is `lhs` at 48 wells (D23.1) and carries never_rank_separately so it is never counted as a second arm in any ranking.
  doe gate distinguishes the pre-D20 column on 14/25 committed seeds -- over the whole column, not just the seeds run here
  tau above the predictive ceiling in 7/24 (p, gamma) cells -- empty by the noise floor, flagged per row
    p=0.25@g=0.99  p=0.1@g=0.95  p=0.1@g=0.99  p=0.01@g=0.8  p=0.01@g=0.9  p=0.01@g=0.95  p=0.01@g=0.99
  checkpoint p6-levy-d8-s0.1.ckpt.jsonl: 0 campaigns already done

  [ 0] doe      regret=0.0313 gated=True (2.7s)
  [ 0] qlogei   regret=0.0430 gated=True (10.9s)
  [ 0] qlognei  regret=0.0793 gated=False (16.7s)
  [ 0] lhs      regret=0.1265 gated=False (2.3s)
  [ 0] sobol    regret=0.0937 gated=False (2.4s)
  [ 0] random   regret=0.1047 gated=False (2.7s)
  [ 0] versionb regret=0.1303 gated=False (3.1s)
  [ 0] versionb_random regret=0.1303 gated=False (2.6s)
  [ 0] versionb_predictive regret=0.1303 gated=False (3.1s)
  [ 0] plate1_only regret=0.1265 gated=False (2.4s)
  [ 1] doe      regret=0.0329 gated=True (2.4s)
  [ 1] qlogei   regret=0.0836 gated=True (13.5s)
  [ 1] qlognei  regret=0.0966 gated=False (12.1s)
  [ 1] lhs      regret=0.0504 gated=False (2.2s)
  [ 1] sobol    regret=0.0789 gated=False (2.5s)
  [ 1] random   regret=0.0603 gated=False (2.8s)
  [ 1] versionb regret=0.1303 gated=False (3.2s)
  [ 1] versionb_random regret=0.1303 gated=False (2.7s)
  [ 1] versionb_predictive regret=0.1303 gated=False (3.3s)
  [ 1] plate1_only regret=0.0504 gated=False (2.4s)
  [ 2] doe      regret=0.0329 gated=True (2.6s)
  [ 2] qlogei   regret=0.0686 gated=True (11.2s)
  [ 2] qlognei  regret=0.0765 gated=False (17.7s)
  [ 2] lhs      regret=0.1308 gated=False (2.4s)
  [ 2] sobol    regret=0.1168 gated=False (2.5s)
  [ 2] random   regret=0.0211 gated=False (2.6s)
  [ 2] versionb regret=0.0858 gated=False (3.4s)
  [ 2] versionb_random regret=0.0858 gated=False (3.0s)
  [ 2] versionb_predictive regret=0.0858 gated=False (3.5s)
  [ 2] plate1_only regret=0.1308 gated=False (2.3s)
  [ 3] doe      regret=0.0039 gated=True (2.4s)
  [ 3] qlogei   regret=0.0209 gated=True (9.0s)
  [ 3] qlognei  regret=0.0934 gated=False (13.3s)
  [ 3] lhs      regret=0.0828 gated=False (2.3s)
  [ 3] sobol    regret=0.0756 gated=False (2.8s)
  [ 3] random   regret=0.1068 gated=False (2.6s)
  [ 3] versionb regret=0.1845 gated=False (3.7s)
  [ 3] versionb_random regret=0.1845 gated=False (3.1s)
  [ 3] versionb_predictive regret=0.1845 gated=False (3.5s)
  [ 3] plate1_only regret=0.0828 gated=False (2.3s)
  [ 4] doe      regret=0.0039 gated=True (2.5s)
  [ 4] qlogei   regret=0.1117 gated=True (16.3s)
  [ 4] qlognei  regret=0.0291 gated=False (11.2s)
  [ 4] lhs      regret=0.1247 gated=False (2.3s)
  [ 4] sobol    regret=0.1711 gated=False (2.8s)
  [ 4] random   regret=0.1242 gated=False (2.5s)
  [ 4] versionb regret=0.1418 gated=False (2.7s)
  [ 4] versionb_random regret=0.0788 gated=False (2.3s)
  [ 4] versionb_predictive regret=0.1418 gated=False (2.7s)
  [ 4] plate1_only regret=0.1247 gated=False (2.4s)
  [ 5] doe      regret=0.0313 gated=True (2.4s)
  [ 5] qlogei   regret=0.0613 gated=True (11.2s)
  [ 5] qlognei  regret=0.0452 gated=False (24.2s)
  [ 5] lhs      regret=0.0287 gated=False (2.4s)
  [ 5] sobol    regret=0.1587 gated=False (2.2s)
  [ 5] random   regret=0.1587 gated=False (2.1s)
  [ 5] versionb regret=0.1438 gated=False (2.7s)
  [ 5] versionb_random regret=0.1438 gated=False (2.3s)
  [ 5] versionb_predictive regret=0.1438 gated=False (2.7s)
  [ 5] plate1_only regret=0.0287 gated=False (2.5s)
  [ 6] doe      regret=0.0039 gated=True (2.5s)
  [ 6] qlogei   regret=0.1130 gated=True (9.3s)
  [ 6] qlognei  regret=0.0711 gated=False (10.4s)
  [ 6] lhs      regret=0.0847 gated=False (2.6s)
  [ 6] sobol    regret=0.1153 gated=False (2.5s)
  [ 6] random   regret=0.0214 gated=False (2.8s)
  [ 6] versionb regret=0.0723 gated=False (3.3s)
  [ 6] versionb_random regret=0.0723 gated=False (2.6s)
  [ 6] versionb_predictive regret=0.0723 gated=False (3.5s)
  [ 6] plate1_only regret=0.0847 gated=False (2.6s)
  [ 7] doe      regret=0.0313 gated=True (2.3s)
  [ 7] qlogei   regret=0.0611 gated=True (13.1s)
  [ 7] qlognei  regret=0.0495 gated=False (19.4s)
  [ 7] lhs      regret=0.0916 gated=False (2.2s)
  [ 7] sobol    regret=0.0628 gated=False (2.0s)
  [ 7] random   regret=0.1137 gated=False (1.9s)
  [ 7] versionb regret=0.1730 gated=False (2.8s)
  [ 7] versionb_random regret=0.1730 gated=False (2.4s)
  [ 7] versionb_predictive regret=0.1730 gated=False (2.8s)
  [ 7] plate1_only regret=0.0916 gated=False (2.3s)
  [ 8] doe      regret=0.0290 gated=True (2.4s)
  [ 8] qlogei   regret=0.0960 gated=True (9.6s)
  [ 8] qlognei  regret=0.0863 gated=False (12.6s)
  [ 8] lhs      regret=0.1079 gated=False (2.3s)
  [ 8] sobol    regret=0.0737 gated=False (2.7s)
  [ 8] random   regret=0.1391 gated=False (2.4s)
  [ 8] versionb regret=0.0701 gated=False (3.0s)
  [ 8] versionb_random regret=0.0701 gated=False (2.7s)
  [ 8] versionb_predictive regret=0.0701 gated=False (3.3s)
  [ 8] plate1_only regret=0.1079 gated=False (2.3s)
  [ 9] doe      regret=0.0290 gated=True (2.3s)
  [ 9] qlogei   regret=0.1539 gated=True (19.4s)
  [ 9] qlognei  regret=0.1539 gated=False (26.5s)
  [ 9] lhs      regret=0.1455 gated=False (2.8s)
  [ 9] sobol    regret=0.1281 gated=False (2.8s)
  [ 9] random   regret=0.1539 gated=False (2.2s)
  [ 9] versionb regret=0.1074 gated=False (2.9s)
  [ 9] versionb_random regret=0.1074 gated=False (2.3s)
  [ 9] versionb_predictive regret=0.1074 gated=False (2.9s)
  [ 9] plate1_only regret=0.1455 gated=False (2.7s)
  [10] doe      regret=0.0039 gated=True (2.1s)
  [10] qlogei   regret=0.0523 gated=True (9.0s)
  [10] qlognei  regret=0.0688 gated=False (13.4s)
  [10] lhs      regret=0.1150 gated=False (2.3s)
  [10] sobol    regret=0.0601 gated=False (2.2s)
  [10] random   regret=0.1064 gated=False (2.1s)
  [10] versionb regret=0.1589 gated=False (2.4s)
  [10] versionb_random regret=0.1536 gated=False (2.1s)
  [10] versionb_predictive regret=0.1536 gated=False (2.5s)
  [10] plate1_only regret=0.1150 gated=False (2.2s)
  [11] doe      regret=0.0039 gated=True (2.2s)
  [11] qlogei   regret=0.0611 gated=True (11.2s)
  [11] qlognei  regret=0.0946 gated=False (12.7s)
  [11] lhs      regret=0.0505 gated=False (2.0s)
  [11] sobol    regret=0.0754 gated=False (2.4s)
  [11] random   regret=0.1294 gated=False (2.2s)
  [11] versionb regret=0.0790 gated=False (2.7s)
  [11] versionb_random regret=0.0790 gated=False (2.3s)
  [11] versionb_predictive regret=0.0790 gated=False (2.6s)
  [11] plate1_only regret=0.0505 gated=False (2.1s)
  [12] doe      regret=0.0290 gated=True (2.3s)
  [12] qlogei   regret=0.0140 gated=True (10.1s)
  [12] qlognei  regret=0.0353 gated=False (9.8s)
  [12] lhs      regret=0.1412 gated=False (2.1s)
  [12] sobol    regret=0.1281 gated=False (2.3s)
  [12] random   regret=0.1477 gated=False (2.2s)
  [12] versionb regret=0.0953 gated=False (2.5s)
  [12] versionb_random regret=0.0953 gated=False (2.4s)
  [12] versionb_predictive regret=0.0953 gated=False (2.6s)
  [12] plate1_only regret=0.1412 gated=False (2.2s)
  [13] doe      regret=0.0039 gated=True (2.2s)
  [13] qlogei   regret=0.1024 gated=True (15.1s)
  [13] qlognei  regret=0.0662 gated=False (14.3s)
  [13] lhs      regret=0.0557 gated=False (2.8s)
  [13] sobol    regret=0.0756 gated=False (2.2s)
  [13] random   regret=0.1121 gated=False (2.3s)
  [13] versionb regret=0.1297 gated=False (2.9s)
  [13] versionb_random regret=0.1297 gated=False (2.6s)
  [13] versionb_predictive regret=0.1297 gated=False (3.0s)
  [13] plate1_only regret=0.0557 gated=False (2.8s)
  [14] doe      regret=0.0313 gated=True (2.1s)
  [14] qlogei   regret=0.1274 gated=True (9.4s)
  [14] qlognei  regret=0.1274 gated=False (11.4s)
  [14] lhs      regret=0.1651 gated=False (2.7s)
  [14] sobol    regret=0.1274 gated=False (2.8s)
  [14] random   regret=0.1274 gated=False (2.7s)
  [14] versionb regret=0.1103 gated=False (2.7s)
  [14] versionb_random regret=0.1103 gated=False (2.5s)
  [14] versionb_predictive regret=0.1103 gated=False (2.7s)
  [14] plate1_only regret=0.1651 gated=False (2.7s)
  [15] doe      regret=0.0039 gated=True (2.5s)
  [15] qlogei   regret=0.0811 gated=True (12.3s)
  [15] qlognei  regret=0.0485 gated=False (13.5s)
  [15] lhs      regret=0.1315 gated=False (2.4s)
  [15] sobol    regret=0.0850 gated=False (2.7s)
  [15] random   regret=0.0586 gated=False (2.3s)
  [15] versionb regret=0.1280 gated=False (3.1s)
  [15] versionb_random regret=0.1280 gated=False (2.9s)
  [15] versionb_predictive regret=0.1280 gated=False (2.9s)
  [15] plate1_only regret=0.1315 gated=False (2.3s)
  [16] doe      regret=0.0313 gated=True (2.4s)
  [16] qlogei   regret=0.0535 gated=True (10.0s)
  [16] qlognei  regret=0.0998 gated=False (10.4s)
  [16] lhs      regret=0.1142 gated=False (2.2s)
  [16] sobol    regret=0.1395 gated=False (2.3s)
  [16] random   regret=0.0195 gated=False (2.9s)
  [16] versionb regret=0.1224 gated=False (2.9s)
  [16] versionb_random regret=0.1222 gated=False (2.4s)
  [16] versionb_predictive regret=0.1616 gated=False (3.0s)
  [16] plate1_only regret=0.1142 gated=False (2.2s)
  [17] doe      regret=0.0039 gated=True (2.2s)
  [17] qlogei   regret=0.0886 gated=True (11.3s)
  [17] qlognei  regret=0.0886 gated=False (16.8s)
  [17] lhs      regret=0.1062 gated=False (2.4s)
  [17] sobol    regret=0.0886 gated=False (2.2s)
  [17] random   regret=0.0886 gated=False (2.2s)
  [17] versionb regret=0.1662 gated=False (2.7s)
  [17] versionb_random regret=0.0779 gated=False (2.2s)
  [17] versionb_predictive regret=0.1662 gated=False (2.7s)
  [17] plate1_only regret=0.1062 gated=False (2.4s)
  [18] doe      regret=0.1064 gated=True (2.2s)
  [18] qlogei   regret=0.0820 gated=True (15.6s)
  [18] qlognei  regret=0.1101 gated=False (12.9s)
  [18] lhs      regret=0.0666 gated=False (2.4s)
  [18] sobol    regret=0.0858 gated=False (2.4s)
  [18] random   regret=0.0858 gated=False (2.6s)
  [18] versionb regret=0.1133 gated=False (2.9s)
  [18] versionb_random regret=0.1133 gated=False (2.1s)
  [18] versionb_predictive regret=0.1133 gated=False (3.0s)
  [18] plate1_only regret=0.0666 gated=False (2.4s)
  [19] doe      regret=0.0039 gated=True (2.3s)
  [19] qlogei   regret=0.1457 gated=True (10.3s)
  [19] qlognei  regret=0.0291 gated=False (9.6s)
  [19] lhs      regret=0.0789 gated=False (2.3s)
  [19] sobol    regret=0.0340 gated=False (2.3s)
  [19] random   regret=0.1457 gated=False (2.2s)
  [19] versionb regret=0.1151 gated=False (2.8s)
  [19] versionb_random regret=0.1400 gated=False (2.4s)
  [19] versionb_predictive regret=0.1151 gated=False (3.3s)
  [19] plate1_only regret=0.0789 gated=False (2.3s)
  [20] doe      regret=0.0313 gated=True (2.2s)
  [20] qlogei   regret=0.0407 gated=True (11.4s)
  [20] qlognei  regret=0.0578 gated=False (14.0s)
  [20] lhs      regret=0.1266 gated=False (2.1s)
  [20] sobol    regret=0.0928 gated=False (2.3s)
  [20] random   regret=0.1853 gated=False (2.0s)
  [20] versionb regret=0.1665 gated=False (2.3s)
  [20] versionb_random regret=0.1665 gated=False (2.1s)
  [20] versionb_predictive regret=0.1665 gated=False (2.3s)
  [20] plate1_only regret=0.1266 gated=False (2.3s)
  [21] doe      regret=0.0039 gated=True (2.4s)
  [21] qlogei   regret=0.0930 gated=True (14.1s)
  [21] qlognei  regret=0.0508 gated=False (15.6s)
  [21] lhs      regret=0.0947 gated=False (2.6s)
  [21] sobol    regret=0.0930 gated=False (2.3s)
  [21] random   regret=0.0607 gated=False (2.6s)
  [21] versionb regret=0.0858 gated=False (3.4s)
  [21] versionb_random regret=0.0858 gated=False (3.0s)
  [21] versionb_predictive regret=0.0858 gated=False (3.3s)
  [21] plate1_only regret=0.0947 gated=False (2.6s)
  [22] doe      regret=0.0290 gated=True (2.7s)
  [22] qlogei   regret=0.0533 gated=True (14.2s)
  [22] qlognei  regret=0.0803 gated=False (20.3s)
  [22] lhs      regret=0.0643 gated=False (3.3s)
  [22] sobol    regret=0.0799 gated=False (2.3s)
  [22] random   regret=0.0799 gated=False (2.1s)
  [22] versionb regret=0.0639 gated=False (3.1s)
  [22] versionb_random regret=0.0639 gated=False (3.0s)
  [22] versionb_predictive regret=0.0639 gated=False (3.4s)
  [22] plate1_only regret=0.0643 gated=False (3.3s)
  [23] doe      regret=0.0039 gated=True (2.7s)
  [23] qlogei   regret=0.0515 gated=True (21.8s)
  [23] qlognei  regret=0.1059 gated=False (22.5s)
  [23] lhs      regret=0.1054 gated=False (2.5s)
  [23] sobol    regret=0.2063 gated=False (2.3s)
  [23] random   regret=0.0453 gated=False (2.5s)
  [23] versionb regret=0.1516 gated=False (2.5s)
  [23] versionb_random regret=0.1516 gated=False (2.2s)
  [23] versionb_predictive regret=0.1516 gated=False (2.5s)
  [23] plate1_only regret=0.1054 gated=False (2.3s)
  [24] doe      regret=0.0313 gated=True (1.9s)
  [24] qlogei   regret=0.1082 gated=True (11.1s)
  [24] qlognei  regret=0.0951 gated=False (15.8s)
  [24] lhs      regret=0.0867 gated=False (1.6s)
  [24] sobol    regret=0.1528 gated=False (1.5s)
  [24] random   regret=0.0555 gated=False (2.0s)
  [24] versionb regret=0.1353 gated=False (2.1s)
  [24] versionb_random regret=0.1353 gated=False (1.7s)
  [24] versionb_predictive regret=0.1353 gated=False (2.0s)
  [24] plate1_only regret=0.0867 gated=False (1.6s)

250 campaigns in p6-levy-d8-s0.1.ckpt.jsonl · 1209s · gate failures: 0
  results/p6-families.json is NOT written here. Run --merge when cells finish.
