P6 · rosenbrock d=6 sigma=0.1 · arms=('doe', 'qlogei', 'qlognei', 'lhs', 'sobol', 'random', 'versionb', 'versionb_random', 'versionb_predictive', 'plate1_only')
  tau from results/p5-tau-quantile.json: p=0.75->0.76533  p=0.25->0.91322  p=0.1->0.95171  p=0.01->0.98631
  gamma=(0.5, 0.7, 0.8, 0.9, 0.95, 0.99) (certification level ONLY; tau_q does not move with gamma)
  grid: 20000 Sobol at seed 0 · threads=1 · OMP=1
  ranking scalar: total_error_vol_pred (symmetric difference; NOT type I alone)
  UNGATABLE qlognei: q59-hartmann-no-screen.json is the only committed qlognei family column and it is hartmann6 at d=6 only; rosenbrock d=6 has no comparator and none is coming, so this arm is UNGATABLE at this cell.
  UNGATABLE lhs: no committed family column exists for 'lhs' on any family -- lhs/sobol/random are ungatable off hill (COVERAGE-MATRIX B4). Reproducibility is the RNG's: one static_design call and one evaluate call, both seeded.
  UNGATABLE sobol: no committed family column exists for 'sobol' on any family -- lhs/sobol/random are ungatable off hill (COVERAGE-MATRIX B4). Reproducibility is the RNG's: one static_design call and one evaluate call, both seeded.
  UNGATABLE random: no committed family column exists for 'random' on any family -- lhs/sobol/random are ungatable off hill (COVERAGE-MATRIX B4). Reproducibility is the RNG's: one static_design call and one evaluate call, both seeded.
  UNGATABLE versionb: 'versionb' has no committed family column and none can exist -- SPADE was never run off hill, so there is nothing to reproduce. UNGATED. Its only guarantee is SEED DETERMINISM: the same seed rebuilds the same two plates through the same imported run_versionb._two_plate. Every table carrying this arm says so.
  UNGATABLE versionb_random: 'versionb_random' has no committed family column and none can exist -- SPADE was never run off hill, so there is nothing to reproduce. UNGATED. Its only guarantee is SEED DETERMINISM: the same seed rebuilds the same two plates through the same imported run_versionb._two_plate. Every table carrying this arm says so.
  UNGATABLE versionb_predictive: 'versionb_predictive' has no committed family column and none can exist -- SPADE was never run off hill, so there is nothing to reproduce. UNGATED. Its only guarantee is SEED DETERMINISM: the same seed rebuilds the same two plates through the same imported run_versionb._two_plate. Every table carrying this arm says so.
  UNGATABLE plate1_only: plate1_only's comparator is k6-designspace-spread.json lhs, which is HILL-ONLY, so off hill it is UNGATED like the rest. Its only guarantee is SEED DETERMINISM. It is `lhs` at 48 wells (D23.1) and carries never_rank_separately so it is never counted as a second arm in any ranking.
  doe gate distinguishes the pre-D20 column on 17/25 committed seeds -- over the whole column, not just the seeds run here
  tau above the predictive ceiling in 13/24 (p, gamma) cells -- empty by the noise floor, flagged per row
    p=0.25@g=0.9  p=0.25@g=0.95  p=0.25@g=0.99  p=0.1@g=0.7  p=0.1@g=0.8  p=0.1@g=0.9  p=0.1@g=0.95  p=0.1@g=0.99  p=0.01@g=0.7  p=0.01@g=0.8  p=0.01@g=0.9  p=0.01@g=0.95  p=0.01@g=0.99
  checkpoint p6-rosenbrock-d6-s0.1.ckpt.jsonl: 0 campaigns already done

  [ 0] doe      regret=0.0228 gated=True (2.8s)
  [ 0] qlogei   regret=0.0167 gated=True (7.7s)
  [ 0] qlognei  regret=0.0139 gated=False (12.6s)
  [ 0] lhs      regret=0.0135 gated=False (2.0s)
  [ 0] sobol    regret=0.0877 gated=False (2.0s)
  [ 0] random   regret=0.0576 gated=False (3.0s)
  [ 0] versionb regret=0.0050 gated=False (3.2s)
  [ 0] versionb_random regret=0.0050 gated=False (2.1s)
  [ 0] versionb_predictive regret=0.0050 gated=False (3.0s)
  [ 0] plate1_only regret=0.0135 gated=False (2.1s)
  [ 1] doe      regret=0.0225 gated=True (2.0s)
  [ 1] qlogei   regret=0.0422 gated=True (8.4s)
  [ 1] qlognei  regret=0.0647 gated=False (9.0s)
  [ 1] lhs      regret=0.0433 gated=False (1.8s)
  [ 1] sobol    regret=0.0196 gated=False (2.0s)
  [ 1] random   regret=0.0333 gated=False (1.9s)
  [ 1] versionb regret=0.0620 gated=False (2.2s)
  [ 1] versionb_random regret=0.0620 gated=False (2.1s)
  [ 1] versionb_predictive regret=0.0620 gated=False (2.7s)
  [ 1] plate1_only regret=0.0433 gated=False (1.8s)
  [ 2] doe      regret=0.0156 gated=True (2.4s)
  [ 2] qlogei   regret=0.0904 gated=True (9.5s)
  [ 2] qlognei  regret=0.0181 gated=False (8.9s)
  [ 2] lhs      regret=0.0611 gated=False (2.2s)
  [ 2] sobol    regret=0.0356 gated=False (2.3s)
  [ 2] random   regret=0.0161 gated=False (1.9s)
  [ 2] versionb regret=0.0290 gated=False (2.3s)
  [ 2] versionb_random regret=0.0290 gated=False (1.8s)
  [ 2] versionb_predictive regret=0.0290 gated=False (2.7s)
  [ 2] plate1_only regret=0.0611 gated=False (2.3s)
  [ 3] doe      regret=0.0003 gated=True (2.4s)
  [ 3] qlogei   regret=0.0630 gated=True (11.6s)
  [ 3] qlognei  regret=0.0630 gated=False (23.9s)
  [ 3] lhs      regret=0.1481 gated=False (2.5s)
  [ 3] sobol    regret=0.0630 gated=False (2.5s)
  [ 3] random   regret=0.0630 gated=False (2.6s)
  [ 3] versionb regret=0.0466 gated=False (3.5s)
  [ 3] versionb_random regret=0.0466 gated=False (2.9s)
  [ 3] versionb_predictive regret=0.0466 gated=False (3.3s)
  [ 3] plate1_only regret=0.1481 gated=False (2.5s)
  [ 4] doe      regret=0.0153 gated=True (2.3s)
  [ 4] qlogei   regret=0.0441 gated=True (14.1s)
  [ 4] qlognei  regret=0.0822 gated=False (11.3s)
  [ 4] lhs      regret=0.0432 gated=False (2.0s)
  [ 4] sobol    regret=0.0822 gated=False (2.2s)
  [ 4] random   regret=0.0822 gated=False (1.9s)
  [ 4] versionb regret=0.0695 gated=False (2.7s)
  [ 4] versionb_random regret=0.0695 gated=False (1.9s)
  [ 4] versionb_predictive regret=0.0695 gated=False (2.5s)
  [ 4] plate1_only regret=0.0432 gated=False (2.4s)
  [ 5] doe      regret=0.0156 gated=True (2.1s)
  [ 5] qlogei   regret=0.0343 gated=True (9.2s)
  [ 5] qlognei  regret=0.1246 gated=False (8.8s)
  [ 5] lhs      regret=0.1083 gated=False (2.3s)
  [ 5] sobol    regret=0.0217 gated=False (2.3s)
  [ 5] random   regret=0.0590 gated=False (1.9s)
  [ 5] versionb regret=0.0630 gated=False (2.6s)
  [ 5] versionb_random regret=0.0630 gated=False (2.1s)
  [ 5] versionb_predictive regret=0.0630 gated=False (2.5s)
  [ 5] plate1_only regret=0.1083 gated=False (2.0s)
  [ 6] doe      regret=0.0003 gated=True (2.1s)
  [ 6] qlogei   regret=0.0196 gated=True (10.2s)
  [ 6] qlognei  regret=0.0545 gated=False (11.1s)
  [ 6] lhs      regret=0.0677 gated=False (2.2s)
  [ 6] sobol    regret=0.0403 gated=False (1.9s)
  [ 6] random   regret=0.0367 gated=False (2.0s)
  [ 6] versionb regret=0.0694 gated=False (2.8s)
  [ 6] versionb_random regret=0.0694 gated=False (2.3s)
  [ 6] versionb_predictive regret=0.0694 gated=False (2.4s)
  [ 6] plate1_only regret=0.0677 gated=False (2.0s)
  [ 7] doe      regret=0.0156 gated=True (1.7s)
  [ 7] qlogei   regret=0.0451 gated=True (8.6s)
  [ 7] qlognei  regret=0.1142 gated=False (8.3s)
  [ 7] lhs      regret=0.0119 gated=False (1.7s)
  [ 7] sobol    regret=0.0846 gated=False (1.6s)
  [ 7] random   regret=0.0489 gated=False (2.4s)
  [ 7] versionb regret=0.0035 gated=False (2.9s)
  [ 7] versionb_random regret=0.0035 gated=False (2.0s)
  [ 7] versionb_predictive regret=0.0035 gated=False (2.5s)
  [ 7] plate1_only regret=0.0119 gated=False (1.8s)
  [ 8] doe      regret=0.0153 gated=True (2.2s)
  [ 8] qlogei   regret=0.0070 gated=True (8.8s)
  [ 8] qlognei  regret=0.0793 gated=False (14.2s)
  [ 8] lhs      regret=0.0458 gated=False (1.8s)
  [ 8] sobol    regret=0.0251 gated=False (1.9s)
  [ 8] random   regret=0.0385 gated=False (2.4s)
  [ 8] versionb regret=0.0381 gated=False (3.4s)
  [ 8] versionb_random regret=0.0642 gated=False (2.4s)
  [ 8] versionb_predictive regret=0.0381 gated=False (2.7s)
  [ 8] plate1_only regret=0.0458 gated=False (1.8s)
  [ 9] doe      regret=0.0153 gated=True (2.0s)
  [ 9] qlogei   regret=0.0686 gated=True (7.1s)
  [ 9] qlognei  regret=0.0059 gated=False (10.1s)
  [ 9] lhs      regret=0.0622 gated=False (2.9s)
  [ 9] sobol    regret=0.0686 gated=False (2.7s)
  [ 9] random   regret=0.0686 gated=False (2.1s)
  [ 9] versionb regret=0.0562 gated=False (2.7s)
  [ 9] versionb_random regret=0.0562 gated=False (2.4s)
  [ 9] versionb_predictive regret=0.0562 gated=False (2.6s)
  [ 9] plate1_only regret=0.0622 gated=False (1.9s)
  [10] doe      regret=0.0077 gated=True (1.7s)
  [10] qlogei   regret=0.0238 gated=True (7.9s)
  [10] qlognei  regret=0.0375 gated=False (8.2s)
  [10] lhs      regret=0.0464 gated=False (1.7s)
  [10] sobol    regret=0.0172 gated=False (1.8s)
  [10] random   regret=0.0489 gated=False (1.6s)
  [10] versionb regret=0.0342 gated=False (2.3s)
  [10] versionb_random regret=0.0644 gated=False (1.8s)
  [10] versionb_predictive regret=0.0342 gated=False (2.2s)
  [10] plate1_only regret=0.0464 gated=False (1.9s)
  [11] doe      regret=0.0003 gated=True (2.2s)
  [11] qlogei   regret=0.0372 gated=True (6.6s)
  [11] qlognei  regret=0.0134 gated=False (10.3s)
  [11] lhs      regret=0.0807 gated=False (1.8s)
  [11] sobol    regret=0.0717 gated=False (1.6s)
  [11] random   regret=0.0371 gated=False (1.6s)
  [11] versionb regret=0.0832 gated=False (2.6s)
  [11] versionb_random regret=0.0832 gated=False (2.0s)
  [11] versionb_predictive regret=0.0832 gated=False (2.4s)
  [11] plate1_only regret=0.0807 gated=False (2.0s)
  [12] doe      regret=0.0153 gated=True (1.9s)
  [12] qlogei   regret=0.0417 gated=True (9.1s)
  [12] qlognei  regret=0.0283 gated=False (9.0s)
  [12] lhs      regret=0.0728 gated=False (1.9s)
  [12] sobol    regret=0.0562 gated=False (2.1s)
  [12] random   regret=0.0562 gated=False (2.5s)
  [12] versionb regret=0.0355 gated=False (3.2s)
  [12] versionb_random regret=0.0355 gated=False (2.4s)
  [12] versionb_predictive regret=0.0355 gated=False (2.8s)
  [12] plate1_only regret=0.0728 gated=False (2.0s)
  [13] doe      regret=0.0003 gated=True (2.4s)
  [13] qlogei   regret=0.0737 gated=True (8.5s)
  [13] qlognei  regret=0.0737 gated=False (9.7s)
  [13] lhs      regret=0.0400 gated=False (1.9s)
  [13] sobol    regret=0.0737 gated=False (1.9s)
  [13] random   regret=0.0737 gated=False (2.2s)
  [13] versionb regret=0.0631 gated=False (2.4s)
  [13] versionb_random regret=0.0631 gated=False (1.9s)
  [13] versionb_predictive regret=0.0631 gated=False (2.5s)
  [13] plate1_only regret=0.0400 gated=False (1.8s)
  [14] doe      regret=0.0228 gated=True (1.8s)
  [14] qlogei   regret=0.0670 gated=True (10.5s)
  [14] qlognei  regret=0.0670 gated=False (11.1s)
  [14] lhs      regret=0.0600 gated=False (3.3s)
  [14] sobol    regret=0.0670 gated=False (2.2s)
  [14] random   regret=0.0670 gated=False (2.2s)
  [14] versionb regret=0.0306 gated=False (2.7s)
  [14] versionb_random regret=0.0306 gated=False (2.0s)
  [14] versionb_predictive regret=0.0306 gated=False (2.7s)
  [14] plate1_only regret=0.0600 gated=False (2.3s)
  [15] doe      regret=0.0003 gated=True (2.1s)
  [15] qlogei   regret=0.0846 gated=True (7.5s)
  [15] qlognei  regret=0.0330 gated=False (10.8s)
  [15] lhs      regret=0.0308 gated=False (1.9s)
  [15] sobol    regret=0.0495 gated=False (1.9s)
  [15] random   regret=0.0846 gated=False (2.1s)
  [15] versionb regret=0.0607 gated=False (2.5s)
  [15] versionb_random regret=0.0607 gated=False (3.0s)
  [15] versionb_predictive regret=0.0607 gated=False (3.3s)
  [15] plate1_only regret=0.0308 gated=False (2.2s)
  [16] doe      regret=0.0156 gated=True (2.0s)
  [16] qlogei   regret=0.0046 gated=True (8.1s)
  [16] qlognei  regret=0.0016 gated=False (7.8s)
  [16] lhs      regret=0.0703 gated=False (2.0s)
  [16] sobol    regret=0.0265 gated=False (1.9s)
  [16] random   regret=0.0265 gated=False (1.8s)
  [16] versionb regret=0.0197 gated=False (2.5s)
  [16] versionb_random regret=0.0197 gated=False (1.9s)
  [16] versionb_predictive regret=0.0197 gated=False (2.7s)
  [16] plate1_only regret=0.0703 gated=False (2.0s)
  [17] doe      regret=0.0003 gated=True (1.8s)
  [17] qlogei   regret=0.0435 gated=True (8.1s)
  [17] qlognei  regret=0.0435 gated=False (9.1s)
  [17] lhs      regret=0.1091 gated=False (1.7s)
  [17] sobol    regret=0.0435 gated=False (1.9s)
  [17] random   regret=0.0435 gated=False (1.8s)
  [17] versionb regret=0.0808 gated=False (2.6s)
  [17] versionb_random regret=0.0541 gated=False (2.3s)
  [17] versionb_predictive regret=0.0808 gated=False (2.8s)
  [17] plate1_only regret=0.1091 gated=False (2.7s)
  [18] doe      regret=0.0525 gated=True (2.0s)
  [18] qlogei   regret=0.0825 gated=True (10.7s)
  [18] qlognei  regret=0.0450 gated=False (12.9s)
  [18] lhs      regret=0.1153 gated=False (1.8s)
  [18] sobol    regret=0.0825 gated=False (1.9s)
  [18] random   regret=0.0825 gated=False (1.7s)
  [18] versionb regret=0.0598 gated=False (2.4s)
  [18] versionb_random regret=0.0598 gated=False (1.8s)
  [18] versionb_predictive regret=0.0598 gated=False (2.2s)
  [18] plate1_only regret=0.1153 gated=False (1.9s)
  [19] doe      regret=0.0228 gated=True (2.0s)
  [19] qlogei   regret=0.0248 gated=True (11.6s)
  [19] qlognei  regret=0.0739 gated=False (9.6s)
  [19] lhs      regret=0.0237 gated=False (2.2s)
  [19] sobol    regret=0.0544 gated=False (2.2s)
  [19] random   regret=0.0766 gated=False (1.9s)
  [19] versionb regret=0.1000 gated=False (2.0s)
  [19] versionb_random regret=0.0424 gated=False (1.8s)
  [19] versionb_predictive regret=0.1000 gated=False (2.0s)
  [19] plate1_only regret=0.0237 gated=False (2.0s)
  [20] doe      regret=0.0156 gated=True (1.9s)
  [20] qlogei   regret=0.0262 gated=True (7.8s)
  [20] qlognei  regret=0.0468 gated=False (10.7s)
  [20] lhs      regret=0.0712 gated=False (2.0s)
  [20] sobol    regret=0.1435 gated=False (1.8s)
  [20] random   regret=0.1181 gated=False (1.8s)
  [20] versionb regret=0.0314 gated=False (2.1s)
  [20] versionb_random regret=0.0314 gated=False (2.1s)
  [20] versionb_predictive regret=0.0314 gated=False (2.3s)
  [20] plate1_only regret=0.0712 gated=False (1.9s)
  [21] doe      regret=0.0003 gated=True (1.9s)
  [21] qlogei   regret=0.0064 gated=True (7.0s)
  [21] qlognei  regret=0.0065 gated=False (12.7s)
  [21] lhs      regret=0.0402 gated=False (1.8s)
  [21] sobol    regret=0.0171 gated=False (1.8s)
  [21] random   regret=0.0716 gated=False (1.7s)
  [21] versionb regret=0.0545 gated=False (2.2s)
  [21] versionb_random regret=0.0545 gated=False (2.0s)
  [21] versionb_predictive regret=0.0545 gated=False (2.7s)
  [21] plate1_only regret=0.0402 gated=False (2.0s)
  [22] doe      regret=0.0228 gated=True (2.2s)
  [22] qlogei   regret=0.0613 gated=True (7.9s)
  [22] qlognei  regret=0.0288 gated=False (11.7s)
  [22] lhs      regret=0.0300 gated=False (2.2s)
  [22] sobol    regret=0.0385 gated=False (2.0s)
  [22] random   regret=0.0438 gated=False (2.3s)
  [22] versionb regret=0.0729 gated=False (2.8s)
  [22] versionb_random regret=0.0729 gated=False (2.2s)
  [22] versionb_predictive regret=0.0729 gated=False (2.6s)
  [22] plate1_only regret=0.0300 gated=False (2.1s)
  [23] doe      regret=0.0003 gated=True (1.9s)
  [23] qlogei   regret=0.0377 gated=True (11.1s)
  [23] qlognei  regret=0.0543 gated=False (14.1s)
  [23] lhs      regret=0.0898 gated=False (1.7s)
  [23] sobol    regret=0.0372 gated=False (2.1s)
  [23] random   regret=0.0251 gated=False (2.4s)
  [23] versionb regret=0.0874 gated=False (2.5s)
  [23] versionb_random regret=0.0874 gated=False (3.1s)
  [23] versionb_predictive regret=0.0874 gated=False (3.7s)
  [23] plate1_only regret=0.0898 gated=False (2.4s)
  [24] doe      regret=0.0756 gated=True (2.1s)
  [24] qlogei   regret=0.0287 gated=True (11.0s)
  [24] qlognei  regret=0.0347 gated=False (10.0s)
  [24] lhs      regret=0.0630 gated=False (1.8s)
  [24] sobol    regret=0.0334 gated=False (1.8s)
  [24] random   regret=0.0396 gated=False (1.8s)
  [24] versionb regret=0.0285 gated=False (2.1s)
  [24] versionb_random regret=0.0285 gated=False (1.8s)
  [24] versionb_predictive regret=0.0285 gated=False (2.8s)
  [24] plate1_only regret=0.0630 gated=False (2.1s)

250 campaigns in p6-rosenbrock-d6-s0.1.ckpt.jsonl · 960s · gate failures: 0
  results/p6-families.json is NOT written here. Run --merge when cells finish.
