Q29 · additive-kernel BO · POST-HOC model development · HEAD=3e83fa2
d=6, budget 48, 25 instances x 2 seeds, arms: qlogei-add, qlogei-addonly

FIDELITY — the comparator this arm is measured against:
/Users/alanakwan/Personal Projects/nutrigene-ai-bo-ipsec/.venv/lib/python3.11/site-packages/botorch/optim/optimize.py:844: RuntimeWarning: Optimization failed in `gen_candidates_scipy` with the following warning(s):
[OptimizationWarning('Optimization failed within `scipy.optimize.minimize` with status 2 and message ABNORMAL: .')]
Trying again with a new set of initial conditions.
  return _optimize_acqf_batch(opt_inputs=opt_inputs)
/Users/alanakwan/Personal Projects/nutrigene-ai-bo-ipsec/.venv/lib/python3.11/site-packages/botorch/optim/optimize.py:844: RuntimeWarning: Optimization failed on the second try, after generating a new set of initial conditions.
  return _optimize_acqf_batch(opt_inputs=opt_inputs)
  stored qLogEI regenerates: 20 campaigns (5 instances), max |delta| = 0.000e+00

RUNNING:
/Users/alanakwan/Personal Projects/nutrigene-ai-bo-ipsec/.venv/lib/python3.11/site-packages/botorch/optim/optimize.py:844: RuntimeWarning: Optimization failed in `gen_candidates_scipy` with the following warning(s):
[NumericalWarning('A not p.d., added jitter of 1.0e-08 to the diagonal'), OptimizationWarning('Optimization failed within `scipy.optimize.minimize` with status 2 and message ABNORMAL: .')]
Trying again with a new set of initial conditions.
  return _optimize_acqf_batch(opt_inputs=opt_inputs)
/Users/alanakwan/Personal Projects/nutrigene-ai-bo-ipsec/.venv/lib/python3.11/site-packages/botorch/optim/optimize.py:844: RuntimeWarning: Optimization failed in `gen_candidates_scipy` with the following warning(s):
[OptimizationWarning('Optimization failed within `scipy.optimize.minimize` with status 2 and message ABNORMAL: .')]
Trying again with a new set of initial conditions.
  return _optimize_acqf_batch(opt_inputs=opt_inputs)
/Users/alanakwan/Personal Projects/nutrigene-ai-bo-ipsec/.venv/lib/python3.11/site-packages/botorch/optim/optimize.py:844: RuntimeWarning: Optimization failed in `gen_candidates_scipy` with the following warning(s):
[OptimizationWarning('Optimization failed within `scipy.optimize.minimize` with status 2 and message ABNORMAL: .'), OptimizationWarning('Optimization failed within `scipy.optimize.minimize` with status 2 and message ABNORMAL: .'), OptimizationWarning('Optimization failed within `scipy.optimize.minimize` with status 2 and message ABNORMAL: .')]
Trying again with a new set of initial conditions.
  return _optimize_acqf_batch(opt_inputs=opt_inputs)
/Users/alanakwan/Personal Projects/nutrigene-ai-bo-ipsec/.venv/lib/python3.11/site-packages/botorch/optim/optimize.py:844: RuntimeWarning: Optimization failed on the second try, after generating a new set of initial conditions.
  return _optimize_acqf_batch(opt_inputs=opt_inputs)
/Users/alanakwan/Personal Projects/nutrigene-ai-bo-ipsec/.venv/lib/python3.11/site-packages/botorch/optim/optimize.py:844: RuntimeWarning: Optimization failed in `gen_candidates_scipy` with the following warning(s):
[NumericalWarning('A not p.d., added jitter of 1.0e-08 to the diagonal'), OptimizationWarning('Optimization failed within `scipy.optimize.minimize` with status 2 and message ABNORMAL: .')]
Trying again with a new set of initial conditions.
  return _optimize_acqf_batch(opt_inputs=opt_inputs)
/Users/alanakwan/Personal Projects/nutrigene-ai-bo-ipsec/.venv/lib/python3.11/site-packages/botorch/optim/optimize.py:844: RuntimeWarning: Optimization failed on the second try, after generating a new set of initial conditions.
  return _optimize_acqf_batch(opt_inputs=opt_inputs)
  qlogei-add sigma=0.25 done (50 rows)
  qlogei-add sigma=0.1 done (100 rows)
  qlogei-addonly sigma=0.25 done (150 rows)
  qlogei-addonly sigma=0.1 done (200 rows)

====================================================================================
Q29 · d=6 · sigma_rel=0.25 · 25 instances x 2 seeds <-- E2 primary cell; no improvement predicted
====================================================================================
             arm  mean regret    median
      qlogei-add       0.1560    0.1652  <-- new
  qlogei-addonly       0.1544    0.1494  <-- new
          qlogei       0.1666    0.1641
             doe       0.0958    0.0934
         qlognei       0.1512    0.1474
             lhs       0.1270    0.1276
           sobol       0.1724    0.1713
          random       0.2216    0.2141
           coord       0.1420    0.1400

  paired on instance, new arm minus comparator (negative = new arm has LESS regret), n=25:
        qlogei-add vs   qlogei:  -0.0106  [ -0.0335,  +0.0144]  p=0.3810  <-- THE Q29 PRIMARY
        qlogei-add vs      doe:  +0.0602  [ +0.0377,  +0.0825]  p=0.0001  <-- vs current practice
        qlogei-add vs  qlognei:  +0.0048  [ -0.0176,  +0.0285]  p=0.7915
        qlogei-add vs      lhs:  +0.0290  [ +0.0092,  +0.0496]  p=0.0236
        qlogei-add vs    sobol:  -0.0164  [ -0.0410,  +0.0099]  p=0.2635
        qlogei-add vs   random:  -0.0656  [ -0.0923,  -0.0364]  p=0.0003
        qlogei-add vs    coord:  +0.0140  [ -0.0210,  +0.0503]  p=0.4908
    qlogei-addonly vs   qlogei:  -0.0123  [ -0.0324,  +0.0076]  p=0.2635
    qlogei-addonly vs      doe:  +0.0586  [ +0.0380,  +0.0779]  p=0.0000
    qlogei-addonly vs  qlognei:  +0.0032  [ -0.0148,  +0.0229]  p=0.9158
    qlogei-addonly vs      lhs:  +0.0274  [ +0.0030,  +0.0500]  p=0.0422
    qlogei-addonly vs    sobol:  -0.0180  [ -0.0426,  +0.0065]  p=0.1730
    qlogei-addonly vs   random:  -0.0673  [ -0.0884,  -0.0447]  p=0.0000
    qlogei-addonly vs    coord:  +0.0124  [ -0.0135,  +0.0398]  p=0.3388

====================================================================================
Q29 · d=6 · sigma_rel=0.1 · 25 instances x 2 seeds <-- where the mechanism predicts the effect
====================================================================================
             arm  mean regret    median
      qlogei-add       0.0835    0.0798  <-- new
  qlogei-addonly       0.0724    0.0733  <-- new
          qlogei       0.0850    0.0839
             doe       0.0892    0.0908
         qlognei       0.0824    0.0760
             lhs       0.1027    0.0973
           sobol       0.1210    0.1225
          random       0.1693    0.1724
           coord       0.0880    0.0815

  paired on instance, new arm minus comparator (negative = new arm has LESS regret), n=25:
        qlogei-add vs   qlogei:  -0.0015  [ -0.0197,  +0.0174]  p=0.7112  <-- THE Q29 PRIMARY
        qlogei-add vs      doe:  -0.0057  [ -0.0211,  +0.0107]  p=0.3957  <-- vs current practice
        qlogei-add vs  qlognei:  +0.0011  [ -0.0173,  +0.0178]  p=0.9158
        qlogei-add vs      lhs:  -0.0192  [ -0.0366,  -0.0033]  p=0.0710
        qlogei-add vs    sobol:  -0.0375  [ -0.0544,  -0.0221]  p=0.0001
        qlogei-add vs   random:  -0.0858  [ -0.1041,  -0.0675]  p=0.0000
        qlogei-add vs    coord:  -0.0045  [ -0.0216,  +0.0129]  p=0.6528
    qlogei-addonly vs   qlogei:  -0.0126  [ -0.0277,  +0.0025]  p=0.1266
    qlogei-addonly vs      doe:  -0.0168  [ -0.0297,  -0.0028]  p=0.0318
    qlogei-addonly vs  qlognei:  -0.0100  [ -0.0240,  +0.0030]  p=0.2304
    qlogei-addonly vs      lhs:  -0.0303  [ -0.0494,  -0.0131]  p=0.0038
    qlogei-addonly vs    sobol:  -0.0486  [ -0.0624,  -0.0354]  p=0.0000
    qlogei-addonly vs   random:  -0.0969  [ -0.1141,  -0.0801]  p=0.0000
    qlogei-addonly vs    coord:  -0.0156  [ -0.0285,  -0.0029]  p=0.0755

rows written to results/q29-additive.json
