
====================================================================================
Q29 · d=6 · sigma=0.25 · 25 instances x 2 seeds
====================================================================================
                                qLogEI         DoE    DoE - qLogEI                  95% CI   wilcoxon
   rule A  (best observed)      0.1641      0.0934         -0.0708      [-0.0878, -0.0528]     0.0000  DoE better
rule C  (each model's rec)      0.1207      0.4104         +0.2915      [+0.2630, +0.3223]     0.0000  BO better

  Positive difference = DoE carries more regret = BO is better.
  Rule A is the registered primary (Q20); rule C is Q29's declared secondary.

====================================================================================
Q29 · d=6 · sigma=0.1 · 25 instances x 2 seeds
====================================================================================
                                qLogEI         DoE    DoE - qLogEI                  95% CI   wilcoxon
   rule A  (best observed)      0.0839      0.0908         +0.0042      [-0.0065, +0.0150]     0.6915  null
rule C  (each model's rec)      0.0694      0.4358         +0.3598      [+0.3410, +0.3792]     0.0000  BO better

  Positive difference = DoE carries more regret = BO is better.
  Rule A is the registered primary (Q20); rule C is Q29's declared secondary.

====================================================================================
Q29 · d=8 · sigma=0.25 · 25 instances x 2 seeds
====================================================================================
                                qLogEI         DoE    DoE - qLogEI                  95% CI   wilcoxon
   rule A  (best observed)      0.1253      0.0960         -0.0321      [-0.0478, -0.0179]     0.0003  DoE better
rule C  (each model's rec)      0.1029      0.3724         +0.2689      [+0.2452, +0.2925]     0.0000  BO better

  Positive difference = DoE carries more regret = BO is better.
  Rule A is the registered primary (Q20); rule C is Q29's declared secondary.

====================================================================================
Q29 · d=8 · sigma=0.1 · 25 instances x 2 seeds
====================================================================================
                                qLogEI         DoE    DoE - qLogEI                  95% CI   wilcoxon
   rule A  (best observed)      0.0959      0.0927         +0.0015      [-0.0103, +0.0140]     0.9158  null
rule C  (each model's rec)      0.0838      0.3974         +0.3253      [+0.3059, +0.3452]     0.0000  BO better

  Positive difference = DoE carries more regret = BO is better.
  Rule A is the registered primary (Q20); rule C is Q29's declared secondary.

  FIDELITY vs results/e2-grid.json (qLogEI rule A): max |delta| 0.000e+00 over 200 rows

  written to results/q29-symmetric.json
