
======================================================================================
Q33 — EXTRAPOLATION GEOMETRY, published Hall/Ogle stage 2
24 usable of 25 conditions · coded space · search box [-2.0, +2.0]^4
one locator for both arms: constrained_argmax(n_restarts=20, raw_samples=4096, seed=0)
======================================================================================

[1] ARGMAX, per coordinate (coded)

                         c         civ       ln411          fn
  polynomial       -0.4491     -2.0000      0.6851     -2.0000
  GP               -0.8437      0.6638      0.9581      0.3333
  TheO              0.0028      1.4000      0.1250     -1.0000

[2] DISTANCE BEYOND +/-1, per coordinate

                         c         civ       ln411          fn       max     total
  polynomial        0.0000      1.0000      0.0000      1.0000    1.0000    2.0000
  GP                0.0000      0.0000      0.0000      0.0000    0.0000    0.0000
    polynomial: at the SEARCH-BOX wall in ['civ', 'fn']; on the design boundary in none
    GP: at the SEARCH-BOX wall in none; on the design boundary in none

[3] LEVERAGE h at each recommendation (polynomial design, p=15, n=24, residual df=9)

  polynomial   h =        9.188
  GP           h =        0.487
  TheO         h =        1.646
  (mean over the 24 design points) h =   0.625

[4] PREDICTION AND INTERVAL at each model's OWN recommendation

  polynomial at its argmax:    5.785  95% PI [0.970, 10.601]  half-width 4.815
  GP at its argmax:            1.967  95% latent [1.221, 2.713]  half-width 0.746
  observed best of the 24 usable conditions: 4.011 (run 13)

[5] DISTANCE BETWEEN THE TWO RECOMMENDATIONS

  euclidean 3.5735   per coordinate [0.3946, -2.6638, -0.273, -2.3333]

[6] AGAINST TheO, the published optimum

  polynomial - TheO: euclidean 3.6163   per coordinate [-0.4519, -3.4, 0.5601, -1.0]
  GP         - TheO: euclidean 1.9314   per coordinate [-0.8465, -0.7362, 0.8331, 1.3333]
  TheO itself is outside the design region by 0.4000 (Collagen IV, coded +1.40)

[7] THE POLYNOMIAL'S UNCONSTRAINED STATIONARY POINT

  kind: saddle   inside the design region: False
  x = [-0.6388, -0.0487, 0.0184, 5.7647]
  Hessian eigenvalues (ascending): [-1.8282, -0.9346, 0.0718, 0.9972]
  beyond +/-1 per coordinate: [0.0, 0.0, 0.0, 4.7647]

[8] LEAVE-ONE-OUT, per-fold refit — the check on the whole exercise

  model           LOO RMSE     LOO MAE
  polynomial        1.0720      0.8566
  GP                0.9355      0.6745
  sd of the 24 responses: 1.0138  (a model no better than this predicts nothing)
  -> GP fits these conditions better by RMSE. If the two are close, the recommendation
     comparison below means correspondingly less.

[9] THE REGISTERED PREDICTION

  polynomial's argmax outside the design region: True (max 1.0000)
  GP's argmax outside:                           False (max 0.0000)

  HELD in full — the polynomial extrapolated where the GP did not. The mechanism reproduces on real data.

======================================================================================
  Registered in Q33, gate included, before this ran. Reported as it came out.
======================================================================================
