
========================================================================================
Q37 · stage2 · N=24 candidates · K=5 targets · budget=8 (4 opening + 4 adaptive) · n=40 seeds
========================================================================================
  observed effect (random − BO)      -0.0250 evaluations
  MINIMUM DETECTABLE EFFECT          0.68 evaluations at 80% power, alpha=0.05
  => the experiment BOUNDS the effect below 0.68 evaluations.
     It does not show the effect is zero; it shows the design could not have
     seen anything smaller than that.

  the structural ceiling — a uniform draw from this menu:
    median evals to first top-5     3   (observed: BO 3.5, random 3.5)
    mean, censored at budget+1        3.978
    P(a top-5 is already in the 4-point opening) = 0.635
    P(never found in 8)              0.103
    21% of the menu is in the target set, and only 4 of 8 evaluations are adaptive.
    *** More than half the time the target is already in the SHARED opening,
        before either method has proposed anything. Those seeds carry no signal
        about the methods at all.

========================================================================================
Q37 · stage1 · N=23 candidates · K=5 targets · budget=8 (4 opening + 4 adaptive) · n=40 seeds
========================================================================================
  observed effect (random − BO)      +0.4500 evaluations
  MINIMUM DETECTABLE EFFECT          0.68 evaluations at 80% power, alpha=0.05
  => the experiment BOUNDS the effect below 0.68 evaluations.
     It does not show the effect is zero; it shows the design could not have
     seen anything smaller than that.

  the structural ceiling — a uniform draw from this menu:
    median evals to first top-5     3   (observed: BO 2.5, random 2.5)
    mean, censored at budget+1        3.851
    P(a top-5 is already in the 4-point opening) = 0.654
    P(never found in 8)              0.089
    22% of the menu is in the target set, and only 4 of 8 evaluations are adaptive.
    *** More than half the time the target is already in the SHARED opening,
        before either method has proposed anything. Those seeds carry no signal
        about the methods at all.

========================================================================================
HOW THIS SHOULD BE WRITTEN UP
========================================================================================
  stage2: "the head start is bounded below 0.7 evaluations at 80% power"  —  NOT "BO is no faster".
  stage1: "the head start is bounded below 0.7 evaluations at 80% power"  —  NOT "BO is no faster".

  And the structural reason belongs in the same breath: a fixed menu of
  23-25 conditions with a fifth of it in the target set, at a budget of 8 of
  which 4 are a shared opening, cannot separate any two methods. Confining BO
  to the published design's own conditions also removes the capability under
  test -- it cannot propose a condition the published study never ran.

  written to results/q37-replay-power.json
