
========================================================================================================
Q47 · d=6 · sigma_rel=0.25 · budget 48 expensive-equivalents · phi=0.333
========================================================================================================
  corr(expensive observation, truth) = 0.583  <-- ABOVE THIS THE CHEAP READOUT IS THE BETTER ASSAY
  rho to truth -> rho a lab can actually measure (vs the expensive readout):
     0.30->0.18   0.45->0.26   0.55->0.32   0.65->0.38   0.80->0.47   0.95->0.56

  RULE A  (reported best)
    single tier, 48 expensive          regret 0.1778        <- the thing to beat
    32 expensive only, nothing bought  regret 0.1763        <- under-budget control (32/48)

    cost ratio  3x   (48 cheap + 32 expensive = 48 expensive-equivalents)
      rho=0.30     screen 0.1836 (-0.0057 [-0.0305,+0.0193] null)   joint 0.1728 (+0.0051 [-0.0209,+0.0328] null)
      rho=0.45     screen 0.1604 (+0.0175 [-0.0065,+0.0426] null)   joint 0.1663 (+0.0116 [-0.0126,+0.0356] null)
      rho=0.55     screen 0.1730 (+0.0048 [-0.0174,+0.0283] null)   joint 0.1966 (-0.0188 [-0.0428,+0.0073] null)
      rho=0.65  *  screen 0.1712 (+0.0067 [-0.0155,+0.0323] null)   joint 0.1843 (-0.0065 [-0.0278,+0.0161] null)
      rho=0.80  *  screen 0.1739 (+0.0040 [-0.0204,+0.0267] null)   joint 0.1631 (+0.0147 [-0.0024,+0.0313] null)
      rho=0.95  *  screen 0.1583 (+0.0195 [-0.0016,+0.0405] null)   joint 0.1597 (+0.0181 [-0.0019,+0.0387] null)
        -> screen beats single tier from rho never in range
        -> joint beats single tier from rho never in range

    cost ratio  5x   (80 cheap + 32 expensive = 48 expensive-equivalents)
      rho=0.30     screen 0.1546 (+0.0232 [-0.0020,+0.0502] null)   joint 0.1678 (+0.0101 [-0.0123,+0.0340] null)
      rho=0.45     screen 0.1689 (+0.0090 [-0.0209,+0.0382] null)   joint 0.1703 (+0.0076 [-0.0162,+0.0323] null)
      rho=0.55     screen 0.1555 (+0.0223 [-0.0038,+0.0491] null)   joint 0.1569 (+0.0209 [-0.0037,+0.0459] null)
      rho=0.65  *  screen 0.1523 (+0.0255 [-0.0019,+0.0538] null)   joint 0.1497 (+0.0281 [-0.0047,+0.0624] null)
      rho=0.80  *  screen 0.1579 (+0.0200 [-0.0048,+0.0485] null)   joint 0.1483 (+0.0296 [+0.0013,+0.0588] better)
      rho=0.95  *  screen 0.1538 (+0.0240 [-0.0027,+0.0534] null)   joint 0.1468 (+0.0310 [+0.0033,+0.0621] better)
        -> screen beats single tier from rho never in range
        -> joint beats single tier from rho 0.65 - 0.80

    cost ratio 10x   (160 cheap + 32 expensive = 48 expensive-equivalents)
      rho=0.30     screen 0.1584 (+0.0195 [-0.0102,+0.0490] null)   joint 0.1617 (+0.0161 [-0.0116,+0.0429] null)
      rho=0.45     screen 0.1521 (+0.0258 [-0.0038,+0.0563] null)   joint 0.1561 (+0.0218 [-0.0105,+0.0576] null)
      rho=0.55     screen 0.1504 (+0.0274 [+0.0011,+0.0549] better)   joint 0.1663 (+0.0115 [-0.0171,+0.0404] null)
      rho=0.65  *  screen 0.1533 (+0.0245 [-0.0020,+0.0544] null)   joint 0.1626 (+0.0152 [-0.0116,+0.0449] null)
      rho=0.80  *  screen 0.1544 (+0.0234 [-0.0043,+0.0506] null)   joint 0.1283 (+0.0496 [+0.0214,+0.0786] better)
      rho=0.95  *  screen 0.1592 (+0.0187 [-0.0027,+0.0415] null)   joint 0.1142 (+0.0637 [+0.0467,+0.0808] better)
        -> screen beats single tier from rho 0.45 - 0.55
        -> joint beats single tier from rho 0.65 - 0.80

    cost ratio 20x   (320 cheap + 32 expensive = 48 expensive-equivalents)
      rho=0.30     screen 0.1504 (+0.0275 [+0.0014,+0.0578] better)   joint 0.1621 (+0.0158 [-0.0143,+0.0496] null)
      rho=0.45     screen 0.1434 (+0.0345 [+0.0070,+0.0633] better)   joint 0.1417 (+0.0361 [+0.0072,+0.0655] better)
      rho=0.55     screen 0.1246 (+0.0533 [+0.0226,+0.0855] better)   joint 0.1259 (+0.0520 [+0.0215,+0.0853] better)
      rho=0.65  *  screen 0.1401 (+0.0377 [+0.0088,+0.0677] better)   joint 0.1387 (+0.0391 [+0.0130,+0.0698] better)
      rho=0.80  *  screen 0.1140 (+0.0638 [+0.0360,+0.0908] better)   joint 0.1112 (+0.0666 [+0.0349,+0.0967] better)
      rho=0.95  *  screen 0.1288 (+0.0491 [+0.0271,+0.0717] better)   joint 0.1067 (+0.0711 [+0.0418,+0.1014] better)
        -> screen beats single tier from rho <= 0.30
        -> joint beats single tier from rho 0.30 - 0.45

  RULE C  (GP argmax)
    single tier, 48 expensive          regret 0.1300        <- the thing to beat
    32 expensive only, nothing bought  regret 0.1256        <- under-budget control (32/48)

    cost ratio  3x   (48 cheap + 32 expensive = 48 expensive-equivalents)
      rho=0.30     screen 0.1243 (+0.0057 [-0.0173,+0.0265] null)   joint 0.1422 (-0.0122 [-0.0376,+0.0106] null)
      rho=0.45     screen 0.1123 (+0.0178 [+0.0030,+0.0327] better)   joint 0.1187 (+0.0113 [-0.0038,+0.0270] null)
      rho=0.55     screen 0.1138 (+0.0162 [+0.0040,+0.0270] better)   joint 0.1170 (+0.0130 [-0.0003,+0.0267] null)
      rho=0.65  *  screen 0.1186 (+0.0114 [-0.0034,+0.0271] null)   joint 0.1123 (+0.0177 [+0.0028,+0.0328] better)
      rho=0.80  *  screen 0.1059 (+0.0242 [+0.0079,+0.0395] better)   joint 0.1135 (+0.0165 [+0.0020,+0.0311] better)
      rho=0.95  *  screen 0.1135 (+0.0165 [-0.0022,+0.0345] null)   joint 0.1024 (+0.0276 [+0.0113,+0.0427] better)
        -> screen beats single tier from rho 0.30 - 0.45
        -> joint beats single tier from rho 0.55 - 0.65

    cost ratio  5x   (80 cheap + 32 expensive = 48 expensive-equivalents)
      rho=0.30     screen 0.1148 (+0.0152 [-0.0032,+0.0326] null)   joint 0.1152 (+0.0148 [-0.0011,+0.0307] null)
      rho=0.45     screen 0.1086 (+0.0214 [+0.0022,+0.0392] better)   joint 0.1298 (+0.0002 [-0.0206,+0.0196] null)
      rho=0.55     screen 0.1044 (+0.0256 [+0.0110,+0.0405] better)   joint 0.1249 (+0.0051 [-0.0142,+0.0226] null)
      rho=0.65  *  screen 0.0963 (+0.0337 [+0.0181,+0.0498] better)   joint 0.1031 (+0.0269 [+0.0102,+0.0421] better)
      rho=0.80  *  screen 0.0927 (+0.0373 [+0.0226,+0.0528] better)   joint 0.1070 (+0.0230 [+0.0070,+0.0396] better)
      rho=0.95  *  screen 0.0899 (+0.0401 [+0.0193,+0.0598] better)   joint 0.0914 (+0.0386 [+0.0162,+0.0594] better)
        -> screen beats single tier from rho 0.30 - 0.45
        -> joint beats single tier from rho 0.55 - 0.65

    cost ratio 10x   (160 cheap + 32 expensive = 48 expensive-equivalents)
      rho=0.30     screen 0.1030 (+0.0271 [+0.0118,+0.0426] better)   joint 0.1347 (-0.0046 [-0.0240,+0.0148] null)
      rho=0.45     screen 0.0959 (+0.0341 [+0.0194,+0.0497] better)   joint 0.1188 (+0.0112 [-0.0067,+0.0313] null)
      rho=0.55     screen 0.0994 (+0.0307 [+0.0094,+0.0513] better)   joint 0.1163 (+0.0137 [-0.0050,+0.0303] null)
      rho=0.65  *  screen 0.0910 (+0.0390 [+0.0202,+0.0576] better)   joint 0.0926 (+0.0374 [+0.0205,+0.0542] better)
      rho=0.80  *  screen 0.0776 (+0.0524 [+0.0356,+0.0690] better)   joint 0.0922 (+0.0378 [+0.0185,+0.0568] better)
      rho=0.95  *  screen 0.0822 (+0.0478 [+0.0339,+0.0622] better)   joint 0.0844 (+0.0456 [+0.0294,+0.0622] better)
        -> screen beats single tier from rho <= 0.30
        -> joint beats single tier from rho 0.55 - 0.65

    cost ratio 20x   (320 cheap + 32 expensive = 48 expensive-equivalents)
      rho=0.30     screen 0.0999 (+0.0301 [+0.0063,+0.0548] better)   joint 0.1138 (+0.0162 [-0.0118,+0.0421] null)
      rho=0.45     screen 0.0896 (+0.0404 [+0.0251,+0.0563] better)   joint 0.1014 (+0.0286 [+0.0094,+0.0476] better)
      rho=0.55     screen 0.0899 (+0.0402 [+0.0179,+0.0618] better)   joint 0.0941 (+0.0359 [+0.0181,+0.0532] better)
      rho=0.65  *  screen 0.0893 (+0.0407 [+0.0196,+0.0621] better)   joint 0.0876 (+0.0424 [+0.0219,+0.0620] better)
      rho=0.80  *  screen 0.0735 (+0.0565 [+0.0384,+0.0759] better)   joint 0.0865 (+0.0435 [+0.0272,+0.0606] better)
      rho=0.95  *  screen 0.0680 (+0.0620 [+0.0451,+0.0799] better)   joint 0.0772 (+0.0528 [+0.0376,+0.0680] better)
        -> screen beats single tier from rho <= 0.30
        -> joint beats single tier from rho 0.30 - 0.45

  rule-C fit failures in this cell: 0 of 4800

========================================================================================================
Q47 · d=6 · sigma_rel=0.1 · budget 48 expensive-equivalents · phi=0.333
========================================================================================================
  corr(expensive observation, truth) = 0.872  <-- ABOVE THIS THE CHEAP READOUT IS THE BETTER ASSAY
  rho to truth -> rho a lab can actually measure (vs the expensive readout):
     0.30->0.26   0.45->0.39   0.55->0.48   0.65->0.57   0.80->0.70   0.95->0.83

  RULE A  (reported best)
    single tier, 48 expensive          regret 0.1380        <- the thing to beat
    32 expensive only, nothing bought  regret 0.1146        <- under-budget control (32/48)

    cost ratio  3x   (48 cheap + 32 expensive = 48 expensive-equivalents)
      rho=0.30     screen 0.1238 (+0.0142 [-0.0014,+0.0298] null)   joint 0.1335 (+0.0045 [-0.0155,+0.0238] null)
      rho=0.45     screen 0.1218 (+0.0162 [-0.0055,+0.0364] null)   joint 0.1197 (+0.0184 [-0.0005,+0.0366] null)
      rho=0.55     screen 0.1196 (+0.0184 [-0.0000,+0.0366] null)   joint 0.1211 (+0.0169 [-0.0001,+0.0341] null)
      rho=0.65     screen 0.1259 (+0.0121 [-0.0040,+0.0282] null)   joint 0.1175 (+0.0205 [+0.0078,+0.0334] better)
      rho=0.80     screen 0.1155 (+0.0225 [+0.0087,+0.0361] better)   joint 0.1148 (+0.0232 [+0.0069,+0.0394] better)
      rho=0.95  *  screen 0.1113 (+0.0267 [+0.0078,+0.0459] better)   joint 0.1113 (+0.0267 [+0.0078,+0.0459] better)
        -> screen beats single tier from rho 0.65 - 0.80
        -> joint beats single tier from rho 0.55 - 0.65

    cost ratio  5x   (80 cheap + 32 expensive = 48 expensive-equivalents)
      rho=0.30     screen 0.1170 (+0.0210 [+0.0007,+0.0426] better)   joint 0.1165 (+0.0216 [+0.0033,+0.0397] better)
      rho=0.45     screen 0.1135 (+0.0245 [+0.0060,+0.0431] better)   joint 0.1264 (+0.0116 [-0.0085,+0.0317] null)
      rho=0.55     screen 0.1124 (+0.0256 [+0.0053,+0.0467] better)   joint 0.1154 (+0.0227 [+0.0038,+0.0419] better)
      rho=0.65     screen 0.1082 (+0.0299 [+0.0115,+0.0477] better)   joint 0.1087 (+0.0293 [+0.0124,+0.0469] better)
      rho=0.80     screen 0.1035 (+0.0346 [+0.0183,+0.0510] better)   joint 0.0975 (+0.0405 [+0.0258,+0.0551] better)
      rho=0.95  *  screen 0.0944 (+0.0436 [+0.0284,+0.0591] better)   joint 0.0922 (+0.0459 [+0.0308,+0.0608] better)
        -> screen beats single tier from rho <= 0.30
        -> joint beats single tier from rho <= 0.30

    cost ratio 10x   (160 cheap + 32 expensive = 48 expensive-equivalents)
      rho=0.30     screen 0.1235 (+0.0145 [-0.0041,+0.0326] null)   joint 0.1228 (+0.0152 [-0.0035,+0.0344] null)
      rho=0.45     screen 0.1053 (+0.0328 [+0.0126,+0.0532] better)   joint 0.1130 (+0.0250 [+0.0050,+0.0452] better)
      rho=0.55     screen 0.1055 (+0.0325 [+0.0137,+0.0515] better)   joint 0.1035 (+0.0345 [+0.0172,+0.0512] better)
      rho=0.65     screen 0.1105 (+0.0275 [+0.0058,+0.0493] better)   joint 0.1059 (+0.0322 [+0.0159,+0.0485] better)
      rho=0.80     screen 0.0901 (+0.0480 [+0.0299,+0.0663] better)   joint 0.0921 (+0.0460 [+0.0273,+0.0650] better)
      rho=0.95  *  screen 0.0829 (+0.0552 [+0.0391,+0.0709] better)   joint 0.0834 (+0.0546 [+0.0396,+0.0703] better)
        -> screen beats single tier from rho 0.30 - 0.45
        -> joint beats single tier from rho 0.30 - 0.45

    cost ratio 20x   (320 cheap + 32 expensive = 48 expensive-equivalents)
      rho=0.30     screen 0.1078 (+0.0302 [+0.0097,+0.0511] better)   joint 0.1174 (+0.0207 [+0.0019,+0.0394] better)
      rho=0.45     screen 0.1032 (+0.0348 [+0.0134,+0.0571] better)   joint 0.0945 (+0.0436 [+0.0257,+0.0612] better)
      rho=0.55     screen 0.0977 (+0.0403 [+0.0205,+0.0611] better)   joint 0.0986 (+0.0394 [+0.0195,+0.0593] better)
      rho=0.65     screen 0.0992 (+0.0388 [+0.0196,+0.0589] better)   joint 0.0972 (+0.0408 [+0.0227,+0.0592] better)
      rho=0.80     screen 0.0910 (+0.0471 [+0.0302,+0.0647] better)   joint 0.0838 (+0.0542 [+0.0361,+0.0716] better)
      rho=0.95  *  screen 0.0892 (+0.0488 [+0.0304,+0.0678] better)   joint 0.0826 (+0.0555 [+0.0395,+0.0730] better)
        -> screen beats single tier from rho <= 0.30
        -> joint beats single tier from rho <= 0.30

  RULE C  (GP argmax)
    single tier, 48 expensive          regret 0.0887        <- the thing to beat
    32 expensive only, nothing bought  regret 0.0991        <- under-budget control (32/48)

    cost ratio  3x   (48 cheap + 32 expensive = 48 expensive-equivalents)
      rho=0.30     screen 0.0791 (+0.0096 [-0.0026,+0.0215] null)   joint 0.0993 (-0.0106 [-0.0301,+0.0074] null)
      rho=0.45     screen 0.0798 (+0.0089 [-0.0026,+0.0217] null)   joint 0.0803 (+0.0084 [-0.0017,+0.0185] null)
      rho=0.55     screen 0.0906 (-0.0018 [-0.0180,+0.0134] null)   joint 0.0819 (+0.0069 [-0.0063,+0.0205] null)
      rho=0.65     screen 0.0800 (+0.0088 [-0.0034,+0.0213] null)   joint 0.0834 (+0.0053 [-0.0048,+0.0162] null)
      rho=0.80     screen 0.0771 (+0.0117 [+0.0021,+0.0218] better)   joint 0.0871 (+0.0016 [-0.0106,+0.0155] null)
      rho=0.95  *  screen 0.0763 (+0.0124 [+0.0023,+0.0236] better)   joint 0.0832 (+0.0055 [-0.0065,+0.0178] null)
        -> screen beats single tier from rho 0.65 - 0.80
        -> joint beats single tier from rho never in range

    cost ratio  5x   (80 cheap + 32 expensive = 48 expensive-equivalents)
      rho=0.30     screen 0.0786 (+0.0102 [-0.0018,+0.0229] null)   joint 0.0945 (-0.0058 [-0.0208,+0.0089] null)
      rho=0.45     screen 0.0775 (+0.0112 [-0.0025,+0.0258] null)   joint 0.0904 (-0.0017 [-0.0154,+0.0122] null)
      rho=0.55     screen 0.0799 (+0.0089 [-0.0050,+0.0250] null)   joint 0.0811 (+0.0076 [-0.0052,+0.0212] null)
      rho=0.65     screen 0.0716 (+0.0171 [-0.0036,+0.0356] null)   joint 0.0730 (+0.0157 [+0.0022,+0.0303] better)
      rho=0.80     screen 0.0654 (+0.0234 [+0.0120,+0.0358] better)   joint 0.0709 (+0.0179 [+0.0043,+0.0334] better)
      rho=0.95  *  screen 0.0635 (+0.0252 [+0.0104,+0.0416] better)   joint 0.0689 (+0.0199 [+0.0083,+0.0334] better)
        -> screen beats single tier from rho 0.65 - 0.80
        -> joint beats single tier from rho 0.55 - 0.65

    cost ratio 10x   (160 cheap + 32 expensive = 48 expensive-equivalents)
      rho=0.30     screen 0.0782 (+0.0105 [-0.0073,+0.0291] null)   joint 0.0924 (-0.0037 [-0.0195,+0.0137] null)
      rho=0.45     screen 0.0741 (+0.0146 [-0.0001,+0.0303] null)   joint 0.0784 (+0.0104 [-0.0060,+0.0274] null)
      rho=0.55     screen 0.0570 (+0.0317 [+0.0183,+0.0463] better)   joint 0.0702 (+0.0186 [+0.0047,+0.0331] better)
      rho=0.65     screen 0.0585 (+0.0303 [+0.0182,+0.0437] better)   joint 0.0657 (+0.0231 [+0.0107,+0.0362] better)
      rho=0.80     screen 0.0617 (+0.0271 [+0.0080,+0.0446] better)   joint 0.0627 (+0.0261 [+0.0161,+0.0366] better)
      rho=0.95  *  screen 0.0511 (+0.0377 [+0.0229,+0.0526] better)   joint 0.0683 (+0.0204 [+0.0085,+0.0318] better)
        -> screen beats single tier from rho 0.45 - 0.55
        -> joint beats single tier from rho 0.45 - 0.55

    cost ratio 20x   (320 cheap + 32 expensive = 48 expensive-equivalents)
      rho=0.30     screen 0.0689 (+0.0198 [+0.0061,+0.0340] better)   joint 0.0982 (-0.0095 [-0.0288,+0.0092] null)
      rho=0.45     screen 0.0582 (+0.0305 [+0.0173,+0.0454] better)   joint 0.0719 (+0.0168 [+0.0028,+0.0308] better)
      rho=0.55     screen 0.0641 (+0.0246 [+0.0096,+0.0398] better)   joint 0.0720 (+0.0167 [+0.0029,+0.0312] better)
      rho=0.65     screen 0.0584 (+0.0303 [+0.0177,+0.0432] better)   joint 0.0652 (+0.0235 [+0.0122,+0.0361] better)
      rho=0.80     screen 0.0468 (+0.0419 [+0.0289,+0.0550] better)   joint 0.0653 (+0.0235 [+0.0138,+0.0347] better)
      rho=0.95  *  screen 0.0514 (+0.0373 [+0.0210,+0.0533] better)   joint 0.0663 (+0.0225 [+0.0109,+0.0342] better)
        -> screen beats single tier from rho <= 0.30
        -> joint beats single tier from rho 0.30 - 0.45

  rule-C fit failures in this cell: 0 of 4800

========================================================================================================
Q47 · d=8 · sigma_rel=0.25 · budget 48 expensive-equivalents · phi=0.333
========================================================================================================
  corr(expensive observation, truth) = 0.557  <-- ABOVE THIS THE CHEAP READOUT IS THE BETTER ASSAY
  rho to truth -> rho a lab can actually measure (vs the expensive readout):
     0.30->0.17   0.45->0.26   0.55->0.32   0.65->0.37   0.80->0.46   0.95->0.54

  RULE A  (reported best)
    single tier, 48 expensive          regret 0.1824        <- the thing to beat
    32 expensive only, nothing bought  regret 0.1805        <- under-budget control (32/48)

    cost ratio  3x   (48 cheap + 32 expensive = 48 expensive-equivalents)
      rho=0.30     screen 0.1707 (+0.0117 [-0.0115,+0.0332] null)   joint 0.1741 (+0.0083 [-0.0142,+0.0293] null)
      rho=0.45     screen 0.1838 (-0.0014 [-0.0183,+0.0145] null)   joint 0.1909 (-0.0085 [-0.0307,+0.0140] null)
      rho=0.55     screen 0.1733 (+0.0091 [-0.0178,+0.0372] null)   joint 0.1887 (-0.0064 [-0.0281,+0.0157] null)
      rho=0.65  *  screen 0.1842 (-0.0018 [-0.0251,+0.0210] null)   joint 0.1752 (+0.0072 [-0.0218,+0.0341] null)
      rho=0.80  *  screen 0.1705 (+0.0119 [-0.0078,+0.0311] null)   joint 0.1640 (+0.0184 [-0.0006,+0.0388] null)
      rho=0.95  *  screen 0.1567 (+0.0257 [-0.0046,+0.0541] null)   joint 0.1518 (+0.0306 [+0.0042,+0.0548] better)
        -> screen beats single tier from rho never in range
        -> joint beats single tier from rho 0.80 - 0.95

    cost ratio  5x   (80 cheap + 32 expensive = 48 expensive-equivalents)
      rho=0.30     screen 0.1723 (+0.0101 [-0.0254,+0.0430] null)   joint 0.1773 (+0.0051 [-0.0231,+0.0298] null)
      rho=0.45     screen 0.1624 (+0.0200 [-0.0146,+0.0523] null)   joint 0.1612 (+0.0212 [-0.0045,+0.0461] null)
      rho=0.55     screen 0.1479 (+0.0344 [+0.0123,+0.0568] better)   joint 0.1647 (+0.0177 [-0.0029,+0.0372] null)
      rho=0.65  *  screen 0.1606 (+0.0218 [-0.0035,+0.0461] null)   joint 0.1556 (+0.0268 [+0.0004,+0.0501] better)
      rho=0.80  *  screen 0.1460 (+0.0364 [+0.0129,+0.0588] better)   joint 0.1326 (+0.0498 [+0.0219,+0.0735] better)
      rho=0.95  *  screen 0.1526 (+0.0298 [+0.0016,+0.0550] better)   joint 0.1499 (+0.0324 [+0.0075,+0.0562] better)
        -> screen beats single tier from rho 0.45 - 0.55
        -> joint beats single tier from rho 0.55 - 0.65

    cost ratio 10x   (160 cheap + 32 expensive = 48 expensive-equivalents)
      rho=0.30     screen 0.1623 (+0.0200 [-0.0018,+0.0425] null)   joint 0.1672 (+0.0152 [-0.0120,+0.0432] null)
      rho=0.45     screen 0.1500 (+0.0323 [+0.0091,+0.0563] better)   joint 0.1640 (+0.0184 [-0.0117,+0.0474] null)
      rho=0.55     screen 0.1486 (+0.0338 [+0.0159,+0.0537] better)   joint 0.1553 (+0.0271 [+0.0042,+0.0492] better)
      rho=0.65  *  screen 0.1284 (+0.0540 [+0.0285,+0.0792] better)   joint 0.1388 (+0.0435 [+0.0167,+0.0676] better)
      rho=0.80  *  screen 0.1489 (+0.0335 [+0.0055,+0.0621] better)   joint 0.1306 (+0.0518 [+0.0239,+0.0783] better)
      rho=0.95  *  screen 0.1532 (+0.0291 [+0.0063,+0.0504] better)   joint 0.1305 (+0.0519 [+0.0284,+0.0742] better)
        -> screen beats single tier from rho 0.30 - 0.45
        -> joint beats single tier from rho 0.45 - 0.55

    cost ratio 20x   (320 cheap + 32 expensive = 48 expensive-equivalents)
      rho=0.30     screen 0.1649 (+0.0175 [-0.0101,+0.0450] null)   joint 0.1670 (+0.0154 [-0.0082,+0.0403] null)
      rho=0.45     screen 0.1472 (+0.0352 [+0.0081,+0.0610] better)   joint 0.1561 (+0.0263 [+0.0008,+0.0500] better)
      rho=0.55     screen 0.1352 (+0.0472 [+0.0191,+0.0762] better)   joint 0.1419 (+0.0405 [+0.0149,+0.0642] better)
      rho=0.65  *  screen 0.1395 (+0.0429 [+0.0113,+0.0729] better)   joint 0.1330 (+0.0494 [+0.0274,+0.0701] better)
      rho=0.80  *  screen 0.1350 (+0.0474 [+0.0190,+0.0745] better)   joint 0.1376 (+0.0448 [+0.0171,+0.0705] better)
      rho=0.95  *  screen 0.1379 (+0.0445 [+0.0205,+0.0672] better)   joint 0.1066 (+0.0758 [+0.0492,+0.0990] better)
        -> screen beats single tier from rho 0.30 - 0.45
        -> joint beats single tier from rho 0.30 - 0.45

  RULE C  (GP argmax)
    single tier, 48 expensive          regret 0.1179        <- the thing to beat
    32 expensive only, nothing bought  regret 0.1330        <- under-budget control (32/48)

    cost ratio  3x   (48 cheap + 32 expensive = 48 expensive-equivalents)
      rho=0.30     screen 0.1165 (+0.0014 [-0.0192,+0.0229] null)   joint 0.1166 (+0.0013 [-0.0187,+0.0200] null)
      rho=0.45     screen 0.1112 (+0.0067 [-0.0085,+0.0221] null)   joint 0.1150 (+0.0029 [-0.0120,+0.0189] null)
      rho=0.55     screen 0.1148 (+0.0030 [-0.0139,+0.0188] null)   joint 0.1163 (+0.0016 [-0.0152,+0.0168] null)
      rho=0.65  *  screen 0.1178 (+0.0000 [-0.0161,+0.0170] null)   joint 0.1089 (+0.0090 [-0.0050,+0.0246] null)
      rho=0.80  *  screen 0.1104 (+0.0075 [-0.0095,+0.0228] null)   joint 0.1067 (+0.0112 [-0.0024,+0.0238] null)
      rho=0.95  *  screen 0.0976 (+0.0203 [+0.0094,+0.0312] better)   joint 0.0961 (+0.0218 [+0.0092,+0.0348] better)
        -> screen beats single tier from rho 0.80 - 0.95
        -> joint beats single tier from rho 0.80 - 0.95

    cost ratio  5x   (80 cheap + 32 expensive = 48 expensive-equivalents)
      rho=0.30     screen 0.1031 (+0.0148 [-0.0050,+0.0346] null)   joint 0.1303 (-0.0124 [-0.0321,+0.0084] null)
      rho=0.45     screen 0.1001 (+0.0178 [-0.0007,+0.0370] null)   joint 0.1167 (+0.0011 [-0.0211,+0.0219] null)
      rho=0.55     screen 0.0892 (+0.0287 [+0.0111,+0.0455] better)   joint 0.1087 (+0.0092 [-0.0089,+0.0276] null)
      rho=0.65  *  screen 0.1050 (+0.0129 [-0.0082,+0.0329] null)   joint 0.1008 (+0.0171 [-0.0007,+0.0361] null)
      rho=0.80  *  screen 0.0952 (+0.0226 [+0.0039,+0.0403] better)   joint 0.1005 (+0.0174 [-0.0065,+0.0389] null)
      rho=0.95  *  screen 0.0799 (+0.0380 [+0.0254,+0.0504] better)   joint 0.0919 (+0.0260 [+0.0113,+0.0391] better)
        -> screen beats single tier from rho 0.45 - 0.55
        -> joint beats single tier from rho 0.80 - 0.95

    cost ratio 10x   (160 cheap + 32 expensive = 48 expensive-equivalents)
      rho=0.30     screen 0.1070 (+0.0109 [-0.0130,+0.0317] null)   joint 0.1419 (-0.0240 [-0.0468,-0.0028] worse)
      rho=0.45     screen 0.0980 (+0.0199 [+0.0006,+0.0384] better)   joint 0.1057 (+0.0122 [-0.0050,+0.0306] null)
      rho=0.55     screen 0.0873 (+0.0306 [+0.0134,+0.0464] better)   joint 0.1151 (+0.0027 [-0.0215,+0.0240] null)
      rho=0.65  *  screen 0.0936 (+0.0243 [+0.0031,+0.0435] better)   joint 0.0947 (+0.0232 [+0.0026,+0.0433] better)
      rho=0.80  *  screen 0.0766 (+0.0413 [+0.0233,+0.0581] better)   joint 0.0868 (+0.0311 [+0.0133,+0.0469] better)
      rho=0.95  *  screen 0.0824 (+0.0355 [+0.0180,+0.0517] better)   joint 0.0867 (+0.0312 [+0.0150,+0.0466] better)
        -> screen beats single tier from rho 0.30 - 0.45
        -> joint beats single tier from rho 0.55 - 0.65

    cost ratio 20x   (320 cheap + 32 expensive = 48 expensive-equivalents)
      rho=0.30     screen 0.1075 (+0.0104 [-0.0078,+0.0282] null)   joint 0.1301 (-0.0122 [-0.0337,+0.0084] null)
      rho=0.45     screen 0.0920 (+0.0259 [+0.0042,+0.0459] better)   joint 0.1036 (+0.0143 [-0.0081,+0.0380] null)
      rho=0.55     screen 0.0838 (+0.0341 [+0.0177,+0.0501] better)   joint 0.1079 (+0.0100 [-0.0064,+0.0248] null)
      rho=0.65  *  screen 0.0787 (+0.0392 [+0.0247,+0.0531] better)   joint 0.0856 (+0.0323 [+0.0151,+0.0487] better)
      rho=0.80  *  screen 0.0736 (+0.0443 [+0.0284,+0.0597] better)   joint 0.0863 (+0.0316 [+0.0150,+0.0476] better)
      rho=0.95  *  screen 0.0658 (+0.0521 [+0.0353,+0.0681] better)   joint 0.0779 (+0.0399 [+0.0249,+0.0534] better)
        -> screen beats single tier from rho 0.30 - 0.45
        -> joint beats single tier from rho 0.55 - 0.65

  rule-C fit failures in this cell: 0 of 4800

========================================================================================================
Q47 · d=8 · sigma_rel=0.1 · budget 48 expensive-equivalents · phi=0.333
========================================================================================================
  corr(expensive observation, truth) = 0.863  <-- ABOVE THIS THE CHEAP READOUT IS THE BETTER ASSAY
  rho to truth -> rho a lab can actually measure (vs the expensive readout):
     0.30->0.26   0.45->0.39   0.55->0.48   0.65->0.56   0.80->0.69   0.95->0.82

  RULE A  (reported best)
    single tier, 48 expensive          regret 0.1392        <- the thing to beat
    32 expensive only, nothing bought  regret 0.1300        <- under-budget control (32/48)

    cost ratio  3x   (48 cheap + 32 expensive = 48 expensive-equivalents)
      rho=0.30     screen 0.1390 (+0.0002 [-0.0187,+0.0184] null)   joint 0.1212 (+0.0179 [+0.0049,+0.0306] better)
      rho=0.45     screen 0.1288 (+0.0104 [-0.0027,+0.0228] null)   joint 0.1344 (+0.0048 [-0.0120,+0.0224] null)
      rho=0.55     screen 0.1160 (+0.0232 [+0.0088,+0.0373] better)   joint 0.1284 (+0.0107 [-0.0077,+0.0288] null)
      rho=0.65     screen 0.1256 (+0.0135 [-0.0026,+0.0304] null)   joint 0.1273 (+0.0119 [-0.0062,+0.0296] null)
      rho=0.80     screen 0.1125 (+0.0266 [+0.0114,+0.0420] better)   joint 0.1150 (+0.0242 [+0.0047,+0.0417] better)
      rho=0.95  *  screen 0.1077 (+0.0314 [+0.0196,+0.0442] better)   joint 0.1077 (+0.0314 [+0.0196,+0.0442] better)
        -> screen beats single tier from rho 0.45 - 0.55
        -> joint beats single tier from rho <= 0.30

    cost ratio  5x   (80 cheap + 32 expensive = 48 expensive-equivalents)
      rho=0.30     screen 0.1097 (+0.0294 [+0.0082,+0.0520] better)   joint 0.1171 (+0.0220 [+0.0003,+0.0458] better)
      rho=0.45     screen 0.1237 (+0.0155 [-0.0067,+0.0378] null)   joint 0.1131 (+0.0261 [+0.0030,+0.0492] better)
      rho=0.55     screen 0.1114 (+0.0278 [+0.0041,+0.0503] better)   joint 0.1157 (+0.0235 [-0.0005,+0.0482] null)
      rho=0.65     screen 0.1049 (+0.0343 [+0.0113,+0.0574] better)   joint 0.1088 (+0.0303 [+0.0075,+0.0531] better)
      rho=0.80     screen 0.0941 (+0.0451 [+0.0260,+0.0642] better)   joint 0.0960 (+0.0432 [+0.0227,+0.0626] better)
      rho=0.95  *  screen 0.0999 (+0.0392 [+0.0205,+0.0584] better)   joint 0.0996 (+0.0395 [+0.0207,+0.0587] better)
        -> screen beats single tier from rho <= 0.30
        -> joint beats single tier from rho <= 0.30

    cost ratio 10x   (160 cheap + 32 expensive = 48 expensive-equivalents)
      rho=0.30     screen 0.1207 (+0.0185 [-0.0048,+0.0428] null)   joint 0.1300 (+0.0091 [-0.0158,+0.0318] null)
      rho=0.45     screen 0.1045 (+0.0346 [+0.0080,+0.0595] better)   joint 0.1151 (+0.0240 [+0.0016,+0.0449] better)
      rho=0.55     screen 0.1144 (+0.0248 [+0.0028,+0.0465] better)   joint 0.1184 (+0.0208 [+0.0003,+0.0407] better)
      rho=0.65     screen 0.1060 (+0.0332 [+0.0134,+0.0528] better)   joint 0.1090 (+0.0302 [+0.0082,+0.0523] better)
      rho=0.80     screen 0.1034 (+0.0358 [+0.0124,+0.0571] better)   joint 0.0896 (+0.0496 [+0.0282,+0.0699] better)
      rho=0.95  *  screen 0.1001 (+0.0390 [+0.0187,+0.0570] better)   joint 0.0986 (+0.0405 [+0.0228,+0.0574] better)
        -> screen beats single tier from rho 0.30 - 0.45
        -> joint beats single tier from rho 0.30 - 0.45

    cost ratio 20x   (320 cheap + 32 expensive = 48 expensive-equivalents)
      rho=0.30     screen 0.1058 (+0.0334 [+0.0116,+0.0540] better)   joint 0.1136 (+0.0256 [+0.0037,+0.0463] better)
      rho=0.45     screen 0.1005 (+0.0387 [+0.0200,+0.0573] better)   joint 0.1018 (+0.0373 [+0.0177,+0.0561] better)
      rho=0.55     screen 0.0994 (+0.0397 [+0.0180,+0.0602] better)   joint 0.1019 (+0.0372 [+0.0180,+0.0557] better)
      rho=0.65     screen 0.0986 (+0.0405 [+0.0200,+0.0606] better)   joint 0.1008 (+0.0383 [+0.0181,+0.0575] better)
      rho=0.80     screen 0.0834 (+0.0557 [+0.0348,+0.0752] better)   joint 0.0789 (+0.0602 [+0.0420,+0.0782] better)
      rho=0.95  *  screen 0.0866 (+0.0526 [+0.0324,+0.0720] better)   joint 0.0801 (+0.0591 [+0.0404,+0.0767] better)
        -> screen beats single tier from rho <= 0.30
        -> joint beats single tier from rho <= 0.30

  RULE C  (GP argmax)
    single tier, 48 expensive          regret 0.0882        <- the thing to beat
    32 expensive only, nothing bought  regret 0.0989        <- under-budget control (32/48)

    cost ratio  3x   (48 cheap + 32 expensive = 48 expensive-equivalents)
      rho=0.30     screen 0.0812 (+0.0070 [-0.0056,+0.0187] null)   joint 0.0922 (-0.0040 [-0.0162,+0.0073] null)
      rho=0.45     screen 0.0846 (+0.0036 [-0.0083,+0.0146] null)   joint 0.0876 (+0.0006 [-0.0095,+0.0105] null)
      rho=0.55     screen 0.0773 (+0.0109 [+0.0001,+0.0212] better)   joint 0.0954 (-0.0072 [-0.0204,+0.0047] null)
      rho=0.65     screen 0.0814 (+0.0068 [-0.0069,+0.0199] null)   joint 0.0861 (+0.0021 [-0.0078,+0.0125] null)
      rho=0.80     screen 0.0814 (+0.0068 [-0.0044,+0.0167] null)   joint 0.0781 (+0.0101 [-0.0007,+0.0198] null)
      rho=0.95  *  screen 0.0747 (+0.0135 [+0.0047,+0.0217] better)   joint 0.0772 (+0.0110 [+0.0018,+0.0194] better)
        -> screen beats single tier from rho 0.45 - 0.55
        -> joint beats single tier from rho 0.80 - 0.95

    cost ratio  5x   (80 cheap + 32 expensive = 48 expensive-equivalents)
      rho=0.30     screen 0.0736 (+0.0146 [+0.0018,+0.0269] better)   joint 0.1014 (-0.0132 [-0.0312,+0.0043] null)
      rho=0.45     screen 0.0796 (+0.0086 [-0.0054,+0.0217] null)   joint 0.0878 (+0.0004 [-0.0165,+0.0168] null)
      rho=0.55     screen 0.0654 (+0.0228 [+0.0085,+0.0360] better)   joint 0.0752 (+0.0130 [-0.0014,+0.0264] null)
      rho=0.65     screen 0.0709 (+0.0173 [+0.0029,+0.0325] better)   joint 0.0798 (+0.0084 [-0.0051,+0.0223] null)
      rho=0.80     screen 0.0636 (+0.0246 [+0.0124,+0.0361] better)   joint 0.0701 (+0.0182 [+0.0050,+0.0306] better)
      rho=0.95  *  screen 0.0627 (+0.0255 [+0.0150,+0.0365] better)   joint 0.0730 (+0.0152 [+0.0052,+0.0250] better)
        -> screen beats single tier from rho <= 0.30
        -> joint beats single tier from rho 0.65 - 0.80

    cost ratio 10x   (160 cheap + 32 expensive = 48 expensive-equivalents)
      rho=0.30     screen 0.0844 (+0.0039 [-0.0194,+0.0228] null)   joint 0.0894 (-0.0011 [-0.0179,+0.0153] null)
      rho=0.45     screen 0.0733 (+0.0149 [-0.0053,+0.0324] null)   joint 0.0776 (+0.0106 [-0.0040,+0.0235] null)
      rho=0.55     screen 0.0626 (+0.0256 [+0.0122,+0.0380] better)   joint 0.0800 (+0.0083 [-0.0072,+0.0233] null)
      rho=0.65     screen 0.0563 (+0.0319 [+0.0172,+0.0455] better)   joint 0.0666 (+0.0216 [+0.0047,+0.0373] better)
      rho=0.80     screen 0.0509 (+0.0373 [+0.0245,+0.0487] better)   joint 0.0639 (+0.0243 [+0.0108,+0.0368] better)
      rho=0.95  *  screen 0.0651 (+0.0231 [+0.0076,+0.0380] better)   joint 0.0675 (+0.0207 [+0.0109,+0.0303] better)
        -> screen beats single tier from rho 0.45 - 0.55
        -> joint beats single tier from rho 0.55 - 0.65

    cost ratio 20x   (320 cheap + 32 expensive = 48 expensive-equivalents)
      rho=0.30     screen 0.0687 (+0.0195 [+0.0056,+0.0329] better)   joint 0.0859 (+0.0024 [-0.0094,+0.0147] null)
      rho=0.45     screen 0.0557 (+0.0325 [+0.0197,+0.0449] better)   joint 0.0751 (+0.0132 [-0.0015,+0.0269] null)
      rho=0.55     screen 0.0552 (+0.0330 [+0.0156,+0.0480] better)   joint 0.0742 (+0.0140 [+0.0016,+0.0256] better)
      rho=0.65     screen 0.0517 (+0.0365 [+0.0262,+0.0458] better)   joint 0.0614 (+0.0268 [+0.0170,+0.0360] better)
      rho=0.80     screen 0.0464 (+0.0419 [+0.0304,+0.0528] better)   joint 0.0634 (+0.0248 [+0.0146,+0.0347] better)
      rho=0.95  *  screen 0.0755 (+0.0127 [-0.0154,+0.0367] null)   joint 0.0630 (+0.0252 [+0.0150,+0.0350] better)
        -> screen beats single tier from rho <= 0.30
        -> joint beats single tier from rho 0.45 - 0.55

  rule-C fit failures in this cell: 0 of 4800

  4800 rows -> results/q47-multifidelity.json
