============================================================================================================
Q49 — the noise threshold curve. Does buying more assays help, and at what CV does it stop?
============================================================================================================
  oracle-best = the best TRUE value among the points visited (what the design found)
  reported    = the true value of the observed argmax (what you walk away with; rule A)


  d=6  sigma_rel=0.05
     n assays        8       16       24       32       48       64       96      128      192
       oracle   0.1572   0.1166   0.1027   0.0910   0.0925   0.0802   0.0707   0.0612   0.0540
     reported   0.1645   0.1240   0.1101   0.1020   0.1155   0.0980   0.0959   0.0798   0.0772
      oracle    48 ->  96:  +0.0218 [+0.0147,+0.0295] helps    48 -> 192:  +0.0385 [+0.0297,+0.0474] helps
      reported  48 ->  96:  +0.0196 [+0.0085,+0.0315] helps    48 -> 192:  +0.0383 [+0.0278,+0.0492] helps
      identification gap at n=192: +0.0232  (30% of what the experimenter is left with is failure to identify, not failure to find)

  d=6  sigma_rel=0.1
     n assays        8       16       24       32       48       64       96      128      192
       oracle   0.1572   0.1166   0.1027   0.0910   0.0925   0.0802   0.0707   0.0612   0.0540
     reported   0.1785   0.1312   0.1213   0.1146   0.1380   0.1246   0.1060   0.0985   0.0971
      oracle    48 ->  96:  +0.0218 [+0.0147,+0.0295] helps    48 -> 192:  +0.0385 [+0.0297,+0.0474] helps
      reported  48 ->  96:  +0.0320 [+0.0159,+0.0492] helps    48 -> 192:  +0.0409 [+0.0272,+0.0547] helps
      identification gap at n=192: +0.0431  (44% of what the experimenter is left with is failure to identify, not failure to find)

  d=6  sigma_rel=0.15
     n assays        8       16       24       32       48       64       96      128      192
       oracle   0.1572   0.1166   0.1027   0.0910   0.0925   0.0802   0.0707   0.0612   0.0540
     reported   0.1808   0.1420   0.1344   0.1339   0.1579   0.1463   0.1210   0.1093   0.1211
      oracle    48 ->  96:  +0.0218 [+0.0147,+0.0295] helps    48 -> 192:  +0.0385 [+0.0297,+0.0474] helps
      reported  48 ->  96:  +0.0369 [+0.0133,+0.0608] helps    48 -> 192:  +0.0368 [+0.0144,+0.0581] helps
      identification gap at n=192: +0.0671  (55% of what the experimenter is left with is failure to identify, not failure to find)

  d=6  sigma_rel=0.2
     n assays        8       16       24       32       48       64       96      128      192
       oracle   0.1572   0.1166   0.1027   0.0910   0.0925   0.0802   0.0707   0.0612   0.0540
     reported   0.1816   0.1573   0.1533   0.1551   0.1663   0.1603   0.1335   0.1272   0.1336
      oracle    48 ->  96:  +0.0218 [+0.0147,+0.0295] helps    48 -> 192:  +0.0385 [+0.0297,+0.0474] helps
      reported  48 ->  96:  +0.0329 [+0.0077,+0.0584] helps    48 -> 192:  +0.0327 [+0.0037,+0.0606] helps
      identification gap at n=192: +0.0796  (60% of what the experimenter is left with is failure to identify, not failure to find)

  d=6  sigma_rel=0.25
     n assays        8       16       24       32       48       64       96      128      192
       oracle   0.1572   0.1166   0.1027   0.0910   0.0925   0.0802   0.0707   0.0612   0.0540
     reported   0.1868   0.1699   0.1746   0.1763   0.1778   0.1673   0.1428   0.1392   0.1395
      oracle    48 ->  96:  +0.0218 [+0.0147,+0.0295] helps    48 -> 192:  +0.0385 [+0.0297,+0.0474] helps
      reported  48 ->  96:  +0.0351 [+0.0086,+0.0629] helps    48 -> 192:  +0.0384 [+0.0078,+0.0672] helps
      identification gap at n=192: +0.0855  (61% of what the experimenter is left with is failure to identify, not failure to find)

  d=6  sigma_rel=0.35  [outside the ensemble's design range]
     n assays        8       16       24       32       48       64       96      128      192
       oracle   0.1572   0.1166   0.1027   0.0910   0.0925   0.0802   0.0707   0.0612   0.0540
     reported   0.1990   0.1856   0.1874   0.1861   0.1959   0.1778   0.1623   0.1580   0.1476
      oracle    48 ->  96:  +0.0218 [+0.0147,+0.0295] helps    48 -> 192:  +0.0385 [+0.0297,+0.0474] helps
      reported  48 ->  96:  +0.0336 [+0.0062,+0.0618] helps    48 -> 192:  +0.0483 [+0.0225,+0.0773] helps
      identification gap at n=192: +0.0936  (63% of what the experimenter is left with is failure to identify, not failure to find)

  d=6  sigma_rel=0.5  [outside the ensemble's design range]
     n assays        8       16       24       32       48       64       96      128      192
       oracle   0.1572   0.1166   0.1027   0.0910   0.0925   0.0802   0.0707   0.0612   0.0540
     reported   0.2121   0.1923   0.2036   0.1906   0.2051   0.1898   0.1840   0.1674   0.1689
      oracle    48 ->  96:  +0.0218 [+0.0147,+0.0295] helps    48 -> 192:  +0.0385 [+0.0297,+0.0474] helps
      reported  48 ->  96:  +0.0211 [-0.0061,+0.0494] null     48 -> 192:  +0.0362 [+0.0055,+0.0699] helps
      identification gap at n=192: +0.1148  (68% of what the experimenter is left with is failure to identify, not failure to find)

  d=8  sigma_rel=0.05
     n assays        8       16       24       32       48       64       96      128      192
       oracle   0.1522   0.1203   0.1127   0.0906   0.0896   0.0811   0.0693   0.0607   0.0575
     reported   0.1565   0.1263   0.1220   0.0952   0.1109   0.0998   0.0853   0.0826   0.0848
      oracle    48 ->  96:  +0.0203 [+0.0104,+0.0305] helps    48 -> 192:  +0.0321 [+0.0211,+0.0433] helps
      reported  48 ->  96:  +0.0257 [+0.0091,+0.0429] helps    48 -> 192:  +0.0261 [+0.0104,+0.0433] helps
      identification gap at n=192: +0.0273  (32% of what the experimenter is left with is failure to identify, not failure to find)

  d=8  sigma_rel=0.1
     n assays        8       16       24       32       48       64       96      128      192
       oracle   0.1522   0.1203   0.1127   0.0906   0.0896   0.0811   0.0693   0.0607   0.0575
     reported   0.1604   0.1380   0.1354   0.1300   0.1392   0.1258   0.1102   0.1051   0.1089
      oracle    48 ->  96:  +0.0203 [+0.0104,+0.0305] helps    48 -> 192:  +0.0321 [+0.0211,+0.0433] helps
      reported  48 ->  96:  +0.0290 [+0.0088,+0.0505] helps    48 -> 192:  +0.0302 [+0.0078,+0.0528] helps
      identification gap at n=192: +0.0514  (47% of what the experimenter is left with is failure to identify, not failure to find)

  d=8  sigma_rel=0.15
     n assays        8       16       24       32       48       64       96      128      192
       oracle   0.1522   0.1203   0.1127   0.0906   0.0896   0.0811   0.0693   0.0607   0.0575
     reported   0.1697   0.1538   0.1534   0.1489   0.1563   0.1424   0.1336   0.1199   0.1120
      oracle    48 ->  96:  +0.0203 [+0.0104,+0.0305] helps    48 -> 192:  +0.0321 [+0.0211,+0.0433] helps
      reported  48 ->  96:  +0.0227 [+0.0023,+0.0433] helps    48 -> 192:  +0.0443 [+0.0203,+0.0680] helps
      identification gap at n=192: +0.0544  (49% of what the experimenter is left with is failure to identify, not failure to find)

  d=8  sigma_rel=0.2
     n assays        8       16       24       32       48       64       96      128      192
       oracle   0.1522   0.1203   0.1127   0.0906   0.0896   0.0811   0.0693   0.0607   0.0575
     reported   0.1738   0.1638   0.1572   0.1614   0.1662   0.1644   0.1483   0.1284   0.1242
      oracle    48 ->  96:  +0.0203 [+0.0104,+0.0305] helps    48 -> 192:  +0.0321 [+0.0211,+0.0433] helps
      reported  48 ->  96:  +0.0180 [-0.0010,+0.0373] null     48 -> 192:  +0.0420 [+0.0166,+0.0675] helps
      identification gap at n=192: +0.0667  (54% of what the experimenter is left with is failure to identify, not failure to find)

  d=8  sigma_rel=0.25
     n assays        8       16       24       32       48       64       96      128      192
       oracle   0.1522   0.1203   0.1127   0.0906   0.0896   0.0811   0.0693   0.0607   0.0575
     reported   0.1813   0.1739   0.1749   0.1805   0.1824   0.1709   0.1538   0.1362   0.1305
      oracle    48 ->  96:  +0.0203 [+0.0104,+0.0305] helps    48 -> 192:  +0.0321 [+0.0211,+0.0433] helps
      reported  48 ->  96:  +0.0286 [+0.0034,+0.0537] helps    48 -> 192:  +0.0519 [+0.0270,+0.0761] helps
      identification gap at n=192: +0.0729  (56% of what the experimenter is left with is failure to identify, not failure to find)

  d=8  sigma_rel=0.35  [outside the ensemble's design range]
     n assays        8       16       24       32       48       64       96      128      192
       oracle   0.1522   0.1203   0.1127   0.0906   0.0896   0.0811   0.0693   0.0607   0.0575
     reported   0.1864   0.1948   0.1819   0.2014   0.1842   0.1843   0.1629   0.1527   0.1448
      oracle    48 ->  96:  +0.0203 [+0.0104,+0.0305] helps    48 -> 192:  +0.0321 [+0.0211,+0.0433] helps
      reported  48 ->  96:  +0.0213 [-0.0069,+0.0492] null     48 -> 192:  +0.0395 [+0.0173,+0.0614] helps
      identification gap at n=192: +0.0872  (60% of what the experimenter is left with is failure to identify, not failure to find)

  d=8  sigma_rel=0.5  [outside the ensemble's design range]
     n assays        8       16       24       32       48       64       96      128      192
       oracle   0.1522   0.1203   0.1127   0.0906   0.0896   0.0811   0.0693   0.0607   0.0575
     reported   0.1940   0.2031   0.2101   0.2093   0.1967   0.2005   0.1680   0.1801   0.1654
      oracle    48 ->  96:  +0.0203 [+0.0104,+0.0305] helps    48 -> 192:  +0.0321 [+0.0211,+0.0433] helps
      reported  48 ->  96:  +0.0287 [+0.0025,+0.0562] helps    48 -> 192:  +0.0313 [+0.0062,+0.0558] helps
      identification gap at n=192: +0.1079  (65% of what the experimenter is left with is failure to identify, not failure to find)

============================================================================================================
  THE THRESHOLD IS WHERE THE 'reported' ROW GOES FLAT WHILE 'oracle' KEEPS FALLING.
  Past it the assays are finding better recipes than the readout can identify, and
  buying more of them is waste.
============================================================================================================
