====================================================================================================
Q52 §2 — budget-to-target. Four arms against the classical pipeline.
====================================================================================================
  d=6, sigma in (0.25, 0.1), 25 instances, cap 200, arms ('qlogei', 'doe', 'random', 'spread_gp')
  checkpoints (8, 12, 16, 20, 24, 32, 48, 64, 100, 150, 200)

  FIDELITY GATE — reproducing E2's stored qLogEI rows (Q50's check)
    10 rows re-run at budget 48, max |delta| = 0.000e+00

    inst  2 s=0.25     198s  qlogei A 0.2740->0.0740  C 0.1655->0.1233  doe A@192 0.1326
    inst  0 s=0.25     226s  qlogei A 0.3872->0.0328  C 0.1821->0.0309  doe A@192 0.0842
    inst  1 s=0.25     256s  qlogei A 0.2241->0.1512  C 0.1578->0.1818  doe A@192 0.0447
    inst  3 s=0.25     267s  qlogei A 0.2010->0.1750  C 0.2489->0.1151  doe A@192 0.1423
    inst  5 s=0.25     199s  qlogei A 0.2035->0.1093  C 0.1673->0.1076  doe A@192 0.0634
    inst  6 s=0.25     203s  qlogei A 0.2010->0.1485  C 0.0930->0.1088  doe A@192 0.1470
    inst  7 s=0.25     252s  qlogei A 0.2208->0.0897  C 0.1723->0.0991  doe A@192 0.1156
    inst  4 s=0.25     332s  qlogei A 0.3454->0.0586  C 0.0573->0.0415  doe A@192 0.0763
    inst  8 s=0.25     198s  qlogei A 0.0863->0.0280  C 0.0856->0.0540  doe A@192 0.0966
    inst  9 s=0.25     198s  qlogei A 0.2581->0.2392  C 0.1948->0.1280  doe A@192 0.1531
    inst 10 s=0.25     179s  qlogei A 0.1951->0.0616  C 0.1530->0.0796  doe A@192 0.0844
    inst 11 s=0.25     234s  qlogei A 0.1896->0.1552  C 0.1905->0.1713  doe A@192 0.1546
    inst 12 s=0.25     177s  qlogei A 0.1980->0.1321  C 0.2345->0.1123  doe A@192 0.1130
    inst 14 s=0.25     197s  qlogei A 0.1866->0.1866  C 0.2151->0.1649  doe A@192 0.1291
    inst 13 s=0.25     248s  qlogei A 0.1113->0.0890  C 0.0696->0.0930  doe A@192 0.0376
    inst 15 s=0.25     224s  qlogei A 0.2548->0.1549  C 0.2345->0.1114  doe A@192 0.1147
    inst 16 s=0.25     208s  qlogei A 0.1735->0.1675  C 0.1311->0.1454  doe A@192 0.0237
    inst 18 s=0.25     193s  qlogei A 0.1543->0.0836  C 0.1027->0.0538  doe A@192 0.1189
    inst 17 s=0.25     236s  qlogei A 0.0947->0.1835  C 0.1073->0.1256  doe A@192 0.1131
    inst 19 s=0.25     144s  qlogei A 0.2674->0.0131  C 0.1669->0.0136  doe A@192 0.1041
    inst 20 s=0.25     186s  qlogei A 0.1220->0.1135  C 0.1116->0.1219  doe A@192 0.2593
    inst 21 s=0.25     241s  qlogei A 0.2780->0.1638  C 0.1912->0.1000  doe A@192 0.0722
    inst 23 s=0.25     231s  qlogei A 0.1841->0.1194  C 0.2300->0.0977  doe A@192 0.1245
    inst 22 s=0.25     275s  qlogei A 0.1268->0.0567  C 0.0841->0.0441  doe A@192 0.1391
    inst 24 s=0.25     275s  qlogei A 0.1663->0.1604  C 0.2104->0.1692  doe A@192 0.1162
    inst  0 s=0.1      151s  qlogei A 0.1808->0.0594  C 0.0948->0.0405  doe A@192 0.0599
    inst  1 s=0.1      170s  qlogei A 0.1838->0.0750  C 0.1022->0.0733  doe A@192 0.0447
    inst  2 s=0.1      196s  qlogei A 0.0895->0.0793  C 0.1036->0.0842  doe A@192 0.1295
    inst  4 s=0.1      173s  qlogei A 0.0495->0.0739  C 0.0469->0.0500  doe A@192 0.1033
    inst  3 s=0.1      242s  qlogei A 0.2264->0.0105  C 0.2577->0.0227  doe A@192 0.1439
    inst  5 s=0.1      183s  qlogei A 0.1459->0.0438  C 0.1291->0.0429  doe A@192 0.0634
    inst  6 s=0.1      185s  qlogei A 0.2010->0.0944  C 0.1867->0.0930  doe A@192 0.1139
    inst  7 s=0.1      171s  qlogei A 0.1950->0.0457  C 0.1381->0.0343  doe A@192 0.1156
    inst  8 s=0.1      194s  qlogei A 0.0438->0.0328  C 0.0550->0.0390  doe A@192 0.0791
    inst  9 s=0.1      230s  qlogei A 0.1572->0.0235  C 0.1227->0.0314  doe A@192 0.1531
    inst 10 s=0.1      195s  qlogei A 0.1061->0.0613  C 0.0988->0.0558  doe A@192 0.0448
    inst 11 s=0.1      216s  qlogei A 0.2461->0.0554  C 0.2976->0.0424  doe A@192 0.1546
    inst 12 s=0.1      199s  qlogei A 0.1212->0.0409  C 0.1236->0.0445  doe A@192 0.0526
    inst 13 s=0.1      211s  qlogei A 0.1113->0.0571  C 0.0389->0.0362  doe A@192 0.0376
    inst 14 s=0.1      202s  qlogei A 0.1866->0.0676  C 0.1323->0.0470  doe A@192 0.0667
    inst 15 s=0.1      236s  qlogei A 0.1368->0.0351  C 0.0542->0.0374  doe A@192 0.1147
    inst 16 s=0.1      266s  qlogei A 0.2422->0.0470  C 0.0530->0.0334  doe A@192 0.0237
    inst 17 s=0.1      288s  qlogei A 0.1830->0.0270  C 0.1583->0.0354  doe A@192 0.1131
    inst 18 s=0.1      263s  qlogei A 0.0725->0.0247  C 0.0813->0.0196  doe A@192 0.1189
    inst 19 s=0.1      220s  qlogei A 0.1408->0.0413  C 0.1066->0.0437  doe A@192 0.1041
    inst 20 s=0.1      246s  qlogei A 0.0772->0.0743  C 0.1206->0.0512  doe A@192 0.0314
    inst 21 s=0.1      247s  qlogei A 0.0760->0.0250  C 0.1273->0.0373  doe A@192 0.0673
    inst 22 s=0.1      254s  qlogei A 0.1268->0.0837  C 0.1020->0.0763  doe A@192 0.0474
    inst 23 s=0.1      256s  qlogei A 0.2197->0.0212  C 0.0348->0.0189  doe A@192 0.1245
    inst 24 s=0.1      182s  qlogei A 0.1663->0.1248  C 0.1660->0.1337  doe A@192 0.1162

====================================================================================================
  d=6  sigma_rel=0.25  n=25 instances  cap=200 (registered compute limit)
====================================================================================================
  cells read  evaluations/rounds ; * = some instances censored ; cens = >50% censored, no point estimate

  RULE C — posterior mean   (headline targets: 0.3, 0.25, 0.2, 0.15, 0.12, 0.1, 0.08, 0.05)
     target           qlogei              doe         doe(con)        spread_gp    savings  n_pair
  *   0.30             8/1r         cens 72%            48/3r             8/1r      undef       7
  *   0.25             8/1r         cens 80%            48/3r             8/1r      undef       5
  *   0.20             8/1r         cens 84%           48*/3r             8/1r      undef       4
  *   0.15           12*/1r         cens 96%           48*/3r            12/1r      undef       1
  *   0.12           18*/2r         cens 96%           48*/3r            20/1r      undef       1
  *   0.10           18*/2r        cens 100%           48*/3r            24/1r      undef       0
  *   0.08         cens 60%        cens 100%         cens 64%           40*/1r      undef       0
  *   0.05         cens 72%        cens 100%         cens 80%           48*/1r      undef       0
      0.03         cens 88%        cens 100%         cens 96%         cens 84%      undef       0
      0.02         cens 92%        cens 100%        cens 100%        cens 100%      undef       0
      0.01        cens 100%        cens 100%        cens 100%        cens 100%      undef       0
    savings = DoE evaluations / BO evaluations, paired per instance, complete cases only.
    undefined wherever either arm is censored — the cap is never substituted for an arrival.

  RULE A — best observed   (headline targets: 0.03, 0.02, 0.01)
     target           qlogei              doe           random        spread_gp    savings  n_pair
      0.30             8/1r            48/3r             8/1r             8/1r       5.92      25
      0.25             8/1r            48/3r             8/1r             8/1r       5.74      25
      0.20             8/1r            48/3r            12/1r             8/1r       4.35      25
      0.15           32*/6r           48*/3r            16/1r            20/1r       3.74      20
      0.12          48*/10r           48*/3r            24/1r           48*/1r       6.47      14
      0.10          82*/18r         cens 56%           24*/1r           48*/1r      undef       7
      0.08         cens 60%         cens 76%           56*/1r           48*/1r      undef       3
      0.05         cens 76%         cens 84%         cens 84%         cens 64%      undef       1
  *   0.03         cens 88%         cens 96%         cens 96%         cens 92%      undef       0
  *   0.02         cens 96%        cens 100%        cens 100%        cens 100%      undef       0
  *   0.01        cens 100%        cens 100%        cens 100%        cens 100%      undef       0
    savings = DoE evaluations / BO evaluations, paired per instance, complete cases only.
    undefined wherever either arm is censored — the cap is never substituted for an arrival.

====================================================================================================
  d=6  sigma_rel=0.1  n=25 instances  cap=200 (registered compute limit)
====================================================================================================
  cells read  evaluations/rounds ; * = some instances censored ; cens = >50% censored, no point estimate

  RULE C — posterior mean   (headline targets: 0.3, 0.25, 0.2, 0.15, 0.12, 0.1, 0.08, 0.05)
     target           qlogei              doe         doe(con)        spread_gp    savings  n_pair
  *   0.30             8/1r         cens 64%            48/3r             8/1r      undef       9
  *   0.25             8/1r         cens 80%            48/3r             8/1r      undef       5
  *   0.20             8/1r         cens 88%            48/3r             8/1r      undef       3
  *   0.15            12/1r         cens 92%            48/3r            12/1r      undef       2
  *   0.12            16/2r         cens 96%            48/3r            16/1r      undef       1
  *   0.10           20*/3r         cens 96%           48*/3r            16/1r      undef       1
  *   0.08          48*/10r         cens 96%           48*/3r            20/1r      undef       1
  *   0.05         100*/23r        cens 100%           48*/3r           32*/1r      undef       0
      0.03         cens 56%        cens 100%         cens 80%         cens 72%      undef       0
      0.02         cens 76%        cens 100%         cens 92%         cens 80%      undef       0
      0.01         cens 96%        cens 100%         cens 96%        cens 100%      undef       0
    savings = DoE evaluations / BO evaluations, paired per instance, complete cases only.
    undefined wherever either arm is censored — the cap is never substituted for an arrival.

  RULE A — best observed   (headline targets: 0.03, 0.02, 0.01)
     target           qlogei              doe           random        spread_gp    savings  n_pair
      0.30             8/1r            48/3r             8/1r             8/1r       6.00      25
      0.25             8/1r            48/3r             8/1r             8/1r       5.88      25
      0.20             8/1r            48/3r             8/1r             8/1r       4.89      25
      0.15            16/2r           48*/3r            12/1r            16/1r       3.45      23
      0.12           32*/6r           48*/3r            20/1r            20/1r       3.51      19
      0.10           32*/6r           48*/3r            20/1r           32*/1r       2.90      13
      0.08          74*/16r           96*/6r           32*/1r           32*/1r      undef      12
      0.05         100*/23r         cens 72%         cens 64%           48*/1r      undef       3
  *   0.03         cens 60%         cens 96%         cens 92%         cens 80%      undef       1
  *   0.02         cens 84%        cens 100%        cens 100%        cens 100%      undef       0
  *   0.01        cens 100%        cens 100%        cens 100%        cens 100%      undef       0
    savings = DoE evaluations / BO evaluations, paired per instance, complete cases only.
    undefined wherever either arm is censored — the cap is never substituted for an arrival.

  written to results/q52-budget-to-target.json
