====================================================================================================
Q55 — oracle-best beside rule A, both arms
====================================================================================================
  cells [(6, 0.25), (6, 0.1), (8, 0.25), (8, 0.1)], budget 48, q 4
  gate: published rule A must reproduce per row at 1e-12

  200 rows to run on 3 workers

      10/200    0.9 min elapsed, ~ 17.9 min left
      20/200    2.5 min elapsed, ~ 22.3 min left
      30/200    4.2 min elapsed, ~ 23.8 min left
      40/200    5.2 min elapsed, ~ 20.8 min left
      50/200    6.1 min elapsed, ~ 18.2 min left
      60/200    7.9 min elapsed, ~ 18.3 min left
      70/200    9.0 min elapsed, ~ 16.8 min left
      80/200   10.1 min elapsed, ~ 15.2 min left
      90/200   11.2 min elapsed, ~ 13.7 min left
     100/200   12.6 min elapsed, ~ 12.6 min left
     110/200   13.7 min elapsed, ~ 11.2 min left
     120/200   14.5 min elapsed, ~  9.6 min left
     130/200   15.3 min elapsed, ~  8.3 min left
     140/200   16.5 min elapsed, ~  7.1 min left
     150/200   17.4 min elapsed, ~  5.8 min left
     160/200   18.7 min elapsed, ~  4.7 min left
     170/200   19.9 min elapsed, ~  3.5 min left
     180/200   20.8 min elapsed, ~  2.3 min left
     190/200   22.4 min elapsed, ~  1.2 min left
     200/200   23.5 min elapsed, ~  0.0 min left

  GATE PASSED — rule A reproduced for 200 BO and 200 DoE rows
    worst |delta|: BO 0.000e+00, DoE 0.000e+00
    12 published cell means reproduced to 5e-05

====================================================================================================
  THE TWO LOCATORS, SIDE BY SIDE — mean regret, n=25 landscapes
====================================================================================================
              cell  BO rule A  BO oracle   BO gap  DoE rule A  DoE oracle  DoE gap  BO id%  DoE id%
        d=6 s=0.25     0.1553     0.0755  +0.0797      0.0958      0.0597  +0.0361      8%      12%
         d=6 s=0.1     0.0874     0.0496  +0.0378      0.0892      0.0544  +0.0348     18%      16%
        d=8 s=0.25     0.1247     0.0702  +0.0545      0.0963      0.0575  +0.0388     12%      14%
         d=8 s=0.1     0.0972     0.0653  +0.0319      0.0948      0.0500  +0.0448     14%       2%

====================================================================================================
  THE CONTRAST, ON EACH LOCATOR. Negative = DoE better.
====================================================================================================
              cell           rule A (DoE-BO)        p        oracle-best (DoE-BO)        p  same sign?
        d=6 s=0.25    -0.0595 [-0.0797,-0.0375]   0.0000      -0.0158 [-0.0257,-0.0062]   0.0067         yes
         d=6 s=0.1    +0.0018 [-0.0086,+0.0117]   0.6915      +0.0048 [-0.0030,+0.0131]   0.2872         yes
        d=8 s=0.25    -0.0284 [-0.0447,-0.0139]   0.0023      -0.0127 [-0.0251,-0.0008]   0.0588         yes
         d=8 s=0.1    -0.0024 [-0.0095,+0.0053]   0.4261      -0.0153 [-0.0254,-0.0059]   0.0056         yes

====================================================================================================
  WHAT MAY NOW BE WRITTEN (Prompt 2 §7, fixed before these numbers existed)
====================================================================================================
    d=6 sigma=0.25:
      selected a better well from the noisy readings: DoE
      tested better conditions:                       DoE
    d=6 sigma=0.1:
      selected a better well from the noisy readings: neither — interval covers zero
      tested better conditions:                       neither — interval covers zero
    d=8 sigma=0.25:
      selected a better well from the noisy readings: DoE
      tested better conditions:                       DoE
    d=8 sigma=0.1:
      selected a better well from the noisy readings: neither — interval covers zero
      tested better conditions:                       DoE

  written to results/q55-oracle-best.json  (24 min)
