Version B · two-plate SPADE · HEAD=c8347f13258f9284024e7c6ce0874fbc0b58411d
40 + 8 = 48 wells · LSE targets tau_frac=0.75 · rounds {'versionb': 2, 'versionb_random': 2, 'versionb_predictive': 2, 'plate1_only': 1, 'doe': 3, 'qlognei': 10}
out=results/versionb-predictive.json · gate=results/versionb.json (250 rows) · acq_cv flat below 0.04

50 instance-seeds

[  1/50] versionb             033466197eba3ddb seed=0 n=48 regret=0.1182 a*=0.688 cv= 1.167 d2=0.129 GATED (7.4s)
[  1/50] versionb_random      033466197eba3ddb seed=0 n=48 regret=0.1182 a*=0.598      -    d2=0.251 GATED (6.2s)
[  1/50] plate1_only          033466197eba3ddb seed=0 n=48 regret=0.1993 a*=0.871      -             GATED (5.6s)
[  1/50] doe                  033466197eba3ddb seed=0 n=48 regret=0.0440 a*=0.654      -             GATED (7.2s)
[  1/50] qlognei              033466197eba3ddb seed=0 n=48 regret=0.0750 a*=0.850      -             GATED (40.8s)
[  1/50] versionb_predictive  033466197eba3ddb seed=0 n=48 regret=0.0551 a*=0.688 cv= 0.506 d2=0.129   new (8.0s)
[  2/50] versionb             033466197eba3ddb seed=1 n=48 regret=0.1123 a*=0.908 cv= 1.878 d2=0.146 GATED (7.2s)
[  2/50] versionb_random      033466197eba3ddb seed=1 n=48 regret=0.1123 a*=0.770      -    d2=0.374 GATED (6.0s)
[  2/50] plate1_only          033466197eba3ddb seed=1 n=48 regret=0.1878 a*=0.570      -             GATED (4.2s)
[  2/50] doe                  033466197eba3ddb seed=1 n=48 regret=0.1114 a*=0.449      -             GATED (7.1s)
[  2/50] qlognei              033466197eba3ddb seed=1 n=48 regret=0.2170 a*=0.461      -             GATED (27.2s)
[  2/50] versionb_predictive  033466197eba3ddb seed=1 n=48 regret=0.1123 a*=0.863 cv= 0.625 d2=0.146   new (6.9s)
[  3/50] versionb             0a6e0788538a7c52 seed=0 n=48 regret=0.0926 a*=0.531 cv= 0.847 d2=0.242 GATED (5.9s)
[  3/50] versionb_random      0a6e0788538a7c52 seed=0 n=48 regret=0.0926 a*=0.621      -    d2=0.251 GATED (7.5s)
[  3/50] plate1_only          0a6e0788538a7c52 seed=0 n=48 regret=0.1084 a*=0.721      -             GATED (5.6s)
[  3/50] doe                  0a6e0788538a7c52 seed=0 n=48 regret=0.0376 a*=0.918      -             GATED (9.6s)
[  3/50] qlognei              0a6e0788538a7c52 seed=0 n=48 regret=0.1157 a*=0.695      -             GATED (50.4s)
[  3/50] versionb_predictive  0a6e0788538a7c52 seed=0 n=48 regret=0.0926 a*=0.598 cv= 0.467 d2=0.242   new (6.7s)
[  4/50] versionb             0a6e0788538a7c52 seed=1 n=48 regret=0.2334 a*=0.867 cv= 1.285 d2=0.139 GATED (6.8s)
[  4/50] versionb_random      0a6e0788538a7c52 seed=1 n=48 regret=0.2334 a*=0.732      -    d2=0.374 GATED (4.6s)
[  4/50] plate1_only          0a6e0788538a7c52 seed=1 n=48 regret=0.1569 a*=0.561      -             GATED (5.6s)
[  4/50] doe                  0a6e0788538a7c52 seed=1 n=48 regret=0.0789 a*=0.787      -             GATED (5.6s)
[  4/50] qlognei              0a6e0788538a7c52 seed=1 n=48 regret=0.1176 a*=0.633      -             GATED (27.8s)
[  4/50] versionb_predictive  0a6e0788538a7c52 seed=1 n=48 regret=0.2334 a*=0.740 cv= 0.601 d2=0.176   new (7.3s)
[  5/50] versionb             0ed87c75239d73f8 seed=0 n=48 regret=0.1690 a*=0.684 cv= 1.321 d2=0.198 GATED (6.3s)
[  5/50] versionb_random      0ed87c75239d73f8 seed=0 n=48 regret=0.1690 a*=0.217      -    d2=0.251 GATED (4.8s)
[  5/50] plate1_only          0ed87c75239d73f8 seed=0 n=48 regret=0.0669 a*=0.812      -             GATED (4.7s)
[  5/50] doe                  0ed87c75239d73f8 seed=0 n=48 regret=0.0871 a*=0.826      -             GATED (5.7s)
[  5/50] qlognei              0ed87c75239d73f8 seed=0 n=48 regret=0.1465 a*=0.186      -             GATED (26.2s)
[  5/50] versionb_predictive  0ed87c75239d73f8 seed=0 n=48 regret=0.0764 a*=0.605 cv= 0.435 d2=0.159   new (5.8s)
[  6/50] versionb             0ed87c75239d73f8 seed=1 n=48 regret=0.1549 a*=0.783 cv= 2.116 d2=0.196 GATED (5.6s)
[  6/50] versionb_random      0ed87c75239d73f8 seed=1 n=48 regret=0.1549 a*=0.861      -    d2=0.374 GATED (5.9s)
[  6/50] plate1_only          0ed87c75239d73f8 seed=1 n=48 regret=0.1046 a*=0.375      -             GATED (4.4s)
[  6/50] doe                  0ed87c75239d73f8 seed=1 n=48 regret=0.0844 a*=0.846      -             GATED (7.4s)
[  6/50] qlognei              0ed87c75239d73f8 seed=1 n=48 regret=0.0394 a*=0.641      -             GATED (39.2s)
[  6/50] versionb_predictive  0ed87c75239d73f8 seed=1 n=48 regret=0.1549 a*=0.859 cv= 0.720 d2=0.186   new (7.1s)
[  7/50] versionb             32bb966a18f1d863 seed=0 n=48 regret=0.1175 a*=0.516 cv= 1.213 d2=0.152 GATED (6.6s)
[  7/50] versionb_random      32bb966a18f1d863 seed=0 n=48 regret=0.1175 a*=0.482      -    d2=0.251 GATED (5.7s)
[  7/50] plate1_only          32bb966a18f1d863 seed=0 n=48 regret=0.0709 a*=0.775      -             GATED (5.7s)
[  7/50] doe                  32bb966a18f1d863 seed=0 n=48 regret=0.1224 a*=0.895      -             GATED (10.2s)
[  7/50] qlognei              32bb966a18f1d863 seed=0 n=48 regret=0.1212 a*=0.486      -             GATED (40.4s)
[  7/50] versionb_predictive  32bb966a18f1d863 seed=0 n=48 regret=0.1175 a*=0.516 cv= 0.500 d2=0.152   new (6.7s)
[  8/50] versionb             32bb966a18f1d863 seed=1 n=48 regret=0.2324 a*=0.859 cv= 3.131 d2=0.230 GATED (5.7s)
[  8/50] versionb_random      32bb966a18f1d863 seed=1 n=48 regret=0.2324 a*=0.664      -    d2=0.374 GATED (7.5s)
[  8/50] plate1_only          32bb966a18f1d863 seed=1 n=48 regret=0.0512 a*=0.695      -             GATED (4.6s)
[  8/50] doe                  32bb966a18f1d863 seed=1 n=48 regret=0.1131 a*=0.775      -             GATED (7.0s)
[  8/50] qlognei              32bb966a18f1d863 seed=1 n=48 regret=0.1342 a*=0.852      -             GATED (42.9s)
[  8/50] versionb_predictive  32bb966a18f1d863 seed=1 n=48 regret=0.2324 a*=0.709 cv= 0.804 d2=0.237   new (5.2s)
[  9/50] versionb             443c180247c17191 seed=0 n=48 regret=0.0678 a*=0.662 cv= 0.895 d2=0.188 GATED (7.4s)
[  9/50] versionb_random      443c180247c17191 seed=0 n=48 regret=0.0678 a*=0.527      -    d2=0.251 GATED (4.7s)
[  9/50] plate1_only          443c180247c17191 seed=0 n=48 regret=0.1934 a*=0.566      -             GATED (4.6s)
[  9/50] doe                  443c180247c17191 seed=0 n=48 regret=0.0725 a*=0.799      -             GATED (7.3s)
[  9/50] qlognei              443c180247c17191 seed=0 n=48 regret=0.2778 a*=0.703      -             GATED (51.9s)
[  9/50] versionb_predictive  443c180247c17191 seed=0 n=48 regret=0.0678 a*=0.684 cv= 0.492 d2=0.205   new (6.7s)
[ 10/50] versionb             443c180247c17191 seed=1 n=48 regret=0.2313 a*=0.807 cv= 1.385 d2=0.143 GATED (6.2s)
[ 10/50] versionb_random      443c180247c17191 seed=1 n=48 regret=0.2313 a*=0.637      -    d2=0.374 GATED (4.9s)
[ 10/50] plate1_only          443c180247c17191 seed=1 n=48 regret=0.1269 a*=0.537      -             GATED (5.4s)
[ 10/50] doe                  443c180247c17191 seed=1 n=48 regret=0.1202 a*=0.699      -             GATED (5.1s)
[ 10/50] qlognei              443c180247c17191 seed=1 n=48 regret=0.1450 a*=0.686      -             GATED (38.0s)
[ 10/50] versionb_predictive  443c180247c17191 seed=1 n=48 regret=0.2313 a*=0.750 cv= 0.583 d2=0.143   new (5.9s)
[ 11/50] versionb             48b1324dd0461cd9 seed=0 n=48 regret=0.1766 a*=0.770 cv= 1.088 d2=0.153 GATED (7.5s)
[ 11/50] versionb_random      48b1324dd0461cd9 seed=0 n=48 regret=0.1766 a*=0.496      -    d2=0.251 GATED (4.7s)
[ 11/50] plate1_only          48b1324dd0461cd9 seed=0 n=48 regret=0.1158 a*=0.803      -             GATED (6.3s)
[ 11/50] doe                  48b1324dd0461cd9 seed=0 n=48 regret=0.0758 a*=0.898      -             GATED (6.8s)
[ 11/50] qlognei              48b1324dd0461cd9 seed=0 n=48 regret=0.0162 a*=0.986      -             GATED (49.4s)
[ 11/50] versionb_predictive  48b1324dd0461cd9 seed=0 n=48 regret=0.1592 a*=0.553 cv= 0.261 d2=0.159   new (5.4s)
[ 12/50] versionb             48b1324dd0461cd9 seed=1 n=48 regret=0.1782 a*=0.826 cv= 1.123 d2=0.264 GATED (8.6s)
[ 12/50] versionb_random      48b1324dd0461cd9 seed=1 n=48 regret=0.1782 a*=0.906      -    d2=0.374 GATED (7.9s)
[ 12/50] plate1_only          48b1324dd0461cd9 seed=1 n=48 regret=0.0555 a*=0.492      -             GATED (5.4s)
[ 12/50] doe                  48b1324dd0461cd9 seed=1 n=48 regret=0.1130 a*=0.832      -             GATED (8.7s)
[ 12/50] qlognei              48b1324dd0461cd9 seed=1 n=48 regret=0.1366 a*=0.693      -             GATED (49.8s)
[ 12/50] versionb_predictive  48b1324dd0461cd9 seed=1 n=48 regret=0.1782 a*=0.881 cv= 0.531 d2=0.337   new (8.1s)
[ 13/50] versionb             4d4f7158b65b52ba seed=0 n=48 regret=0.0698 a*=0.686 cv= 1.042 d2=0.103 GATED (6.5s)
[ 13/50] versionb_random      4d4f7158b65b52ba seed=0 n=48 regret=0.0698 a*=0.447      -    d2=0.251 GATED (8.0s)
[ 13/50] plate1_only          4d4f7158b65b52ba seed=0 n=48 regret=0.2527 a*=0.717      -             GATED (7.1s)
[ 13/50] doe                  4d4f7158b65b52ba seed=0 n=48 regret=0.0875 a*=0.811      -             GATED (7.8s)
[ 13/50] qlognei              4d4f7158b65b52ba seed=0 n=48 regret=0.2756 a*=0.480      -             GATED (42.2s)
[ 13/50] versionb_predictive  4d4f7158b65b52ba seed=0 n=48 regret=0.0494 a*=0.865 cv= 0.518 d2=0.119   new (7.8s)
[ 14/50] versionb             4d4f7158b65b52ba seed=1 n=48 regret=0.2082 a*=0.881 cv= 1.890 d2=0.163 GATED (6.0s)
[ 14/50] versionb_random      4d4f7158b65b52ba seed=1 n=48 regret=0.2082 a*=0.768      -    d2=0.374 GATED (5.2s)
[ 14/50] plate1_only          4d4f7158b65b52ba seed=1 n=48 regret=0.1621 a*=0.664      -             GATED (6.0s)
[ 14/50] doe                  4d4f7158b65b52ba seed=1 n=48 regret=0.1226 a*=0.510      -             GATED (7.9s)
[ 14/50] qlognei              4d4f7158b65b52ba seed=1 n=48 regret=0.2653 a*=0.523      -             GATED (42.7s)
[ 14/50] versionb_predictive  4d4f7158b65b52ba seed=1 n=48 regret=0.2082 a*=0.760 cv= 0.589 d2=0.163   new (7.4s)
[ 15/50] versionb             51cf489c521a6911 seed=0 n=48 regret=0.1908 a*=0.496 cv= 1.336 d2=0.180 GATED (10.8s)
[ 15/50] versionb_random      51cf489c521a6911 seed=0 n=48 regret=0.1908 a*=0.471      -    d2=0.251 GATED (7.4s)
[ 15/50] plate1_only          51cf489c521a6911 seed=0 n=48 regret=0.1923 a*=0.766      -             GATED (6.3s)
[ 15/50] doe                  51cf489c521a6911 seed=0 n=48 regret=0.0760 a*=0.631      -             GATED (11.3s)
[ 15/50] qlognei              51cf489c521a6911 seed=0 n=48 regret=0.0729 a*=0.654      -             GATED (59.9s)
[ 15/50] versionb_predictive  51cf489c521a6911 seed=0 n=48 regret=0.1908 a*=0.658 cv= 0.602 d2=0.219   new (7.2s)
[ 16/50] versionb             51cf489c521a6911 seed=1 n=48 regret=0.2204 a*=0.623 cv= 1.098 d2=0.187 GATED (6.8s)
[ 16/50] versionb_random      51cf489c521a6911 seed=1 n=48 regret=0.2204 a*=0.771      -    d2=0.374 GATED (6.0s)
[ 16/50] plate1_only          51cf489c521a6911 seed=1 n=48 regret=0.2282 a*=0.350      -             GATED (3.9s)
[ 16/50] doe                  51cf489c521a6911 seed=1 n=48 regret=0.1553 a*=0.424      -             GATED (5.5s)
[ 16/50] qlognei              51cf489c521a6911 seed=1 n=48 regret=0.2210 a*=0.416      -             GATED (37.1s)
[ 16/50] versionb_predictive  51cf489c521a6911 seed=1 n=48 regret=0.2204 a*=0.551 cv= 0.601 d2=0.223   new (7.3s)
[ 17/50] versionb             578e5d8768359f0f seed=0 n=48 regret=0.1000 a*=0.541 cv= 2.364 d2=0.159 GATED (7.2s)
[ 17/50] versionb_random      578e5d8768359f0f seed=0 n=48 regret=0.1865 a*=0.289      -    d2=0.251 GATED (6.5s)
[ 17/50] plate1_only          578e5d8768359f0f seed=0 n=48 regret=0.0725 a*=0.865      -             GATED (6.2s)
[ 17/50] doe                  578e5d8768359f0f seed=0 n=48 regret=0.1162 a*=0.744      -             GATED (7.9s)
[ 17/50] qlognei              578e5d8768359f0f seed=0 n=48 regret=0.0796 a*=0.730      -             GATED (54.9s)
[ 17/50] versionb_predictive  578e5d8768359f0f seed=0 n=48 regret=0.0859 a*=0.494 cv= 0.267 d2=0.159   new (6.2s)
[ 18/50] versionb             578e5d8768359f0f seed=1 n=48 regret=0.1365 a*=0.811 cv= 1.628 d2=0.255 GATED (8.1s)
[ 18/50] versionb_random      578e5d8768359f0f seed=1 n=48 regret=0.1365 a*=0.859      -    d2=0.374 GATED (7.5s)
[ 18/50] plate1_only          578e5d8768359f0f seed=1 n=48 regret=0.0194 a*=0.533      -             GATED (5.4s)
[ 18/50] doe                  578e5d8768359f0f seed=1 n=48 regret=0.0927 a*=0.805      -             GATED (7.9s)
[ 18/50] qlognei              578e5d8768359f0f seed=1 n=48 regret=0.1037 a*=0.070      -             GATED (50.7s)
[ 18/50] versionb_predictive  578e5d8768359f0f seed=1 n=48 regret=0.1365 a*=0.791 cv= 0.680 d2=0.222   new (7.5s)
[ 19/50] versionb             59e420274f4385d9 seed=0 n=48 regret=0.1327 a*=0.771 cv= 0.956 d2=0.153 GATED (6.5s)
[ 19/50] versionb_random      59e420274f4385d9 seed=0 n=48 regret=0.1327 a*=0.223      -    d2=0.251 GATED (5.4s)
[ 19/50] plate1_only          59e420274f4385d9 seed=0 n=48 regret=0.0734 a*=0.725      -             GATED (6.6s)
[ 19/50] doe                  59e420274f4385d9 seed=0 n=48 regret=0.1019 a*=0.873      -             GATED (8.1s)
[ 19/50] qlognei              59e420274f4385d9 seed=0 n=48 regret=0.1196 a*=0.680      -             GATED (43.4s)
[ 19/50] versionb_predictive  59e420274f4385d9 seed=0 n=48 regret=0.1327 a*=0.859 cv= 0.436 d2=0.188   new (5.8s)
[ 20/50] versionb             59e420274f4385d9 seed=1 n=48 regret=0.1908 a*=0.787 cv= 3.557 d2=0.218 GATED (6.8s)
[ 20/50] versionb_random      59e420274f4385d9 seed=1 n=48 regret=0.1908 a*=0.852      -    d2=0.374 GATED (5.8s)
[ 20/50] plate1_only          59e420274f4385d9 seed=1 n=48 regret=0.1493 a*=0.389      -             GATED (5.7s)
[ 20/50] doe                  59e420274f4385d9 seed=1 n=48 regret=0.0848 a*=0.793      -             GATED (8.3s)
[ 20/50] qlognei              59e420274f4385d9 seed=1 n=48 regret=0.2580 a*=0.504      -             GATED (31.6s)
[ 20/50] versionb_predictive  59e420274f4385d9 seed=1 n=48 regret=0.1908 a*=0.713 cv= 0.900 d2=0.218   new (5.4s)
[ 21/50] versionb             5b3926ef2c5fe4b6 seed=0 n=48 regret=0.1072 a*=0.609 cv= 0.760 d2=0.258 GATED (8.7s)
[ 21/50] versionb_random      5b3926ef2c5fe4b6 seed=0 n=48 regret=0.1072 a*=0.570      -    d2=0.251 GATED (6.2s)
[ 21/50] plate1_only          5b3926ef2c5fe4b6 seed=0 n=48 regret=0.2072 a*=0.771      -             GATED (7.0s)
[ 21/50] doe                  5b3926ef2c5fe4b6 seed=0 n=48 regret=0.0673 a*=0.869      -             GATED (8.1s)
[ 21/50] qlognei              5b3926ef2c5fe4b6 seed=0 n=48 regret=0.1366 a*=0.891      -             GATED (42.8s)
[ 21/50] versionb_predictive  5b3926ef2c5fe4b6 seed=0 n=48 regret=0.1072 a*=0.539 cv= 0.428 d2=0.204   new (8.3s)
[ 22/50] versionb             5b3926ef2c5fe4b6 seed=1 n=48 regret=0.2170 a*=0.699 cv= 0.842 d2=0.257 GATED (7.3s)
[ 22/50] versionb_random      5b3926ef2c5fe4b6 seed=1 n=48 regret=0.2170 a*=0.756      -    d2=0.374 GATED (9.0s)
[ 22/50] plate1_only          5b3926ef2c5fe4b6 seed=1 n=48 regret=0.1333 a*=0.572      -             GATED (5.8s)
[ 22/50] doe                  5b3926ef2c5fe4b6 seed=1 n=48 regret=0.0973 a*=0.781      -             GATED (6.5s)
[ 22/50] qlognei              5b3926ef2c5fe4b6 seed=1 n=48 regret=0.0802 a*=0.744      -             GATED (27.6s)
[ 22/50] versionb_predictive  5b3926ef2c5fe4b6 seed=1 n=48 regret=0.2170 a*=0.730 cv= 0.476 d2=0.257   new (6.1s)
[ 23/50] versionb             763e0f58925816ca seed=0 n=48 regret=0.1668 a*=0.564 cv= 1.724 d2=0.221 GATED (6.2s)
[ 23/50] versionb_random      763e0f58925816ca seed=0 n=48 regret=0.1668 a*=0.412      -    d2=0.251 GATED (4.7s)
[ 23/50] plate1_only          763e0f58925816ca seed=0 n=48 regret=0.1848 a*=0.777      -             GATED (5.1s)
[ 23/50] doe                  763e0f58925816ca seed=0 n=48 regret=0.0970 a*=0.840      -             GATED (7.8s)
[ 23/50] qlognei              763e0f58925816ca seed=0 n=48 regret=0.1163 a*=0.791      -             GATED (38.9s)
[ 23/50] versionb_predictive  763e0f58925816ca seed=0 n=48 regret=0.1668 a*=0.691 cv= 0.706 d2=0.279   new (4.8s)
[ 24/50] versionb             763e0f58925816ca seed=1 n=48 regret=0.2492 a*=0.898 cv= 2.025 d2=0.147 GATED (5.9s)
[ 24/50] versionb_random      763e0f58925816ca seed=1 n=48 regret=0.2492 a*=0.506      -    d2=0.374 GATED (4.4s)
[ 24/50] plate1_only          763e0f58925816ca seed=1 n=48 regret=0.1617 a*=0.553      -             GATED (4.6s)
[ 24/50] doe                  763e0f58925816ca seed=1 n=48 regret=0.1676 a*=0.748      -             GATED (6.0s)
[ 24/50] qlognei              763e0f58925816ca seed=1 n=48 regret=0.2482 a*=0.830      -             GATED (37.1s)
[ 24/50] versionb_predictive  763e0f58925816ca seed=1 n=48 regret=0.2492 a*=0.600 cv= 0.734 d2=0.206   new (6.1s)
[ 25/50] versionb             7b6071e568a98779 seed=0 n=48 regret=0.1143 a*=0.629 cv= 0.810 d2=0.157 GATED (5.7s)
[ 25/50] versionb_random      7b6071e568a98779 seed=0 n=48 regret=0.1143 a*=0.373      -    d2=0.251 GATED (5.3s)
[ 25/50] plate1_only          7b6071e568a98779 seed=0 n=48 regret=0.1528 a*=0.654      -             GATED (5.6s)
[ 25/50] doe                  7b6071e568a98779 seed=0 n=48 regret=0.1033 a*=0.986      -             GATED (8.0s)
[ 25/50] qlognei              7b6071e568a98779 seed=0 n=48 regret=0.0964 a*=0.891      -             GATED (41.2s)
[ 25/50] versionb_predictive  7b6071e568a98779 seed=0 n=48 regret=0.0792 a*=0.896 cv= 0.299 d2=0.116   new (7.0s)
[ 26/50] versionb             7b6071e568a98779 seed=1 n=48 regret=0.2285 a*=0.723 cv= 0.980 d2=0.227 GATED (7.1s)
[ 26/50] versionb_random      7b6071e568a98779 seed=1 n=48 regret=0.2285 a*=0.932      -    d2=0.374 GATED (7.5s)
[ 26/50] plate1_only          7b6071e568a98779 seed=1 n=48 regret=0.1065 a*=0.502      -             GATED (4.0s)
[ 26/50] doe                  7b6071e568a98779 seed=1 n=48 regret=0.0686 a*=0.803      -             GATED (6.6s)
[ 26/50] qlognei              7b6071e568a98779 seed=1 n=48 regret=0.1136 a*=0.809      -             GATED (37.1s)
[ 26/50] versionb_predictive  7b6071e568a98779 seed=1 n=48 regret=0.2285 a*=0.865 cv= 0.488 d2=0.227   new (5.9s)
[ 27/50] versionb             7ef3fc89acece49c seed=0 n=48 regret=0.1631 a*=0.389 cv= 0.655 d2=0.116 GATED (6.4s)
[ 27/50] versionb_random      7ef3fc89acece49c seed=0 n=48 regret=0.1631 a*=0.154      -    d2=0.251 GATED (4.9s)
[ 27/50] plate1_only          7ef3fc89acece49c seed=0 n=48 regret=0.1102 a*=0.854      -             GATED (6.5s)
[ 27/50] doe                  7ef3fc89acece49c seed=0 n=48 regret=0.0566 a*=0.916      -             GATED (6.5s)
[ 27/50] qlognei              7ef3fc89acece49c seed=0 n=48 regret=0.0836 a*=0.861      -             GATED (42.3s)
[ 27/50] versionb_predictive  7ef3fc89acece49c seed=0 n=48 regret=0.1631 a*=0.408 cv= 0.207 d2=0.116   new (6.4s)
[ 28/50] versionb             7ef3fc89acece49c seed=1 n=48 regret=0.0958 a*=0.814 cv= 1.073 d2=0.202 GATED (6.8s)
[ 28/50] versionb_random      7ef3fc89acece49c seed=1 n=48 regret=0.0958 a*=0.910      -    d2=0.374 GATED (6.9s)
[ 28/50] plate1_only          7ef3fc89acece49c seed=1 n=48 regret=0.1411 a*=0.324      -             GATED (4.3s)
[ 28/50] doe                  7ef3fc89acece49c seed=1 n=48 regret=0.0997 a*=0.850      -             GATED (5.7s)
[ 28/50] qlognei              7ef3fc89acece49c seed=1 n=48 regret=0.1460 a*=0.531      -             GATED (22.7s)
[ 28/50] versionb_predictive  7ef3fc89acece49c seed=1 n=48 regret=0.0958 a*=0.857 cv= 0.557 d2=0.202   new (8.0s)
[ 29/50] versionb             7f5c7431c0530e74 seed=0 n=48 regret=0.1654 a*=0.508 cv= 2.088 d2=0.279 GATED (7.4s)
[ 29/50] versionb_random      7f5c7431c0530e74 seed=0 n=48 regret=0.1654 a*=0.510      -    d2=0.251 GATED (6.9s)
[ 29/50] plate1_only          7f5c7431c0530e74 seed=0 n=48 regret=0.1736 a*=0.754      -             GATED (5.4s)
[ 29/50] doe                  7f5c7431c0530e74 seed=0 n=48 regret=0.1382 a*=0.750      -             GATED (8.6s)
[ 29/50] qlognei              7f5c7431c0530e74 seed=0 n=48 regret=0.2154 a*=0.572      -             GATED (42.1s)
[ 29/50] versionb_predictive  7f5c7431c0530e74 seed=0 n=48 regret=0.1654 a*=0.523 cv= 0.737 d2=0.370   new (6.3s)
[ 30/50] versionb             7f5c7431c0530e74 seed=1 n=48 regret=0.1732 a*=0.607 cv= 1.465 d2=0.184 GATED (9.1s)
[ 30/50] versionb_random      7f5c7431c0530e74 seed=1 n=48 regret=0.1732 a*=0.799      -    d2=0.374 GATED (6.8s)
[ 30/50] plate1_only          7f5c7431c0530e74 seed=1 n=48 regret=0.0770 a*=0.527      -             GATED (4.2s)
[ 30/50] doe                  7f5c7431c0530e74 seed=1 n=48 regret=0.1453 a*=0.689      -             GATED (6.8s)
[ 30/50] qlognei              7f5c7431c0530e74 seed=1 n=48 regret=0.1607 a*=0.549      -             GATED (28.3s)
[ 30/50] versionb_predictive  7f5c7431c0530e74 seed=1 n=48 regret=0.1732 a*=0.740 cv= 0.682 d2=0.184   new (6.9s)
[ 31/50] versionb             8abe35e93ddfcad1 seed=0 n=48 regret=0.1783 a*=0.734 cv= 0.866 d2=0.195 GATED (7.3s)
[ 31/50] versionb_random      8abe35e93ddfcad1 seed=0 n=48 regret=0.1820 a*=0.500      -    d2=0.251 GATED (4.3s)
[ 31/50] plate1_only          8abe35e93ddfcad1 seed=0 n=48 regret=0.1436 a*=0.859      -             GATED (4.6s)
[ 31/50] doe                  8abe35e93ddfcad1 seed=0 n=48 regret=0.0954 a*=0.791      -             GATED (7.6s)
[ 31/50] qlognei              8abe35e93ddfcad1 seed=0 n=48 regret=0.1757 a*=0.666      -             GATED (42.6s)
[ 31/50] versionb_predictive  8abe35e93ddfcad1 seed=0 n=48 regret=0.1820 a*=0.498 cv= 0.466 d2=0.195   new (8.1s)
[ 32/50] versionb             8abe35e93ddfcad1 seed=1 n=48 regret=0.1830 a*=0.734 cv= 4.243 d2=0.258 GATED (7.5s)
[ 32/50] versionb_random      8abe35e93ddfcad1 seed=1 n=48 regret=0.1830 a*=0.834      -    d2=0.374 GATED (8.8s)
[ 32/50] plate1_only          8abe35e93ddfcad1 seed=1 n=48 regret=0.0626 a*=0.734      -             GATED (5.9s)
[ 32/50] doe                  8abe35e93ddfcad1 seed=1 n=48 regret=0.0722 a*=0.787      -             GATED (6.8s)
[ 32/50] qlognei              8abe35e93ddfcad1 seed=1 n=48 regret=0.2568 a*=0.475      -             GATED (49.1s)
[ 32/50] versionb_predictive  8abe35e93ddfcad1 seed=1 n=48 regret=0.1830 a*=0.658 cv= 0.915 d2=0.256   new (5.2s)
[ 33/50] versionb             9414bc879284eef0 seed=0 n=48 regret=0.0551 a*=0.805 cv= 1.189 d2=0.202 GATED (5.9s)
[ 33/50] versionb_random      9414bc879284eef0 seed=0 n=48 regret=0.1206 a*=0.582      -    d2=0.251 GATED (5.9s)
[ 33/50] plate1_only          9414bc879284eef0 seed=0 n=48 regret=0.0721 a*=0.748      -             GATED (5.3s)
[ 33/50] doe                  9414bc879284eef0 seed=0 n=48 regret=0.1439 a*=0.871      -             GATED (8.4s)
[ 33/50] qlognei              9414bc879284eef0 seed=0 n=48 regret=0.1337 a*=0.867      -             GATED (64.5s)
[ 33/50] versionb_predictive  9414bc879284eef0 seed=0 n=48 regret=0.0141 a*=0.824 cv= 0.429 d2=0.178   new (7.2s)
[ 34/50] versionb             9414bc879284eef0 seed=1 n=48 regret=0.2317 a*=0.541 cv= 1.698 d2=0.253 GATED (5.7s)
[ 34/50] versionb_random      9414bc879284eef0 seed=1 n=48 regret=0.2317 a*=0.660      -    d2=0.374 GATED (5.5s)
[ 34/50] plate1_only          9414bc879284eef0 seed=1 n=48 regret=0.0199 a*=0.795      -             GATED (5.0s)
[ 34/50] doe                  9414bc879284eef0 seed=1 n=48 regret=0.0824 a*=0.785      -             GATED (6.9s)
[ 34/50] qlognei              9414bc879284eef0 seed=1 n=48 regret=0.0980 a*=0.148      -             GATED (31.5s)
[ 34/50] versionb_predictive  9414bc879284eef0 seed=1 n=48 regret=0.2317 a*=0.654 cv= 0.599 d2=0.193   new (7.9s)
[ 35/50] versionb             9f3cdb4d835c6909 seed=0 n=48 regret=0.1215 a*=0.461 cv= 0.951 d2=0.194 GATED (6.9s)
[ 35/50] versionb_random      9f3cdb4d835c6909 seed=0 n=48 regret=0.1513 a*=0.592      -    d2=0.251 GATED (4.6s)
[ 35/50] plate1_only          9f3cdb4d835c6909 seed=0 n=48 regret=0.1740 a*=0.789      -             GATED (6.8s)
[ 35/50] doe                  9f3cdb4d835c6909 seed=0 n=48 regret=0.0924 a*=0.949      -             GATED (9.9s)
[ 35/50] qlognei              9f3cdb4d835c6909 seed=0 n=48 regret=0.1036 a*=0.852      -             GATED (45.3s)
[ 35/50] versionb_predictive  9f3cdb4d835c6909 seed=0 n=48 regret=0.0490 a*=0.723 cv= 0.372 d2=0.178   new (6.6s)
[ 36/50] versionb             9f3cdb4d835c6909 seed=1 n=48 regret=0.1972 a*=0.748 cv= 0.967 d2=0.176 GATED (6.2s)
[ 36/50] versionb_random      9f3cdb4d835c6909 seed=1 n=48 regret=0.1972 a*=0.834      -    d2=0.374 GATED (3.5s)
[ 36/50] plate1_only          9f3cdb4d835c6909 seed=1 n=48 regret=0.0834 a*=0.592      -             GATED (3.3s)
[ 36/50] doe                  9f3cdb4d835c6909 seed=1 n=48 regret=0.0941 a*=0.809      -             GATED (3.0s)
[ 36/50] qlognei              9f3cdb4d835c6909 seed=1 n=48 regret=0.0477 a*=0.537      -             GATED (12.0s)
[ 36/50] versionb_predictive  9f3cdb4d835c6909 seed=1 n=48 regret=0.1972 a*=0.520 cv= 0.502 d2=0.211   new (2.5s)
[ 37/50] versionb             c75f6d6f50fe2434 seed=0 n=48 regret=0.1080 a*=0.736 cv= 1.020 d2=0.171 GATED (2.8s)
[ 37/50] versionb_random      c75f6d6f50fe2434 seed=0 n=48 regret=0.1080 a*=0.408      -    d2=0.251 GATED (1.9s)
[ 37/50] plate1_only          c75f6d6f50fe2434 seed=0 n=48 regret=0.1175 a*=0.822      -             GATED (1.8s)
[ 37/50] doe                  c75f6d6f50fe2434 seed=0 n=48 regret=0.1172 a*=0.844      -             GATED (4.5s)
[ 37/50] qlognei              c75f6d6f50fe2434 seed=0 n=48 regret=0.1292 a*=0.850      -             GATED (15.7s)
[ 37/50] versionb_predictive  c75f6d6f50fe2434 seed=0 n=48 regret=0.1080 a*=0.494 cv= 0.384 d2=0.193   new (2.3s)
[ 38/50] versionb             c75f6d6f50fe2434 seed=1 n=48 regret=0.1526 a*=0.895 cv= 0.927 d2=0.270 GATED (3.3s)
[ 38/50] versionb_random      c75f6d6f50fe2434 seed=1 n=48 regret=0.1526 a*=0.850      -    d2=0.374 GATED (2.6s)
[ 38/50] plate1_only          c75f6d6f50fe2434 seed=1 n=48 regret=0.1543 a*=0.385      -             GATED (2.7s)
[ 38/50] doe                  c75f6d6f50fe2434 seed=1 n=48 regret=0.1237 a*=0.791      -             GATED (2.6s)
[ 38/50] qlognei              c75f6d6f50fe2434 seed=1 n=48 regret=0.1867 a*=0.588      -             GATED (16.2s)
[ 38/50] versionb_predictive  c75f6d6f50fe2434 seed=1 n=48 regret=0.1526 a*=0.875 cv= 0.537 d2=0.270   new (2.7s)
[ 39/50] versionb             ce7334da318bc5e5 seed=0 n=48 regret=0.1799 a*=0.525 cv= 0.958 d2=0.160 GATED (2.7s)
[ 39/50] versionb_random      ce7334da318bc5e5 seed=0 n=48 regret=0.1799 a*=0.445      -    d2=0.251 GATED (2.2s)
[ 39/50] plate1_only          ce7334da318bc5e5 seed=0 n=48 regret=0.1471 a*=0.797      -             GATED (2.1s)
[ 39/50] doe                  ce7334da318bc5e5 seed=0 n=48 regret=0.0646 a*=0.830      -             GATED (3.0s)
[ 39/50] qlognei              ce7334da318bc5e5 seed=0 n=48 regret=0.2617 a*=0.432      -             GATED (14.1s)
[ 39/50] versionb_predictive  ce7334da318bc5e5 seed=0 n=48 regret=0.1799 a*=0.559 cv= 0.419 d2=0.254   new (3.5s)
[ 40/50] versionb             ce7334da318bc5e5 seed=1 n=48 regret=0.1066 a*=0.869 cv= 2.556 d2=0.271 GATED (3.0s)
[ 40/50] versionb_random      ce7334da318bc5e5 seed=1 n=48 regret=0.1066 a*=0.805      -    d2=0.374 GATED (2.1s)
[ 40/50] plate1_only          ce7334da318bc5e5 seed=1 n=48 regret=0.1080 a*=0.568      -             GATED (2.1s)
[ 40/50] doe                  ce7334da318bc5e5 seed=1 n=48 regret=0.0646 a*=0.773      -             GATED (4.1s)
[ 40/50] qlognei              ce7334da318bc5e5 seed=1 n=48 regret=0.1630 a*=0.637      -             GATED (18.1s)
[ 40/50] versionb_predictive  ce7334da318bc5e5 seed=1 n=48 regret=0.1066 a*=0.953 cv= 0.826 d2=0.271   new (3.7s)
[ 41/50] versionb             da5ec2fbb20c9f9b seed=0 n=48 regret=0.1212 a*=0.504 cv= 1.012 d2=0.194 GATED (3.8s)
[ 41/50] versionb_random      da5ec2fbb20c9f9b seed=0 n=48 regret=0.1212 a*=0.650      -    d2=0.251 GATED (2.9s)
[ 41/50] plate1_only          da5ec2fbb20c9f9b seed=0 n=48 regret=0.1657 a*=0.754      -             GATED (2.6s)
[ 41/50] doe                  da5ec2fbb20c9f9b seed=0 n=48 regret=0.0428 a*=0.936      -             GATED (3.9s)
[ 41/50] qlognei              da5ec2fbb20c9f9b seed=0 n=48 regret=0.0349 a*=0.990      -             GATED (18.7s)
[ 41/50] versionb_predictive  da5ec2fbb20c9f9b seed=0 n=48 regret=0.1212 a*=0.570 cv= 0.436 d2=0.161   new (2.7s)
[ 42/50] versionb             da5ec2fbb20c9f9b seed=1 n=48 regret=0.1765 a*=0.846 cv= 0.985 d2=0.183 GATED (3.7s)
[ 42/50] versionb_random      da5ec2fbb20c9f9b seed=1 n=48 regret=0.1765 a*=0.779      -    d2=0.374 GATED (3.0s)
[ 42/50] plate1_only          da5ec2fbb20c9f9b seed=1 n=48 regret=0.0737 a*=0.586      -             GATED (2.1s)
[ 42/50] doe                  da5ec2fbb20c9f9b seed=1 n=48 regret=0.0700 a*=0.781      -             GATED (2.9s)
[ 42/50] qlognei              da5ec2fbb20c9f9b seed=1 n=48 regret=0.1962 a*=0.535      -             GATED (15.2s)
[ 42/50] versionb_predictive  da5ec2fbb20c9f9b seed=1 n=48 regret=0.1765 a*=0.869 cv= 0.506 d2=0.199   new (2.6s)
[ 43/50] versionb             e402c32907f27534 seed=0 n=48 regret=0.0958 a*=0.881 cv= 0.710 d2=0.188 GATED (3.1s)
[ 43/50] versionb_random      e402c32907f27534 seed=0 n=48 regret=0.1089 a*=0.498      -    d2=0.251 GATED (1.9s)
[ 43/50] plate1_only          e402c32907f27534 seed=0 n=48 regret=0.1957 a*=0.660      -             GATED (2.4s)
[ 43/50] doe                  e402c32907f27534 seed=0 n=48 regret=0.1397 a*=0.857      -             GATED (2.9s)
[ 43/50] qlognei              e402c32907f27534 seed=0 n=48 regret=0.1630 a*=0.197      -             GATED (12.7s)
[ 43/50] versionb_predictive  e402c32907f27534 seed=0 n=48 regret=0.1089 a*=0.666 cv= 0.364 d2=0.220   new (3.0s)
[ 44/50] versionb             e402c32907f27534 seed=1 n=48 regret=0.1736 a*=0.518 cv= 5.933 d2=0.196 GATED (2.9s)
[ 44/50] versionb_random      e402c32907f27534 seed=1 n=48 regret=0.1736 a*=0.701      -    d2=0.374 GATED (2.8s)
[ 44/50] plate1_only          e402c32907f27534 seed=1 n=48 regret=0.1179 a*=0.521      -             GATED (2.9s)
[ 44/50] doe                  e402c32907f27534 seed=1 n=48 regret=0.1205 a*=0.668      -             GATED (3.1s)
[ 44/50] qlognei              e402c32907f27534 seed=1 n=48 regret=0.2322 a*=0.182      -             GATED (11.6s)
[ 44/50] versionb_predictive  e402c32907f27534 seed=1 n=48 regret=0.1736 a*=0.631 cv= 0.779 d2=0.214   new (2.4s)
[ 45/50] versionb             e946207e9dfe1876 seed=0 n=48 regret=0.1628 a*=0.609 cv= 1.133 d2=0.148 GATED (3.1s)
[ 45/50] versionb_random      e946207e9dfe1876 seed=0 n=48 regret=0.2104 a*=0.271      -    d2=0.251 GATED (2.3s)
[ 45/50] plate1_only          e946207e9dfe1876 seed=0 n=48 regret=0.1273 a*=0.566      -             GATED (2.0s)
[ 45/50] doe                  e946207e9dfe1876 seed=0 n=48 regret=0.0318 a*=0.852      -             GATED (3.2s)
[ 45/50] qlognei              e946207e9dfe1876 seed=0 n=48 regret=0.1066 a*=0.680      -             GATED (14.4s)
[ 45/50] versionb_predictive  e946207e9dfe1876 seed=0 n=48 regret=0.2104 a*=0.518 cv= 0.295 d2=0.148   new (3.3s)
[ 46/50] versionb             e946207e9dfe1876 seed=1 n=48 regret=0.1895 a*=0.779 cv= 0.858 d2=0.156 GATED (2.6s)
[ 46/50] versionb_random      e946207e9dfe1876 seed=1 n=48 regret=0.1895 a*=0.857      -    d2=0.374 GATED (2.6s)
[ 46/50] plate1_only          e946207e9dfe1876 seed=1 n=48 regret=0.1851 a*=0.195      -             GATED (1.7s)
[ 46/50] doe                  e946207e9dfe1876 seed=1 n=48 regret=0.1044 a*=0.564      -             GATED (3.1s)
[ 46/50] qlognei              e946207e9dfe1876 seed=1 n=48 regret=0.2499 a*=0.359      -             GATED (13.2s)
[ 46/50] versionb_predictive  e946207e9dfe1876 seed=1 n=48 regret=0.1895 a*=0.779 cv= 0.490 d2=0.156   new (2.8s)
[ 47/50] versionb             ef2815cdafff288c seed=0 n=48 regret=0.0358 a*=0.322 cv=37.922 d2=0.169 GATED (3.3s)
[ 47/50] versionb_random      ef2815cdafff288c seed=0 n=48 regret=0.2405 a*=0.096      -    d2=0.251 GATED (1.7s)
[ 47/50] plate1_only          ef2815cdafff288c seed=0 n=48 regret=0.0816 a*=0.703      -             GATED (2.2s)
[ 47/50] doe                  ef2815cdafff288c seed=0 n=48 regret=0.0959 a*=0.756      -             GATED (3.1s)
[ 47/50] qlognei              ef2815cdafff288c seed=0 n=48 regret=0.2127 a*=0.486      -             GATED (17.7s)
[ 47/50] versionb_predictive  ef2815cdafff288c seed=0 n=48 regret=0.1393 a*=0.410 cv= 0.520 d2=0.159   new (2.8s)
[ 48/50] versionb             ef2815cdafff288c seed=1 n=48 regret=0.1348 a*=0.805 cv= 3.355 d2=0.201 GATED (3.4s)
[ 48/50] versionb_random      ef2815cdafff288c seed=1 n=48 regret=0.1348 a*=0.730      -    d2=0.374 GATED (3.2s)
[ 48/50] plate1_only          ef2815cdafff288c seed=1 n=48 regret=0.0361 a*=0.303      -             GATED (2.0s)
[ 48/50] doe                  ef2815cdafff288c seed=1 n=48 regret=0.1149 a*=0.715      -             GATED (2.9s)
