Version C section 4's registered prediction · hartmann6 vs hill
  hartmann6 is multimodal with disconnected superlevel sets, so a single inscribed box is bounded by the largest component; hill is unimodal and has one component, so the decomposition has nothing to recover

building the grid neighbour graph once ...
[   1/300] hill        versionb   d=6 s=0.25 seed=0 comps 0..2 (2.1s)
[   2/300] hill        lhs        d=6 s=0.25 seed=0 comps 0..1 (1.4s)
[   3/300] hill        qlognei    d=6 s=0.25 seed=0 comps 0..4 (6.4s)
[   4/300] hill        versionb   d=6 s=0.25 seed=1 comps 0..7 (1.7s)
[   5/300] hill        lhs        d=6 s=0.25 seed=1 comps 0..5 (1.3s)
[   6/300] hill        qlognei    d=6 s=0.25 seed=1 comps 0..6 (6.6s)
[   7/300] hill        versionb   d=6 s=0.25 seed=2 comps 0..6 (1.6s)
[   8/300] hill        lhs        d=6 s=0.25 seed=2 comps 0..6 (1.4s)
[   9/300] hill        qlognei    d=6 s=0.25 seed=2 comps 0..22 (7.9s)
[  10/300] hill        versionb   d=6 s=0.25 seed=3 comps 0..6 (1.8s)
[  11/300] hill        lhs        d=6 s=0.25 seed=3 comps 0..2 (1.3s)
[  12/300] hill        qlognei    d=6 s=0.25 seed=3 comps 0..9 (7.5s)
[  13/300] hill        versionb   d=6 s=0.25 seed=4 comps 0..1 (1.6s)
[  14/300] hill        lhs        d=6 s=0.25 seed=4 comps 0..1 (1.2s)
[  15/300] hill        qlognei    d=6 s=0.25 seed=4 comps 0..4 (6.2s)
[  16/300] hill        versionb   d=6 s=0.25 seed=5 comps 0..1 (1.3s)
[  17/300] hill        lhs        d=6 s=0.25 seed=5 comps 0..4 (1.1s)
[  18/300] hill        qlognei    d=6 s=0.25 seed=5 comps 0..1 (5.4s)
[  19/300] hill        versionb   d=6 s=0.25 seed=6 comps 0..4 (1.6s)
[  20/300] hill        lhs        d=6 s=0.25 seed=6 comps 0..1 (1.3s)
[  21/300] hill        qlognei    d=6 s=0.25 seed=6 comps 0..12 (7.6s)
[  22/300] hill        versionb   d=6 s=0.25 seed=7 comps 0..1 (1.5s)
[  23/300] hill        lhs        d=6 s=0.25 seed=7 comps 0..19 (1.6s)
[  24/300] hill        qlognei    d=6 s=0.25 seed=7 comps 0..1 (5.0s)
[  25/300] hill        versionb   d=6 s=0.25 seed=8 comps 0..2 (1.5s)
[  26/300] hill        lhs        d=6 s=0.25 seed=8 comps 0..24 (1.7s)
[  27/300] hill        qlognei    d=6 s=0.25 seed=8 comps 0..15 (8.6s)
[  28/300] hill        versionb   d=6 s=0.25 seed=9 comps 0..4 (1.6s)
[  29/300] hill        lhs        d=6 s=0.25 seed=9 comps 0..16 (1.6s)
[  30/300] hill        qlognei    d=6 s=0.25 seed=9 comps 0..2 (5.4s)
[  31/300] hill        versionb   d=6 s=0.25 seed=10 comps 0..1 (1.5s)
[  32/300] hill        lhs        d=6 s=0.25 seed=10 comps 0..3 (1.2s)
[  33/300] hill        qlognei    d=6 s=0.25 seed=10 comps 0..1 (5.0s)
[  34/300] hill        versionb   d=6 s=0.25 seed=11 comps 0..2 (1.6s)
[  35/300] hill        lhs        d=6 s=0.25 seed=11 comps 0..1 (1.2s)
[  36/300] hill        qlognei    d=6 s=0.25 seed=11 comps 0..5 (6.5s)
[  37/300] hill        versionb   d=6 s=0.25 seed=12 comps 0..1 (1.7s)
[  38/300] hill        lhs        d=6 s=0.25 seed=12 comps 0..1 (1.3s)
[  39/300] hill        qlognei    d=6 s=0.25 seed=12 comps 1..10 (8.0s)
[  40/300] hill        versionb   d=6 s=0.25 seed=13 comps 0..2 (1.7s)
[  41/300] hill        lhs        d=6 s=0.25 seed=13 comps 0..9 (1.4s)
[  42/300] hill        qlognei    d=6 s=0.25 seed=13 comps 0..1 (5.4s)
[  43/300] hill        versionb   d=6 s=0.25 seed=14 comps 0..1 (1.5s)
[  44/300] hill        lhs        d=6 s=0.25 seed=14 comps 0..5 (1.3s)
[  45/300] hill        qlognei    d=6 s=0.25 seed=14 comps 0..7 (12.1s)
[  46/300] hill        versionb   d=6 s=0.25 seed=15 comps 1..1 (1.6s)
[  47/300] hill        lhs        d=6 s=0.25 seed=15 comps 0..1 (1.2s)
[  48/300] hill        qlognei    d=6 s=0.25 seed=15 comps 0..10 (6.5s)
[  49/300] hill        versionb   d=6 s=0.25 seed=16 comps 0..1 (1.5s)
[  50/300] hill        lhs        d=6 s=0.25 seed=16 comps 0..1 (1.3s)
[  51/300] hill        qlognei    d=6 s=0.25 seed=16 comps 1..4 (8.1s)
[  52/300] hill        versionb   d=6 s=0.25 seed=17 comps 0..1 (1.4s)
[  53/300] hill        lhs        d=6 s=0.25 seed=17 comps 0..6 (1.2s)
[  54/300] hill        qlognei    d=6 s=0.25 seed=17 comps 0..2 (6.8s)
[  55/300] hill        versionb   d=6 s=0.25 seed=18 comps 0..1 (1.7s)
[  56/300] hill        lhs        d=6 s=0.25 seed=18 comps 0..7 (1.4s)
[  57/300] hill        qlognei    d=6 s=0.25 seed=18 comps 0..2 (8.1s)
[  58/300] hill        versionb   d=6 s=0.25 seed=19 comps 0..8 (1.6s)
[  59/300] hill        lhs        d=6 s=0.25 seed=19 comps 0..1 (1.2s)
[  60/300] hill        qlognei    d=6 s=0.25 seed=19 comps 0..8 (7.2s)
[  61/300] hill        versionb   d=6 s=0.25 seed=20 comps 0..2 (1.3s)
[  62/300] hill        lhs        d=6 s=0.25 seed=20 comps 0..3 (1.2s)
[  63/300] hill        qlognei    d=6 s=0.25 seed=20 comps 0..5 (7.9s)
[  64/300] hill        versionb   d=6 s=0.25 seed=21 comps 0..3 (1.8s)
[  65/300] hill        lhs        d=6 s=0.25 seed=21 comps 0..1 (1.3s)
[  66/300] hill        qlognei    d=6 s=0.25 seed=21 comps 0..2 (7.8s)
[  67/300] hill        versionb   d=6 s=0.25 seed=22 comps 0..3 (1.9s)
[  68/300] hill        lhs        d=6 s=0.25 seed=22 comps 0..1 (1.4s)
[  69/300] hill        qlognei    d=6 s=0.25 seed=22 comps 0..8 (8.4s)
[  70/300] hill        versionb   d=6 s=0.25 seed=23 comps 0..2 (1.6s)
[  71/300] hill        lhs        d=6 s=0.25 seed=23 comps 0..2 (1.3s)
[  72/300] hill        qlognei    d=6 s=0.25 seed=23 comps 0..6 (8.5s)
[  73/300] hill        versionb   d=6 s=0.25 seed=24 comps 0..9 (1.8s)
[  74/300] hill        lhs        d=6 s=0.25 seed=24 comps 0..10 (1.7s)
[  75/300] hill        qlognei    d=6 s=0.25 seed=24 comps 0..3 (7.3s)
[  76/300] hill        versionb   d=6 s=0.1 seed=0 comps 0..1 (1.9s)
[  77/300] hill        lhs        d=6 s=0.1 seed=0 comps 1..4 (1.7s)
[  78/300] hill        qlognei    d=6 s=0.1 seed=0 comps 1..3 (10.1s)
[  79/300] hill        versionb   d=6 s=0.1 seed=1 comps 1..4 (1.9s)
[  80/300] hill        lhs        d=6 s=0.1 seed=1 comps 0..1 (1.4s)
[  81/300] hill        qlognei    d=6 s=0.1 seed=1 comps 1..7 (14.6s)
[  82/300] hill        versionb   d=6 s=0.1 seed=2 comps 1..2 (1.7s)
[  83/300] hill        lhs        d=6 s=0.1 seed=2 comps 1..5 (1.6s)
[  84/300] hill        qlognei    d=6 s=0.1 seed=2 comps 1..11 (10.2s)
[  85/300] hill        versionb   d=6 s=0.1 seed=3 comps 1..5 (1.9s)
[  86/300] hill        lhs        d=6 s=0.1 seed=3 comps 1..3 (1.5s)
[  87/300] hill        qlognei    d=6 s=0.1 seed=3 comps 1..10 (8.0s)
[  88/300] hill        versionb   d=6 s=0.1 seed=4 comps 1..4 (2.0s)
[  89/300] hill        lhs        d=6 s=0.1 seed=4 comps 1..3 (1.6s)
[  90/300] hill        qlognei    d=6 s=0.1 seed=4 comps 1..5 (9.9s)
[  91/300] hill        versionb   d=6 s=0.1 seed=5 comps 1..3 (2.1s)
[  92/300] hill        lhs        d=6 s=0.1 seed=5 comps 1..2 (1.6s)
[  93/300] hill        qlognei    d=6 s=0.1 seed=5 comps 0..1 (8.7s)
[  94/300] hill        versionb   d=6 s=0.1 seed=6 comps 0..7 (2.1s)
[  95/300] hill        lhs        d=6 s=0.1 seed=6 comps 1..6 (1.7s)
[  96/300] hill        qlognei    d=6 s=0.1 seed=6 comps 1..4 (7.6s)
[  97/300] hill        versionb   d=6 s=0.1 seed=7 comps 0..5 (1.8s)
[  98/300] hill        lhs        d=6 s=0.1 seed=7 comps 1..1 (1.4s)
[  99/300] hill        qlognei    d=6 s=0.1 seed=7 comps 1..5 (7.4s)
[ 100/300] hill        versionb   d=6 s=0.1 seed=8 comps 1..6 (1.9s)
[ 101/300] hill        lhs        d=6 s=0.1 seed=8 comps 0..2 (1.4s)
[ 102/300] hill        qlognei    d=6 s=0.1 seed=8 comps 0..14 (10.4s)
[ 103/300] hill        versionb   d=6 s=0.1 seed=9 comps 0..1 (1.6s)
[ 104/300] hill        lhs        d=6 s=0.1 seed=9 comps 1..5 (1.5s)
[ 105/300] hill        qlognei    d=6 s=0.1 seed=9 comps 1..4 (10.3s)
[ 106/300] hill        versionb   d=6 s=0.1 seed=10 comps 0..12 (2.0s)
[ 107/300] hill        lhs        d=6 s=0.1 seed=10 comps 1..6 (1.5s)
[ 108/300] hill        qlognei    d=6 s=0.1 seed=10 comps 1..6 (7.5s)
[ 109/300] hill        versionb   d=6 s=0.1 seed=11 comps 0..1 (1.6s)
[ 110/300] hill        lhs        d=6 s=0.1 seed=11 comps 1..3 (1.4s)
[ 111/300] hill        qlognei    d=6 s=0.1 seed=11 comps 1..9 (8.9s)
[ 112/300] hill        versionb   d=6 s=0.1 seed=12 comps 0..6 (2.0s)
[ 113/300] hill        lhs        d=6 s=0.1 seed=12 comps 0..12 (1.8s)
[ 114/300] hill        qlognei    d=6 s=0.1 seed=12 comps 1..1 (10.0s)
[ 115/300] hill        versionb   d=6 s=0.1 seed=13 comps 1..17 (2.4s)
[ 116/300] hill        lhs        d=6 s=0.1 seed=13 comps 1..3 (1.6s)
[ 117/300] hill        qlognei    d=6 s=0.1 seed=13 comps 1..2 (6.3s)
[ 118/300] hill        versionb   d=6 s=0.1 seed=14 comps 1..2 (1.9s)
[ 119/300] hill        lhs        d=6 s=0.1 seed=14 comps 1..8 (1.8s)
[ 120/300] hill        qlognei    d=6 s=0.1 seed=14 comps 1..8 (11.2s)
[ 121/300] hill        versionb   d=6 s=0.1 seed=15 comps 1..1 (2.2s)
[ 122/300] hill        lhs        d=6 s=0.1 seed=15 comps 1..2 (1.7s)
[ 123/300] hill        qlognei    d=6 s=0.1 seed=15 comps 1..11 (9.6s)
[ 124/300] hill        versionb   d=6 s=0.1 seed=16 comps 1..3 (1.9s)
[ 125/300] hill        lhs        d=6 s=0.1 seed=16 comps 1..1 (1.4s)
[ 126/300] hill        qlognei    d=6 s=0.1 seed=16 comps 1..2 (8.8s)
[ 127/300] hill        versionb   d=6 s=0.1 seed=17 comps 1..2 (1.9s)
[ 128/300] hill        lhs        d=6 s=0.1 seed=17 comps 1..5 (1.6s)
[ 129/300] hill        qlognei    d=6 s=0.1 seed=17 comps 1..9 (9.3s)
[ 130/300] hill        versionb   d=6 s=0.1 seed=18 comps 0..11 (2.3s)
[ 131/300] hill        lhs        d=6 s=0.1 seed=18 comps 1..2 (1.6s)
[ 132/300] hill        qlognei    d=6 s=0.1 seed=18 comps 1..11 (13.0s)
[ 133/300] hill        versionb   d=6 s=0.1 seed=19 comps 0..1 (1.8s)
[ 134/300] hill        lhs        d=6 s=0.1 seed=19 comps 1..3 (1.6s)
[ 135/300] hill        qlognei    d=6 s=0.1 seed=19 comps 1..10 (9.8s)
[ 136/300] hill        versionb   d=6 s=0.1 seed=20 comps 0..1 (1.9s)
[ 137/300] hill        lhs        d=6 s=0.1 seed=20 comps 1..4 (1.6s)
[ 138/300] hill        qlognei    d=6 s=0.1 seed=20 comps 2..19 (11.2s)
[ 139/300] hill        versionb   d=6 s=0.1 seed=21 comps 1..2 (2.1s)
[ 140/300] hill        lhs        d=6 s=0.1 seed=21 comps 0..14 (1.9s)
[ 141/300] hill        qlognei    d=6 s=0.1 seed=21 comps 1..6 (10.2s)
[ 142/300] hill        versionb   d=6 s=0.1 seed=22 comps 1..2 (2.1s)
[ 143/300] hill        lhs        d=6 s=0.1 seed=22 comps 1..4 (1.7s)
[ 144/300] hill        qlognei    d=6 s=0.1 seed=22 comps 1..4 (7.2s)
[ 145/300] hill        versionb   d=6 s=0.1 seed=23 comps 1..6 (2.2s)
[ 146/300] hill        lhs        d=6 s=0.1 seed=23 comps 1..3 (1.6s)
[ 147/300] hill        qlognei    d=6 s=0.1 seed=23 comps 1..8 (12.6s)
[ 148/300] hill        versionb   d=6 s=0.1 seed=24 comps 0..1 (2.0s)
[ 149/300] hill        lhs        d=6 s=0.1 seed=24 comps 0..1 (1.6s)
[ 150/300] hill        qlognei    d=6 s=0.1 seed=24 comps 1..2 (8.5s)
[ 151/300] hartmann6   versionb   d=6 s=0.25 seed=0 comps 0..0 (1.3s)
[ 152/300] hartmann6   lhs        d=6 s=0.25 seed=0 comps 0..0 (0.9s)
[ 153/300] hartmann6   qlognei    d=6 s=0.25 seed=0 comps 0..3 (11.2s)
[ 154/300] hartmann6   versionb   d=6 s=0.25 seed=1 comps 0..0 (1.3s)
[ 155/300] hartmann6   lhs        d=6 s=0.25 seed=1 comps 0..0 (0.9s)
[ 156/300] hartmann6   qlognei    d=6 s=0.25 seed=1 comps 0..0 (9.7s)
[ 157/300] hartmann6   versionb   d=6 s=0.25 seed=2 comps 0..0 (1.3s)
[ 158/300] hartmann6   lhs        d=6 s=0.25 seed=2 comps 0..0 (0.9s)
[ 159/300] hartmann6   qlognei    d=6 s=0.25 seed=2 comps 0..0 (8.9s)
[ 160/300] hartmann6   versionb   d=6 s=0.25 seed=3 comps 0..0 (1.3s)
[ 161/300] hartmann6   lhs        d=6 s=0.25 seed=3 comps 0..0 (0.9s)
[ 162/300] hartmann6   qlognei    d=6 s=0.25 seed=3 comps 0..2 (9.8s)
[ 163/300] hartmann6   versionb   d=6 s=0.25 seed=4 comps 0..0 (1.3s)
[ 164/300] hartmann6   lhs        d=6 s=0.25 seed=4 comps 0..0 (0.9s)
[ 165/300] hartmann6   qlognei    d=6 s=0.25 seed=4 comps 0..0 (8.3s)
[ 166/300] hartmann6   versionb   d=6 s=0.25 seed=5 comps 0..0 (1.3s)
[ 167/300] hartmann6   lhs        d=6 s=0.25 seed=5 comps 0..0 (0.9s)
[ 168/300] hartmann6   qlognei    d=6 s=0.25 seed=5 comps 0..0 (12.0s)
[ 169/300] hartmann6   versionb   d=6 s=0.25 seed=6 comps 0..0 (1.4s)
[ 170/300] hartmann6   lhs        d=6 s=0.25 seed=6 comps 0..0 (0.9s)
[ 171/300] hartmann6   qlognei    d=6 s=0.25 seed=6 comps 0..0 (9.3s)
[ 172/300] hartmann6   versionb   d=6 s=0.25 seed=7 comps 0..0 (1.3s)
[ 173/300] hartmann6   lhs        d=6 s=0.25 seed=7 comps 0..0 (0.9s)
[ 174/300] hartmann6   qlognei    d=6 s=0.25 seed=7 comps 0..0 (9.8s)
[ 175/300] hartmann6   versionb   d=6 s=0.25 seed=8 comps 0..0 (1.3s)
[ 176/300] hartmann6   lhs        d=6 s=0.25 seed=8 comps 0..0 (0.9s)
[ 177/300] hartmann6   qlognei    d=6 s=0.25 seed=8 comps 0..0 (8.3s)
[ 178/300] hartmann6   versionb   d=6 s=0.25 seed=9 comps 0..0 (1.4s)
[ 179/300] hartmann6   lhs        d=6 s=0.25 seed=9 comps 0..0 (0.9s)
[ 180/300] hartmann6   qlognei    d=6 s=0.25 seed=9 comps 0..0 (8.6s)
[ 181/300] hartmann6   versionb   d=6 s=0.25 seed=10 comps 0..0 (1.4s)
[ 182/300] hartmann6   lhs        d=6 s=0.25 seed=10 comps 0..0 (0.9s)
[ 183/300] hartmann6   qlognei    d=6 s=0.25 seed=10 comps 0..0 (9.0s)
[ 184/300] hartmann6   versionb   d=6 s=0.25 seed=11 comps 0..0 (1.4s)
[ 185/300] hartmann6   lhs        d=6 s=0.25 seed=11 comps 0..0 (0.9s)
[ 186/300] hartmann6   qlognei    d=6 s=0.25 seed=11 comps 0..0 (6.6s)
[ 187/300] hartmann6   versionb   d=6 s=0.25 seed=12 comps 0..0 (1.3s)
[ 188/300] hartmann6   lhs        d=6 s=0.25 seed=12 comps 0..0 (0.9s)
[ 189/300] hartmann6   qlognei    d=6 s=0.25 seed=12 comps 0..0 (8.9s)
[ 190/300] hartmann6   versionb   d=6 s=0.25 seed=13 comps 0..0 (1.4s)
[ 191/300] hartmann6   lhs        d=6 s=0.25 seed=13 comps 0..0 (0.9s)
[ 192/300] hartmann6   qlognei    d=6 s=0.25 seed=13 comps 0..1 (8.6s)
[ 193/300] hartmann6   versionb   d=6 s=0.25 seed=14 comps 0..0 (1.3s)
[ 194/300] hartmann6   lhs        d=6 s=0.25 seed=14 comps 0..0 (0.9s)
[ 195/300] hartmann6   qlognei    d=6 s=0.25 seed=14 comps 0..0 (9.0s)
[ 196/300] hartmann6   versionb   d=6 s=0.25 seed=15 comps 0..0 (1.3s)
[ 197/300] hartmann6   lhs        d=6 s=0.25 seed=15 comps 0..0 (0.9s)
[ 198/300] hartmann6   qlognei    d=6 s=0.25 seed=15 comps 0..0 (7.7s)
[ 199/300] hartmann6   versionb   d=6 s=0.25 seed=16 comps 0..0 (1.3s)
[ 200/300] hartmann6   lhs        d=6 s=0.25 seed=16 comps 0..0 (0.9s)
[ 201/300] hartmann6   qlognei    d=6 s=0.25 seed=16 comps 0..2 (8.6s)
[ 202/300] hartmann6   versionb   d=6 s=0.25 seed=17 comps 0..0 (1.3s)
[ 203/300] hartmann6   lhs        d=6 s=0.25 seed=17 comps 0..0 (0.9s)
[ 204/300] hartmann6   qlognei    d=6 s=0.25 seed=17 comps 0..0 (8.0s)
[ 205/300] hartmann6   versionb   d=6 s=0.25 seed=18 comps 0..0 (1.3s)
[ 206/300] hartmann6   lhs        d=6 s=0.25 seed=18 comps 0..0 (0.9s)
[ 207/300] hartmann6   qlognei    d=6 s=0.25 seed=18 comps 0..0 (7.1s)
[ 208/300] hartmann6   versionb   d=6 s=0.25 seed=19 comps 0..0 (1.3s)
[ 209/300] hartmann6   lhs        d=6 s=0.25 seed=19 comps 0..0 (0.9s)
[ 210/300] hartmann6   qlognei    d=6 s=0.25 seed=19 comps 0..8 (15.1s)
[ 211/300] hartmann6   versionb   d=6 s=0.25 seed=20 comps 0..0 (1.5s)
[ 212/300] hartmann6   lhs        d=6 s=0.25 seed=20 comps 0..0 (2.5s)
[ 213/300] hartmann6   qlognei    d=6 s=0.25 seed=20 comps 0..0 (10.2s)
[ 214/300] hartmann6   versionb   d=6 s=0.25 seed=21 comps 0..0 (1.4s)
[ 215/300] hartmann6   lhs        d=6 s=0.25 seed=21 comps 0..0 (1.0s)
[ 216/300] hartmann6   qlognei    d=6 s=0.25 seed=21 comps 0..3 (10.8s)
[ 217/300] hartmann6   versionb   d=6 s=0.25 seed=22 comps 0..0 (1.7s)
[ 218/300] hartmann6   lhs        d=6 s=0.25 seed=22 comps 0..0 (1.2s)
[ 219/300] hartmann6   qlognei    d=6 s=0.25 seed=22 comps 0..0 (10.0s)
[ 220/300] hartmann6   versionb   d=6 s=0.25 seed=23 comps 0..0 (2.2s)
[ 221/300] hartmann6   lhs        d=6 s=0.25 seed=23 comps 0..0 (1.1s)
[ 222/300] hartmann6   qlognei    d=6 s=0.25 seed=23 comps 0..0 (15.4s)
[ 223/300] hartmann6   versionb   d=6 s=0.25 seed=24 comps 0..0 (1.6s)
[ 224/300] hartmann6   lhs        d=6 s=0.25 seed=24 comps 0..0 (1.3s)
[ 225/300] hartmann6   qlognei    d=6 s=0.25 seed=24 comps 0..0 (9.0s)
[ 226/300] hartmann6   versionb   d=6 s=0.1 seed=0 comps 0..0 (1.7s)
[ 227/300] hartmann6   lhs        d=6 s=0.1 seed=0 comps 0..0 (1.0s)
[ 228/300] hartmann6   qlognei    d=6 s=0.1 seed=0 comps 0..0 (8.0s)
[ 229/300] hartmann6   versionb   d=6 s=0.1 seed=1 comps 0..0 (1.8s)
[ 230/300] hartmann6   lhs        d=6 s=0.1 seed=1 comps 0..0 (1.1s)
[ 231/300] hartmann6   qlognei    d=6 s=0.1 seed=1 comps 0..4 (11.5s)
[ 232/300] hartmann6   versionb   d=6 s=0.1 seed=2 comps 0..0 (1.4s)
[ 233/300] hartmann6   lhs        d=6 s=0.1 seed=2 comps 0..0 (1.0s)
[ 234/300] hartmann6   qlognei    d=6 s=0.1 seed=2 comps 0..0 (13.4s)
[ 235/300] hartmann6   versionb   d=6 s=0.1 seed=3 comps 0..0 (1.8s)
[ 236/300] hartmann6   lhs        d=6 s=0.1 seed=3 comps 0..0 (1.0s)
[ 237/300] hartmann6   qlognei    d=6 s=0.1 seed=3 comps 0..0 (8.7s)
[ 238/300] hartmann6   versionb   d=6 s=0.1 seed=4 comps 0..0 (2.2s)
[ 239/300] hartmann6   lhs        d=6 s=0.1 seed=4 comps 0..0 (1.1s)
[ 240/300] hartmann6   qlognei    d=6 s=0.1 seed=4 comps 0..1 (9.0s)
[ 241/300] hartmann6   versionb   d=6 s=0.1 seed=5 comps 0..0 (1.4s)
[ 242/300] hartmann6   lhs        d=6 s=0.1 seed=5 comps 0..0 (1.2s)
[ 243/300] hartmann6   qlognei    d=6 s=0.1 seed=5 comps 0..3 (10.1s)
[ 244/300] hartmann6   versionb   d=6 s=0.1 seed=6 comps 0..0 (1.6s)
[ 245/300] hartmann6   lhs        d=6 s=0.1 seed=6 comps 0..0 (1.0s)
[ 246/300] hartmann6   qlognei    d=6 s=0.1 seed=6 comps 0..0 (11.2s)
[ 247/300] hartmann6   versionb   d=6 s=0.1 seed=7 comps 0..0 (1.5s)
[ 248/300] hartmann6   lhs        d=6 s=0.1 seed=7 comps 0..0 (1.0s)
[ 249/300] hartmann6   qlognei    d=6 s=0.1 seed=7 comps 0..1 (12.1s)
[ 250/300] hartmann6   versionb   d=6 s=0.1 seed=8 comps 0..0 (1.4s)
[ 251/300] hartmann6   lhs        d=6 s=0.1 seed=8 comps 0..0 (0.9s)
[ 252/300] hartmann6   qlognei    d=6 s=0.1 seed=8 comps 0..3 (11.1s)
[ 253/300] hartmann6   versionb   d=6 s=0.1 seed=9 comps 0..0 (1.3s)
[ 254/300] hartmann6   lhs        d=6 s=0.1 seed=9 comps 0..0 (0.9s)
[ 255/300] hartmann6   qlognei    d=6 s=0.1 seed=9 comps 0..2 (8.8s)
[ 256/300] hartmann6   versionb   d=6 s=0.1 seed=10 comps 0..5 (1.6s)
[ 257/300] hartmann6   lhs        d=6 s=0.1 seed=10 comps 0..0 (0.9s)
[ 258/300] hartmann6   qlognei    d=6 s=0.1 seed=10 comps 0..3 (10.7s)
[ 259/300] hartmann6   versionb   d=6 s=0.1 seed=11 comps 0..0 (1.4s)
[ 260/300] hartmann6   lhs        d=6 s=0.1 seed=11 comps 0..0 (1.0s)
[ 261/300] hartmann6   qlognei    d=6 s=0.1 seed=11 comps 0..2 (7.0s)
[ 262/300] hartmann6   versionb   d=6 s=0.1 seed=12 comps 0..0 (1.3s)
[ 263/300] hartmann6   lhs        d=6 s=0.1 seed=12 comps 0..0 (0.9s)
[ 264/300] hartmann6   qlognei    d=6 s=0.1 seed=12 comps 0..2 (9.8s)
[ 265/300] hartmann6   versionb   d=6 s=0.1 seed=13 comps 0..0 (1.3s)
[ 266/300] hartmann6   lhs        d=6 s=0.1 seed=13 comps 0..0 (0.9s)
[ 267/300] hartmann6   qlognei    d=6 s=0.1 seed=13 comps 0..4 (10.9s)
[ 268/300] hartmann6   versionb   d=6 s=0.1 seed=14 comps 0..0 (1.3s)
[ 269/300] hartmann6   lhs        d=6 s=0.1 seed=14 comps 0..0 (0.9s)
[ 270/300] hartmann6   qlognei    d=6 s=0.1 seed=14 comps 0..2 (8.7s)
[ 271/300] hartmann6   versionb   d=6 s=0.1 seed=15 comps 0..0 (1.4s)
[ 272/300] hartmann6   lhs        d=6 s=0.1 seed=15 comps 0..0 (0.9s)
[ 273/300] hartmann6   qlognei    d=6 s=0.1 seed=15 comps 0..4 (8.5s)
[ 274/300] hartmann6   versionb   d=6 s=0.1 seed=16 comps 0..0 (1.3s)
[ 275/300] hartmann6   lhs        d=6 s=0.1 seed=16 comps 0..0 (0.9s)
[ 276/300] hartmann6   qlognei    d=6 s=0.1 seed=16 comps 1..1 (9.4s)
[ 277/300] hartmann6   versionb   d=6 s=0.1 seed=17 comps 0..0 (1.4s)
[ 278/300] hartmann6   lhs        d=6 s=0.1 seed=17 comps 0..0 (1.2s)
[ 279/300] hartmann6   qlognei    d=6 s=0.1 seed=17 comps 0..5 (10.8s)
[ 280/300] hartmann6   versionb   d=6 s=0.1 seed=18 comps 0..1 (1.4s)
[ 281/300] hartmann6   lhs        d=6 s=0.1 seed=18 comps 0..0 (0.9s)
[ 282/300] hartmann6   qlognei    d=6 s=0.1 seed=18 comps 0..3 (10.4s)
[ 283/300] hartmann6   versionb   d=6 s=0.1 seed=19 comps 0..3 (1.4s)
[ 284/300] hartmann6   lhs        d=6 s=0.1 seed=19 comps 0..0 (0.9s)
[ 285/300] hartmann6   qlognei    d=6 s=0.1 seed=19 comps 0..2 (10.1s)
[ 286/300] hartmann6   versionb   d=6 s=0.1 seed=20 comps 0..0 (1.3s)
[ 287/300] hartmann6   lhs        d=6 s=0.1 seed=20 comps 0..0 (0.9s)
[ 288/300] hartmann6   qlognei    d=6 s=0.1 seed=20 comps 0..4 (11.4s)
[ 289/300] hartmann6   versionb   d=6 s=0.1 seed=21 comps 0..6 (1.7s)
[ 290/300] hartmann6   lhs        d=6 s=0.1 seed=21 comps 0..0 (0.9s)
[ 291/300] hartmann6   qlognei    d=6 s=0.1 seed=21 comps 0..2 (8.2s)
[ 292/300] hartmann6   versionb   d=6 s=0.1 seed=22 comps 0..4 (1.5s)
[ 293/300] hartmann6   lhs        d=6 s=0.1 seed=22 comps 0..0 (0.9s)
[ 294/300] hartmann6   qlognei    d=6 s=0.1 seed=22 comps 0..13 (11.1s)
[ 295/300] hartmann6   versionb   d=6 s=0.1 seed=23 comps 0..0 (1.3s)
[ 296/300] hartmann6   lhs        d=6 s=0.1 seed=23 comps 0..0 (0.9s)
[ 297/300] hartmann6   qlognei    d=6 s=0.1 seed=23 comps 0..0 (7.5s)
[ 298/300] hartmann6   versionb   d=6 s=0.1 seed=24 comps 0..1 (1.3s)
[ 299/300] hartmann6   lhs        d=6 s=0.1 seed=24 comps 0..0 (0.9s)
[ 300/300] hartmann6   qlognei    d=6 s=0.1 seed=24 comps 0..1 (6.8s)

family        components    box gain      n
hill                2.00     0.00045    600
hartmann6           0.27     0.00005    600

PREDICTION DOES NOT HOLD
  the prediction does NOT hold: the decomposition does not separate hartmann6 from hill. Registered in advance as the failure case -- 'if it helps everywhere equally, something is wrong'

wrote versionc-components-family.json · 1200 rows
