Version C section 3.2 · FITTING SET ('hill', 'levy', 'rosenbrock') · held out ('hartmann6', 'ackley')
150 rows · plate1=40 · grid=20000

[   1/150] hill        d=6 s=0.25 seed=0 comp=1   peaks=134  conf=0   add=0.783 ard=10.38 resid=0.84 (3.96s)
[   2/150] hill        d=6 s=0.25 seed=1 comp=1   peaks=84   conf=0   add=0.775 ard=6.98 resid=0.58 (3.79s)
[   3/150] hill        d=6 s=0.25 seed=2 comp=1   peaks=600  conf=0   add=0.785 ard=22.73 resid=0.86 (3.74s)
[   4/150] hill        d=6 s=0.25 seed=3 comp=1   peaks=132  conf=0   add=0.691 ard=8.48 resid=0.81 (3.55s)
[   5/150] hill        d=6 s=0.25 seed=4 comp=1   peaks=119  conf=0   add=0.568 ard=10.08 resid=0.74 (3.38s)
[   6/150] hill        d=6 s=0.25 seed=5 comp=1   peaks=420  conf=0   add=0.641 ard=13.03 resid=1.17 (3.51s)
[   7/150] hill        d=6 s=0.25 seed=6 comp=1   peaks=141  conf=0   add=0.581 ard=6.89 resid=0.65 (3.62s)
[   8/150] hill        d=6 s=0.25 seed=7 comp=1   peaks=53   conf=0   add=0.749 ard=6.19 resid=0.99 (3.45s)
[   9/150] hill        d=6 s=0.25 seed=8 comp=1   peaks=120  conf=0   add=0.503 ard=7.65 resid=0.84 (3.7s)
[  10/150] hill        d=6 s=0.25 seed=9 comp=1   peaks=42   conf=0   add=0.656 ard=4.75 resid=0.73 (4.16s)
[  11/150] hill        d=6 s=0.25 seed=10 comp=1   peaks=141  conf=0   add=0.746 ard=7.65 resid=0.58 (3.91s)
[  12/150] hill        d=6 s=0.25 seed=11 comp=1   peaks=66   conf=0   add=0.518 ard=7.45 resid=0.91 (3.56s)
[  13/150] hill        d=6 s=0.25 seed=12 comp=1   peaks=38   conf=0   add=0.524 ard=4.88 resid=0.85 (3.81s)
[  14/150] hill        d=6 s=0.25 seed=13 comp=1   peaks=147  conf=0   add=0.342 ard=7.91 resid=0.58 (4.31s)
[  15/150] hill        d=6 s=0.25 seed=14 comp=1   peaks=40   conf=0   add=0.689 ard=4.95 resid=1.04 (5.49s)
[  16/150] hill        d=6 s=0.25 seed=15 comp=1   peaks=53   conf=0   add=0.745 ard=5.46 resid=0.70 (5.13s)
[  17/150] hill        d=6 s=0.25 seed=16 comp=1   peaks=84   conf=0   add=0.636 ard=5.11 resid=0.55 (4.97s)
[  18/150] hill        d=6 s=0.25 seed=17 comp=1   peaks=36   conf=0   add=0.711 ard=3.25 resid=0.61 (5.34s)
[  19/150] hill        d=6 s=0.25 seed=18 comp=1   peaks=256  conf=0   add=0.639 ard=9.15 resid=0.61 (4.8s)
[  20/150] hill        d=6 s=0.25 seed=19 comp=1   peaks=31   conf=0   add=0.779 ard=2.18 resid=1.03 (4.68s)
[  21/150] hill        d=6 s=0.25 seed=20 comp=1   peaks=111  conf=0   add=0.105 ard=4.43 resid=0.89 (4.9s)
[  22/150] hill        d=6 s=0.25 seed=21 comp=1   peaks=46   conf=0   add=0.720 ard=5.54 resid=0.91 (5.43s)
[  23/150] hill        d=6 s=0.25 seed=22 comp=1   peaks=134  conf=0   add=0.554 ard=8.92 resid=1.05 (5.17s)
[  24/150] hill        d=6 s=0.25 seed=23 comp=1   peaks=116  conf=0   add=0.539 ard=5.97 resid=0.93 (4.09s)
[  25/150] hill        d=6 s=0.25 seed=24 comp=1   peaks=162  conf=0   add=0.554 ard=7.02 resid=1.71 (3.86s)
[  26/150] hill        d=6 s=0.1 seed=0 comp=1   peaks=135  conf=0   add=0.785 ard=11.55 resid=0.48 (4.11s)
[  27/150] hill        d=6 s=0.1 seed=1 comp=1   peaks=93   conf=0   add=0.769 ard=7.74 resid=0.66 (4.34s)
[  28/150] hill        d=6 s=0.1 seed=2 comp=1   peaks=60   conf=0   add=0.832 ard=7.15 resid=0.68 (4.26s)
[  29/150] hill        d=6 s=0.1 seed=3 comp=1   peaks=63   conf=0   add=0.748 ard=8.79 resid=0.50 (3.9s)
[  30/150] hill        d=6 s=0.1 seed=4 comp=3   peaks=79   conf=0   add=0.586 ard=7.26 resid=0.58 (3.96s)
[  31/150] hill        d=6 s=0.1 seed=5 comp=1   peaks=27   conf=0   add=0.816 ard=5.43 resid=0.65 (3.99s)
[  32/150] hill        d=6 s=0.1 seed=6 comp=4   peaks=143  conf=0   add=0.783 ard=8.47 resid=0.62 (3.91s)
[  33/150] hill        d=6 s=0.1 seed=7 comp=5   peaks=44   conf=0   add=0.886 ard=6.95 resid=0.64 (3.82s)
[  34/150] hill        d=6 s=0.1 seed=8 comp=1   peaks=51   conf=0   add=0.673 ard=7.19 resid=0.61 (4.3s)
[  35/150] hill        d=6 s=0.1 seed=9 comp=1   peaks=64   conf=0   add=0.817 ard=7.90 resid=0.81 (3.74s)
[  36/150] hill        d=6 s=0.1 seed=10 comp=1   peaks=140  conf=0   add=0.806 ard=10.75 resid=0.52 (3.69s)
[  37/150] hill        d=6 s=0.1 seed=11 comp=2   peaks=121  conf=0   add=0.700 ard=9.52 resid=0.52 (4.02s)
[  38/150] hill        d=6 s=0.1 seed=12 comp=1   peaks=30   conf=0   add=0.850 ard=7.53 resid=0.69 (3.72s)
[  39/150] hill        d=6 s=0.1 seed=13 comp=1   peaks=95   conf=0   add=0.621 ard=11.51 resid=0.39 (4.08s)
[  40/150] hill        d=6 s=0.1 seed=14 comp=1   peaks=38   conf=0   add=0.760 ard=6.29 resid=0.91 (4.04s)
[  41/150] hill        d=6 s=0.1 seed=15 comp=2   peaks=38   conf=0   add=0.752 ard=7.12 resid=0.60 (3.76s)
[  42/150] hill        d=6 s=0.1 seed=16 comp=1   peaks=46   conf=0   add=0.628 ard=6.45 resid=0.45 (3.96s)
[  43/150] hill        d=6 s=0.1 seed=17 comp=1   peaks=22   conf=0   add=0.754 ard=2.43 resid=0.44 (4.3s)
[  44/150] hill        d=6 s=0.1 seed=18 comp=1   peaks=37   conf=0   add=0.829 ard=7.74 resid=0.41 (4.12s)
[  45/150] hill        d=6 s=0.1 seed=19 comp=1   peaks=28   conf=0   add=0.772 ard=5.09 resid=0.68 (4.05s)
[  46/150] hill        d=6 s=0.1 seed=20 comp=1   peaks=33   conf=0   add=0.811 ard=3.13 resid=0.59 (4.32s)
[  47/150] hill        d=6 s=0.1 seed=21 comp=1   peaks=45   conf=0   add=0.816 ard=6.04 resid=0.63 (3.52s)
[  48/150] hill        d=6 s=0.1 seed=22 comp=2   peaks=431  conf=0   add=0.538 ard=15.38 resid=0.79 (3.79s)
[  49/150] hill        d=6 s=0.1 seed=23 comp=1   peaks=84   conf=0   add=0.760 ard=8.43 resid=0.56 (4.01s)
[  50/150] hill        d=6 s=0.1 seed=24 comp=2   peaks=33   conf=0   add=0.685 ard=3.95 resid=1.31 (3.88s)
[  51/150] levy        d=6 s=0.25 seed=0 comp=1   peaks=100  conf=0   add=0.633 ard=6.23 resid=0.49 (3.91s)
[  52/150] levy        d=6 s=0.25 seed=1 comp=1   peaks=42   conf=0   add=0.598 ard=5.51 resid=0.90 (4.46s)
[  53/150] levy        d=6 s=0.25 seed=2 comp=1   peaks=91   conf=0   add=0.721 ard=7.42 resid=0.72 (3.99s)
[  54/150] levy        d=6 s=0.25 seed=3 comp=1   peaks=78   conf=0   add=0.562 ard=4.37 resid=1.24 (4.48s)
[  55/150] levy        d=6 s=0.25 seed=4 comp=1   peaks=128  conf=0   add=0.770 ard=7.93 resid=1.13 (3.44s)
[  56/150] levy        d=6 s=0.25 seed=5 comp=1   peaks=159  conf=0   add=0.588 ard=6.70 resid=1.28 (3.5s)
[  57/150] levy        d=6 s=0.25 seed=6 comp=1   peaks=168  conf=0   add=0.702 ard=13.27 resid=0.56 (3.72s)
[  58/150] levy        d=6 s=0.25 seed=7 comp=1   peaks=48   conf=0   add=0.696 ard=5.98 resid=0.85 (3.8s)
[  59/150] levy        d=6 s=0.25 seed=8 comp=1   peaks=152  conf=0   add=0.518 ard=6.45 resid=1.02 (4.23s)
[  60/150] levy        d=6 s=0.25 seed=9 comp=1   peaks=40   conf=0   add=0.801 ard=6.08 resid=1.41 (3.39s)
[  61/150] levy        d=6 s=0.25 seed=10 comp=1   peaks=144  conf=0   add=0.373 ard=4.92 resid=1.01 (3.86s)
[  62/150] levy        d=6 s=0.25 seed=11 comp=1   peaks=39   conf=0   add=0.770 ard=5.71 resid=0.77 (3.65s)
[  63/150] levy        d=6 s=0.25 seed=12 comp=1   peaks=46   conf=0   add=0.608 ard=3.46 resid=1.04 (3.73s)
[  64/150] levy        d=6 s=0.25 seed=13 comp=1   peaks=135  conf=0   add=0.322 ard=4.77 resid=0.70 (4.04s)
[  65/150] levy        d=6 s=0.25 seed=14 comp=1   peaks=46   conf=0   add=0.486 ard=1.95 resid=1.10 (3.84s)
[  66/150] levy        d=6 s=0.25 seed=15 comp=1   peaks=42   conf=0   add=0.606 ard=4.75 resid=1.05 (4.13s)
[  67/150] levy        d=6 s=0.25 seed=16 comp=1   peaks=36   conf=0   add=0.760 ard=3.70 resid=0.74 (4.18s)
[  68/150] levy        d=6 s=0.25 seed=17 comp=1   peaks=40   conf=0   add=0.609 ard=2.28 resid=1.03 (4.02s)
[  69/150] levy        d=6 s=0.25 seed=18 comp=1   peaks=115  conf=0   add=0.625 ard=8.54 resid=0.92 (3.81s)
[  70/150] levy        d=6 s=0.25 seed=19 comp=1   peaks=50   conf=0   add=0.654 ard=3.83 resid=0.69 (4.35s)
[  71/150] levy        d=6 s=0.25 seed=20 comp=1   peaks=93   conf=0   add=0.206 ard=4.33 resid=0.89 (4.22s)
[  72/150] levy        d=6 s=0.25 seed=21 comp=1   peaks=186  conf=0   add=0.388 ard=6.65 resid=1.63 (4.31s)
[  73/150] levy        d=6 s=0.25 seed=22 comp=1   peaks=196  conf=0   add=0.331 ard=7.52 resid=1.08 (4.32s)
[  74/150] levy        d=6 s=0.25 seed=23 comp=1   peaks=141  conf=0   add=0.628 ard=8.84 resid=0.58 (3.89s)
[  75/150] levy        d=6 s=0.25 seed=24 comp=1   peaks=207  conf=0   add=0.869 ard=9.78 resid=1.05 (3.63s)
[  76/150] levy        d=6 s=0.1 seed=0 comp=2   peaks=149  conf=0   add=0.642 ard=9.81 resid=0.34 (3.87s)
[  77/150] levy        d=6 s=0.1 seed=1 comp=1   peaks=37   conf=0   add=0.529 ard=2.60 resid=0.42 (4.59s)
[  78/150] levy        d=6 s=0.1 seed=2 comp=2   peaks=35   conf=0   add=0.779 ard=4.98 resid=0.54 (3.49s)
[  79/150] levy        d=6 s=0.1 seed=3 comp=1   peaks=191  conf=0   add=0.568 ard=10.92 resid=0.31 (4.64s)
[  80/150] levy        d=6 s=0.1 seed=4 comp=1   peaks=78   conf=0   add=0.640 ard=5.82 resid=0.84 (4.19s)
[  81/150] levy        d=6 s=0.1 seed=5 comp=1   peaks=115  conf=0   add=0.419 ard=8.32 resid=0.36 (4.95s)
[  82/150] levy        d=6 s=0.1 seed=6 comp=5   peaks=584  conf=0   add=0.821 ard=30.66 resid=0.65 (4.34s)
[  83/150] levy        d=6 s=0.1 seed=7 comp=1   peaks=42   conf=0   add=0.865 ard=5.85 resid=0.72 (3.49s)
[  84/150] levy        d=6 s=0.1 seed=8 comp=2   peaks=49   conf=0   add=0.634 ard=6.69 resid=0.31 (4.46s)
[  85/150] levy        d=6 s=0.1 seed=9 comp=3   peaks=41   conf=0   add=0.692 ard=4.47 resid=0.84 (4.31s)
[  86/150] levy        d=6 s=0.1 seed=10 comp=1   peaks=157  conf=0   add=0.564 ard=6.48 resid=0.60 (4.18s)
[  87/150] levy        d=6 s=0.1 seed=11 comp=1   peaks=341  conf=0   add=0.531 ard=18.10 resid=0.29 (4.31s)
[  88/150] levy        d=6 s=0.1 seed=12 comp=1   peaks=85   conf=0   add=0.539 ard=7.03 resid=0.53 (4.22s)
[  89/150] levy        d=6 s=0.1 seed=13 comp=1   peaks=70   conf=0   add=0.558 ard=8.65 resid=0.64 (3.74s)
[  90/150] levy        d=6 s=0.1 seed=14 comp=1   peaks=34   conf=0   add=0.525 ard=5.40 resid=0.59 (4.11s)
[  91/150] levy        d=6 s=0.1 seed=15 comp=1   peaks=103  conf=0   add=0.624 ard=8.74 resid=0.47 (4.31s)
[  92/150] levy        d=6 s=0.1 seed=16 comp=1   peaks=33   conf=0   add=0.809 ard=4.41 resid=0.53 (3.8s)
[  93/150] levy        d=6 s=0.1 seed=17 comp=1   peaks=34   conf=0   add=0.576 ard=2.51 resid=0.29 (4.3s)
[  94/150] levy        d=6 s=0.1 seed=18 comp=1   peaks=107  conf=0   add=0.439 ard=12.74 resid=0.46 (4.47s)
[  95/150] levy        d=6 s=0.1 seed=19 comp=1   peaks=68   conf=0   add=0.664 ard=7.42 resid=0.43 (4.49s)
[  96/150] levy        d=6 s=0.1 seed=20 comp=1   peaks=184  conf=0   add=0.426 ard=10.80 resid=0.39 (5.59s)
[  97/150] levy        d=6 s=0.1 seed=21 comp=1   peaks=302  conf=0   add=0.241 ard=11.73 resid=0.62 (4.81s)
[  98/150] levy        d=6 s=0.1 seed=22 comp=1   peaks=66   conf=0   add=0.618 ard=5.00 resid=0.65 (5.04s)
[  99/150] levy        d=6 s=0.1 seed=23 comp=1   peaks=44   conf=0   add=0.810 ard=8.15 resid=0.66 (4.22s)
[ 100/150] levy        d=6 s=0.1 seed=24 comp=1   peaks=93   conf=0   add=0.716 ard=6.16 resid=0.46 (5.62s)
[ 101/150] rosenbrock  d=6 s=0.25 seed=0 comp=1   peaks=111  conf=0   add=0.559 ard=6.54 resid=0.63 (3.92s)
[ 102/150] rosenbrock  d=6 s=0.25 seed=1 comp=1   peaks=43   conf=0   add=0.669 ard=4.40 resid=0.85 (4.0s)
[ 103/150] rosenbrock  d=6 s=0.25 seed=2 comp=1   peaks=75   conf=0   add=0.768 ard=7.09 resid=0.91 (4.13s)
[ 104/150] rosenbrock  d=6 s=0.25 seed=3 comp=1   peaks=95   conf=0   add=0.551 ard=4.44 resid=1.03 (4.89s)
[ 105/150] rosenbrock  d=6 s=0.25 seed=4 comp=1   peaks=136  conf=0   add=0.615 ard=8.47 resid=0.86 (4.28s)
[ 106/150] rosenbrock  d=6 s=0.25 seed=5 comp=1   peaks=50   conf=0   add=0.795 ard=3.71 resid=0.91 (4.38s)
[ 107/150] rosenbrock  d=6 s=0.25 seed=6 comp=1   peaks=93   conf=0   add=0.641 ard=5.46 resid=0.57 (4.56s)
[ 108/150] rosenbrock  d=6 s=0.25 seed=7 comp=1   peaks=69   conf=0   add=0.726 ard=5.75 resid=0.77 (3.89s)
[ 109/150] rosenbrock  d=6 s=0.25 seed=8 comp=1   peaks=169  conf=0   add=0.486 ard=10.83 resid=0.90 (4.29s)
[ 110/150] rosenbrock  d=6 s=0.25 seed=9 comp=2   peaks=43   conf=0   add=0.804 ard=5.57 resid=0.97 (4.14s)
[ 111/150] rosenbrock  d=6 s=0.25 seed=10 comp=1   peaks=27   conf=0   add=0.743 ard=1.00 resid=1.07 (3.83s)
[ 112/150] rosenbrock  d=6 s=0.25 seed=11 comp=1   peaks=52   conf=0   add=0.797 ard=7.94 resid=0.78 (4.07s)
[ 113/150] rosenbrock  d=6 s=0.25 seed=12 comp=1   peaks=48   conf=0   add=0.314 ard=3.89 resid=0.78 (4.35s)
[ 114/150] rosenbrock  d=6 s=0.25 seed=13 comp=1   peaks=114  conf=0   add=0.336 ard=4.99 resid=0.61 (4.32s)
[ 115/150] rosenbrock  d=6 s=0.25 seed=14 comp=1   peaks=46   conf=0   add=0.557 ard=2.78 resid=0.84 (3.48s)
[ 116/150] rosenbrock  d=6 s=0.25 seed=15 comp=1   peaks=122  conf=0   add=0.383 ard=7.39 resid=0.70 (3.62s)
[ 117/150] rosenbrock  d=6 s=0.25 seed=16 comp=1   peaks=29   conf=0   add=0.734 ard=2.84 resid=0.72 (3.64s)
[ 118/150] rosenbrock  d=6 s=0.25 seed=17 comp=1   peaks=39   conf=0   add=0.608 ard=4.29 resid=1.23 (3.8s)
[ 119/150] rosenbrock  d=6 s=0.25 seed=18 comp=1   peaks=58   conf=0   add=0.857 ard=4.06 resid=0.79 (3.85s)
[ 120/150] rosenbrock  d=6 s=0.25 seed=19 comp=1   peaks=30   conf=0   add=0.649 ard=1.89 resid=0.92 (3.8s)
[ 121/150] rosenbrock  d=6 s=0.25 seed=20 comp=1   peaks=81   conf=0   add=0.264 ard=4.28 resid=0.73 (3.85s)
[ 122/150] rosenbrock  d=6 s=0.25 seed=21 comp=1   peaks=109  conf=0   add=0.543 ard=5.71 resid=1.07 (3.51s)
[ 123/150] rosenbrock  d=6 s=0.25 seed=22 comp=1   peaks=119  conf=0   add=0.593 ard=7.51 resid=0.76 (4.06s)
[ 124/150] rosenbrock  d=6 s=0.25 seed=23 comp=1   peaks=155  conf=0   add=0.649 ard=8.95 resid=0.72 (3.58s)
[ 125/150] rosenbrock  d=6 s=0.25 seed=24 comp=1   peaks=306  conf=0   add=0.805 ard=7.67 resid=0.95 (3.74s)
[ 126/150] rosenbrock  d=6 s=0.1 seed=0 comp=1   peaks=62   conf=0   add=0.726 ard=7.23 resid=0.38 (3.5s)
[ 127/150] rosenbrock  d=6 s=0.1 seed=1 comp=1   peaks=29   conf=0   add=0.664 ard=5.35 resid=0.79 (3.88s)
[ 128/150] rosenbrock  d=6 s=0.1 seed=2 comp=1   peaks=60   conf=0   add=0.759 ard=5.92 resid=0.69 (3.88s)
[ 129/150] rosenbrock  d=6 s=0.1 seed=3 comp=1   peaks=41   conf=0   add=0.558 ard=3.21 resid=0.52 (4.24s)
[ 130/150] rosenbrock  d=6 s=0.1 seed=4 comp=1   peaks=47   conf=0   add=0.701 ard=5.77 resid=0.63 (3.77s)
[ 131/150] rosenbrock  d=6 s=0.1 seed=5 comp=1   peaks=33   conf=0   add=0.826 ard=5.67 resid=0.92 (3.44s)
[ 132/150] rosenbrock  d=6 s=0.1 seed=6 comp=1   peaks=39   conf=0   add=0.873 ard=3.96 resid=0.46 (3.59s)
[ 133/150] rosenbrock  d=6 s=0.1 seed=7 comp=1   peaks=37   conf=0   add=0.838 ard=6.34 resid=1.08 (3.52s)
[ 134/150] rosenbrock  d=6 s=0.1 seed=8 comp=1   peaks=77   conf=0   add=0.708 ard=9.78 resid=0.61 (3.66s)
[ 135/150] rosenbrock  d=6 s=0.1 seed=9 comp=1   peaks=29   conf=0   add=0.819 ard=3.01 resid=0.59 (3.36s)
[ 136/150] rosenbrock  d=6 s=0.1 seed=10 comp=1   peaks=57   conf=0   add=0.725 ard=5.13 resid=0.93 (3.53s)
[ 137/150] rosenbrock  d=6 s=0.1 seed=11 comp=1   peaks=36   conf=0   add=0.797 ard=6.02 resid=0.46 (4.03s)
[ 138/150] rosenbrock  d=6 s=0.1 seed=12 comp=1   peaks=50   conf=0   add=0.315 ard=5.50 resid=0.46 (4.06s)
[ 139/150] rosenbrock  d=6 s=0.1 seed=13 comp=1   peaks=55   conf=0   add=0.547 ard=5.91 resid=0.61 (3.6s)
[ 140/150] rosenbrock  d=6 s=0.1 seed=14 comp=1   peaks=28   conf=0   add=0.761 ard=2.21 resid=0.56 (3.52s)
[ 141/150] rosenbrock  d=6 s=0.1 seed=15 comp=1   peaks=168  conf=0   add=0.534 ard=5.49 resid=0.47 (3.79s)
[ 142/150] rosenbrock  d=6 s=0.1 seed=16 comp=1   peaks=39   conf=0   add=0.831 ard=5.18 resid=0.87 (3.47s)
[ 143/150] rosenbrock  d=6 s=0.1 seed=17 comp=1   peaks=25   conf=0   add=0.728 ard=3.57 resid=0.39 (3.94s)
[ 144/150] rosenbrock  d=6 s=0.1 seed=18 comp=1   peaks=68   conf=0   add=0.648 ard=5.19 resid=0.41 (3.85s)
[ 145/150] rosenbrock  d=6 s=0.1 seed=19 comp=1   peaks=40   conf=0   add=0.599 ard=3.30 resid=1.43 (3.16s)
[ 146/150] rosenbrock  d=6 s=0.1 seed=20 comp=1   peaks=63   conf=0   add=0.620 ard=4.66 resid=0.50 (3.47s)
[ 147/150] rosenbrock  d=6 s=0.1 seed=21 comp=1   peaks=111  conf=0   add=0.501 ard=6.81 resid=0.51 (3.82s)
[ 148/150] rosenbrock  d=6 s=0.1 seed=22 comp=1   peaks=97   conf=0   add=0.761 ard=8.83 resid=0.57 (3.22s)
[ 149/150] rosenbrock  d=6 s=0.1 seed=23 comp=1   peaks=62   conf=0   add=0.759 ard=5.35 resid=0.70 (3.31s)
[ 150/150] rosenbrock  d=6 s=0.1 seed=24 comp=2   peaks=94   conf=0   add=0.671 ard=8.04 resid=0.75 (3.3s)

wrote versionc-detector-fit.json · 150 rows
