/Users/alanakwan/Personal Projects/nutrigene-ai-bo-ipsec/.venv/lib/python3.11/site-packages/botorch/optim/optimize.py:844: RuntimeWarning: Optimization failed in `gen_candidates_scipy` with the following warning(s):
[OptimizationWarning('Optimization failed within `scipy.optimize.minimize` with status 2 and message ABNORMAL: .')]
Trying again with a new set of initial conditions.
  return _optimize_acqf_batch(opt_inputs=opt_inputs)
/Users/alanakwan/Personal Projects/nutrigene-ai-bo-ipsec/.venv/lib/python3.11/site-packages/botorch/optim/optimize.py:844: RuntimeWarning: Optimization failed on the second try, after generating a new set of initial conditions.
  return _optimize_acqf_batch(opt_inputs=opt_inputs)
/Users/alanakwan/Personal Projects/nutrigene-ai-bo-ipsec/.venv/lib/python3.11/site-packages/botorch/optim/optimize.py:844: RuntimeWarning: Optimization failed in `gen_candidates_scipy` with the following warning(s):
[OptimizationWarning('Optimization failed within `scipy.optimize.minimize` with status 2 and message ABNORMAL: .')]
Trying again with a new set of initial conditions.
  return _optimize_acqf_batch(opt_inputs=opt_inputs)
/Users/alanakwan/Personal Projects/nutrigene-ai-bo-ipsec/.venv/lib/python3.11/site-packages/botorch/optim/optimize.py:844: RuntimeWarning: Optimization failed in `gen_candidates_scipy` with the following warning(s):
[OptimizationWarning('Optimization failed within `scipy.optimize.minimize` with status 2 and message ABNORMAL: .')]
Trying again with a new set of initial conditions.
  return _optimize_acqf_batch(opt_inputs=opt_inputs)
/Users/alanakwan/Personal Projects/nutrigene-ai-bo-ipsec/.venv/lib/python3.11/site-packages/botorch/optim/optimize.py:844: RuntimeWarning: Optimization failed on the second try, after generating a new set of initial conditions.
  return _optimize_acqf_batch(opt_inputs=opt_inputs)
Q27 · d=8 DoE arm · registration must predate this run · HEAD=1b064e8
stage-1 fraction: 2^(8-4), budget 48, 25 instances x 2 seeds

FIDELITY — the stored d=8 numbers this arm will be compared against:
  cheap arms : 400 rows, max |delta| = 0.000e+00
  BO arms    : 40 rows (5 instances), max |delta| = 0.000e+00

RUNNING the d=8 DoE arm:
  sigma=0.25 done (50 rows)
  sigma=0.1 done (100 rows)

====================================================================================
Q27 · d=8 · sigma_rel=0.25 · 25 instances x 2 seeds <-- Q27 PRIMARY
====================================================================================
      arm  mean regret    median  AUC post-init
      doe       0.0963    0.0960         0.8870  <-- new
   qlogei       0.1284    0.1253         0.8649
  qlognei       0.1086    0.1117         0.8794
   random       0.1712    0.1716         0.8344
    sobol       0.1804    0.1979         0.8285
      lhs       0.1627    0.1688         0.8257
    coord       0.1926    0.1853         0.7917

  paired on instance, DoE minus arm (negative = DoE has LESS regret), n=25:
    vs   qlogei:  -0.0321  [ -0.0478,  -0.0179]  wilcoxon p=0.0003  <-- THE Q27 PRIMARY
    vs  qlognei:  -0.0123  [ -0.0229,  -0.0016]  wilcoxon p=0.0160
    vs   random:  -0.0749  [ -0.0887,  -0.0607]  wilcoxon p=0.0000
    vs    sobol:  -0.0841  [ -0.1082,  -0.0598]  wilcoxon p=0.0000
    vs      lhs:  -0.0664  [ -0.0864,  -0.0445]  wilcoxon p=0.0000
    vs    coord:  -0.0963  [ -0.1164,  -0.0766]  wilcoxon p=0.0000

  minimum detectable paired difference vs qLogEI (80% power, alpha=0.05): 0.0215

  screen: 0.905 of active factors recovered, 0.620 recovered all 4 exactly
  confirmation outside its own stage-2 region: 1.000   on its boundary: 0.000
  over-prediction at the constrained argmax: median +1.5468   positive in 1.000 of cells

  POST-HOC, scored at the arm's OUTPUT (stage-4 recipe) instead:
    mean regret   0.3766  (registered scoring: 0.0963)
    vs   qlogei:  +0.2482  [ +0.2233,  +0.2734]  wilcoxon p=0.0000

====================================================================================
Q27 · d=8 · sigma_rel=0.1 · 25 instances x 2 seeds (secondary)
====================================================================================
      arm  mean regret    median  AUC post-init
      doe       0.0948    0.0927         0.8940  <-- new
   qlogei       0.0934    0.0959         0.8889
  qlognei       0.0832    0.0815         0.9075
   random       0.1272    0.1223         0.8663
    sobol       0.0968    0.0999         0.8790
      lhs       0.1260    0.1221         0.8672
    coord       0.1053    0.0959         0.8728

  paired on instance, DoE minus arm (negative = DoE has LESS regret), n=25:
    vs   qlogei:  +0.0015  [ -0.0103,  +0.0140]  wilcoxon p=0.9158
    vs  qlognei:  +0.0117  [ +0.0032,  +0.0200]  wilcoxon p=0.0125
    vs   random:  -0.0324  [ -0.0466,  -0.0182]  wilcoxon p=0.0003
    vs    sobol:  -0.0019  [ -0.0196,  +0.0158]  wilcoxon p=0.9158
    vs      lhs:  -0.0312  [ -0.0482,  -0.0140]  wilcoxon p=0.0038
    vs    coord:  -0.0105  [ -0.0215,  +0.0002]  wilcoxon p=0.1266

  minimum detectable paired difference vs qLogEI (80% power, alpha=0.05): 0.0180

  screen: 0.995 of active factors recovered, 0.980 recovered all 4 exactly
  confirmation outside its own stage-2 region: 1.000   on its boundary: 0.000
  over-prediction at the constrained argmax: median +0.7407   positive in 1.000 of cells

  POST-HOC, scored at the arm's OUTPUT (stage-4 recipe) instead:
    mean regret   0.4104  (registered scoring: 0.0948)
    vs   qlogei:  +0.3170  [ +0.2969,  +0.3375]  wilcoxon p=0.0000

rows written to results/e2-doe-d8.json
