  d=6 sigma=0.25 done (900 rows)
  d=6 sigma=0.1 done (1800 rows)
  d=8 sigma=0.25 done (2600 rows)
  d=8 sigma=0.1 done (3400 rows)
======================================================================================
E3 · d=6 · sigma_rel=0.25 · 25 instances
======================================================================================
 point set         kind          coverage (nominal 0.95)   sharpness      CRPS
  proposed       latent       0.8189  [0.7694, 0.8633]   <-- MISCALIBRATED      0.0992    0.0763
  proposed   predictive       0.9156  [0.9017, 0.9289]   <-- MISCALIBRATED      0.2056    0.1317
   holdout       latent       0.8102  [0.7656, 0.8473]   <-- MISCALIBRATED      0.1091    0.0871
   holdout   predictive       0.8937  [0.8848, 0.9017]   <-- MISCALIBRATED      0.1888    0.1270
  SELECTION-EFFECT GAP (latent), proposed minus holdout: +0.0086 [-0.0113, +0.0269]
  SELECTION-EFFECT GAP (predictive), proposed minus holdout: +0.0218 [+0.0083, +0.0363]
  Negative means coverage is WORSE where the optimizer chose to look -- the
  decision-relevant points. That gap is a finding, not noise to average away.
======================================================================================
E3 · d=6 · sigma_rel=0.1 · 25 instances
======================================================================================
 point set         kind          coverage (nominal 0.95)   sharpness      CRPS
  proposed       latent       0.8500  [0.8328, 0.8661]   <-- MISCALIBRATED      0.0793    0.0622
  proposed   predictive       0.9028  [0.8850, 0.9200]   <-- MISCALIBRATED      0.1149    0.0765
   holdout       latent       0.9020  [0.8896, 0.9147]   <-- MISCALIBRATED      0.0964    0.0635
   holdout   predictive       0.9170  [0.9094, 0.9248]   <-- MISCALIBRATED      0.1177    0.0741
  SELECTION-EFFECT GAP (latent), proposed minus holdout: -0.0520 [-0.0692, -0.0360]
  SELECTION-EFFECT GAP (predictive), proposed minus holdout: -0.0143 [-0.0315, +0.0031]
  Negative means coverage is WORSE where the optimizer chose to look -- the
  decision-relevant points. That gap is a finding, not noise to average away.
======================================================================================
E3 · d=8 · sigma_rel=0.25 · 25 instances
======================================================================================
 point set         kind          coverage (nominal 0.95)   sharpness      CRPS
  proposed       latent       0.7644  [0.7294, 0.8006]   <-- MISCALIBRATED      0.1008    0.0860
  proposed   predictive       0.9087  [0.8931, 0.9237]   <-- MISCALIBRATED      0.2076    0.1334
   holdout       latent       0.8543  [0.8284, 0.8783]   <-- MISCALIBRATED      0.1113    0.0815
   holdout   predictive       0.9063  [0.8993, 0.9129]   <-- MISCALIBRATED      0.1903    0.1247
  SELECTION-EFFECT GAP (latent), proposed minus holdout: -0.0900 [-0.1243, -0.0563]
  SELECTION-EFFECT GAP (predictive), proposed minus holdout: +0.0025 [-0.0134, +0.0180]
  Negative means coverage is WORSE where the optimizer chose to look -- the
  decision-relevant points. That gap is a finding, not noise to average away.
======================================================================================
E3 · d=8 · sigma_rel=0.1 · 25 instances
======================================================================================
 point set         kind          coverage (nominal 0.95)   sharpness      CRPS
  proposed       latent       0.8912  [0.8725, 0.9100]   <-- MISCALIBRATED      0.0746    0.0513
  proposed   predictive       0.9175  [0.8988, 0.9337]   <-- MISCALIBRATED      0.1129    0.0708
   holdout       latent       0.9061  [0.8930, 0.9183]   <-- MISCALIBRATED      0.0933    0.0613
   holdout   predictive       0.9168  [0.9079, 0.9247]   <-- MISCALIBRATED      0.1152    0.0729
  SELECTION-EFFECT GAP (latent), proposed minus holdout: -0.0149 [-0.0341, +0.0027]
  SELECTION-EFFECT GAP (predictive), proposed minus holdout: +0.0007 [-0.0183, +0.0175]
  Negative means coverage is WORSE where the optimizer chose to look -- the
  decision-relevant points. That gap is a finding, not noise to average away.
