E7 · oracle_best fill · SPADE ('versionb', 'versionb_random', 'versionb_predictive') at 48 wells
gate arms ('lhs', 'sobol', 'random', 'plate1_only') must reproduce step0 at |delta| = 0
700 campaigns

[   7/700] s=0.25 03346619 seed=0 versionb=+0.0438 gate_fail=0
[  14/700] s=0.25 03346619 seed=1 versionb=+0.1123 gate_fail=0
[  21/700] s=0.25 0a6e0788 seed=0 versionb=+0.0926 gate_fail=0
[  28/700] s=0.25 0a6e0788 seed=1 versionb=+0.1361 gate_fail=0
[  35/700] s=0.25 0ed87c75 seed=0 versionb=+0.0437 gate_fail=0
[  42/700] s=0.25 0ed87c75 seed=1 versionb=+0.0317 gate_fail=0
[  49/700] s=0.25 32bb966a seed=0 versionb=+0.0975 gate_fail=0
[  56/700] s=0.25 32bb966a seed=1 versionb=+0.0793 gate_fail=0
[  63/700] s=0.25 443c1802 seed=0 versionb=+0.0678 gate_fail=0
[  70/700] s=0.25 443c1802 seed=1 versionb=+0.0768 gate_fail=0
[  77/700] s=0.25 48b1324d seed=0 versionb=+0.1037 gate_fail=0
[  84/700] s=0.25 48b1324d seed=1 versionb=+0.0578 gate_fail=0
[  91/700] s=0.25 4d4f7158 seed=0 versionb=+0.0698 gate_fail=0
[  98/700] s=0.25 4d4f7158 seed=1 versionb=+0.0340 gate_fail=0
[ 105/700] s=0.25 51cf489c seed=0 versionb=+0.0984 gate_fail=0
[ 112/700] s=0.25 51cf489c seed=1 versionb=+0.0839 gate_fail=0
[ 119/700] s=0.25 578e5d87 seed=0 versionb=+0.0536 gate_fail=0
[ 126/700] s=0.25 578e5d87 seed=1 versionb=+0.1151 gate_fail=0
[ 133/700] s=0.25 59e42027 seed=0 versionb=+0.0444 gate_fail=0
[ 140/700] s=0.25 59e42027 seed=1 versionb=+0.0543 gate_fail=0
[ 147/700] s=0.25 5b3926ef seed=0 versionb=+0.1072 gate_fail=0
[ 154/700] s=0.25 5b3926ef seed=1 versionb=+0.1164 gate_fail=0
[ 161/700] s=0.25 763e0f58 seed=0 versionb=+0.1219 gate_fail=0
[ 168/700] s=0.25 763e0f58 seed=1 versionb=+0.0542 gate_fail=0
[ 175/700] s=0.25 7b6071e5 seed=0 versionb=+0.0723 gate_fail=0
[ 182/700] s=0.25 7b6071e5 seed=1 versionb=+0.0766 gate_fail=0
[ 189/700] s=0.25 7ef3fc89 seed=0 versionb=+0.0972 gate_fail=0
[ 196/700] s=0.25 7ef3fc89 seed=1 versionb=+0.0526 gate_fail=0
[ 203/700] s=0.25 7f5c7431 seed=0 versionb=+0.0647 gate_fail=0
[ 210/700] s=0.25 7f5c7431 seed=1 versionb=+0.1030 gate_fail=0
[ 217/700] s=0.25 8abe35e9 seed=0 versionb=+0.0868 gate_fail=0
[ 224/700] s=0.25 8abe35e9 seed=1 versionb=+0.0625 gate_fail=0
[ 231/700] s=0.25 9414bc87 seed=0 versionb=+0.0551 gate_fail=0
[ 238/700] s=0.25 9414bc87 seed=1 versionb=+0.0793 gate_fail=0
[ 245/700] s=0.25 9f3cdb4d seed=0 versionb=+0.0919 gate_fail=0
[ 252/700] s=0.25 9f3cdb4d seed=1 versionb=+0.0671 gate_fail=0
[ 259/700] s=0.25 c75f6d6f seed=0 versionb=+0.1078 gate_fail=0
[ 266/700] s=0.25 c75f6d6f seed=1 versionb=+0.0805 gate_fail=0
[ 273/700] s=0.25 ce7334da seed=0 versionb=+0.0922 gate_fail=0
[ 280/700] s=0.25 ce7334da seed=1 versionb=+0.0807 gate_fail=0
[ 287/700] s=0.25 da5ec2fb seed=0 versionb=+0.0993 gate_fail=0
[ 294/700] s=0.25 da5ec2fb seed=1 versionb=+0.1288 gate_fail=0
[ 301/700] s=0.25 e402c329 seed=0 versionb=+0.0923 gate_fail=0
[ 308/700] s=0.25 e402c329 seed=1 versionb=+0.0466 gate_fail=0
[ 315/700] s=0.25 e946207e seed=0 versionb=+0.0500 gate_fail=0
[ 322/700] s=0.25 e946207e seed=1 versionb=+0.1223 gate_fail=0
[ 329/700] s=0.25 ef2815cd seed=0 versionb=+0.0358 gate_fail=0
[ 336/700] s=0.25 ef2815cd seed=1 versionb=+0.0991 gate_fail=0
[ 343/700] s=0.25 f79c5cf1 seed=0 versionb=+0.1020 gate_fail=0
[ 350/700] s=0.25 f79c5cf1 seed=1 versionb=+0.0780 gate_fail=0
[ 357/700] s=0.1 03346619 seed=0 versionb=+0.0438 gate_fail=0
[ 364/700] s=0.1 03346619 seed=1 versionb=+0.1123 gate_fail=0
[ 371/700] s=0.1 0a6e0788 seed=0 versionb=+0.0926 gate_fail=0
[ 378/700] s=0.1 0a6e0788 seed=1 versionb=+0.1361 gate_fail=0
[ 385/700] s=0.1 0ed87c75 seed=0 versionb=+0.0996 gate_fail=0
[ 392/700] s=0.1 0ed87c75 seed=1 versionb=+0.0317 gate_fail=0
[ 399/700] s=0.1 32bb966a seed=0 versionb=+0.0975 gate_fail=0
[ 406/700] s=0.1 32bb966a seed=1 versionb=+0.0793 gate_fail=0
[ 413/700] s=0.1 443c1802 seed=0 versionb=+0.0678 gate_fail=0
[ 420/700] s=0.1 443c1802 seed=1 versionb=+0.0768 gate_fail=0
[ 427/700] s=0.1 48b1324d seed=0 versionb=+0.1037 gate_fail=0
[ 434/700] s=0.1 48b1324d seed=1 versionb=+0.0578 gate_fail=0
[ 441/700] s=0.1 4d4f7158 seed=0 versionb=+0.0698 gate_fail=0
[ 448/700] s=0.1 4d4f7158 seed=1 versionb=+0.0340 gate_fail=0
[ 455/700] s=0.1 51cf489c seed=0 versionb=+0.0984 gate_fail=0
[ 462/700] s=0.1 51cf489c seed=1 versionb=+0.0839 gate_fail=0
[ 469/700] s=0.1 578e5d87 seed=0 versionb=+0.0536 gate_fail=0
[ 476/700] s=0.1 578e5d87 seed=1 versionb=+0.1151 gate_fail=0
[ 483/700] s=0.1 59e42027 seed=0 versionb=+0.1179 gate_fail=0
[ 490/700] s=0.1 59e42027 seed=1 versionb=+0.0543 gate_fail=0
[ 497/700] s=0.1 5b3926ef seed=0 versionb=+0.1072 gate_fail=0
[ 504/700] s=0.1 5b3926ef seed=1 versionb=+0.1164 gate_fail=0
[ 511/700] s=0.1 763e0f58 seed=0 versionb=+0.1219 gate_fail=0
[ 518/700] s=0.1 763e0f58 seed=1 versionb=+0.0542 gate_fail=0
[ 525/700] s=0.1 7b6071e5 seed=0 versionb=+0.1143 gate_fail=0
[ 532/700] s=0.1 7b6071e5 seed=1 versionb=+0.0766 gate_fail=0
[ 539/700] s=0.1 7ef3fc89 seed=0 versionb=+0.0972 gate_fail=0
[ 546/700] s=0.1 7ef3fc89 seed=1 versionb=+0.0526 gate_fail=0
[ 553/700] s=0.1 7f5c7431 seed=0 versionb=+0.0647 gate_fail=0
[ 560/700] s=0.1 7f5c7431 seed=1 versionb=+0.1030 gate_fail=0
[ 567/700] s=0.1 8abe35e9 seed=0 versionb=+0.0868 gate_fail=0
[ 574/700] s=0.1 8abe35e9 seed=1 versionb=+0.0625 gate_fail=0
[ 581/700] s=0.1 9414bc87 seed=0 versionb=+0.0768 gate_fail=0
[ 588/700] s=0.1 9414bc87 seed=1 versionb=+0.0793 gate_fail=0
[ 595/700] s=0.1 9f3cdb4d seed=0 versionb=+0.0919 gate_fail=0
[ 602/700] s=0.1 9f3cdb4d seed=1 versionb=+0.0671 gate_fail=0
[ 609/700] s=0.1 c75f6d6f seed=0 versionb=+0.1078 gate_fail=0
[ 616/700] s=0.1 c75f6d6f seed=1 versionb=+0.0805 gate_fail=0
[ 623/700] s=0.1 ce7334da seed=0 versionb=+0.0922 gate_fail=0
[ 630/700] s=0.1 ce7334da seed=1 versionb=+0.0807 gate_fail=0
[ 637/700] s=0.1 da5ec2fb seed=0 versionb=+0.0993 gate_fail=0
[ 644/700] s=0.1 da5ec2fb seed=1 versionb=+0.1288 gate_fail=0
[ 651/700] s=0.1 e402c329 seed=0 versionb=+0.1089 gate_fail=0
[ 658/700] s=0.1 e402c329 seed=1 versionb=+0.0466 gate_fail=0
[ 665/700] s=0.1 e946207e seed=0 versionb=+0.0877 gate_fail=0
[ 672/700] s=0.1 e946207e seed=1 versionb=+0.1223 gate_fail=0
[ 679/700] s=0.1 ef2815cd seed=0 versionb=+0.0752 gate_fail=0
[ 686/700] s=0.1 ef2815cd seed=1 versionb=+0.1282 gate_fail=0
[ 693/700] s=0.1 f79c5cf1 seed=0 versionb=+0.1020 gate_fail=0
[ 700/700] s=0.1 f79c5cf1 seed=1 versionb=+0.0780 gate_fail=0

gate failures: 0
wrote e7-oracle-best-fill.json · 700 rows
