spade-final-2026-08-23 · C2 · hill d=6 sigma=0.1 · tier=primary
11 arms x 100 campaigns · draws=4096 (split 2048/2048) · grid=20000
regime by tau_frac: {0.1: 'ROBUSTNESS', 0.25: 'TARGET'}
⚠️  working tree dirty; code_commit is not a faithful fingerprint

[   1/1100] spade_cf_m0          033466197eba seed=0   rows=12 (0.1m, eta 74m)
[   2/1100] spade_cf_m4          033466197eba seed=0   rows=12 (0.1m, eta 58m)
[   3/1100] spade_cf_m8          033466197eba seed=0   rows=12 (0.1m, eta 51m)
[   4/1100] spade_plate1_only    033466197eba seed=0   rows=12 (0.2m, eta 47m)
[   5/1100] spade_random_plate2  033466197eba seed=0   rows=12 (0.2m, eta 45m)
[   6/1100] sobol                033466197eba seed=0   rows=12 (0.2m, eta 43m)
[   7/1100] lhs                  033466197eba seed=0   rows=12 (0.3m, eta 43m)
[   8/1100] random               033466197eba seed=0   rows=12 (0.3m, eta 42m)
[   9/1100] qlognei              033466197eba seed=0   rows=12 (0.4m, eta 53m)
[  10/1100] qlogei               033466197eba seed=0   rows=12 (0.6m, eta 63m)
[  11/1100] doe                  033466197eba seed=0   rows=12 (0.6m, eta 61m)
[  12/1100] spade_cf_m0          033466197eba seed=1   rows=12 (0.7m, eta 60m)
[  13/1100] spade_cf_m4          033466197eba seed=1   rows=12 (0.7m, eta 58m)
[  14/1100] spade_cf_m8          033466197eba seed=1   rows=12 (0.7m, eta 57m)
[  15/1100] spade_plate1_only    033466197eba seed=1   rows=12 (0.8m, eta 55m)
[  16/1100] spade_random_plate2  033466197eba seed=1   rows=12 (0.8m, eta 54m)
[  17/1100] sobol                033466197eba seed=1   rows=12 (0.8m, eta 53m)
[  18/1100] lhs                  033466197eba seed=1   rows=12 (0.9m, eta 52m)
[  19/1100] random               033466197eba seed=1   rows=12 (0.9m, eta 50m)
[  20/1100] qlognei              033466197eba seed=1   rows=12 (1.0m, eta 55m)
[  21/1100] qlogei               033466197eba seed=1   rows=12 (1.1m, eta 58m)
[  22/1100] doe                  033466197eba seed=1   rows=12 (1.2m, eta 57m)
[  23/1100] spade_cf_m0          0a6e0788538a seed=0   rows=12 (1.2m, eta 56m)
[  24/1100] spade_cf_m4          0a6e0788538a seed=0   rows=12 (1.2m, eta 55m)
[  25/1100] spade_cf_m8          0a6e0788538a seed=0   rows=12 (1.3m, eta 55m)
[  26/1100] spade_plate1_only    0a6e0788538a seed=0   rows=12 (1.3m, eta 54m)
[  27/1100] spade_random_plate2  0a6e0788538a seed=0   rows=12 (1.3m, eta 53m)
[  28/1100] sobol                0a6e0788538a seed=0   rows=12 (1.4m, eta 53m)
[  29/1100] lhs                  0a6e0788538a seed=0   rows=12 (1.4m, eta 52m)
[  30/1100] random               0a6e0788538a seed=0   rows=12 (1.4m, eta 51m)
[  31/1100] qlognei              0a6e0788538a seed=0   rows=12 (1.6m, eta 55m)
[  32/1100] qlogei               0a6e0788538a seed=0   rows=12 (1.7m, eta 58m)
[  33/1100] doe                  0a6e0788538a seed=0   rows=12 (1.8m, eta 57m)
[  34/1100] spade_cf_m0          0a6e0788538a seed=1   rows=12 (1.8m, eta 56m)
[  35/1100] spade_cf_m4          0a6e0788538a seed=1   rows=12 (1.8m, eta 56m)
[  36/1100] spade_cf_m8          0a6e0788538a seed=1   rows=12 (1.9m, eta 55m)
[  37/1100] spade_plate1_only    0a6e0788538a seed=1   rows=12 (1.9m, eta 54m)
[  38/1100] spade_random_plate2  0a6e0788538a seed=1   rows=12 (1.9m, eta 54m)
[  39/1100] sobol                0a6e0788538a seed=1   rows=12 (2.0m, eta 53m)
[  40/1100] lhs                  0a6e0788538a seed=1   rows=12 (2.0m, eta 53m)
[  41/1100] random               0a6e0788538a seed=1   rows=12 (2.0m, eta 52m)
[  42/1100] qlognei              0a6e0788538a seed=1   rows=12 (2.1m, eta 54m)
[  43/1100] qlogei               0a6e0788538a seed=1   rows=12 (2.3m, eta 56m)
[  44/1100] doe                  0a6e0788538a seed=1   rows=12 (2.3m, eta 55m)
[  45/1100] spade_cf_m0          0ed87c75239d seed=0   rows=12 (2.3m, eta 55m)
[  46/1100] spade_cf_m4          0ed87c75239d seed=0   rows=12 (2.4m, eta 54m)
[  47/1100] spade_cf_m8          0ed87c75239d seed=0   rows=12 (2.4m, eta 54m)
[  48/1100] spade_plate1_only    0ed87c75239d seed=0   rows=12 (2.5m, eta 54m)
[  49/1100] spade_random_plate2  0ed87c75239d seed=0   rows=12 (2.5m, eta 53m)
[  50/1100] sobol                0ed87c75239d seed=0   rows=12 (2.5m, eta 53m)
[  51/1100] lhs                  0ed87c75239d seed=0   rows=12 (2.6m, eta 53m)
[  52/1100] random               0ed87c75239d seed=0   rows=12 (2.6m, eta 52m)
[  53/1100] qlognei              0ed87c75239d seed=0   rows=12 (2.7m, eta 53m)
[  54/1100] qlogei               0ed87c75239d seed=0   rows=12 (2.8m, eta 55m)
[  55/1100] doe                  0ed87c75239d seed=0   rows=12 (2.9m, eta 54m)
[  56/1100] spade_cf_m0          0ed87c75239d seed=1   rows=12 (2.9m, eta 54m)
[  57/1100] spade_cf_m4          0ed87c75239d seed=1   rows=12 (2.9m, eta 54m)
[  58/1100] spade_cf_m8          0ed87c75239d seed=1   rows=12 (3.0m, eta 53m)
[  59/1100] spade_plate1_only    0ed87c75239d seed=1   rows=12 (3.0m, eta 53m)
[  60/1100] spade_random_plate2  0ed87c75239d seed=1   rows=12 (3.0m, eta 52m)
[  61/1100] sobol                0ed87c75239d seed=1   rows=12 (3.1m, eta 52m)
[  62/1100] lhs                  0ed87c75239d seed=1   rows=12 (3.1m, eta 52m)
[  63/1100] random               0ed87c75239d seed=1   rows=12 (3.1m, eta 51m)
[  64/1100] qlognei              0ed87c75239d seed=1   rows=12 (3.2m, eta 52m)
[  65/1100] qlogei               0ed87c75239d seed=1   rows=12 (3.4m, eta 54m)
[  66/1100] doe                  0ed87c75239d seed=1   rows=12 (3.4m, eta 54m)
[  67/1100] spade_cf_m0          32bb966a18f1 seed=0   rows=12 (3.5m, eta 54m)
[  68/1100] spade_cf_m4          32bb966a18f1 seed=0   rows=12 (3.5m, eta 53m)
[  69/1100] spade_cf_m8          32bb966a18f1 seed=0   rows=12 (3.5m, eta 53m)
[  70/1100] spade_plate1_only    32bb966a18f1 seed=0   rows=12 (3.6m, eta 53m)
[  71/1100] spade_random_plate2  32bb966a18f1 seed=0   rows=12 (3.6m, eta 52m)
[  72/1100] sobol                32bb966a18f1 seed=0   rows=12 (3.6m, eta 52m)
[  73/1100] lhs                  32bb966a18f1 seed=0   rows=12 (3.7m, eta 51m)
[  74/1100] random               32bb966a18f1 seed=0   rows=12 (3.7m, eta 51m)
[  75/1100] qlognei              32bb966a18f1 seed=0   rows=12 (3.9m, eta 53m)
[  76/1100] qlogei               32bb966a18f1 seed=0   rows=12 (4.0m, eta 54m)
[  77/1100] doe                  32bb966a18f1 seed=0   rows=12 (4.0m, eta 54m)
[  78/1100] spade_cf_m0          32bb966a18f1 seed=1   rows=12 (4.1m, eta 53m)
[  79/1100] spade_cf_m4          32bb966a18f1 seed=1   rows=12 (4.1m, eta 53m)
[  80/1100] spade_cf_m8          32bb966a18f1 seed=1   rows=12 (4.1m, eta 53m)
[  81/1100] spade_plate1_only    32bb966a18f1 seed=1   rows=12 (4.1m, eta 52m)
[  82/1100] spade_random_plate2  32bb966a18f1 seed=1   rows=12 (4.2m, eta 52m)
[  83/1100] sobol                32bb966a18f1 seed=1   rows=12 (4.2m, eta 52m)
[  84/1100] lhs                  32bb966a18f1 seed=1   rows=12 (4.2m, eta 51m)
[  85/1100] random               32bb966a18f1 seed=1   rows=12 (4.3m, eta 51m)
[  86/1100] qlognei              32bb966a18f1 seed=1   rows=12 (4.4m, eta 52m)
[  87/1100] qlogei               32bb966a18f1 seed=1   rows=12 (4.6m, eta 53m)
[  88/1100] doe                  32bb966a18f1 seed=1   rows=12 (4.6m, eta 53m)
[  89/1100] spade_cf_m0          443c180247c1 seed=0   rows=12 (4.6m, eta 52m)
[  90/1100] spade_cf_m4          443c180247c1 seed=0   rows=12 (4.7m, eta 52m)
[  91/1100] spade_cf_m8          443c180247c1 seed=0   rows=12 (4.7m, eta 52m)
[  92/1100] spade_plate1_only    443c180247c1 seed=0   rows=12 (4.7m, eta 52m)
[  93/1100] spade_random_plate2  443c180247c1 seed=0   rows=12 (4.8m, eta 51m)
[  94/1100] sobol                443c180247c1 seed=0   rows=12 (4.8m, eta 51m)
[  95/1100] lhs                  443c180247c1 seed=0   rows=12 (4.8m, eta 51m)
[  96/1100] random               443c180247c1 seed=0   rows=12 (4.9m, eta 51m)
[  97/1100] qlognei              443c180247c1 seed=0   rows=12 (5.1m, eta 52m)
[  98/1100] qlogei               443c180247c1 seed=0   rows=12 (5.2m, eta 53m)
[  99/1100] doe                  443c180247c1 seed=0   rows=12 (5.2m, eta 52m)
[ 100/1100] spade_cf_m0          443c180247c1 seed=1   rows=12 (5.2m, eta 52m)
[ 101/1100] spade_cf_m4          443c180247c1 seed=1   rows=12 (5.3m, eta 52m)
[ 102/1100] spade_cf_m8          443c180247c1 seed=1   rows=12 (5.3m, eta 52m)
[ 103/1100] spade_plate1_only    443c180247c1 seed=1   rows=12 (5.3m, eta 51m)
[ 104/1100] spade_random_plate2  443c180247c1 seed=1   rows=12 (5.3m, eta 51m)
[ 105/1100] sobol                443c180247c1 seed=1   rows=12 (5.4m, eta 51m)
[ 106/1100] lhs                  443c180247c1 seed=1   rows=12 (5.4m, eta 51m)
[ 107/1100] random               443c180247c1 seed=1   rows=12 (5.4m, eta 50m)
[ 108/1100] qlognei              443c180247c1 seed=1   rows=12 (5.6m, eta 52m)
[ 109/1100] qlogei               443c180247c1 seed=1   rows=12 (5.7m, eta 52m)
[ 110/1100] doe                  443c180247c1 seed=1   rows=12 (5.8m, eta 52m)
[ 111/1100] spade_cf_m0          48b1324dd046 seed=0   rows=12 (5.8m, eta 52m)
[ 112/1100] spade_cf_m4          48b1324dd046 seed=0   rows=12 (5.9m, eta 52m)
[ 113/1100] spade_cf_m8          48b1324dd046 seed=0   rows=12 (5.9m, eta 51m)
[ 114/1100] spade_plate1_only    48b1324dd046 seed=0   rows=12 (5.9m, eta 51m)
[ 115/1100] spade_random_plate2  48b1324dd046 seed=0   rows=12 (6.0m, eta 51m)
[ 116/1100] sobol                48b1324dd046 seed=0   rows=12 (6.0m, eta 51m)
[ 117/1100] lhs                  48b1324dd046 seed=0   rows=12 (6.0m, eta 51m)
[ 118/1100] random               48b1324dd046 seed=0   rows=12 (6.1m, eta 50m)
[ 119/1100] qlognei              48b1324dd046 seed=0   rows=12 (6.2m, eta 51m)
[ 120/1100] qlogei               48b1324dd046 seed=0   rows=12 (6.3m, eta 52m)
[ 121/1100] doe                  48b1324dd046 seed=0   rows=12 (6.4m, eta 52m)
[ 122/1100] spade_cf_m0          48b1324dd046 seed=1   rows=12 (6.4m, eta 52m)
[ 123/1100] spade_cf_m4          48b1324dd046 seed=1   rows=12 (6.5m, eta 51m)
[ 124/1100] spade_cf_m8          48b1324dd046 seed=1   rows=12 (6.5m, eta 51m)
[ 125/1100] spade_plate1_only    48b1324dd046 seed=1   rows=12 (6.5m, eta 51m)
[ 126/1100] spade_random_plate2  48b1324dd046 seed=1   rows=12 (6.6m, eta 51m)
[ 127/1100] sobol                48b1324dd046 seed=1   rows=12 (6.6m, eta 51m)
[ 128/1100] lhs                  48b1324dd046 seed=1   rows=12 (6.6m, eta 50m)
[ 129/1100] random               48b1324dd046 seed=1   rows=12 (6.7m, eta 50m)
[ 130/1100] qlognei              48b1324dd046 seed=1   rows=12 (6.8m, eta 51m)
[ 131/1100] qlogei               48b1324dd046 seed=1   rows=12 (6.9m, eta 51m)
[ 132/1100] doe                  48b1324dd046 seed=1   rows=12 (6.9m, eta 51m)
[ 133/1100] spade_cf_m0          4d4f7158b65b seed=0   rows=12 (7.0m, eta 51m)
[ 134/1100] spade_cf_m4          4d4f7158b65b seed=0   rows=12 (7.0m, eta 51m)
[ 135/1100] spade_cf_m8          4d4f7158b65b seed=0   rows=12 (7.0m, eta 50m)
[ 136/1100] spade_plate1_only    4d4f7158b65b seed=0   rows=12 (7.1m, eta 50m)
[ 137/1100] spade_random_plate2  4d4f7158b65b seed=0   rows=12 (7.1m, eta 50m)
[ 138/1100] sobol                4d4f7158b65b seed=0   rows=12 (7.1m, eta 50m)
[ 139/1100] lhs                  4d4f7158b65b seed=0   rows=12 (7.2m, eta 50m)
[ 140/1100] random               4d4f7158b65b seed=0   rows=12 (7.2m, eta 49m)
[ 141/1100] qlognei              4d4f7158b65b seed=0   rows=12 (7.3m, eta 50m)
[ 142/1100] qlogei               4d4f7158b65b seed=0   rows=12 (7.5m, eta 50m)
[ 143/1100] doe                  4d4f7158b65b seed=0   rows=12 (7.5m, eta 50m)
[ 144/1100] spade_cf_m0          4d4f7158b65b seed=1   rows=12 (7.5m, eta 50m)
[ 145/1100] spade_cf_m4          4d4f7158b65b seed=1   rows=12 (7.6m, eta 50m)
[ 146/1100] spade_cf_m8          4d4f7158b65b seed=1   rows=12 (7.6m, eta 50m)
[ 147/1100] spade_plate1_only    4d4f7158b65b seed=1   rows=12 (7.6m, eta 49m)
[ 148/1100] spade_random_plate2  4d4f7158b65b seed=1   rows=12 (7.7m, eta 49m)
[ 149/1100] sobol                4d4f7158b65b seed=1   rows=12 (7.7m, eta 49m)
[ 150/1100] lhs                  4d4f7158b65b seed=1   rows=12 (7.7m, eta 49m)
[ 151/1100] random               4d4f7158b65b seed=1   rows=12 (7.8m, eta 49m)
[ 152/1100] qlognei              4d4f7158b65b seed=1   rows=12 (8.0m, eta 50m)
[ 153/1100] qlogei               4d4f7158b65b seed=1   rows=12 (8.1m, eta 50m)
[ 154/1100] doe                  4d4f7158b65b seed=1   rows=12 (8.1m, eta 50m)
[ 155/1100] spade_cf_m0          51cf489c521a seed=0   rows=12 (8.1m, eta 50m)
[ 156/1100] spade_cf_m4          51cf489c521a seed=0   rows=12 (8.2m, eta 50m)
[ 157/1100] spade_cf_m8          51cf489c521a seed=0   rows=12 (8.2m, eta 49m)
[ 158/1100] spade_plate1_only    51cf489c521a seed=0   rows=12 (8.3m, eta 49m)
[ 159/1100] spade_random_plate2  51cf489c521a seed=0   rows=12 (8.3m, eta 49m)
[ 160/1100] sobol                51cf489c521a seed=0   rows=12 (8.3m, eta 49m)
[ 161/1100] lhs                  51cf489c521a seed=0   rows=12 (8.4m, eta 49m)
[ 162/1100] random               51cf489c521a seed=0   rows=12 (8.4m, eta 49m)
[ 163/1100] qlognei              51cf489c521a seed=0   rows=12 (8.6m, eta 49m)
[ 164/1100] qlogei               51cf489c521a seed=0   rows=12 (8.7m, eta 50m)
[ 165/1100] doe                  51cf489c521a seed=0   rows=12 (8.8m, eta 50m)
[ 166/1100] spade_cf_m0          51cf489c521a seed=1   rows=12 (8.8m, eta 49m)
[ 167/1100] spade_cf_m4          51cf489c521a seed=1   rows=12 (8.8m, eta 49m)
[ 168/1100] spade_cf_m8          51cf489c521a seed=1   rows=12 (8.9m, eta 49m)
[ 169/1100] spade_plate1_only    51cf489c521a seed=1   rows=12 (8.9m, eta 49m)
[ 170/1100] spade_random_plate2  51cf489c521a seed=1   rows=12 (8.9m, eta 49m)
[ 171/1100] sobol                51cf489c521a seed=1   rows=12 (9.0m, eta 49m)
[ 172/1100] lhs                  51cf489c521a seed=1   rows=12 (9.0m, eta 48m)
[ 173/1100] random               51cf489c521a seed=1   rows=12 (9.0m, eta 48m)
[ 174/1100] qlognei              51cf489c521a seed=1   rows=12 (9.2m, eta 49m)
[ 175/1100] qlogei               51cf489c521a seed=1   rows=12 (9.4m, eta 49m)
[ 176/1100] doe                  51cf489c521a seed=1   rows=12 (9.4m, eta 49m)
[ 177/1100] spade_cf_m0          578e5d876835 seed=0   rows=12 (9.4m, eta 49m)
[ 178/1100] spade_cf_m4          578e5d876835 seed=0   rows=12 (9.5m, eta 49m)
[ 179/1100] spade_cf_m8          578e5d876835 seed=0   rows=12 (9.5m, eta 49m)
[ 180/1100] spade_plate1_only    578e5d876835 seed=0   rows=12 (9.5m, eta 49m)
[ 181/1100] spade_random_plate2  578e5d876835 seed=0   rows=12 (9.6m, eta 49m)
[ 182/1100] sobol                578e5d876835 seed=0   rows=12 (9.6m, eta 48m)
[ 183/1100] lhs                  578e5d876835 seed=0   rows=12 (9.6m, eta 48m)
[ 184/1100] random               578e5d876835 seed=0   rows=12 (9.6m, eta 48m)
[ 185/1100] qlognei              578e5d876835 seed=0   rows=12 (9.8m, eta 48m)
[ 186/1100] qlogei               578e5d876835 seed=0   rows=12 (9.9m, eta 49m)
[ 187/1100] doe                  578e5d876835 seed=0   rows=12 (9.9m, eta 49m)
[ 188/1100] spade_cf_m0          578e5d876835 seed=1   rows=12 (10.0m, eta 48m)
[ 189/1100] spade_cf_m4          578e5d876835 seed=1   rows=12 (10.0m, eta 48m)
[ 190/1100] spade_cf_m8          578e5d876835 seed=1   rows=12 (10.0m, eta 48m)
[ 191/1100] spade_plate1_only    578e5d876835 seed=1   rows=12 (10.1m, eta 48m)
[ 192/1100] spade_random_plate2  578e5d876835 seed=1   rows=12 (10.1m, eta 48m)
[ 193/1100] sobol                578e5d876835 seed=1   rows=12 (10.1m, eta 48m)
[ 194/1100] lhs                  578e5d876835 seed=1   rows=12 (10.2m, eta 47m)
[ 195/1100] random               578e5d876835 seed=1   rows=12 (10.2m, eta 47m)
[ 196/1100] qlognei              578e5d876835 seed=1   rows=12 (10.4m, eta 48m)
[ 197/1100] qlogei               578e5d876835 seed=1   rows=12 (10.5m, eta 48m)
[ 198/1100] doe                  578e5d876835 seed=1   rows=12 (10.5m, eta 48m)
[ 199/1100] spade_cf_m0          59e420274f43 seed=0   rows=12 (10.5m, eta 48m)
[ 200/1100] spade_cf_m4          59e420274f43 seed=0   rows=12 (10.6m, eta 48m)
[ 201/1100] spade_cf_m8          59e420274f43 seed=0   rows=12 (10.6m, eta 47m)
[ 202/1100] spade_plate1_only    59e420274f43 seed=0   rows=12 (10.6m, eta 47m)
[ 203/1100] spade_random_plate2  59e420274f43 seed=0   rows=12 (10.7m, eta 47m)
[ 204/1100] sobol                59e420274f43 seed=0   rows=12 (10.7m, eta 47m)
[ 205/1100] lhs                  59e420274f43 seed=0   rows=12 (10.7m, eta 47m)
[ 206/1100] random               59e420274f43 seed=0   rows=12 (10.8m, eta 47m)
[ 207/1100] qlognei              59e420274f43 seed=0   rows=12 (10.9m, eta 47m)
[ 208/1100] qlogei               59e420274f43 seed=0   rows=12 (11.0m, eta 47m)
[ 209/1100] doe                  59e420274f43 seed=0   rows=12 (11.1m, eta 47m)
[ 210/1100] spade_cf_m0          59e420274f43 seed=1   rows=12 (11.1m, eta 47m)
[ 211/1100] spade_cf_m4          59e420274f43 seed=1   rows=12 (11.1m, eta 47m)
[ 212/1100] spade_cf_m8          59e420274f43 seed=1   rows=12 (11.2m, eta 47m)
[ 213/1100] spade_plate1_only    59e420274f43 seed=1   rows=12 (11.2m, eta 47m)
[ 214/1100] spade_random_plate2  59e420274f43 seed=1   rows=12 (11.2m, eta 47m)
[ 215/1100] sobol                59e420274f43 seed=1   rows=12 (11.3m, eta 46m)
[ 216/1100] lhs                  59e420274f43 seed=1   rows=12 (11.3m, eta 46m)
[ 217/1100] random               59e420274f43 seed=1   rows=12 (11.3m, eta 46m)
[ 218/1100] qlognei              59e420274f43 seed=1   rows=12 (11.5m, eta 46m)
[ 219/1100] qlogei               59e420274f43 seed=1   rows=12 (11.6m, eta 47m)
[ 220/1100] doe                  59e420274f43 seed=1   rows=12 (11.7m, eta 47m)
[ 221/1100] spade_cf_m0          5b3926ef2c5f seed=0   rows=12 (11.7m, eta 47m)
[ 222/1100] spade_cf_m4          5b3926ef2c5f seed=0   rows=12 (11.7m, eta 46m)
[ 223/1100] spade_cf_m8          5b3926ef2c5f seed=0   rows=12 (11.8m, eta 46m)
[ 224/1100] spade_plate1_only    5b3926ef2c5f seed=0   rows=12 (11.8m, eta 46m)
[ 225/1100] spade_random_plate2  5b3926ef2c5f seed=0   rows=12 (11.8m, eta 46m)
[ 226/1100] sobol                5b3926ef2c5f seed=0   rows=12 (11.9m, eta 46m)
[ 227/1100] lhs                  5b3926ef2c5f seed=0   rows=12 (11.9m, eta 46m)
[ 228/1100] random               5b3926ef2c5f seed=0   rows=12 (11.9m, eta 46m)
[ 229/1100] qlognei              5b3926ef2c5f seed=0   rows=12 (12.1m, eta 46m)
[ 230/1100] qlogei               5b3926ef2c5f seed=0   rows=12 (12.2m, eta 46m)
[ 231/1100] doe                  5b3926ef2c5f seed=0   rows=12 (12.3m, eta 46m)
[ 232/1100] spade_cf_m0          5b3926ef2c5f seed=1   rows=12 (12.3m, eta 46m)
[ 233/1100] spade_cf_m4          5b3926ef2c5f seed=1   rows=12 (12.3m, eta 46m)
[ 234/1100] spade_cf_m8          5b3926ef2c5f seed=1   rows=12 (12.4m, eta 46m)
[ 235/1100] spade_plate1_only    5b3926ef2c5f seed=1   rows=12 (12.4m, eta 46m)
[ 236/1100] spade_random_plate2  5b3926ef2c5f seed=1   rows=12 (12.4m, eta 46m)
[ 237/1100] sobol                5b3926ef2c5f seed=1   rows=12 (12.5m, eta 45m)
[ 238/1100] lhs                  5b3926ef2c5f seed=1   rows=12 (12.5m, eta 45m)
[ 239/1100] random               5b3926ef2c5f seed=1   rows=12 (12.5m, eta 45m)
[ 240/1100] qlognei              5b3926ef2c5f seed=1   rows=12 (12.7m, eta 45m)
[ 241/1100] qlogei               5b3926ef2c5f seed=1   rows=12 (12.8m, eta 46m)
[ 242/1100] doe                  5b3926ef2c5f seed=1   rows=12 (12.8m, eta 45m)
[ 243/1100] spade_cf_m0          763e0f589258 seed=0   rows=12 (12.9m, eta 45m)
[ 244/1100] spade_cf_m4          763e0f589258 seed=0   rows=12 (12.9m, eta 45m)
[ 245/1100] spade_cf_m8          763e0f589258 seed=0   rows=12 (12.9m, eta 45m)
[ 246/1100] spade_plate1_only    763e0f589258 seed=0   rows=12 (13.0m, eta 45m)
[ 247/1100] spade_random_plate2  763e0f589258 seed=0   rows=12 (13.0m, eta 45m)
[ 248/1100] sobol                763e0f589258 seed=0   rows=12 (13.0m, eta 45m)
[ 249/1100] lhs                  763e0f589258 seed=0   rows=12 (13.0m, eta 45m)
[ 250/1100] random               763e0f589258 seed=0   rows=12 (13.1m, eta 44m)
[ 251/1100] qlognei              763e0f589258 seed=0   rows=12 (13.3m, eta 45m)
[ 252/1100] qlogei               763e0f589258 seed=0   rows=12 (13.4m, eta 45m)
[ 253/1100] doe                  763e0f589258 seed=0   rows=12 (13.5m, eta 45m)
[ 254/1100] spade_cf_m0          763e0f589258 seed=1   rows=12 (13.5m, eta 45m)
[ 255/1100] spade_cf_m4          763e0f589258 seed=1   rows=12 (13.5m, eta 45m)
[ 256/1100] spade_cf_m8          763e0f589258 seed=1   rows=12 (13.5m, eta 45m)
[ 257/1100] spade_plate1_only    763e0f589258 seed=1   rows=12 (13.6m, eta 45m)
[ 258/1100] spade_random_plate2  763e0f589258 seed=1   rows=12 (13.6m, eta 44m)
[ 259/1100] sobol                763e0f589258 seed=1   rows=12 (13.6m, eta 44m)
[ 260/1100] lhs                  763e0f589258 seed=1   rows=12 (13.7m, eta 44m)
[ 261/1100] random               763e0f589258 seed=1   rows=12 (13.7m, eta 44m)
[ 262/1100] qlognei              763e0f589258 seed=1   rows=12 (13.8m, eta 44m)
[ 263/1100] qlogei               763e0f589258 seed=1   rows=12 (14.0m, eta 44m)
[ 264/1100] doe                  763e0f589258 seed=1   rows=12 (14.0m, eta 44m)
[ 265/1100] spade_cf_m0          7b6071e568a9 seed=0   rows=12 (14.0m, eta 44m)
[ 266/1100] spade_cf_m4          7b6071e568a9 seed=0   rows=12 (14.1m, eta 44m)
[ 267/1100] spade_cf_m8          7b6071e568a9 seed=0   rows=12 (14.1m, eta 44m)
[ 268/1100] spade_plate1_only    7b6071e568a9 seed=0   rows=12 (14.1m, eta 44m)
[ 269/1100] spade_random_plate2  7b6071e568a9 seed=0   rows=12 (14.2m, eta 44m)
[ 270/1100] sobol                7b6071e568a9 seed=0   rows=12 (14.2m, eta 44m)
[ 271/1100] lhs                  7b6071e568a9 seed=0   rows=12 (14.2m, eta 44m)
[ 272/1100] random               7b6071e568a9 seed=0   rows=12 (14.3m, eta 43m)
[ 273/1100] qlognei              7b6071e568a9 seed=0   rows=12 (14.4m, eta 44m)
[ 274/1100] qlogei               7b6071e568a9 seed=0   rows=12 (14.5m, eta 44m)
[ 275/1100] doe                  7b6071e568a9 seed=0   rows=12 (14.6m, eta 44m)
[ 276/1100] spade_cf_m0          7b6071e568a9 seed=1   rows=12 (14.6m, eta 44m)
[ 277/1100] spade_cf_m4          7b6071e568a9 seed=1   rows=12 (14.6m, eta 43m)
[ 278/1100] spade_cf_m8          7b6071e568a9 seed=1   rows=12 (14.7m, eta 43m)
[ 279/1100] spade_plate1_only    7b6071e568a9 seed=1   rows=12 (14.7m, eta 43m)
[ 280/1100] spade_random_plate2  7b6071e568a9 seed=1   rows=12 (14.7m, eta 43m)
[ 281/1100] sobol                7b6071e568a9 seed=1   rows=12 (14.8m, eta 43m)
[ 282/1100] lhs                  7b6071e568a9 seed=1   rows=12 (14.8m, eta 43m)
[ 283/1100] random               7b6071e568a9 seed=1   rows=12 (14.8m, eta 43m)
[ 284/1100] qlognei              7b6071e568a9 seed=1   rows=12 (15.0m, eta 43m)
[ 285/1100] qlogei               7b6071e568a9 seed=1   rows=12 (15.2m, eta 43m)
[ 286/1100] doe                  7b6071e568a9 seed=1   rows=12 (15.2m, eta 43m)
[ 287/1100] spade_cf_m0          7ef3fc89acec seed=0   rows=12 (15.3m, eta 43m)
[ 288/1100] spade_cf_m4          7ef3fc89acec seed=0   rows=12 (15.3m, eta 43m)
[ 289/1100] spade_cf_m8          7ef3fc89acec seed=0   rows=12 (15.3m, eta 43m)
[ 290/1100] spade_plate1_only    7ef3fc89acec seed=0   rows=12 (15.4m, eta 43m)
[ 291/1100] spade_random_plate2  7ef3fc89acec seed=0   rows=12 (15.4m, eta 43m)
[ 292/1100] sobol                7ef3fc89acec seed=0   rows=12 (15.4m, eta 43m)
[ 293/1100] lhs                  7ef3fc89acec seed=0   rows=12 (15.5m, eta 43m)
[ 294/1100] random               7ef3fc89acec seed=0   rows=12 (15.5m, eta 42m)
[ 295/1100] qlognei              7ef3fc89acec seed=0   rows=12 (15.6m, eta 43m)
[ 296/1100] qlogei               7ef3fc89acec seed=0   rows=12 (15.7m, eta 43m)
[ 297/1100] doe                  7ef3fc89acec seed=0   rows=12 (15.8m, eta 43m)
[ 298/1100] spade_cf_m0          7ef3fc89acec seed=1   rows=12 (15.8m, eta 43m)
[ 299/1100] spade_cf_m4          7ef3fc89acec seed=1   rows=12 (15.8m, eta 42m)
[ 300/1100] spade_cf_m8          7ef3fc89acec seed=1   rows=12 (15.9m, eta 42m)
[ 301/1100] spade_plate1_only    7ef3fc89acec seed=1   rows=12 (15.9m, eta 42m)
[ 302/1100] spade_random_plate2  7ef3fc89acec seed=1   rows=12 (15.9m, eta 42m)
[ 303/1100] sobol                7ef3fc89acec seed=1   rows=12 (16.0m, eta 42m)
[ 304/1100] lhs                  7ef3fc89acec seed=1   rows=12 (16.0m, eta 42m)
[ 305/1100] random               7ef3fc89acec seed=1   rows=12 (16.0m, eta 42m)
[ 306/1100] qlognei              7ef3fc89acec seed=1   rows=12 (16.2m, eta 42m)
[ 307/1100] qlogei               7ef3fc89acec seed=1   rows=12 (16.4m, eta 42m)
[ 308/1100] doe                  7ef3fc89acec seed=1   rows=12 (16.4m, eta 42m)/Users/jy/BO/nutrigene-ai-bo-ipsec/.venv/lib/python3.11/site-packages/botorch/optim/optimize.py:844: RuntimeWarning: Optimization failed in `gen_candidates_scipy` with the following warning(s):
[OptimizationWarning('Optimization failed within `scipy.optimize.minimize` with status 2 and message ABNORMAL: .')]
Trying again with a new set of initial conditions.
  return _optimize_acqf_batch(opt_inputs=opt_inputs)
/Users/jy/BO/nutrigene-ai-bo-ipsec/.venv/lib/python3.11/site-packages/botorch/optim/optimize.py:844: RuntimeWarning: Optimization failed in `gen_candidates_scipy` with the following warning(s):
[OptimizationWarning('Optimization failed within `scipy.optimize.minimize` with status 2 and message ABNORMAL: .')]
Trying again with a new set of initial conditions.
  return _optimize_acqf_batch(opt_inputs=opt_inputs)

[ 309/1100] spade_cf_m0          7f5c7431c053 seed=0   rows=12 (16.4m, eta 42m)
[ 310/1100] spade_cf_m4          7f5c7431c053 seed=0   rows=12 (16.5m, eta 42m)
[ 311/1100] spade_cf_m8          7f5c7431c053 seed=0   rows=12 (16.5m, eta 42m)
[ 312/1100] spade_plate1_only    7f5c7431c053 seed=0   rows=12 (16.6m, eta 42m)
[ 313/1100] spade_random_plate2  7f5c7431c053 seed=0   rows=12 (16.6m, eta 42m)
[ 314/1100] sobol                7f5c7431c053 seed=0   rows=12 (16.6m, eta 42m)
[ 315/1100] lhs                  7f5c7431c053 seed=0   rows=12 (16.7m, eta 42m)
[ 316/1100] random               7f5c7431c053 seed=0   rows=12 (16.7m, eta 41m)
[ 317/1100] qlognei              7f5c7431c053 seed=0   rows=12 (16.9m, eta 42m)
[ 318/1100] qlogei               7f5c7431c053 seed=0   rows=12 (17.0m, eta 42m)
[ 319/1100] doe                  7f5c7431c053 seed=0   rows=12 (17.1m, eta 42m)
[ 320/1100] spade_cf_m0          7f5c7431c053 seed=1   rows=12 (17.1m, eta 42m)
[ 321/1100] spade_cf_m4          7f5c7431c053 seed=1   rows=12 (17.1m, eta 42m)
[ 322/1100] spade_cf_m8          7f5c7431c053 seed=1   rows=12 (17.2m, eta 41m)
[ 323/1100] spade_plate1_only    7f5c7431c053 seed=1   rows=12 (17.2m, eta 41m)
[ 324/1100] spade_random_plate2  7f5c7431c053 seed=1   rows=12 (17.2m, eta 41m)
[ 325/1100] sobol                7f5c7431c053 seed=1   rows=12 (17.2m, eta 41m)
[ 326/1100] lhs                  7f5c7431c053 seed=1   rows=12 (17.3m, eta 41m)
[ 327/1100] random               7f5c7431c053 seed=1   rows=12 (17.3m, eta 41m)
[ 328/1100] qlognei              7f5c7431c053 seed=1   rows=12 (17.5m, eta 41m)
[ 329/1100] qlogei               7f5c7431c053 seed=1   rows=12 (17.6m, eta 41m)
[ 330/1100] doe                  7f5c7431c053 seed=1   rows=12 (17.6m, eta 41m)
[ 331/1100] spade_cf_m0          8abe35e93ddf seed=0   rows=12 (17.7m, eta 41m)
[ 332/1100] spade_cf_m4          8abe35e93ddf seed=0   rows=12 (17.7m, eta 41m)
[ 333/1100] spade_cf_m8          8abe35e93ddf seed=0   rows=12 (17.8m, eta 41m)
[ 334/1100] spade_plate1_only    8abe35e93ddf seed=0   rows=12 (17.8m, eta 41m)
[ 335/1100] spade_random_plate2  8abe35e93ddf seed=0   rows=12 (17.8m, eta 41m)
[ 336/1100] sobol                8abe35e93ddf seed=0   rows=12 (17.9m, eta 41m)
[ 337/1100] lhs                  8abe35e93ddf seed=0   rows=12 (17.9m, eta 41m)
[ 338/1100] random               8abe35e93ddf seed=0   rows=12 (17.9m, eta 40m)
[ 339/1100] qlognei              8abe35e93ddf seed=0   rows=12 (18.1m, eta 41m)
[ 340/1100] qlogei               8abe35e93ddf seed=0   rows=12 (18.3m, eta 41m)
[ 341/1100] doe                  8abe35e93ddf seed=0   rows=12 (18.3m, eta 41m)
[ 342/1100] spade_cf_m0          8abe35e93ddf seed=1   rows=12 (18.3m, eta 41m)
[ 343/1100] spade_cf_m4          8abe35e93ddf seed=1   rows=12 (18.4m, eta 41m)
[ 344/1100] spade_cf_m8          8abe35e93ddf seed=1   rows=12 (18.4m, eta 40m)
[ 345/1100] spade_plate1_only    8abe35e93ddf seed=1   rows=12 (18.4m, eta 40m)
[ 346/1100] spade_random_plate2  8abe35e93ddf seed=1   rows=12 (18.4m, eta 40m)
[ 347/1100] sobol                8abe35e93ddf seed=1   rows=12 (18.5m, eta 40m)
[ 348/1100] lhs                  8abe35e93ddf seed=1   rows=12 (18.5m, eta 40m)
[ 349/1100] random               8abe35e93ddf seed=1   rows=12 (18.5m, eta 40m)
[ 350/1100] qlognei              8abe35e93ddf seed=1   rows=12 (18.7m, eta 40m)
[ 351/1100] qlogei               8abe35e93ddf seed=1   rows=12 (18.8m, eta 40m)
[ 352/1100] doe                  8abe35e93ddf seed=1   rows=12 (18.8m, eta 40m)
[ 353/1100] spade_cf_m0          9414bc879284 seed=0   rows=12 (18.9m, eta 40m)
[ 354/1100] spade_cf_m4          9414bc879284 seed=0   rows=12 (18.9m, eta 40m)
[ 355/1100] spade_cf_m8          9414bc879284 seed=0   rows=12 (19.0m, eta 40m)
[ 356/1100] spade_plate1_only    9414bc879284 seed=0   rows=12 (19.0m, eta 40m)
[ 357/1100] spade_random_plate2  9414bc879284 seed=0   rows=12 (19.0m, eta 40m)
[ 358/1100] sobol                9414bc879284 seed=0   rows=12 (19.1m, eta 40m)
[ 359/1100] lhs                  9414bc879284 seed=0   rows=12 (19.1m, eta 39m)
[ 360/1100] random               9414bc879284 seed=0   rows=12 (19.1m, eta 39m)
[ 361/1100] qlognei              9414bc879284 seed=0   rows=12 (19.3m, eta 40m)
[ 362/1100] qlogei               9414bc879284 seed=0   rows=12 (19.5m, eta 40m)
[ 363/1100] doe                  9414bc879284 seed=0   rows=12 (19.6m, eta 40m)
[ 364/1100] spade_cf_m0          9414bc879284 seed=1   rows=12 (19.6m, eta 40m)
[ 365/1100] spade_cf_m4          9414bc879284 seed=1   rows=12 (19.6m, eta 39m)
[ 366/1100] spade_cf_m8          9414bc879284 seed=1   rows=12 (19.6m, eta 39m)
[ 367/1100] spade_plate1_only    9414bc879284 seed=1   rows=12 (19.7m, eta 39m)
[ 368/1100] spade_random_plate2  9414bc879284 seed=1   rows=12 (19.7m, eta 39m)
[ 369/1100] sobol                9414bc879284 seed=1   rows=12 (19.7m, eta 39m)
[ 370/1100] lhs                  9414bc879284 seed=1   rows=12 (19.8m, eta 39m)
[ 371/1100] random               9414bc879284 seed=1   rows=12 (19.8m, eta 39m)
[ 372/1100] qlognei              9414bc879284 seed=1   rows=12 (19.9m, eta 39m)
[ 373/1100] qlogei               9414bc879284 seed=1   rows=12 (20.1m, eta 39m)
[ 374/1100] doe                  9414bc879284 seed=1   rows=12 (20.1m, eta 39m)
[ 375/1100] spade_cf_m0          9f3cdb4d835c seed=0   rows=12 (20.2m, eta 39m)
[ 376/1100] spade_cf_m4          9f3cdb4d835c seed=0   rows=12 (20.2m, eta 39m)
[ 377/1100] spade_cf_m8          9f3cdb4d835c seed=0   rows=12 (20.2m, eta 39m)
[ 378/1100] spade_plate1_only    9f3cdb4d835c seed=0   rows=12 (20.3m, eta 39m)
[ 379/1100] spade_random_plate2  9f3cdb4d835c seed=0   rows=12 (20.3m, eta 39m)
[ 380/1100] sobol                9f3cdb4d835c seed=0   rows=12 (20.3m, eta 39m)
[ 381/1100] lhs                  9f3cdb4d835c seed=0   rows=12 (20.4m, eta 38m)
[ 382/1100] random               9f3cdb4d835c seed=0   rows=12 (20.4m, eta 38m)
[ 383/1100] qlognei              9f3cdb4d835c seed=0   rows=12 (20.6m, eta 39m)
[ 384/1100] qlogei               9f3cdb4d835c seed=0   rows=12 (20.7m, eta 39m)
[ 385/1100] doe                  9f3cdb4d835c seed=0   rows=12 (20.7m, eta 38m)
[ 386/1100] spade_cf_m0          9f3cdb4d835c seed=1   rows=12 (20.7m, eta 38m)
[ 387/1100] spade_cf_m4          9f3cdb4d835c seed=1   rows=12 (20.8m, eta 38m)
[ 388/1100] spade_cf_m8          9f3cdb4d835c seed=1   rows=12 (20.8m, eta 38m)
[ 389/1100] spade_plate1_only    9f3cdb4d835c seed=1   rows=12 (20.8m, eta 38m)
[ 390/1100] spade_random_plate2  9f3cdb4d835c seed=1   rows=12 (20.9m, eta 38m)
[ 391/1100] sobol                9f3cdb4d835c seed=1   rows=12 (20.9m, eta 38m)
[ 392/1100] lhs                  9f3cdb4d835c seed=1   rows=12 (20.9m, eta 38m)
[ 393/1100] random               9f3cdb4d835c seed=1   rows=12 (21.0m, eta 38m)
[ 394/1100] qlognei              9f3cdb4d835c seed=1   rows=12 (21.1m, eta 38m)
[ 395/1100] qlogei               9f3cdb4d835c seed=1   rows=12 (21.2m, eta 38m)
[ 396/1100] doe                  9f3cdb4d835c seed=1   rows=12 (21.2m, eta 38m)
[ 397/1100] spade_cf_m0          c75f6d6f50fe seed=0   rows=12 (21.3m, eta 38m)
[ 398/1100] spade_cf_m4          c75f6d6f50fe seed=0   rows=12 (21.3m, eta 38m)
[ 399/1100] spade_cf_m8          c75f6d6f50fe seed=0   rows=12 (21.4m, eta 38m)
[ 400/1100] spade_plate1_only    c75f6d6f50fe seed=0   rows=12 (21.4m, eta 37m)
[ 401/1100] spade_random_plate2  c75f6d6f50fe seed=0   rows=12 (21.4m, eta 37m)
[ 402/1100] sobol                c75f6d6f50fe seed=0   rows=12 (21.5m, eta 37m)
[ 403/1100] lhs                  c75f6d6f50fe seed=0   rows=12 (21.5m, eta 37m)
[ 404/1100] random               c75f6d6f50fe seed=0   rows=12 (21.5m, eta 37m)
[ 405/1100] qlognei              c75f6d6f50fe seed=0   rows=12 (21.7m, eta 37m)
[ 406/1100] qlogei               c75f6d6f50fe seed=0   rows=12 (21.8m, eta 37m)
[ 407/1100] doe                  c75f6d6f50fe seed=0   rows=12 (21.9m, eta 37m)
[ 408/1100] spade_cf_m0          c75f6d6f50fe seed=1   rows=12 (21.9m, eta 37m)
[ 409/1100] spade_cf_m4          c75f6d6f50fe seed=1   rows=12 (22.0m, eta 37m)
[ 410/1100] spade_cf_m8          c75f6d6f50fe seed=1   rows=12 (22.0m, eta 37m)
[ 411/1100] spade_plate1_only    c75f6d6f50fe seed=1   rows=12 (22.0m, eta 37m)
[ 412/1100] spade_random_plate2  c75f6d6f50fe seed=1   rows=12 (22.1m, eta 37m)
[ 413/1100] sobol                c75f6d6f50fe seed=1   rows=12 (22.1m, eta 37m)
[ 414/1100] lhs                  c75f6d6f50fe seed=1   rows=12 (22.1m, eta 37m)
[ 415/1100] random               c75f6d6f50fe seed=1   rows=12 (22.1m, eta 37m)
[ 416/1100] qlognei              c75f6d6f50fe seed=1   rows=12 (22.4m, eta 37m)
[ 417/1100] qlogei               c75f6d6f50fe seed=1   rows=12 (22.6m, eta 37m)
[ 418/1100] doe                  c75f6d6f50fe seed=1   rows=12 (22.6m, eta 37m)
[ 419/1100] spade_cf_m0          ce7334da318b seed=0   rows=12 (22.7m, eta 37m)
[ 420/1100] spade_cf_m4          ce7334da318b seed=0   rows=12 (22.7m, eta 37m)
[ 421/1100] spade_cf_m8          ce7334da318b seed=0   rows=12 (22.8m, eta 37m)
[ 422/1100] spade_plate1_only    ce7334da318b seed=0   rows=12 (22.8m, eta 37m)
[ 423/1100] spade_random_plate2  ce7334da318b seed=0   rows=12 (22.8m, eta 37m)
[ 424/1100] sobol                ce7334da318b seed=0   rows=12 (22.9m, eta 36m)
[ 425/1100] lhs                  ce7334da318b seed=0   rows=12 (22.9m, eta 36m)
[ 426/1100] random               ce7334da318b seed=0   rows=12 (22.9m, eta 36m)
[ 427/1100] qlognei              ce7334da318b seed=0   rows=12 (23.1m, eta 36m)
[ 428/1100] qlogei               ce7334da318b seed=0   rows=12 (23.2m, eta 36m)
[ 429/1100] doe                  ce7334da318b seed=0   rows=12 (23.3m, eta 36m)
[ 430/1100] spade_cf_m0          ce7334da318b seed=1   rows=12 (23.3m, eta 36m)
[ 431/1100] spade_cf_m4          ce7334da318b seed=1   rows=12 (23.3m, eta 36m)
[ 432/1100] spade_cf_m8          ce7334da318b seed=1   rows=12 (23.4m, eta 36m)
[ 433/1100] spade_plate1_only    ce7334da318b seed=1   rows=12 (23.4m, eta 36m)
[ 434/1100] spade_random_plate2  ce7334da318b seed=1   rows=12 (23.4m, eta 36m)
[ 435/1100] sobol                ce7334da318b seed=1   rows=12 (23.5m, eta 36m)
[ 436/1100] lhs                  ce7334da318b seed=1   rows=12 (23.5m, eta 36m)
[ 437/1100] random               ce7334da318b seed=1   rows=12 (23.5m, eta 36m)
[ 438/1100] qlognei              ce7334da318b seed=1   rows=12 (23.7m, eta 36m)
[ 439/1100] qlogei               ce7334da318b seed=1   rows=12 (23.8m, eta 36m)
[ 440/1100] doe                  ce7334da318b seed=1   rows=12 (23.8m, eta 36m)
[ 441/1100] spade_cf_m0          da5ec2fbb20c seed=0   rows=12 (23.8m, eta 36m)
[ 442/1100] spade_cf_m4          da5ec2fbb20c seed=0   rows=12 (23.9m, eta 36m)
[ 443/1100] spade_cf_m8          da5ec2fbb20c seed=0   rows=12 (23.9m, eta 35m)
[ 444/1100] spade_plate1_only    da5ec2fbb20c seed=0   rows=12 (23.9m, eta 35m)
[ 445/1100] spade_random_plate2  da5ec2fbb20c seed=0   rows=12 (24.0m, eta 35m)
[ 446/1100] sobol                da5ec2fbb20c seed=0   rows=12 (24.0m, eta 35m)
[ 447/1100] lhs                  da5ec2fbb20c seed=0   rows=12 (24.0m, eta 35m)
[ 448/1100] random               da5ec2fbb20c seed=0   rows=12 (24.1m, eta 35m)
[ 449/1100] qlognei              da5ec2fbb20c seed=0   rows=12 (24.2m, eta 35m)
[ 450/1100] qlogei               da5ec2fbb20c seed=0   rows=12 (24.3m, eta 35m)
[ 451/1100] doe                  da5ec2fbb20c seed=0   rows=12 (24.4m, eta 35m)
[ 452/1100] spade_cf_m0          da5ec2fbb20c seed=1   rows=12 (24.4m, eta 35m)
[ 453/1100] spade_cf_m4          da5ec2fbb20c seed=1   rows=12 (24.5m, eta 35m)
[ 454/1100] spade_cf_m8          da5ec2fbb20c seed=1   rows=12 (24.5m, eta 35m)
[ 455/1100] spade_plate1_only    da5ec2fbb20c seed=1   rows=12 (24.5m, eta 35m)
[ 456/1100] spade_random_plate2  da5ec2fbb20c seed=1   rows=12 (24.5m, eta 35m)
[ 457/1100] sobol                da5ec2fbb20c seed=1   rows=12 (24.6m, eta 35m)
[ 458/1100] lhs                  da5ec2fbb20c seed=1   rows=12 (24.6m, eta 34m)
[ 459/1100] random               da5ec2fbb20c seed=1   rows=12 (24.6m, eta 34m)
[ 460/1100] qlognei              da5ec2fbb20c seed=1   rows=12 (24.8m, eta 34m)
[ 461/1100] qlogei               da5ec2fbb20c seed=1   rows=12 (24.9m, eta 35m)
[ 462/1100] doe                  da5ec2fbb20c seed=1   rows=12 (25.0m, eta 34m)
[ 463/1100] spade_cf_m0          e402c32907f2 seed=0   rows=12 (25.0m, eta 34m)
[ 464/1100] spade_cf_m4          e402c32907f2 seed=0   rows=12 (25.0m, eta 34m)
[ 465/1100] spade_cf_m8          e402c32907f2 seed=0   rows=12 (25.1m, eta 34m)
[ 466/1100] spade_plate1_only    e402c32907f2 seed=0   rows=12 (25.1m, eta 34m)
[ 467/1100] spade_random_plate2  e402c32907f2 seed=0   rows=12 (25.1m, eta 34m)
[ 468/1100] sobol                e402c32907f2 seed=0   rows=12 (25.2m, eta 34m)
[ 469/1100] lhs                  e402c32907f2 seed=0   rows=12 (25.2m, eta 34m)
[ 470/1100] random               e402c32907f2 seed=0   rows=12 (25.2m, eta 34m)
[ 471/1100] qlognei              e402c32907f2 seed=0   rows=12 (25.4m, eta 34m)
[ 472/1100] qlogei               e402c32907f2 seed=0   rows=12 (25.6m, eta 34m)
[ 473/1100] doe                  e402c32907f2 seed=0   rows=12 (25.6m, eta 34m)
[ 474/1100] spade_cf_m0          e402c32907f2 seed=1   rows=12 (25.6m, eta 34m)
[ 475/1100] spade_cf_m4          e402c32907f2 seed=1   rows=12 (25.7m, eta 34m)
[ 476/1100] spade_cf_m8          e402c32907f2 seed=1   rows=12 (25.7m, eta 34m)
[ 477/1100] spade_plate1_only    e402c32907f2 seed=1   rows=12 (25.7m, eta 34m)
[ 478/1100] spade_random_plate2  e402c32907f2 seed=1   rows=12 (25.7m, eta 34m)
[ 479/1100] sobol                e402c32907f2 seed=1   rows=12 (25.8m, eta 33m)
[ 480/1100] lhs                  e402c32907f2 seed=1   rows=12 (25.8m, eta 33m)
[ 481/1100] random               e402c32907f2 seed=1   rows=12 (25.8m, eta 33m)
[ 482/1100] qlognei              e402c32907f2 seed=1   rows=12 (26.1m, eta 33m)
[ 483/1100] qlogei               e402c32907f2 seed=1   rows=12 (26.3m, eta 34m)
[ 484/1100] doe                  e402c32907f2 seed=1   rows=12 (26.3m, eta 34m)
[ 485/1100] spade_cf_m0          e946207e9dfe seed=0   rows=12 (26.4m, eta 33m)
[ 486/1100] spade_cf_m4          e946207e9dfe seed=0   rows=12 (26.4m, eta 33m)
[ 487/1100] spade_cf_m8          e946207e9dfe seed=0   rows=12 (26.4m, eta 33m)
[ 488/1100] spade_plate1_only    e946207e9dfe seed=0   rows=12 (26.5m, eta 33m)
[ 489/1100] spade_random_plate2  e946207e9dfe seed=0   rows=12 (26.5m, eta 33m)
[ 490/1100] sobol                e946207e9dfe seed=0   rows=12 (26.5m, eta 33m)
[ 491/1100] lhs                  e946207e9dfe seed=0   rows=12 (26.6m, eta 33m)
[ 492/1100] random               e946207e9dfe seed=0   rows=12 (26.6m, eta 33m)
[ 493/1100] qlognei              e946207e9dfe seed=0   rows=12 (26.8m, eta 33m)
[ 494/1100] qlogei               e946207e9dfe seed=0   rows=12 (26.9m, eta 33m)
[ 495/1100] doe                  e946207e9dfe seed=0   rows=12 (27.0m, eta 33m)
[ 496/1100] spade_cf_m0          e946207e9dfe seed=1   rows=12 (27.0m, eta 33m)
[ 497/1100] spade_cf_m4          e946207e9dfe seed=1   rows=12 (27.0m, eta 33m)
[ 498/1100] spade_cf_m8          e946207e9dfe seed=1   rows=12 (27.1m, eta 33m)
[ 499/1100] spade_plate1_only    e946207e9dfe seed=1   rows=12 (27.1m, eta 33m)
[ 500/1100] spade_random_plate2  e946207e9dfe seed=1   rows=12 (27.1m, eta 33m)
[ 501/1100] sobol                e946207e9dfe seed=1   rows=12 (27.2m, eta 32m)
[ 502/1100] lhs                  e946207e9dfe seed=1   rows=12 (27.2m, eta 32m)
[ 503/1100] random               e946207e9dfe seed=1   rows=12 (27.2m, eta 32m)
[ 504/1100] qlognei              e946207e9dfe seed=1   rows=12 (27.4m, eta 32m)
[ 505/1100] qlogei               e946207e9dfe seed=1   rows=12 (27.5m, eta 32m)
[ 506/1100] doe                  e946207e9dfe seed=1   rows=12 (27.5m, eta 32m)
[ 507/1100] spade_cf_m0          ef2815cdafff seed=0   rows=12 (27.6m, eta 32m)
[ 508/1100] spade_cf_m4          ef2815cdafff seed=0   rows=12 (27.6m, eta 32m)
[ 509/1100] spade_cf_m8          ef2815cdafff seed=0   rows=12 (27.6m, eta 32m)
[ 510/1100] spade_plate1_only    ef2815cdafff seed=0   rows=12 (27.7m, eta 32m)
[ 511/1100] spade_random_plate2  ef2815cdafff seed=0   rows=12 (27.7m, eta 32m)
[ 512/1100] sobol                ef2815cdafff seed=0   rows=12 (27.7m, eta 32m)
[ 513/1100] lhs                  ef2815cdafff seed=0   rows=12 (27.8m, eta 32m)
[ 514/1100] random               ef2815cdafff seed=0   rows=12 (27.8m, eta 32m)
[ 515/1100] qlognei              ef2815cdafff seed=0   rows=12 (27.9m, eta 32m)
[ 516/1100] qlogei               ef2815cdafff seed=0   rows=12 (28.0m, eta 32m)
[ 517/1100] doe                  ef2815cdafff seed=0   rows=12 (28.1m, eta 32m)
[ 518/1100] spade_cf_m0          ef2815cdafff seed=1   rows=12 (28.1m, eta 32m)
[ 519/1100] spade_cf_m4          ef2815cdafff seed=1   rows=12 (28.1m, eta 32m)
[ 520/1100] spade_cf_m8          ef2815cdafff seed=1   rows=12 (28.2m, eta 31m)
[ 521/1100] spade_plate1_only    ef2815cdafff seed=1   rows=12 (28.2m, eta 31m)
[ 522/1100] spade_random_plate2  ef2815cdafff seed=1   rows=12 (28.3m, eta 31m)
[ 523/1100] sobol                ef2815cdafff seed=1   rows=12 (28.3m, eta 31m)
[ 524/1100] lhs                  ef2815cdafff seed=1   rows=12 (28.3m, eta 31m)
[ 525/1100] random               ef2815cdafff seed=1   rows=12 (28.3m, eta 31m)
[ 526/1100] qlognei              ef2815cdafff seed=1   rows=12 (28.6m, eta 31m)
[ 527/1100] qlogei               ef2815cdafff seed=1   rows=12 (28.7m, eta 31m)
[ 528/1100] doe                  ef2815cdafff seed=1   rows=12 (28.8m, eta 31m)
[ 529/1100] spade_cf_m0          f79c5cf17503 seed=0   rows=12 (28.8m, eta 31m)
[ 530/1100] spade_cf_m4          f79c5cf17503 seed=0   rows=12 (28.9m, eta 31m)
[ 531/1100] spade_cf_m8          f79c5cf17503 seed=0   rows=12 (28.9m, eta 31m)
[ 532/1100] spade_plate1_only    f79c5cf17503 seed=0   rows=12 (28.9m, eta 31m)
[ 533/1100] spade_random_plate2  f79c5cf17503 seed=0   rows=12 (29.0m, eta 31m)
[ 534/1100] sobol                f79c5cf17503 seed=0   rows=12 (29.0m, eta 31m)
[ 535/1100] lhs                  f79c5cf17503 seed=0   rows=12 (29.0m, eta 31m)
[ 536/1100] random               f79c5cf17503 seed=0   rows=12 (29.0m, eta 31m)
[ 537/1100] qlognei              f79c5cf17503 seed=0   rows=12 (29.2m, eta 31m)
[ 538/1100] qlogei               f79c5cf17503 seed=0   rows=12 (29.3m, eta 31m)
[ 539/1100] doe                  f79c5cf17503 seed=0   rows=12 (29.3m, eta 31m)
[ 540/1100] spade_cf_m0          f79c5cf17503 seed=1   rows=12 (29.4m, eta 30m)
[ 541/1100] spade_cf_m4          f79c5cf17503 seed=1   rows=12 (29.4m, eta 30m)
[ 542/1100] spade_cf_m8          f79c5cf17503 seed=1   rows=12 (29.4m, eta 30m)
[ 543/1100] spade_plate1_only    f79c5cf17503 seed=1   rows=12 (29.5m, eta 30m)
[ 544/1100] spade_random_plate2  f79c5cf17503 seed=1   rows=12 (29.5m, eta 30m)
[ 545/1100] sobol                f79c5cf17503 seed=1   rows=12 (29.5m, eta 30m)
[ 546/1100] lhs                  f79c5cf17503 seed=1   rows=12 (29.5m, eta 30m)
[ 547/1100] random               f79c5cf17503 seed=1   rows=12 (29.6m, eta 30m)
[ 548/1100] qlognei              f79c5cf17503 seed=1   rows=12 (29.7m, eta 30m)
[ 549/1100] qlogei               f79c5cf17503 seed=1   rows=12 (29.8m, eta 30m)
[ 550/1100] doe                  f79c5cf17503 seed=1   rows=12 (29.9m, eta 30m)
[ 551/1100] spade_cf_m0          033466197eba seed=2   rows=12 (29.9m, eta 30m)
[ 552/1100] spade_cf_m4          033466197eba seed=2   rows=12 (29.9m, eta 30m)
[ 553/1100] spade_cf_m8          033466197eba seed=2   rows=12 (30.0m, eta 30m)
[ 554/1100] spade_plate1_only    033466197eba seed=2   rows=12 (30.0m, eta 30m)
[ 555/1100] spade_random_plate2  033466197eba seed=2   rows=12 (30.0m, eta 29m)
[ 556/1100] sobol                033466197eba seed=2   rows=12 (30.1m, eta 29m)
[ 557/1100] lhs                  033466197eba seed=2   rows=12 (30.1m, eta 29m)
[ 558/1100] random               033466197eba seed=2   rows=12 (30.1m, eta 29m)
[ 559/1100] qlognei              033466197eba seed=2   rows=12 (30.3m, eta 29m)
[ 560/1100] qlogei               033466197eba seed=2   rows=12 (30.4m, eta 29m)
[ 561/1100] doe                  033466197eba seed=2   rows=12 (30.5m, eta 29m)
[ 562/1100] spade_cf_m0          0a6e0788538a seed=2   rows=12 (30.5m, eta 29m)
[ 563/1100] spade_cf_m4          0a6e0788538a seed=2   rows=12 (30.5m, eta 29m)
[ 564/1100] spade_cf_m8          0a6e0788538a seed=2   rows=12 (30.6m, eta 29m)
[ 565/1100] spade_plate1_only    0a6e0788538a seed=2   rows=12 (30.6m, eta 29m)
[ 566/1100] spade_random_plate2  0a6e0788538a seed=2   rows=12 (30.6m, eta 29m)
[ 567/1100] sobol                0a6e0788538a seed=2   rows=12 (30.7m, eta 29m)
[ 568/1100] lhs                  0a6e0788538a seed=2   rows=12 (30.7m, eta 29m)
[ 569/1100] random               0a6e0788538a seed=2   rows=12 (30.7m, eta 29m)
[ 570/1100] qlognei              0a6e0788538a seed=2   rows=12 (30.9m, eta 29m)
[ 571/1100] qlogei               0a6e0788538a seed=2   rows=12 (31.0m, eta 29m)
[ 572/1100] doe                  0a6e0788538a seed=2   rows=12 (31.0m, eta 29m)
[ 573/1100] spade_cf_m0          0ed87c75239d seed=2   rows=12 (31.1m, eta 29m)
[ 574/1100] spade_cf_m4          0ed87c75239d seed=2   rows=12 (31.1m, eta 28m)
[ 575/1100] spade_cf_m8          0ed87c75239d seed=2   rows=12 (31.1m, eta 28m)
[ 576/1100] spade_plate1_only    0ed87c75239d seed=2   rows=12 (31.2m, eta 28m)
[ 577/1100] spade_random_plate2  0ed87c75239d seed=2   rows=12 (31.2m, eta 28m)
[ 578/1100] sobol                0ed87c75239d seed=2   rows=12 (31.2m, eta 28m)
[ 579/1100] lhs                  0ed87c75239d seed=2   rows=12 (31.3m, eta 28m)
[ 580/1100] random               0ed87c75239d seed=2   rows=12 (31.3m, eta 28m)
[ 581/1100] qlognei              0ed87c75239d seed=2   rows=12 (31.5m, eta 28m)
[ 582/1100] qlogei               0ed87c75239d seed=2   rows=12 (31.6m, eta 28m)
[ 583/1100] doe                  0ed87c75239d seed=2   rows=12 (31.7m, eta 28m)
[ 584/1100] spade_cf_m0          32bb966a18f1 seed=2   rows=12 (31.7m, eta 28m)
[ 585/1100] spade_cf_m4          32bb966a18f1 seed=2   rows=12 (31.7m, eta 28m)
[ 586/1100] spade_cf_m8          32bb966a18f1 seed=2   rows=12 (31.8m, eta 28m)
[ 587/1100] spade_plate1_only    32bb966a18f1 seed=2   rows=12 (31.8m, eta 28m)
[ 588/1100] spade_random_plate2  32bb966a18f1 seed=2   rows=12 (31.9m, eta 28m)
[ 589/1100] sobol                32bb966a18f1 seed=2   rows=12 (31.9m, eta 28m)
[ 590/1100] lhs                  32bb966a18f1 seed=2   rows=12 (31.9m, eta 28m)
[ 591/1100] random               32bb966a18f1 seed=2   rows=12 (32.0m, eta 28m)
[ 592/1100] qlognei              32bb966a18f1 seed=2   rows=12 (32.1m, eta 28m)
[ 593/1100] qlogei               32bb966a18f1 seed=2   rows=12 (32.2m, eta 28m)
[ 594/1100] doe                  32bb966a18f1 seed=2   rows=12 (32.2m, eta 27m)
[ 595/1100] spade_cf_m0          443c180247c1 seed=2   rows=12 (32.3m, eta 27m)
[ 596/1100] spade_cf_m4          443c180247c1 seed=2   rows=12 (32.3m, eta 27m)
[ 597/1100] spade_cf_m8          443c180247c1 seed=2   rows=12 (32.3m, eta 27m)
[ 598/1100] spade_plate1_only    443c180247c1 seed=2   rows=12 (32.4m, eta 27m)
[ 599/1100] spade_random_plate2  443c180247c1 seed=2   rows=12 (32.4m, eta 27m)
[ 600/1100] sobol                443c180247c1 seed=2   rows=12 (32.4m, eta 27m)
[ 601/1100] lhs                  443c180247c1 seed=2   rows=12 (32.5m, eta 27m)
[ 602/1100] random               443c180247c1 seed=2   rows=12 (32.5m, eta 27m)
[ 603/1100] qlognei              443c180247c1 seed=2   rows=12 (32.7m, eta 27m)
[ 604/1100] qlogei               443c180247c1 seed=2   rows=12 (32.8m, eta 27m)
[ 605/1100] doe                  443c180247c1 seed=2   rows=12 (32.8m, eta 27m)
[ 606/1100] spade_cf_m0          48b1324dd046 seed=2   rows=12 (32.8m, eta 27m)
[ 607/1100] spade_cf_m4          48b1324dd046 seed=2   rows=12 (32.9m, eta 27m)
[ 608/1100] spade_cf_m8          48b1324dd046 seed=2   rows=12 (32.9m, eta 27m)
[ 609/1100] spade_plate1_only    48b1324dd046 seed=2   rows=12 (33.0m, eta 27m)
[ 610/1100] spade_random_plate2  48b1324dd046 seed=2   rows=12 (33.0m, eta 27m)
[ 611/1100] sobol                48b1324dd046 seed=2   rows=12 (33.0m, eta 26m)
[ 612/1100] lhs                  48b1324dd046 seed=2   rows=12 (33.1m, eta 26m)
[ 613/1100] random               48b1324dd046 seed=2   rows=12 (33.1m, eta 26m)
[ 614/1100] qlognei              48b1324dd046 seed=2   rows=12 (33.3m, eta 26m)
[ 615/1100] qlogei               48b1324dd046 seed=2   rows=12 (33.4m, eta 26m)
[ 616/1100] doe                  48b1324dd046 seed=2   rows=12 (33.4m, eta 26m)
[ 617/1100] spade_cf_m0          4d4f7158b65b seed=2   rows=12 (33.5m, eta 26m)
[ 618/1100] spade_cf_m4          4d4f7158b65b seed=2   rows=12 (33.5m, eta 26m)
[ 619/1100] spade_cf_m8          4d4f7158b65b seed=2   rows=12 (33.5m, eta 26m)
[ 620/1100] spade_plate1_only    4d4f7158b65b seed=2   rows=12 (33.6m, eta 26m)
[ 621/1100] spade_random_plate2  4d4f7158b65b seed=2   rows=12 (33.6m, eta 26m)
[ 622/1100] sobol                4d4f7158b65b seed=2   rows=12 (33.6m, eta 26m)
[ 623/1100] lhs                  4d4f7158b65b seed=2   rows=12 (33.7m, eta 26m)
[ 624/1100] random               4d4f7158b65b seed=2   rows=12 (33.7m, eta 26m)
[ 625/1100] qlognei              4d4f7158b65b seed=2   rows=12 (33.8m, eta 26m)
[ 626/1100] qlogei               4d4f7158b65b seed=2   rows=12 (34.0m, eta 26m)
[ 627/1100] doe                  4d4f7158b65b seed=2   rows=12 (34.0m, eta 26m)
[ 628/1100] spade_cf_m0          51cf489c521a seed=2   rows=12 (34.1m, eta 26m)
[ 629/1100] spade_cf_m4          51cf489c521a seed=2   rows=12 (34.1m, eta 26m)
[ 630/1100] spade_cf_m8          51cf489c521a seed=2   rows=12 (34.1m, eta 25m)
[ 631/1100] spade_plate1_only    51cf489c521a seed=2   rows=12 (34.2m, eta 25m)
[ 632/1100] spade_random_plate2  51cf489c521a seed=2   rows=12 (34.2m, eta 25m)
[ 633/1100] sobol                51cf489c521a seed=2   rows=12 (34.2m, eta 25m)
[ 634/1100] lhs                  51cf489c521a seed=2   rows=12 (34.2m, eta 25m)
[ 635/1100] random               51cf489c521a seed=2   rows=12 (34.3m, eta 25m)
[ 636/1100] qlognei              51cf489c521a seed=2   rows=12 (34.4m, eta 25m)
[ 637/1100] qlogei               51cf489c521a seed=2   rows=12 (34.6m, eta 25m)
[ 638/1100] doe                  51cf489c521a seed=2   rows=12 (34.6m, eta 25m)
[ 639/1100] spade_cf_m0          578e5d876835 seed=2   rows=12 (34.6m, eta 25m)
[ 640/1100] spade_cf_m4          578e5d876835 seed=2   rows=12 (34.7m, eta 25m)
[ 641/1100] spade_cf_m8          578e5d876835 seed=2   rows=12 (34.7m, eta 25m)
[ 642/1100] spade_plate1_only    578e5d876835 seed=2   rows=12 (34.8m, eta 25m)
[ 643/1100] spade_random_plate2  578e5d876835 seed=2   rows=12 (34.8m, eta 25m)
[ 644/1100] sobol                578e5d876835 seed=2   rows=12 (34.8m, eta 25m)
[ 645/1100] lhs                  578e5d876835 seed=2   rows=12 (34.9m, eta 25m)
[ 646/1100] random               578e5d876835 seed=2   rows=12 (34.9m, eta 25m)
[ 647/1100] qlognei              578e5d876835 seed=2   rows=12 (35.1m, eta 25m)
[ 648/1100] qlogei               578e5d876835 seed=2   rows=12 (35.2m, eta 25m)
[ 649/1100] doe                  578e5d876835 seed=2   rows=12 (35.2m, eta 24m)
[ 650/1100] spade_cf_m0          59e420274f43 seed=2   rows=12 (35.2m, eta 24m)
[ 651/1100] spade_cf_m4          59e420274f43 seed=2   rows=12 (35.3m, eta 24m)
[ 652/1100] spade_cf_m8          59e420274f43 seed=2   rows=12 (35.3m, eta 24m)
[ 653/1100] spade_plate1_only    59e420274f43 seed=2   rows=12 (35.3m, eta 24m)
[ 654/1100] spade_random_plate2  59e420274f43 seed=2   rows=12 (35.4m, eta 24m)
[ 655/1100] sobol                59e420274f43 seed=2   rows=12 (35.4m, eta 24m)
[ 656/1100] lhs                  59e420274f43 seed=2   rows=12 (35.4m, eta 24m)
[ 657/1100] random               59e420274f43 seed=2   rows=12 (35.5m, eta 24m)
[ 658/1100] qlognei              59e420274f43 seed=2   rows=12 (35.6m, eta 24m)
[ 659/1100] qlogei               59e420274f43 seed=2   rows=12 (35.8m, eta 24m)
[ 660/1100] doe                  59e420274f43 seed=2   rows=12 (35.8m, eta 24m)
[ 661/1100] spade_cf_m0          5b3926ef2c5f seed=2   rows=12 (35.9m, eta 24m)
[ 662/1100] spade_cf_m4          5b3926ef2c5f seed=2   rows=12 (35.9m, eta 24m)
[ 663/1100] spade_cf_m8          5b3926ef2c5f seed=2   rows=12 (36.0m, eta 24m)
[ 664/1100] spade_plate1_only    5b3926ef2c5f seed=2   rows=12 (36.0m, eta 24m)
[ 665/1100] spade_random_plate2  5b3926ef2c5f seed=2   rows=12 (36.0m, eta 24m)
[ 666/1100] sobol                5b3926ef2c5f seed=2   rows=12 (36.1m, eta 23m)
[ 667/1100] lhs                  5b3926ef2c5f seed=2   rows=12 (36.1m, eta 23m)
[ 668/1100] random               5b3926ef2c5f seed=2   rows=12 (36.1m, eta 23m)
[ 669/1100] qlognei              5b3926ef2c5f seed=2   rows=12 (36.3m, eta 23m)
[ 670/1100] qlogei               5b3926ef2c5f seed=2   rows=12 (36.4m, eta 23m)
[ 671/1100] doe                  5b3926ef2c5f seed=2   rows=12 (36.5m, eta 23m)
[ 672/1100] spade_cf_m0          763e0f589258 seed=2   rows=12 (36.5m, eta 23m)
[ 673/1100] spade_cf_m4          763e0f589258 seed=2   rows=12 (36.5m, eta 23m)
[ 674/1100] spade_cf_m8          763e0f589258 seed=2   rows=12 (36.6m, eta 23m)
[ 675/1100] spade_plate1_only    763e0f589258 seed=2   rows=12 (36.6m, eta 23m)
[ 676/1100] spade_random_plate2  763e0f589258 seed=2   rows=12 (36.6m, eta 23m)
[ 677/1100] sobol                763e0f589258 seed=2   rows=12 (36.6m, eta 23m)
[ 678/1100] lhs                  763e0f589258 seed=2   rows=12 (36.7m, eta 23m)
[ 679/1100] random               763e0f589258 seed=2   rows=12 (36.7m, eta 23m)
[ 680/1100] qlognei              763e0f589258 seed=2   rows=12 (36.9m, eta 23m)
[ 681/1100] qlogei               763e0f589258 seed=2   rows=12 (37.0m, eta 23m)
[ 682/1100] doe                  763e0f589258 seed=2   rows=12 (37.1m, eta 23m)
[ 683/1100] spade_cf_m0          7b6071e568a9 seed=2   rows=12 (37.1m, eta 23m)
[ 684/1100] spade_cf_m4          7b6071e568a9 seed=2   rows=12 (37.1m, eta 23m)
[ 685/1100] spade_cf_m8          7b6071e568a9 seed=2   rows=12 (37.2m, eta 23m)
[ 686/1100] spade_plate1_only    7b6071e568a9 seed=2   rows=12 (37.2m, eta 22m)
[ 687/1100] spade_random_plate2  7b6071e568a9 seed=2   rows=12 (37.3m, eta 22m)
[ 688/1100] sobol                7b6071e568a9 seed=2   rows=12 (37.3m, eta 22m)
[ 689/1100] lhs                  7b6071e568a9 seed=2   rows=12 (37.3m, eta 22m)
[ 690/1100] random               7b6071e568a9 seed=2   rows=12 (37.4m, eta 22m)
[ 691/1100] qlognei              7b6071e568a9 seed=2   rows=12 (37.6m, eta 22m)
[ 692/1100] qlogei               7b6071e568a9 seed=2   rows=12 (37.7m, eta 22m)
[ 693/1100] doe                  7b6071e568a9 seed=2   rows=12 (37.7m, eta 22m)
[ 694/1100] spade_cf_m0          7ef3fc89acec seed=2   rows=12 (37.8m, eta 22m)
[ 695/1100] spade_cf_m4          7ef3fc89acec seed=2   rows=12 (37.8m, eta 22m)
[ 696/1100] spade_cf_m8          7ef3fc89acec seed=2   rows=12 (37.8m, eta 22m)
[ 697/1100] spade_plate1_only    7ef3fc89acec seed=2   rows=12 (37.9m, eta 22m)
[ 698/1100] spade_random_plate2  7ef3fc89acec seed=2   rows=12 (37.9m, eta 22m)
[ 699/1100] sobol                7ef3fc89acec seed=2   rows=12 (38.0m, eta 22m)
[ 700/1100] lhs                  7ef3fc89acec seed=2   rows=12 (38.0m, eta 22m)
[ 701/1100] random               7ef3fc89acec seed=2   rows=12 (38.0m, eta 22m)
[ 702/1100] qlognei              7ef3fc89acec seed=2   rows=12 (38.2m, eta 22m)
[ 703/1100] qlogei               7ef3fc89acec seed=2   rows=12 (38.3m, eta 22m)
[ 704/1100] doe                  7ef3fc89acec seed=2   rows=12 (38.3m, eta 22m)
[ 705/1100] spade_cf_m0          7f5c7431c053 seed=2   rows=12 (38.4m, eta 21m)
[ 706/1100] spade_cf_m4          7f5c7431c053 seed=2   rows=12 (38.4m, eta 21m)
[ 707/1100] spade_cf_m8          7f5c7431c053 seed=2   rows=12 (38.4m, eta 21m)
[ 708/1100] spade_plate1_only    7f5c7431c053 seed=2   rows=12 (38.5m, eta 21m)
[ 709/1100] spade_random_plate2  7f5c7431c053 seed=2   rows=12 (38.5m, eta 21m)
[ 710/1100] sobol                7f5c7431c053 seed=2   rows=12 (38.5m, eta 21m)
[ 711/1100] lhs                  7f5c7431c053 seed=2   rows=12 (38.6m, eta 21m)
[ 712/1100] random               7f5c7431c053 seed=2   rows=12 (38.6m, eta 21m)
[ 713/1100] qlognei              7f5c7431c053 seed=2   rows=12 (38.8m, eta 21m)
[ 714/1100] qlogei               7f5c7431c053 seed=2   rows=12 (38.9m, eta 21m)
[ 715/1100] doe                  7f5c7431c053 seed=2   rows=12 (38.9m, eta 21m)
[ 716/1100] spade_cf_m0          8abe35e93ddf seed=2   rows=12 (39.0m, eta 21m)
[ 717/1100] spade_cf_m4          8abe35e93ddf seed=2   rows=12 (39.0m, eta 21m)
[ 718/1100] spade_cf_m8          8abe35e93ddf seed=2   rows=12 (39.1m, eta 21m)
[ 719/1100] spade_plate1_only    8abe35e93ddf seed=2   rows=12 (39.1m, eta 21m)
[ 720/1100] spade_random_plate2  8abe35e93ddf seed=2   rows=12 (39.1m, eta 21m)
[ 721/1100] sobol                8abe35e93ddf seed=2   rows=12 (39.2m, eta 21m)
[ 722/1100] lhs                  8abe35e93ddf seed=2   rows=12 (39.2m, eta 21m)
[ 723/1100] random               8abe35e93ddf seed=2   rows=12 (39.2m, eta 20m)
[ 724/1100] qlognei              8abe35e93ddf seed=2   rows=12 (39.4m, eta 20m)
[ 725/1100] qlogei               8abe35e93ddf seed=2   rows=12 (39.5m, eta 20m)
[ 726/1100] doe                  8abe35e93ddf seed=2   rows=12 (39.5m, eta 20m)
[ 727/1100] spade_cf_m0          9414bc879284 seed=2   rows=12 (39.6m, eta 20m)
[ 728/1100] spade_cf_m4          9414bc879284 seed=2   rows=12 (39.6m, eta 20m)
[ 729/1100] spade_cf_m8          9414bc879284 seed=2   rows=12 (39.6m, eta 20m)
[ 730/1100] spade_plate1_only    9414bc879284 seed=2   rows=12 (39.7m, eta 20m)
[ 731/1100] spade_random_plate2  9414bc879284 seed=2   rows=12 (39.7m, eta 20m)
[ 732/1100] sobol                9414bc879284 seed=2   rows=12 (39.8m, eta 20m)
[ 733/1100] lhs                  9414bc879284 seed=2   rows=12 (39.8m, eta 20m)
[ 734/1100] random               9414bc879284 seed=2   rows=12 (39.8m, eta 20m)
[ 735/1100] qlognei              9414bc879284 seed=2   rows=12 (40.0m, eta 20m)
[ 736/1100] qlogei               9414bc879284 seed=2   rows=12 (40.1m, eta 20m)
[ 737/1100] doe                  9414bc879284 seed=2   rows=12 (40.1m, eta 20m)
[ 738/1100] spade_cf_m0          9f3cdb4d835c seed=2   rows=12 (40.2m, eta 20m)
[ 739/1100] spade_cf_m4          9f3cdb4d835c seed=2   rows=12 (40.2m, eta 20m)
[ 740/1100] spade_cf_m8          9f3cdb4d835c seed=2   rows=12 (40.3m, eta 20m)
[ 741/1100] spade_plate1_only    9f3cdb4d835c seed=2   rows=12 (40.3m, eta 20m)
[ 742/1100] spade_random_plate2  9f3cdb4d835c seed=2   rows=12 (40.3m, eta 19m)
[ 743/1100] sobol                9f3cdb4d835c seed=2   rows=12 (40.4m, eta 19m)
[ 744/1100] lhs                  9f3cdb4d835c seed=2   rows=12 (40.4m, eta 19m)
[ 745/1100] random               9f3cdb4d835c seed=2   rows=12 (40.4m, eta 19m)
[ 746/1100] qlognei              9f3cdb4d835c seed=2   rows=12 (40.6m, eta 19m)
[ 747/1100] qlogei               9f3cdb4d835c seed=2   rows=12 (40.8m, eta 19m)
[ 748/1100] doe                  9f3cdb4d835c seed=2   rows=12 (40.8m, eta 19m)
[ 749/1100] spade_cf_m0          c75f6d6f50fe seed=2   rows=12 (40.8m, eta 19m)
[ 750/1100] spade_cf_m4          c75f6d6f50fe seed=2   rows=12 (40.9m, eta 19m)
[ 751/1100] spade_cf_m8          c75f6d6f50fe seed=2   rows=12 (40.9m, eta 19m)
[ 752/1100] spade_plate1_only    c75f6d6f50fe seed=2   rows=12 (40.9m, eta 19m)
[ 753/1100] spade_random_plate2  c75f6d6f50fe seed=2   rows=12 (41.0m, eta 19m)
[ 754/1100] sobol                c75f6d6f50fe seed=2   rows=12 (41.0m, eta 19m)
[ 755/1100] lhs                  c75f6d6f50fe seed=2   rows=12 (41.0m, eta 19m)
[ 756/1100] random               c75f6d6f50fe seed=2   rows=12 (41.1m, eta 19m)
[ 757/1100] qlognei              c75f6d6f50fe seed=2   rows=12 (41.3m, eta 19m)
[ 758/1100] qlogei               c75f6d6f50fe seed=2   rows=12 (41.5m, eta 19m)
[ 759/1100] doe                  c75f6d6f50fe seed=2   rows=12 (41.5m, eta 19m)
[ 760/1100] spade_cf_m0          ce7334da318b seed=2   rows=12 (41.5m, eta 19m)
[ 761/1100] spade_cf_m4          ce7334da318b seed=2   rows=12 (41.6m, eta 19m)
[ 762/1100] spade_cf_m8          ce7334da318b seed=2   rows=12 (41.6m, eta 18m)
[ 763/1100] spade_plate1_only    ce7334da318b seed=2   rows=12 (41.7m, eta 18m)
[ 764/1100] spade_random_plate2  ce7334da318b seed=2   rows=12 (41.7m, eta 18m)
[ 765/1100] sobol                ce7334da318b seed=2   rows=12 (41.7m, eta 18m)
[ 766/1100] lhs                  ce7334da318b seed=2   rows=12 (41.8m, eta 18m)
[ 767/1100] random               ce7334da318b seed=2   rows=12 (41.8m, eta 18m)
[ 768/1100] qlognei              ce7334da318b seed=2   rows=12 (42.0m, eta 18m)
[ 769/1100] qlogei               ce7334da318b seed=2   rows=12 (42.1m, eta 18m)
[ 770/1100] doe                  ce7334da318b seed=2   rows=12 (42.1m, eta 18m)
[ 771/1100] spade_cf_m0          da5ec2fbb20c seed=2   rows=12 (42.2m, eta 18m)
[ 772/1100] spade_cf_m4          da5ec2fbb20c seed=2   rows=12 (42.2m, eta 18m)
[ 773/1100] spade_cf_m8          da5ec2fbb20c seed=2   rows=12 (42.3m, eta 18m)
[ 774/1100] spade_plate1_only    da5ec2fbb20c seed=2   rows=12 (42.3m, eta 18m)
[ 775/1100] spade_random_plate2  da5ec2fbb20c seed=2   rows=12 (42.4m, eta 18m)
[ 776/1100] sobol                da5ec2fbb20c seed=2   rows=12 (42.4m, eta 18m)
[ 777/1100] lhs                  da5ec2fbb20c seed=2   rows=12 (42.4m, eta 18m)
[ 778/1100] random               da5ec2fbb20c seed=2   rows=12 (42.5m, eta 18m)
[ 779/1100] qlognei              da5ec2fbb20c seed=2   rows=12 (42.6m, eta 18m)
[ 780/1100] qlogei               da5ec2fbb20c seed=2   rows=12 (42.8m, eta 18m)
[ 781/1100] doe                  da5ec2fbb20c seed=2   rows=12 (42.8m, eta 17m)
[ 782/1100] spade_cf_m0          e402c32907f2 seed=2   rows=12 (42.8m, eta 17m)
[ 783/1100] spade_cf_m4          e402c32907f2 seed=2   rows=12 (42.9m, eta 17m)
[ 784/1100] spade_cf_m8          e402c32907f2 seed=2   rows=12 (42.9m, eta 17m)
[ 785/1100] spade_plate1_only    e402c32907f2 seed=2   rows=12 (42.9m, eta 17m)
[ 786/1100] spade_random_plate2  e402c32907f2 seed=2   rows=12 (43.0m, eta 17m)
[ 787/1100] sobol                e402c32907f2 seed=2   rows=12 (43.0m, eta 17m)
[ 788/1100] lhs                  e402c32907f2 seed=2   rows=12 (43.0m, eta 17m)
[ 789/1100] random               e402c32907f2 seed=2   rows=12 (43.1m, eta 17m)
[ 790/1100] qlognei              e402c32907f2 seed=2   rows=12 (43.2m, eta 17m)
[ 791/1100] qlogei               e402c32907f2 seed=2   rows=12 (43.4m, eta 17m)
[ 792/1100] doe                  e402c32907f2 seed=2   rows=12 (43.4m, eta 17m)
[ 793/1100] spade_cf_m0          e946207e9dfe seed=2   rows=12 (43.4m, eta 17m)
[ 794/1100] spade_cf_m4          e946207e9dfe seed=2   rows=12 (43.5m, eta 17m)
[ 795/1100] spade_cf_m8          e946207e9dfe seed=2   rows=12 (43.5m, eta 17m)
[ 796/1100] spade_plate1_only    e946207e9dfe seed=2   rows=12 (43.5m, eta 17m)
[ 797/1100] spade_random_plate2  e946207e9dfe seed=2   rows=12 (43.6m, eta 17m)
[ 798/1100] sobol                e946207e9dfe seed=2   rows=12 (43.6m, eta 16m)
[ 799/1100] lhs                  e946207e9dfe seed=2   rows=12 (43.6m, eta 16m)
[ 800/1100] random               e946207e9dfe seed=2   rows=12 (43.7m, eta 16m)
[ 801/1100] qlognei              e946207e9dfe seed=2   rows=12 (43.8m, eta 16m)
[ 802/1100] qlogei               e946207e9dfe seed=2   rows=12 (43.9m, eta 16m)
[ 803/1100] doe                  e946207e9dfe seed=2   rows=12 (44.0m, eta 16m)
[ 804/1100] spade_cf_m0          ef2815cdafff seed=2   rows=12 (44.0m, eta 16m)
[ 805/1100] spade_cf_m4          ef2815cdafff seed=2   rows=12 (44.0m, eta 16m)
[ 806/1100] spade_cf_m8          ef2815cdafff seed=2   rows=12 (44.1m, eta 16m)
[ 807/1100] spade_plate1_only    ef2815cdafff seed=2   rows=12 (44.1m, eta 16m)
[ 808/1100] spade_random_plate2  ef2815cdafff seed=2   rows=12 (44.1m, eta 16m)
[ 809/1100] sobol                ef2815cdafff seed=2   rows=12 (44.2m, eta 16m)
[ 810/1100] lhs                  ef2815cdafff seed=2   rows=12 (44.2m, eta 16m)
[ 811/1100] random               ef2815cdafff seed=2   rows=12 (44.2m, eta 16m)
[ 812/1100] qlognei              ef2815cdafff seed=2   rows=12 (44.4m, eta 16m)
[ 813/1100] qlogei               ef2815cdafff seed=2   rows=12 (44.5m, eta 16m)
[ 814/1100] doe                  ef2815cdafff seed=2   rows=12 (44.5m, eta 16m)
[ 815/1100] spade_cf_m0          f79c5cf17503 seed=2   rows=12 (44.6m, eta 16m)
[ 816/1100] spade_cf_m4          f79c5cf17503 seed=2   rows=12 (44.6m, eta 16m)
[ 817/1100] spade_cf_m8          f79c5cf17503 seed=2   rows=12 (44.6m, eta 15m)
[ 818/1100] spade_plate1_only    f79c5cf17503 seed=2   rows=12 (44.7m, eta 15m)
[ 819/1100] spade_random_plate2  f79c5cf17503 seed=2   rows=12 (44.7m, eta 15m)
[ 820/1100] sobol                f79c5cf17503 seed=2   rows=12 (44.7m, eta 15m)
[ 821/1100] lhs                  f79c5cf17503 seed=2   rows=12 (44.8m, eta 15m)
[ 822/1100] random               f79c5cf17503 seed=2   rows=12 (44.8m, eta 15m)
[ 823/1100] qlognei              f79c5cf17503 seed=2   rows=12 (45.0m, eta 15m)
[ 824/1100] qlogei               f79c5cf17503 seed=2   rows=12 (45.1m, eta 15m)
[ 825/1100] doe                  f79c5cf17503 seed=2   rows=12 (45.1m, eta 15m)
[ 826/1100] spade_cf_m0          033466197eba seed=3   rows=12 (45.1m, eta 15m)
[ 827/1100] spade_cf_m4          033466197eba seed=3   rows=12 (45.2m, eta 15m)
[ 828/1100] spade_cf_m8          033466197eba seed=3   rows=12 (45.2m, eta 15m)
[ 829/1100] spade_plate1_only    033466197eba seed=3   rows=12 (45.2m, eta 15m)
[ 830/1100] spade_random_plate2  033466197eba seed=3   rows=12 (45.3m, eta 15m)
[ 831/1100] sobol                033466197eba seed=3   rows=12 (45.3m, eta 15m)
[ 832/1100] lhs                  033466197eba seed=3   rows=12 (45.3m, eta 15m)
[ 833/1100] random               033466197eba seed=3   rows=12 (45.3m, eta 15m)
[ 834/1100] qlognei              033466197eba seed=3   rows=12 (45.6m, eta 15m)
[ 835/1100] qlogei               033466197eba seed=3   rows=12 (45.7m, eta 15m)
[ 836/1100] doe                  033466197eba seed=3   rows=12 (45.7m, eta 14m)
[ 837/1100] spade_cf_m0          0a6e0788538a seed=3   rows=12 (45.8m, eta 14m)
[ 838/1100] spade_cf_m4          0a6e0788538a seed=3   rows=12 (45.8m, eta 14m)
[ 839/1100] spade_cf_m8          0a6e0788538a seed=3   rows=12 (45.9m, eta 14m)
[ 840/1100] spade_plate1_only    0a6e0788538a seed=3   rows=12 (45.9m, eta 14m)
[ 841/1100] spade_random_plate2  0a6e0788538a seed=3   rows=12 (45.9m, eta 14m)
[ 842/1100] sobol                0a6e0788538a seed=3   rows=12 (46.0m, eta 14m)
[ 843/1100] lhs                  0a6e0788538a seed=3   rows=12 (46.0m, eta 14m)
[ 844/1100] random               0a6e0788538a seed=3   rows=12 (46.0m, eta 14m)
[ 845/1100] qlognei              0a6e0788538a seed=3   rows=12 (46.1m, eta 14m)
[ 846/1100] qlogei               0a6e0788538a seed=3   rows=12 (46.2m, eta 14m)
[ 847/1100] doe                  0a6e0788538a seed=3   rows=12 (46.3m, eta 14m)
[ 848/1100] spade_cf_m0          0ed87c75239d seed=3   rows=12 (46.3m, eta 14m)
[ 849/1100] spade_cf_m4          0ed87c75239d seed=3   rows=12 (46.3m, eta 14m)
[ 850/1100] spade_cf_m8          0ed87c75239d seed=3   rows=12 (46.4m, eta 14m)
[ 851/1100] spade_plate1_only    0ed87c75239d seed=3   rows=12 (46.4m, eta 14m)
[ 852/1100] spade_random_plate2  0ed87c75239d seed=3   rows=12 (46.4m, eta 14m)
[ 853/1100] sobol                0ed87c75239d seed=3   rows=12 (46.5m, eta 13m)
[ 854/1100] lhs                  0ed87c75239d seed=3   rows=12 (46.5m, eta 13m)
[ 855/1100] random               0ed87c75239d seed=3   rows=12 (46.5m, eta 13m)
[ 856/1100] qlognei              0ed87c75239d seed=3   rows=12 (46.7m, eta 13m)
[ 857/1100] qlogei               0ed87c75239d seed=3   rows=12 (46.8m, eta 13m)
[ 858/1100] doe                  0ed87c75239d seed=3   rows=12 (46.8m, eta 13m)
[ 859/1100] spade_cf_m0          32bb966a18f1 seed=3   rows=12 (46.9m, eta 13m)
[ 860/1100] spade_cf_m4          32bb966a18f1 seed=3   rows=12 (46.9m, eta 13m)
[ 861/1100] spade_cf_m8          32bb966a18f1 seed=3   rows=12 (46.9m, eta 13m)
[ 862/1100] spade_plate1_only    32bb966a18f1 seed=3   rows=12 (47.0m, eta 13m)
[ 863/1100] spade_random_plate2  32bb966a18f1 seed=3   rows=12 (47.0m, eta 13m)
[ 864/1100] sobol                32bb966a18f1 seed=3   rows=12 (47.0m, eta 13m)
[ 865/1100] lhs                  32bb966a18f1 seed=3   rows=12 (47.1m, eta 13m)
[ 866/1100] random               32bb966a18f1 seed=3   rows=12 (47.1m, eta 13m)
[ 867/1100] qlognei              32bb966a18f1 seed=3   rows=12 (47.2m, eta 13m)
[ 868/1100] qlogei               32bb966a18f1 seed=3   rows=12 (47.3m, eta 13m)
[ 869/1100] doe                  32bb966a18f1 seed=3   rows=12 (47.4m, eta 13m)
[ 870/1100] spade_cf_m0          443c180247c1 seed=3   rows=12 (47.4m, eta 13m)
[ 871/1100] spade_cf_m4          443c180247c1 seed=3   rows=12 (47.4m, eta 12m)
[ 872/1100] spade_cf_m8          443c180247c1 seed=3   rows=12 (47.5m, eta 12m)
[ 873/1100] spade_plate1_only    443c180247c1 seed=3   rows=12 (47.5m, eta 12m)
[ 874/1100] spade_random_plate2  443c180247c1 seed=3   rows=12 (47.5m, eta 12m)
[ 875/1100] sobol                443c180247c1 seed=3   rows=12 (47.6m, eta 12m)
[ 876/1100] lhs                  443c180247c1 seed=3   rows=12 (47.6m, eta 12m)
[ 877/1100] random               443c180247c1 seed=3   rows=12 (47.6m, eta 12m)
[ 878/1100] qlognei              443c180247c1 seed=3   rows=12 (47.8m, eta 12m)
[ 879/1100] qlogei               443c180247c1 seed=3   rows=12 (47.9m, eta 12m)
[ 880/1100] doe                  443c180247c1 seed=3   rows=12 (48.0m, eta 12m)
[ 881/1100] spade_cf_m0          48b1324dd046 seed=3   rows=12 (48.0m, eta 12m)
[ 882/1100] spade_cf_m4          48b1324dd046 seed=3   rows=12 (48.0m, eta 12m)
[ 883/1100] spade_cf_m8          48b1324dd046 seed=3   rows=12 (48.1m, eta 12m)
[ 884/1100] spade_plate1_only    48b1324dd046 seed=3   rows=12 (48.1m, eta 12m)
[ 885/1100] spade_random_plate2  48b1324dd046 seed=3   rows=12 (48.1m, eta 12m)
[ 886/1100] sobol                48b1324dd046 seed=3   rows=12 (48.2m, eta 12m)
[ 887/1100] lhs                  48b1324dd046 seed=3   rows=12 (48.2m, eta 12m)
[ 888/1100] random               48b1324dd046 seed=3   rows=12 (48.2m, eta 12m)
[ 889/1100] qlognei              48b1324dd046 seed=3   rows=12 (48.4m, eta 11m)
[ 890/1100] qlogei               48b1324dd046 seed=3   rows=12 (48.5m, eta 11m)
[ 891/1100] doe                  48b1324dd046 seed=3   rows=12 (48.6m, eta 11m)
[ 892/1100] spade_cf_m0          4d4f7158b65b seed=3   rows=12 (48.6m, eta 11m)
[ 893/1100] spade_cf_m4          4d4f7158b65b seed=3   rows=12 (48.6m, eta 11m)
[ 894/1100] spade_cf_m8          4d4f7158b65b seed=3   rows=12 (48.7m, eta 11m)
[ 895/1100] spade_plate1_only    4d4f7158b65b seed=3   rows=12 (48.7m, eta 11m)
[ 896/1100] spade_random_plate2  4d4f7158b65b seed=3   rows=12 (48.7m, eta 11m)
[ 897/1100] sobol                4d4f7158b65b seed=3   rows=12 (48.8m, eta 11m)
[ 898/1100] lhs                  4d4f7158b65b seed=3   rows=12 (48.8m, eta 11m)
[ 899/1100] random               4d4f7158b65b seed=3   rows=12 (48.8m, eta 11m)
[ 900/1100] qlognei              4d4f7158b65b seed=3   rows=12 (49.0m, eta 11m)
[ 901/1100] qlogei               4d4f7158b65b seed=3   rows=12 (49.0m, eta 11m)
[ 902/1100] doe                  4d4f7158b65b seed=3   rows=12 (49.1m, eta 11m)
[ 903/1100] spade_cf_m0          51cf489c521a seed=3   rows=12 (49.1m, eta 11m)
[ 904/1100] spade_cf_m4          51cf489c521a seed=3   rows=12 (49.1m, eta 11m)
[ 905/1100] spade_cf_m8          51cf489c521a seed=3   rows=12 (49.2m, eta 11m)
[ 906/1100] spade_plate1_only    51cf489c521a seed=3   rows=12 (49.2m, eta 11m)
[ 907/1100] spade_random_plate2  51cf489c521a seed=3   rows=12 (49.2m, eta 10m)
[ 908/1100] sobol                51cf489c521a seed=3   rows=12 (49.3m, eta 10m)
[ 909/1100] lhs                  51cf489c521a seed=3   rows=12 (49.3m, eta 10m)
[ 910/1100] random               51cf489c521a seed=3   rows=12 (49.3m, eta 10m)
[ 911/1100] qlognei              51cf489c521a seed=3   rows=12 (49.5m, eta 10m)
[ 912/1100] qlogei               51cf489c521a seed=3   rows=12 (49.6m, eta 10m)
[ 913/1100] doe                  51cf489c521a seed=3   rows=12 (49.7m, eta 10m)
[ 914/1100] spade_cf_m0          578e5d876835 seed=3   rows=12 (49.7m, eta 10m)
[ 915/1100] spade_cf_m4          578e5d876835 seed=3   rows=12 (49.7m, eta 10m)
[ 916/1100] spade_cf_m8          578e5d876835 seed=3   rows=12 (49.8m, eta 10m)
[ 917/1100] spade_plate1_only    578e5d876835 seed=3   rows=12 (49.8m, eta 10m)
[ 918/1100] spade_random_plate2  578e5d876835 seed=3   rows=12 (49.8m, eta 10m)
[ 919/1100] sobol                578e5d876835 seed=3   rows=12 (49.9m, eta 10m)
[ 920/1100] lhs                  578e5d876835 seed=3   rows=12 (49.9m, eta 10m)
[ 921/1100] random               578e5d876835 seed=3   rows=12 (49.9m, eta 10m)
[ 922/1100] qlognei              578e5d876835 seed=3   rows=12 (50.1m, eta 10m)
[ 923/1100] qlogei               578e5d876835 seed=3   rows=12 (50.2m, eta 10m)
[ 924/1100] doe                  578e5d876835 seed=3   rows=12 (50.3m, eta 10m)
[ 925/1100] spade_cf_m0          59e420274f43 seed=3   rows=12 (50.3m, eta 10m)
[ 926/1100] spade_cf_m4          59e420274f43 seed=3   rows=12 (50.3m, eta 9m)
[ 927/1100] spade_cf_m8          59e420274f43 seed=3   rows=12 (50.3m, eta 9m)
[ 928/1100] spade_plate1_only    59e420274f43 seed=3   rows=12 (50.4m, eta 9m)
[ 929/1100] spade_random_plate2  59e420274f43 seed=3   rows=12 (50.4m, eta 9m)
[ 930/1100] sobol                59e420274f43 seed=3   rows=12 (50.4m, eta 9m)
[ 931/1100] lhs                  59e420274f43 seed=3   rows=12 (50.5m, eta 9m)
[ 932/1100] random               59e420274f43 seed=3   rows=12 (50.5m, eta 9m)
[ 933/1100] qlognei              59e420274f43 seed=3   rows=12 (50.7m, eta 9m)
[ 934/1100] qlogei               59e420274f43 seed=3   rows=12 (50.8m, eta 9m)
[ 935/1100] doe                  59e420274f43 seed=3   rows=12 (50.8m, eta 9m)
[ 936/1100] spade_cf_m0          5b3926ef2c5f seed=3   rows=12 (50.9m, eta 9m)
[ 937/1100] spade_cf_m4          5b3926ef2c5f seed=3   rows=12 (50.9m, eta 9m)
[ 938/1100] spade_cf_m8          5b3926ef2c5f seed=3   rows=12 (50.9m, eta 9m)
[ 939/1100] spade_plate1_only    5b3926ef2c5f seed=3   rows=12 (51.0m, eta 9m)
[ 940/1100] spade_random_plate2  5b3926ef2c5f seed=3   rows=12 (51.0m, eta 9m)
[ 941/1100] sobol                5b3926ef2c5f seed=3   rows=12 (51.0m, eta 9m)
[ 942/1100] lhs                  5b3926ef2c5f seed=3   rows=12 (51.1m, eta 9m)
[ 943/1100] random               5b3926ef2c5f seed=3   rows=12 (51.1m, eta 9m)
[ 944/1100] qlognei              5b3926ef2c5f seed=3   rows=12 (51.3m, eta 8m)
[ 945/1100] qlogei               5b3926ef2c5f seed=3   rows=12 (51.4m, eta 8m)
[ 946/1100] doe                  5b3926ef2c5f seed=3   rows=12 (51.4m, eta 8m)
[ 947/1100] spade_cf_m0          763e0f589258 seed=3   rows=12 (51.4m, eta 8m)
[ 948/1100] spade_cf_m4          763e0f589258 seed=3   rows=12 (51.5m, eta 8m)
[ 949/1100] spade_cf_m8          763e0f589258 seed=3   rows=12 (51.5m, eta 8m)
[ 950/1100] spade_plate1_only    763e0f589258 seed=3   rows=12 (51.5m, eta 8m)
[ 951/1100] spade_random_plate2  763e0f589258 seed=3   rows=12 (51.6m, eta 8m)
[ 952/1100] sobol                763e0f589258 seed=3   rows=12 (51.6m, eta 8m)
[ 953/1100] lhs                  763e0f589258 seed=3   rows=12 (51.6m, eta 8m)
[ 954/1100] random               763e0f589258 seed=3   rows=12 (51.6m, eta 8m)
[ 955/1100] qlognei              763e0f589258 seed=3   rows=12 (51.8m, eta 8m)
[ 956/1100] qlogei               763e0f589258 seed=3   rows=12 (51.9m, eta 8m)
[ 957/1100] doe                  763e0f589258 seed=3   rows=12 (52.0m, eta 8m)
[ 958/1100] spade_cf_m0          7b6071e568a9 seed=3   rows=12 (52.0m, eta 8m)
[ 959/1100] spade_cf_m4          7b6071e568a9 seed=3   rows=12 (52.0m, eta 8m)
[ 960/1100] spade_cf_m8          7b6071e568a9 seed=3   rows=12 (52.1m, eta 8m)
[ 961/1100] spade_plate1_only    7b6071e568a9 seed=3   rows=12 (52.1m, eta 8m)
[ 962/1100] spade_random_plate2  7b6071e568a9 seed=3   rows=12 (52.1m, eta 7m)
[ 963/1100] sobol                7b6071e568a9 seed=3   rows=12 (52.2m, eta 7m)
[ 964/1100] lhs                  7b6071e568a9 seed=3   rows=12 (52.2m, eta 7m)
[ 965/1100] random               7b6071e568a9 seed=3   rows=12 (52.2m, eta 7m)
[ 966/1100] qlognei              7b6071e568a9 seed=3   rows=12 (52.4m, eta 7m)
[ 967/1100] qlogei               7b6071e568a9 seed=3   rows=12 (52.5m, eta 7m)
[ 968/1100] doe                  7b6071e568a9 seed=3   rows=12 (52.5m, eta 7m)
[ 969/1100] spade_cf_m0          7ef3fc89acec seed=3   rows=12 (52.6m, eta 7m)
[ 970/1100] spade_cf_m4          7ef3fc89acec seed=3   rows=12 (52.6m, eta 7m)
[ 971/1100] spade_cf_m8          7ef3fc89acec seed=3   rows=12 (52.6m, eta 7m)
[ 972/1100] spade_plate1_only    7ef3fc89acec seed=3   rows=12 (52.7m, eta 7m)
[ 973/1100] spade_random_plate2  7ef3fc89acec seed=3   rows=12 (52.7m, eta 7m)
[ 974/1100] sobol                7ef3fc89acec seed=3   rows=12 (52.7m, eta 7m)
[ 975/1100] lhs                  7ef3fc89acec seed=3   rows=12 (52.7m, eta 7m)
[ 976/1100] random               7ef3fc89acec seed=3   rows=12 (52.8m, eta 7m)
[ 977/1100] qlognei              7ef3fc89acec seed=3   rows=12 (52.9m, eta 7m)
[ 978/1100] qlogei               7ef3fc89acec seed=3   rows=12 (53.0m, eta 7m)
[ 979/1100] doe                  7ef3fc89acec seed=3   rows=12 (53.1m, eta 7m)
[ 980/1100] spade_cf_m0          7f5c7431c053 seed=3   rows=12 (53.1m, eta 7m)
[ 981/1100] spade_cf_m4          7f5c7431c053 seed=3   rows=12 (53.1m, eta 6m)
[ 982/1100] spade_cf_m8          7f5c7431c053 seed=3   rows=12 (53.2m, eta 6m)
[ 983/1100] spade_plate1_only    7f5c7431c053 seed=3   rows=12 (53.2m, eta 6m)
[ 984/1100] spade_random_plate2  7f5c7431c053 seed=3   rows=12 (53.2m, eta 6m)
[ 985/1100] sobol                7f5c7431c053 seed=3   rows=12 (53.2m, eta 6m)
[ 986/1100] lhs                  7f5c7431c053 seed=3   rows=12 (53.3m, eta 6m)
[ 987/1100] random               7f5c7431c053 seed=3   rows=12 (53.3m, eta 6m)
[ 988/1100] qlognei              7f5c7431c053 seed=3   rows=12 (53.5m, eta 6m)
[ 989/1100] qlogei               7f5c7431c053 seed=3   rows=12 (53.6m, eta 6m)
[ 990/1100] doe                  7f5c7431c053 seed=3   rows=12 (53.6m, eta 6m)
[ 991/1100] spade_cf_m0          8abe35e93ddf seed=3   rows=12 (53.6m, eta 6m)
[ 992/1100] spade_cf_m4          8abe35e93ddf seed=3   rows=12 (53.7m, eta 6m)
[ 993/1100] spade_cf_m8          8abe35e93ddf seed=3   rows=12 (53.7m, eta 6m)
[ 994/1100] spade_plate1_only    8abe35e93ddf seed=3   rows=12 (53.7m, eta 6m)
[ 995/1100] spade_random_plate2  8abe35e93ddf seed=3   rows=12 (53.8m, eta 6m)
[ 996/1100] sobol                8abe35e93ddf seed=3   rows=12 (53.8m, eta 6m)
[ 997/1100] lhs                  8abe35e93ddf seed=3   rows=12 (53.8m, eta 6m)
[ 998/1100] random               8abe35e93ddf seed=3   rows=12 (53.9m, eta 6m)
[ 999/1100] qlognei              8abe35e93ddf seed=3   rows=12 (54.1m, eta 5m)
[1000/1100] qlogei               8abe35e93ddf seed=3   rows=12 (54.2m, eta 5m)
[1001/1100] doe                  8abe35e93ddf seed=3   rows=12 (54.2m, eta 5m)
[1002/1100] spade_cf_m0          9414bc879284 seed=3   rows=12 (54.3m, eta 5m)
[1003/1100] spade_cf_m4          9414bc879284 seed=3   rows=12 (54.3m, eta 5m)
[1004/1100] spade_cf_m8          9414bc879284 seed=3   rows=12 (54.3m, eta 5m)
[1005/1100] spade_plate1_only    9414bc879284 seed=3   rows=12 (54.4m, eta 5m)
[1006/1100] spade_random_plate2  9414bc879284 seed=3   rows=12 (54.4m, eta 5m)
[1007/1100] sobol                9414bc879284 seed=3   rows=12 (54.4m, eta 5m)
[1008/1100] lhs                  9414bc879284 seed=3   rows=12 (54.5m, eta 5m)
[1009/1100] random               9414bc879284 seed=3   rows=12 (54.5m, eta 5m)
[1010/1100] qlognei              9414bc879284 seed=3   rows=12 (54.6m, eta 5m)
[1011/1100] qlogei               9414bc879284 seed=3   rows=12 (54.8m, eta 5m)
[1012/1100] doe                  9414bc879284 seed=3   rows=12 (54.8m, eta 5m)
[1013/1100] spade_cf_m0          9f3cdb4d835c seed=3   rows=12 (54.9m, eta 5m)
[1014/1100] spade_cf_m4          9f3cdb4d835c seed=3   rows=12 (54.9m, eta 5m)
[1015/1100] spade_cf_m8          9f3cdb4d835c seed=3   rows=12 (54.9m, eta 5m)
[1016/1100] spade_plate1_only    9f3cdb4d835c seed=3   rows=12 (55.0m, eta 5m)
[1017/1100] spade_random_plate2  9f3cdb4d835c seed=3   rows=12 (55.0m, eta 4m)
[1018/1100] sobol                9f3cdb4d835c seed=3   rows=12 (55.0m, eta 4m)
[1019/1100] lhs                  9f3cdb4d835c seed=3   rows=12 (55.1m, eta 4m)
[1020/1100] random               9f3cdb4d835c seed=3   rows=12 (55.1m, eta 4m)
[1021/1100] qlognei              9f3cdb4d835c seed=3   rows=12 (55.2m, eta 4m)
[1022/1100] qlogei               9f3cdb4d835c seed=3   rows=12 (55.4m, eta 4m)
[1023/1100] doe                  9f3cdb4d835c seed=3   rows=12 (55.4m, eta 4m)
[1024/1100] spade_cf_m0          c75f6d6f50fe seed=3   rows=12 (55.4m, eta 4m)
[1025/1100] spade_cf_m4          c75f6d6f50fe seed=3   rows=12 (55.5m, eta 4m)
[1026/1100] spade_cf_m8          c75f6d6f50fe seed=3   rows=12 (55.5m, eta 4m)
[1027/1100] spade_plate1_only    c75f6d6f50fe seed=3   rows=12 (55.5m, eta 4m)
[1028/1100] spade_random_plate2  c75f6d6f50fe seed=3   rows=12 (55.6m, eta 4m)
[1029/1100] sobol                c75f6d6f50fe seed=3   rows=12 (55.6m, eta 4m)
[1030/1100] lhs                  c75f6d6f50fe seed=3   rows=12 (55.6m, eta 4m)
[1031/1100] random               c75f6d6f50fe seed=3   rows=12 (55.7m, eta 4m)
[1032/1100] qlognei              c75f6d6f50fe seed=3   rows=12 (55.8m, eta 4m)
[1033/1100] qlogei               c75f6d6f50fe seed=3   rows=12 (55.9m, eta 4m)
[1034/1100] doe                  c75f6d6f50fe seed=3   rows=12 (56.0m, eta 4m)
[1035/1100] spade_cf_m0          ce7334da318b seed=3   rows=12 (56.0m, eta 4m)
[1036/1100] spade_cf_m4          ce7334da318b seed=3   rows=12 (56.1m, eta 3m)
[1037/1100] spade_cf_m8          ce7334da318b seed=3   rows=12 (56.1m, eta 3m)
[1038/1100] spade_plate1_only    ce7334da318b seed=3   rows=12 (56.1m, eta 3m)
[1039/1100] spade_random_plate2  ce7334da318b seed=3   rows=12 (56.2m, eta 3m)
[1040/1100] sobol                ce7334da318b seed=3   rows=12 (56.2m, eta 3m)
[1041/1100] lhs                  ce7334da318b seed=3   rows=12 (56.2m, eta 3m)
[1042/1100] random               ce7334da318b seed=3   rows=12 (56.3m, eta 3m)
[1043/1100] qlognei              ce7334da318b seed=3   rows=12 (56.4m, eta 3m)
[1044/1100] qlogei               ce7334da318b seed=3   rows=12 (56.6m, eta 3m)
[1045/1100] doe                  ce7334da318b seed=3   rows=12 (56.6m, eta 3m)
[1046/1100] spade_cf_m0          da5ec2fbb20c seed=3   rows=12 (56.6m, eta 3m)
[1047/1100] spade_cf_m4          da5ec2fbb20c seed=3   rows=12 (56.7m, eta 3m)
[1048/1100] spade_cf_m8          da5ec2fbb20c seed=3   rows=12 (56.7m, eta 3m)
[1049/1100] spade_plate1_only    da5ec2fbb20c seed=3   rows=12 (56.8m, eta 3m)
[1050/1100] spade_random_plate2  da5ec2fbb20c seed=3   rows=12 (56.8m, eta 3m)
[1051/1100] sobol                da5ec2fbb20c seed=3   rows=12 (56.8m, eta 3m)
[1052/1100] lhs                  da5ec2fbb20c seed=3   rows=12 (56.8m, eta 3m)
[1053/1100] random               da5ec2fbb20c seed=3   rows=12 (56.9m, eta 3m)
[1054/1100] qlognei              da5ec2fbb20c seed=3   rows=12 (57.1m, eta 2m)
[1055/1100] qlogei               da5ec2fbb20c seed=3   rows=12 (57.2m, eta 2m)
[1056/1100] doe                  da5ec2fbb20c seed=3   rows=12 (57.2m, eta 2m)
[1057/1100] spade_cf_m0          e402c32907f2 seed=3   rows=12 (57.2m, eta 2m)
[1058/1100] spade_cf_m4          e402c32907f2 seed=3   rows=12 (57.3m, eta 2m)
[1059/1100] spade_cf_m8          e402c32907f2 seed=3   rows=12 (57.3m, eta 2m)
[1060/1100] spade_plate1_only    e402c32907f2 seed=3   rows=12 (57.3m, eta 2m)
[1061/1100] spade_random_plate2  e402c32907f2 seed=3   rows=12 (57.4m, eta 2m)
[1062/1100] sobol                e402c32907f2 seed=3   rows=12 (57.4m, eta 2m)
[1063/1100] lhs                  e402c32907f2 seed=3   rows=12 (57.4m, eta 2m)
[1064/1100] random               e402c32907f2 seed=3   rows=12 (57.5m, eta 2m)
[1065/1100] qlognei              e402c32907f2 seed=3   rows=12 (57.6m, eta 2m)
[1066/1100] qlogei               e402c32907f2 seed=3   rows=12 (57.7m, eta 2m)
[1067/1100] doe                  e402c32907f2 seed=3   rows=12 (57.8m, eta 2m)
[1068/1100] spade_cf_m0          e946207e9dfe seed=3   rows=12 (57.8m, eta 2m)
[1069/1100] spade_cf_m4          e946207e9dfe seed=3   rows=12 (57.8m, eta 2m)
[1070/1100] spade_cf_m8          e946207e9dfe seed=3   rows=12 (57.9m, eta 2m)
[1071/1100] spade_plate1_only    e946207e9dfe seed=3   rows=12 (57.9m, eta 2m)
[1072/1100] spade_random_plate2  e946207e9dfe seed=3   rows=12 (57.9m, eta 2m)
[1073/1100] sobol                e946207e9dfe seed=3   rows=12 (58.0m, eta 1m)
[1074/1100] lhs                  e946207e9dfe seed=3   rows=12 (58.0m, eta 1m)
[1075/1100] random               e946207e9dfe seed=3   rows=12 (58.0m, eta 1m)
[1076/1100] qlognei              e946207e9dfe seed=3   rows=12 (58.2m, eta 1m)
[1077/1100] qlogei               e946207e9dfe seed=3   rows=12 (58.3m, eta 1m)
[1078/1100] doe                  e946207e9dfe seed=3   rows=12 (58.3m, eta 1m)
[1079/1100] spade_cf_m0          ef2815cdafff seed=3   rows=12 (58.4m, eta 1m)
[1080/1100] spade_cf_m4          ef2815cdafff seed=3   rows=12 (58.4m, eta 1m)
[1081/1100] spade_cf_m8          ef2815cdafff seed=3   rows=12 (58.4m, eta 1m)
[1082/1100] spade_plate1_only    ef2815cdafff seed=3   rows=12 (58.5m, eta 1m)
[1083/1100] spade_random_plate2  ef2815cdafff seed=3   rows=12 (58.5m, eta 1m)
[1084/1100] sobol                ef2815cdafff seed=3   rows=12 (58.5m, eta 1m)
[1085/1100] lhs                  ef2815cdafff seed=3   rows=12 (58.6m, eta 1m)
[1086/1100] random               ef2815cdafff seed=3   rows=12 (58.6m, eta 1m)
[1087/1100] qlognei              ef2815cdafff seed=3   rows=12 (58.8m, eta 1m)
[1088/1100] qlogei               ef2815cdafff seed=3   rows=12 (58.9m, eta 1m)
[1089/1100] doe                  ef2815cdafff seed=3   rows=12 (58.9m, eta 1m)
[1090/1100] spade_cf_m0          f79c5cf17503 seed=3   rows=12 (59.0m, eta 1m)
[1091/1100] spade_cf_m4          f79c5cf17503 seed=3   rows=12 (59.0m, eta 0m)
[1092/1100] spade_cf_m8          f79c5cf17503 seed=3   rows=12 (59.0m, eta 0m)
[1093/1100] spade_plate1_only    f79c5cf17503 seed=3   rows=12 (59.1m, eta 0m)
[1094/1100] spade_random_plate2  f79c5cf17503 seed=3   rows=12 (59.1m, eta 0m)
[1095/1100] sobol                f79c5cf17503 seed=3   rows=12 (59.1m, eta 0m)
[1096/1100] lhs                  f79c5cf17503 seed=3   rows=12 (59.2m, eta 0m)
[1097/1100] random               f79c5cf17503 seed=3   rows=12 (59.2m, eta 0m)
[1098/1100] qlognei              f79c5cf17503 seed=3   rows=12 (59.4m, eta 0m)
[1099/1100] qlogei               f79c5cf17503 seed=3   rows=12 (59.5m, eta 0m)
[1100/1100] doe                  f79c5cf17503 seed=3   rows=12 (59.5m, eta 0m)

wrote final-spade-c2.json · 13200 rows
