spade-final-2026-08-23 · S3 · rosenbrock d=6 sigma=0.25 · tier=secondary
1 arms x 100 campaigns · draws=4096 (split 2048/2048) · grid=20000
regime by tau_frac: {0.1: 'ROBUSTNESS', 0.25: 'ROBUSTNESS'}
⚠️  working tree dirty; code_commit is not a faithful fingerprint

[   1/100] doe_unscreened       rosenbrock   seed=0   rows=12 (0.1m, eta 6m)
[   2/100] doe_unscreened       rosenbrock   seed=1   rows=12 (0.1m, eta 5m)
[   3/100] doe_unscreened       rosenbrock   seed=2   rows=12 (0.2m, eta 5m)
[   4/100] doe_unscreened       rosenbrock   seed=3   rows=12 (0.2m, eta 5m)
[   5/100] doe_unscreened       rosenbrock   seed=4   rows=12 (0.3m, eta 5m)
[   6/100] doe_unscreened       rosenbrock   seed=5   rows=12 (0.3m, eta 5m)
[   7/100] doe_unscreened       rosenbrock   seed=6   rows=12 (0.4m, eta 5m)
[   8/100] doe_unscreened       rosenbrock   seed=7   rows=12 (0.4m, eta 5m)
[   9/100] doe_unscreened       rosenbrock   seed=8   rows=12 (0.5m, eta 5m)
[  10/100] doe_unscreened       rosenbrock   seed=9   rows=12 (0.5m, eta 4m)
[  11/100] doe_unscreened       rosenbrock   seed=10  rows=12 (0.6m, eta 4m)
[  12/100] doe_unscreened       rosenbrock   seed=11  rows=12 (0.6m, eta 4m)
[  13/100] doe_unscreened       rosenbrock   seed=12  rows=12 (0.6m, eta 4m)
[  14/100] doe_unscreened       rosenbrock   seed=13  rows=12 (0.7m, eta 4m)
[  15/100] doe_unscreened       rosenbrock   seed=14  rows=12 (0.7m, eta 4m)
[  16/100] doe_unscreened       rosenbrock   seed=15  rows=12 (0.8m, eta 4m)
[  17/100] doe_unscreened       rosenbrock   seed=16  rows=12 (0.9m, eta 4m)
[  18/100] doe_unscreened       rosenbrock   seed=17  rows=12 (0.9m, eta 4m)
[  19/100] doe_unscreened       rosenbrock   seed=18  rows=12 (1.0m, eta 4m)
[  20/100] doe_unscreened       rosenbrock   seed=19  rows=12 (1.0m, eta 4m)
[  21/100] doe_unscreened       rosenbrock   seed=20  rows=12 (1.1m, eta 4m)
[  22/100] doe_unscreened       rosenbrock   seed=21  rows=12 (1.1m, eta 4m)
[  23/100] doe_unscreened       rosenbrock   seed=22  rows=12 (1.2m, eta 4m)
[  24/100] doe_unscreened       rosenbrock   seed=23  rows=12 (1.2m, eta 4m)
[  25/100] doe_unscreened       rosenbrock   seed=24  rows=12 (1.3m, eta 4m)
[  26/100] doe_unscreened       rosenbrock   seed=25  rows=12 (1.3m, eta 4m)
[  27/100] doe_unscreened       rosenbrock   seed=26  rows=12 (1.4m, eta 4m)
[  28/100] doe_unscreened       rosenbrock   seed=27  rows=12 (1.4m, eta 4m)
[  29/100] doe_unscreened       rosenbrock   seed=28  rows=12 (1.5m, eta 4m)
[  30/100] doe_unscreened       rosenbrock   seed=29  rows=12 (1.5m, eta 4m)
[  31/100] doe_unscreened       rosenbrock   seed=30  rows=12 (1.6m, eta 3m)
[  32/100] doe_unscreened       rosenbrock   seed=31  rows=12 (1.6m, eta 3m)
[  33/100] doe_unscreened       rosenbrock   seed=32  rows=12 (1.7m, eta 3m)
[  34/100] doe_unscreened       rosenbrock   seed=33  rows=12 (1.8m, eta 3m)
[  35/100] doe_unscreened       rosenbrock   seed=34  rows=12 (1.8m, eta 3m)
[  36/100] doe_unscreened       rosenbrock   seed=35  rows=12 (1.9m, eta 3m)
[  37/100] doe_unscreened       rosenbrock   seed=36  rows=12 (1.9m, eta 3m)
[  38/100] doe_unscreened       rosenbrock   seed=37  rows=12 (2.0m, eta 3m)
[  39/100] doe_unscreened       rosenbrock   seed=38  rows=12 (2.0m, eta 3m)
[  40/100] doe_unscreened       rosenbrock   seed=39  rows=12 (2.1m, eta 3m)
[  41/100] doe_unscreened       rosenbrock   seed=40  rows=12 (2.2m, eta 3m)
[  42/100] doe_unscreened       rosenbrock   seed=41  rows=12 (2.2m, eta 3m)
[  43/100] doe_unscreened       rosenbrock   seed=42  rows=12 (2.3m, eta 3m)
[  44/100] doe_unscreened       rosenbrock   seed=43  rows=12 (2.3m, eta 3m)
[  45/100] doe_unscreened       rosenbrock   seed=44  rows=12 (2.4m, eta 3m)
[  46/100] doe_unscreened       rosenbrock   seed=45  rows=12 (2.4m, eta 3m)
[  47/100] doe_unscreened       rosenbrock   seed=46  rows=12 (2.5m, eta 3m)
[  48/100] doe_unscreened       rosenbrock   seed=47  rows=12 (2.5m, eta 3m)
[  49/100] doe_unscreened       rosenbrock   seed=48  rows=12 (2.6m, eta 3m)
[  50/100] doe_unscreened       rosenbrock   seed=49  rows=12 (2.7m, eta 3m)
[  51/100] doe_unscreened       rosenbrock   seed=50  rows=12 (2.8m, eta 3m)
[  52/100] doe_unscreened       rosenbrock   seed=51  rows=12 (2.8m, eta 3m)
[  53/100] doe_unscreened       rosenbrock   seed=52  rows=12 (2.9m, eta 3m)
[  54/100] doe_unscreened       rosenbrock   seed=53  rows=12 (2.9m, eta 2m)
[  55/100] doe_unscreened       rosenbrock   seed=54  rows=12 (3.0m, eta 2m)
[  56/100] doe_unscreened       rosenbrock   seed=55  rows=12 (3.1m, eta 2m)
[  57/100] doe_unscreened       rosenbrock   seed=56  rows=12 (3.2m, eta 2m)
[  58/100] doe_unscreened       rosenbrock   seed=57  rows=12 (3.2m, eta 2m)
[  59/100] doe_unscreened       rosenbrock   seed=58  rows=12 (3.2m, eta 2m)
[  60/100] doe_unscreened       rosenbrock   seed=59  rows=12 (3.3m, eta 2m)
[  61/100] doe_unscreened       rosenbrock   seed=60  rows=12 (3.4m, eta 2m)
[  62/100] doe_unscreened       rosenbrock   seed=61  rows=12 (3.5m, eta 2m)
[  63/100] doe_unscreened       rosenbrock   seed=62  rows=12 (3.5m, eta 2m)
[  64/100] doe_unscreened       rosenbrock   seed=63  rows=12 (3.6m, eta 2m)
[  65/100] doe_unscreened       rosenbrock   seed=64  rows=12 (3.7m, eta 2m)
[  66/100] doe_unscreened       rosenbrock   seed=65  rows=12 (3.7m, eta 2m)
[  67/100] doe_unscreened       rosenbrock   seed=66  rows=12 (3.7m, eta 2m)
[  68/100] doe_unscreened       rosenbrock   seed=67  rows=12 (3.8m, eta 2m)
[  69/100] doe_unscreened       rosenbrock   seed=68  rows=12 (3.9m, eta 2m)
[  70/100] doe_unscreened       rosenbrock   seed=69  rows=12 (3.9m, eta 2m)
[  71/100] doe_unscreened       rosenbrock   seed=70  rows=12 (3.9m, eta 2m)
[  72/100] doe_unscreened       rosenbrock   seed=71  rows=12 (4.0m, eta 2m)
[  73/100] doe_unscreened       rosenbrock   seed=72  rows=12 (4.1m, eta 2m)
[  74/100] doe_unscreened       rosenbrock   seed=73  rows=12 (4.1m, eta 1m)
[  75/100] doe_unscreened       rosenbrock   seed=74  rows=12 (4.2m, eta 1m)
[  76/100] doe_unscreened       rosenbrock   seed=75  rows=12 (4.2m, eta 1m)
[  77/100] doe_unscreened       rosenbrock   seed=76  rows=12 (4.2m, eta 1m)
[  78/100] doe_unscreened       rosenbrock   seed=77  rows=12 (4.3m, eta 1m)
[  79/100] doe_unscreened       rosenbrock   seed=78  rows=12 (4.3m, eta 1m)
[  80/100] doe_unscreened       rosenbrock   seed=79  rows=12 (4.4m, eta 1m)
[  81/100] doe_unscreened       rosenbrock   seed=80  rows=12 (4.4m, eta 1m)
[  82/100] doe_unscreened       rosenbrock   seed=81  rows=12 (4.5m, eta 1m)
[  83/100] doe_unscreened       rosenbrock   seed=82  rows=12 (4.5m, eta 1m)
[  84/100] doe_unscreened       rosenbrock   seed=83  rows=12 (4.6m, eta 1m)
[  85/100] doe_unscreened       rosenbrock   seed=84  rows=12 (4.6m, eta 1m)
[  86/100] doe_unscreened       rosenbrock   seed=85  rows=12 (4.7m, eta 1m)
[  87/100] doe_unscreened       rosenbrock   seed=86  rows=12 (4.7m, eta 1m)
[  88/100] doe_unscreened       rosenbrock   seed=87  rows=12 (4.8m, eta 1m)
[  89/100] doe_unscreened       rosenbrock   seed=88  rows=12 (4.8m, eta 1m)
[  90/100] doe_unscreened       rosenbrock   seed=89  rows=12 (4.9m, eta 1m)
[  91/100] doe_unscreened       rosenbrock   seed=90  rows=12 (4.9m, eta 0m)
[  92/100] doe_unscreened       rosenbrock   seed=91  rows=12 (5.0m, eta 0m)
[  93/100] doe_unscreened       rosenbrock   seed=92  rows=12 (5.1m, eta 0m)
[  94/100] doe_unscreened       rosenbrock   seed=93  rows=12 (5.1m, eta 0m)
[  95/100] doe_unscreened       rosenbrock   seed=94  rows=12 (5.2m, eta 0m)
[  96/100] doe_unscreened       rosenbrock   seed=95  rows=12 (5.2m, eta 0m)
[  97/100] doe_unscreened       rosenbrock   seed=96  rows=12 (5.3m, eta 0m)
[  98/100] doe_unscreened       rosenbrock   seed=97  rows=12 (5.3m, eta 0m)
[  99/100] doe_unscreened       rosenbrock   seed=98  rows=12 (5.4m, eta 0m)
[ 100/100] doe_unscreened       rosenbrock   seed=99  rows=12 (5.5m, eta 0m)

wrote final-spade-s3.json · 14400 rows
