Fix 1 · posterior-mean terminal rule · HEAD=19f05ac0bb17d3b959b54dcf1e422c0b2aa5caff
cell d=6 sigma=0.25 · 50 (instance, seed) x 10 arms = 500 campaigns
rule P: 20000-pt Sobol grid seed 0, polished at n_restarts=20 raw_samples=4096 seed=0
gate: committed rule-A regret must reproduce at |delta| = 0 EXACTLY

  [  1/50] 033466197eba3ddb seed=0    4.6 min elapsed, ~223.2 min left
  [  2/50] 033466197eba3ddb seed=1    4.6 min elapsed, ~109.8 min left
  [  3/50] 0a6e0788538a7c52 seed=0    5.3 min elapsed, ~ 82.5 min left
  [  4/50] 0a6e0788538a7c52 seed=1    5.3 min elapsed, ~ 60.7 min left
  [  5/50] 0ed87c75239d73f8 seed=0    6.0 min elapsed, ~ 54.0 min left
  [  6/50] 0ed87c75239d73f8 seed=1    7.5 min elapsed, ~ 54.9 min left
  [  7/50] 32bb966a18f1d863 seed=0    9.2 min elapsed, ~ 56.8 min left
  [  8/50] 32bb966a18f1d863 seed=1    9.3 min elapsed, ~ 48.6 min left
  [  9/50] 443c180247c17191 seed=0    9.7 min elapsed, ~ 44.3 min left
  [ 10/50] 443c180247c17191 seed=1    9.7 min elapsed, ~ 38.9 min left
  [ 11/50] 48b1324dd0461cd9 seed=0   11.4 min elapsed, ~ 40.6 min left
  [ 12/50] 48b1324dd0461cd9 seed=1   12.9 min elapsed, ~ 40.7 min left
  [ 13/50] 4d4f7158b65b52ba seed=0   14.4 min elapsed, ~ 40.9 min left
  [ 14/50] 4d4f7158b65b52ba seed=1   14.4 min elapsed, ~ 37.0 min left
  [ 15/50] 51cf489c521a6911 seed=0   14.8 min elapsed, ~ 34.6 min left
  [ 16/50] 51cf489c521a6911 seed=1   15.0 min elapsed, ~ 32.0 min left
  [ 17/50] 578e5d8768359f0f seed=0   17.1 min elapsed, ~ 33.2 min left
  [ 18/50] 578e5d8768359f0f seed=1   17.1 min elapsed, ~ 30.5 min left
  [ 19/50] 59e420274f4385d9 seed=0   19.6 min elapsed, ~ 32.0 min left
  [ 20/50] 59e420274f4385d9 seed=1   20.0 min elapsed, ~ 30.0 min left
  [ 21/50] 5b3926ef2c5fe4b6 seed=0   20.3 min elapsed, ~ 28.0 min left
  [ 22/50] 5b3926ef2c5fe4b6 seed=1   21.2 min elapsed, ~ 27.0 min left
  [ 23/50] 763e0f58925816ca seed=0   23.3 min elapsed, ~ 27.4 min left
  [ 24/50] 763e0f58925816ca seed=1   25.7 min elapsed, ~ 27.8 min left
  [ 25/50] 7b6071e568a98779 seed=0   26.4 min elapsed, ~ 26.4 min left
  [ 26/50] 7b6071e568a98779 seed=1   26.4 min elapsed, ~ 24.4 min left
  [ 27/50] 7ef3fc89acece49c seed=0   28.0 min elapsed, ~ 23.9 min left
  [ 28/50] 7ef3fc89acece49c seed=1   28.1 min elapsed, ~ 22.1 min left
  [ 29/50] 7f5c7431c0530e74 seed=0   29.9 min elapsed, ~ 21.7 min left
  [ 30/50] 7f5c7431c0530e74 seed=1   29.9 min elapsed, ~ 20.0 min left
  [ 31/50] 8abe35e93ddfcad1 seed=0   31.6 min elapsed, ~ 19.4 min left
  [ 32/50] 8abe35e93ddfcad1 seed=1   31.6 min elapsed, ~ 17.8 min left
  [ 33/50] 9414bc879284eef0 seed=0   33.0 min elapsed, ~ 17.0 min left
  [ 34/50] 9414bc879284eef0 seed=1   33.0 min elapsed, ~ 15.5 min left
  [ 35/50] 9f3cdb4d835c6909 seed=0   34.6 min elapsed, ~ 14.8 min left
  [ 36/50] 9f3cdb4d835c6909 seed=1   35.2 min elapsed, ~ 13.7 min left
  [ 37/50] c75f6d6f50fe2434 seed=0   35.6 min elapsed, ~ 12.5 min left
  [ 38/50] c75f6d6f50fe2434 seed=1   36.2 min elapsed, ~ 11.4 min left
  [ 39/50] ce7334da318bc5e5 seed=0   38.3 min elapsed, ~ 10.8 min left
  [ 40/50] ce7334da318bc5e5 seed=1   38.3 min elapsed, ~  9.6 min left
  [ 41/50] da5ec2fbb20c9f9b seed=0   40.7 min elapsed, ~  8.9 min left
  [ 42/50] da5ec2fbb20c9f9b seed=1   40.7 min elapsed, ~  7.8 min left
  [ 43/50] e402c32907f27534 seed=0   40.9 min elapsed, ~  6.7 min left
  [ 44/50] e402c32907f27534 seed=1   41.8 min elapsed, ~  5.7 min left
  [ 45/50] e946207e9dfe1876 seed=0   43.2 min elapsed, ~  4.8 min left
  [ 46/50] e946207e9dfe1876 seed=1   43.2 min elapsed, ~  3.8 min left
  [ 47/50] ef2815cdafff288c seed=0   45.2 min elapsed, ~  2.9 min left
  [ 48/50] ef2815cdafff288c seed=1   45.2 min elapsed, ~  1.9 min left
  [ 49/50] f79c5cf175034acd seed=0   46.5 min elapsed, ~  0.9 min left
  [ 50/50] f79c5cf175034acd seed=1   46.5 min elapsed, ~  0.0 min left

  gate: 500 rows checked, worst |delta| = 0.000e+00, 0 failures
  written to results/fix1-terminal-rule.json  (47 min)
