K1-gate · replay reproducibility · HEAD=ef118ddf95d3680b9dc035490eb44d002077bda9
python=3.11.15

500 committed rows in scope: ('doe', 'qlogei', 'qlognei')

[  1/500] qlogei   d=6 s=0.1  seed=0 ce7334da318bc5e5 delta=0.000e+00 (11.0s)
[  2/500] qlognei  d=6 s=0.1  seed=0 ce7334da318bc5e5 delta=0.000e+00 (15.6s)
[  3/500] doe      d=6 s=0.1  seed=0 ce7334da318bc5e5 delta=0.000e+00 (0.1s)
[  4/500] qlogei   d=6 s=0.1  seed=1 ce7334da318bc5e5 delta=0.000e+00 (8.9s)
[  5/500] qlognei  d=6 s=0.1  seed=1 ce7334da318bc5e5 delta=0.000e+00 (13.5s)
[  6/500] doe      d=6 s=0.1  seed=1 ce7334da318bc5e5 delta=0.000e+00 (0.0s)
[  7/500] qlogei   d=6 s=0.1  seed=0 c75f6d6f50fe2434 delta=0.000e+00 (17.2s)
[  8/500] qlognei  d=6 s=0.1  seed=0 c75f6d6f50fe2434 delta=0.000e+00 (17.9s)
[  9/500] doe      d=6 s=0.1  seed=0 c75f6d6f50fe2434 delta=0.000e+00 (0.1s)
[ 10/500] qlogei   d=6 s=0.1  seed=1 c75f6d6f50fe2434 delta=0.000e+00 (21.5s)
[ 11/500] qlognei  d=6 s=0.1  seed=1 c75f6d6f50fe2434 delta=0.000e+00 (29.6s)
[ 12/500] doe      d=6 s=0.1  seed=1 c75f6d6f50fe2434 delta=0.000e+00 (0.0s)
[ 13/500] qlogei   d=6 s=0.1  seed=0 763e0f58925816ca delta=0.000e+00 (20.1s)
[ 14/500] qlognei  d=6 s=0.1  seed=0 763e0f58925816ca delta=0.000e+00 (19.1s)
[ 15/500] doe      d=6 s=0.1  seed=0 763e0f58925816ca delta=0.000e+00 (0.1s)
[ 16/500] qlogei   d=6 s=0.1  seed=1 763e0f58925816ca delta=0.000e+00 (13.1s)
[ 17/500] qlognei  d=6 s=0.1  seed=1 763e0f58925816ca delta=0.000e+00 (11.1s)
[ 18/500] doe      d=6 s=0.1  seed=1 763e0f58925816ca delta=0.000e+00 (0.1s)
/Users/jy/BO/nutrigene-ai-bo-ipsec/.venv/lib/python3.11/site-packages/botorch/optim/optimize.py:844: RuntimeWarning: Optimization failed in `gen_candidates_scipy` with the following warning(s):
[OptimizationWarning('Optimization failed within `scipy.optimize.minimize` with status 2 and message ABNORMAL: .')]
Trying again with a new set of initial conditions.
  return _optimize_acqf_batch(opt_inputs=opt_inputs)
[ 19/500] qlogei   d=6 s=0.1  seed=0 9414bc879284eef0 delta=0.000e+00 (20.0s)
[ 20/500] qlognei  d=6 s=0.1  seed=0 9414bc879284eef0 delta=0.000e+00 (18.0s)
[ 21/500] doe      d=6 s=0.1  seed=0 9414bc879284eef0 delta=0.000e+00 (0.1s)
[ 22/500] qlogei   d=6 s=0.1  seed=1 9414bc879284eef0 delta=0.000e+00 (16.4s)
[ 23/500] qlognei  d=6 s=0.1  seed=1 9414bc879284eef0 delta=0.000e+00 (10.4s)
[ 24/500] doe      d=6 s=0.1  seed=1 9414bc879284eef0 delta=0.000e+00 (0.1s)
[ 25/500] qlogei   d=6 s=0.1  seed=0 7b6071e568a98779 delta=0.000e+00 (8.9s)
[ 26/500] qlognei  d=6 s=0.1  seed=0 7b6071e568a98779 delta=0.000e+00 (14.1s)
[ 27/500] doe      d=6 s=0.1  seed=0 7b6071e568a98779 delta=0.000e+00 (0.0s)
[ 28/500] qlogei   d=6 s=0.1  seed=1 7b6071e568a98779 delta=0.000e+00 (15.2s)
[ 29/500] qlognei  d=6 s=0.1  seed=1 7b6071e568a98779 delta=0.000e+00 (23.0s)
[ 30/500] doe      d=6 s=0.1  seed=1 7b6071e568a98779 delta=0.000e+00 (0.0s)
[ 31/500] qlogei   d=6 s=0.1  seed=0 da5ec2fbb20c9f9b delta=0.000e+00 (8.7s)
[ 32/500] qlognei  d=6 s=0.1  seed=0 da5ec2fbb20c9f9b delta=0.000e+00 (18.4s)
[ 33/500] doe      d=6 s=0.1  seed=0 da5ec2fbb20c9f9b delta=0.000e+00 (0.1s)
[ 34/500] qlogei   d=6 s=0.1  seed=1 da5ec2fbb20c9f9b delta=0.000e+00 (15.4s)
[ 35/500] qlognei  d=6 s=0.1  seed=1 da5ec2fbb20c9f9b delta=0.000e+00 (18.6s)
[ 36/500] doe      d=6 s=0.1  seed=1 da5ec2fbb20c9f9b delta=0.000e+00 (0.2s)
[ 37/500] qlogei   d=6 s=0.1  seed=0 4d4f7158b65b52ba delta=0.000e+00 (23.1s)
[ 38/500] qlognei  d=6 s=0.1  seed=0 4d4f7158b65b52ba delta=0.000e+00 (12.5s)
[ 39/500] doe      d=6 s=0.1  seed=0 4d4f7158b65b52ba delta=0.000e+00 (0.1s)
[ 40/500] qlogei   d=6 s=0.1  seed=1 4d4f7158b65b52ba delta=0.000e+00 (13.3s)
[ 41/500] qlognei  d=6 s=0.1  seed=1 4d4f7158b65b52ba delta=0.000e+00 (62.2s)
[ 42/500] doe      d=6 s=0.1  seed=1 4d4f7158b65b52ba delta=0.000e+00 (0.2s)
[ 43/500] qlogei   d=6 s=0.1  seed=0 5b3926ef2c5fe4b6 delta=0.000e+00 (19.2s)
[ 44/500] qlognei  d=6 s=0.1  seed=0 5b3926ef2c5fe4b6 delta=0.000e+00 (46.4s)
[ 45/500] doe      d=6 s=0.1  seed=0 5b3926ef2c5fe4b6 delta=0.000e+00 (0.1s)
[ 46/500] qlogei   d=6 s=0.1  seed=1 5b3926ef2c5fe4b6 delta=0.000e+00 (13.2s)
[ 47/500] qlognei  d=6 s=0.1  seed=1 5b3926ef2c5fe4b6 delta=0.000e+00 (15.9s)
[ 48/500] doe      d=6 s=0.1  seed=1 5b3926ef2c5fe4b6 delta=0.000e+00 (0.1s)
[ 49/500] qlogei   d=6 s=0.1  seed=0 9f3cdb4d835c6909 delta=0.000e+00 (25.1s)
[ 50/500] qlognei  d=6 s=0.1  seed=0 9f3cdb4d835c6909 delta=0.000e+00 (43.6s)
[ 51/500] doe      d=6 s=0.1  seed=0 9f3cdb4d835c6909 delta=0.000e+00 (0.5s)
[ 52/500] qlogei   d=6 s=0.1  seed=1 9f3cdb4d835c6909 delta=0.000e+00 (12.7s)
[ 53/500] qlognei  d=6 s=0.1  seed=1 9f3cdb4d835c6909 delta=0.000e+00 (22.4s)
[ 54/500] doe      d=6 s=0.1  seed=1 9f3cdb4d835c6909 delta=0.000e+00 (0.1s)
[ 55/500] qlogei   d=6 s=0.1  seed=0 ef2815cdafff288c delta=0.000e+00 (12.7s)
[ 56/500] qlognei  d=6 s=0.1  seed=0 ef2815cdafff288c delta=0.000e+00 (15.2s)
[ 57/500] doe      d=6 s=0.1  seed=0 ef2815cdafff288c delta=0.000e+00 (0.0s)
[ 58/500] qlogei   d=6 s=0.1  seed=1 ef2815cdafff288c delta=0.000e+00 (15.3s)
[ 59/500] qlognei  d=6 s=0.1  seed=1 ef2815cdafff288c delta=0.000e+00 (25.4s)
[ 60/500] doe      d=6 s=0.1  seed=1 ef2815cdafff288c delta=0.000e+00 (0.1s)
[ 61/500] qlogei   d=6 s=0.1  seed=0 0ed87c75239d73f8 delta=0.000e+00 (16.3s)
[ 62/500] qlognei  d=6 s=0.1  seed=0 0ed87c75239d73f8 delta=0.000e+00 (17.9s)
[ 63/500] doe      d=6 s=0.1  seed=0 0ed87c75239d73f8 delta=0.000e+00 (0.1s)
[ 64/500] qlogei   d=6 s=0.1  seed=1 0ed87c75239d73f8 delta=0.000e+00 (23.4s)
[ 65/500] qlognei  d=6 s=0.1  seed=1 0ed87c75239d73f8 delta=0.000e+00 (19.7s)
[ 66/500] doe      d=6 s=0.1  seed=1 0ed87c75239d73f8 delta=0.000e+00 (0.1s)
[ 67/500] qlogei   d=6 s=0.1  seed=0 51cf489c521a6911 delta=0.000e+00 (16.0s)
[ 68/500] qlognei  d=6 s=0.1  seed=0 51cf489c521a6911 delta=0.000e+00 (21.3s)
[ 69/500] doe      d=6 s=0.1  seed=0 51cf489c521a6911 delta=0.000e+00 (0.1s)
[ 70/500] qlogei   d=6 s=0.1  seed=1 51cf489c521a6911 delta=0.000e+00 (22.4s)
[ 71/500] qlognei  d=6 s=0.1  seed=1 51cf489c521a6911 delta=0.000e+00 (27.4s)
[ 72/500] doe      d=6 s=0.1  seed=1 51cf489c521a6911 delta=0.000e+00 (0.1s)
[ 73/500] qlogei   d=6 s=0.1  seed=0 48b1324dd0461cd9 delta=0.000e+00 (12.6s)
[ 74/500] qlognei  d=6 s=0.1  seed=0 48b1324dd0461cd9 delta=0.000e+00 (21.6s)
[ 75/500] doe      d=6 s=0.1  seed=0 48b1324dd0461cd9 delta=0.000e+00 (0.1s)
[ 76/500] qlogei   d=6 s=0.1  seed=1 48b1324dd0461cd9 delta=0.000e+00 (15.8s)
[ 77/500] qlognei  d=6 s=0.1  seed=1 48b1324dd0461cd9 delta=0.000e+00 (17.0s)
[ 78/500] doe      d=6 s=0.1  seed=1 48b1324dd0461cd9 delta=0.000e+00 (0.1s)
[ 79/500] qlogei   d=6 s=0.1  seed=0 0a6e0788538a7c52 delta=0.000e+00 (16.5s)
[ 80/500] qlognei  d=6 s=0.1  seed=0 0a6e0788538a7c52 delta=0.000e+00 (28.5s)
[ 81/500] doe      d=6 s=0.1  seed=0 0a6e0788538a7c52 delta=0.000e+00 (0.1s)
[ 82/500] qlogei   d=6 s=0.1  seed=1 0a6e0788538a7c52 delta=0.000e+00 (24.5s)
[ 83/500] qlognei  d=6 s=0.1  seed=1 0a6e0788538a7c52 delta=0.000e+00 (17.0s)
[ 84/500] doe      d=6 s=0.1  seed=1 0a6e0788538a7c52 delta=0.000e+00 (0.1s)
[ 85/500] qlogei   d=6 s=0.1  seed=0 7f5c7431c0530e74 delta=0.000e+00 (17.3s)
[ 86/500] qlognei  d=6 s=0.1  seed=0 7f5c7431c0530e74 delta=0.000e+00 (27.4s)
[ 87/500] doe      d=6 s=0.1  seed=0 7f5c7431c0530e74 delta=0.000e+00 (0.1s)
[ 88/500] qlogei   d=6 s=0.1  seed=1 7f5c7431c0530e74 delta=0.000e+00 (21.8s)
[ 89/500] qlognei  d=6 s=0.1  seed=1 7f5c7431c0530e74 delta=0.000e+00 (19.5s)
[ 90/500] doe      d=6 s=0.1  seed=1 7f5c7431c0530e74 delta=0.000e+00 (0.1s)
[ 91/500] qlogei   d=6 s=0.1  seed=0 f79c5cf175034acd delta=0.000e+00 (11.0s)
[ 92/500] qlognei  d=6 s=0.1  seed=0 f79c5cf175034acd delta=0.000e+00 (20.8s)
[ 93/500] doe      d=6 s=0.1  seed=0 f79c5cf175034acd delta=0.000e+00 (0.1s)
[ 94/500] qlogei   d=6 s=0.1  seed=1 f79c5cf175034acd delta=0.000e+00 (12.7s)
[ 95/500] qlognei  d=6 s=0.1  seed=1 f79c5cf175034acd delta=0.000e+00 (18.7s)
[ 96/500] doe      d=6 s=0.1  seed=1 f79c5cf175034acd delta=0.000e+00 (0.1s)
[ 97/500] qlogei   d=6 s=0.1  seed=0 e946207e9dfe1876 delta=0.000e+00 (17.8s)
[ 98/500] qlognei  d=6 s=0.1  seed=0 e946207e9dfe1876 delta=0.000e+00 (18.9s)
[ 99/500] doe      d=6 s=0.1  seed=0 e946207e9dfe1876 delta=0.000e+00 (0.1s)
[100/500] qlogei   d=6 s=0.1  seed=1 e946207e9dfe1876 delta=0.000e+00 (14.6s)
[101/500] qlognei  d=6 s=0.1  seed=1 e946207e9dfe1876 delta=0.000e+00 (20.1s)
[102/500] doe      d=6 s=0.1  seed=1 e946207e9dfe1876 delta=0.000e+00 (0.0s)
[103/500] qlogei   d=6 s=0.1  seed=0 32bb966a18f1d863 delta=0.000e+00 (21.7s)
[104/500] qlognei  d=6 s=0.1  seed=0 32bb966a18f1d863 delta=0.000e+00 (19.5s)
[105/500] doe      d=6 s=0.1  seed=0 32bb966a18f1d863 delta=0.000e+00 (0.1s)
[106/500] qlogei   d=6 s=0.1  seed=1 32bb966a18f1d863 delta=0.000e+00 (20.7s)
[107/500] qlognei  d=6 s=0.1  seed=1 32bb966a18f1d863 delta=0.000e+00 (30.1s)
[108/500] doe      d=6 s=0.1  seed=1 32bb966a18f1d863 delta=0.000e+00 (0.1s)
[109/500] qlogei   d=6 s=0.1  seed=0 443c180247c17191 delta=0.000e+00 (13.1s)
[110/500] qlognei  d=6 s=0.1  seed=0 443c180247c17191 delta=0.000e+00 (33.3s)
[111/500] doe      d=6 s=0.1  seed=0 443c180247c17191 delta=0.000e+00 (0.1s)
[112/500] qlogei   d=6 s=0.1  seed=1 443c180247c17191 delta=0.000e+00 (22.1s)
[113/500] qlognei  d=6 s=0.1  seed=1 443c180247c17191 delta=0.000e+00 (23.9s)
[114/500] doe      d=6 s=0.1  seed=1 443c180247c17191 delta=0.000e+00 (0.1s)
[115/500] qlogei   d=6 s=0.1  seed=0 033466197eba3ddb delta=0.000e+00 (15.5s)
[116/500] qlognei  d=6 s=0.1  seed=0 033466197eba3ddb delta=0.000e+00 (16.7s)
[117/500] doe      d=6 s=0.1  seed=0 033466197eba3ddb delta=0.000e+00 (0.1s)
[118/500] qlogei   d=6 s=0.1  seed=1 033466197eba3ddb delta=0.000e+00 (15.9s)
[119/500] qlognei  d=6 s=0.1  seed=1 033466197eba3ddb delta=0.000e+00 (22.1s)
[120/500] doe      d=6 s=0.1  seed=1 033466197eba3ddb delta=0.000e+00 (0.1s)
[121/500] qlogei   d=6 s=0.1  seed=0 e402c32907f27534 delta=0.000e+00 (18.8s)
[122/500] qlognei  d=6 s=0.1  seed=0 e402c32907f27534 delta=0.000e+00 (32.5s)
[123/500] doe      d=6 s=0.1  seed=0 e402c32907f27534 delta=0.000e+00 (0.1s)
[124/500] qlogei   d=6 s=0.1  seed=1 e402c32907f27534 delta=0.000e+00 (29.6s)
[125/500] qlognei  d=6 s=0.1  seed=1 e402c32907f27534 delta=0.000e+00 (37.7s)
[126/500] doe      d=6 s=0.1  seed=1 e402c32907f27534 delta=0.000e+00 (0.1s)
[127/500] qlogei   d=6 s=0.1  seed=0 8abe35e93ddfcad1 delta=0.000e+00 (13.6s)
[128/500] qlognei  d=6 s=0.1  seed=0 8abe35e93ddfcad1 delta=0.000e+00 (30.9s)
[129/500] doe      d=6 s=0.1  seed=0 8abe35e93ddfcad1 delta=0.000e+00 (0.1s)
/Users/jy/BO/nutrigene-ai-bo-ipsec/.venv/lib/python3.11/site-packages/botorch/optim/optimize.py:844: RuntimeWarning: Optimization failed in `gen_candidates_scipy` with the following warning(s):
[OptimizationWarning('Optimization failed within `scipy.optimize.minimize` with status 2 and message ABNORMAL: .')]
Trying again with a new set of initial conditions.
  return _optimize_acqf_batch(opt_inputs=opt_inputs)
[130/500] qlogei   d=6 s=0.1  seed=1 8abe35e93ddfcad1 delta=0.000e+00 (14.4s)
[131/500] qlognei  d=6 s=0.1  seed=1 8abe35e93ddfcad1 delta=0.000e+00 (21.3s)
[132/500] doe      d=6 s=0.1  seed=1 8abe35e93ddfcad1 delta=0.000e+00 (0.1s)
[133/500] qlogei   d=6 s=0.1  seed=0 7ef3fc89acece49c delta=0.000e+00 (13.0s)
[134/500] qlognei  d=6 s=0.1  seed=0 7ef3fc89acece49c delta=0.000e+00 (17.4s)
[135/500] doe      d=6 s=0.1  seed=0 7ef3fc89acece49c delta=0.000e+00 (0.1s)
[136/500] qlogei   d=6 s=0.1  seed=1 7ef3fc89acece49c delta=0.000e+00 (19.7s)
[137/500] qlognei  d=6 s=0.1  seed=1 7ef3fc89acece49c delta=0.000e+00 (26.6s)
[138/500] doe      d=6 s=0.1  seed=1 7ef3fc89acece49c delta=0.000e+00 (0.1s)
[139/500] qlogei   d=6 s=0.1  seed=0 59e420274f4385d9 delta=0.000e+00 (25.6s)
[140/500] qlognei  d=6 s=0.1  seed=0 59e420274f4385d9 delta=0.000e+00 (25.6s)
[141/500] doe      d=6 s=0.1  seed=0 59e420274f4385d9 delta=0.000e+00 (0.1s)
[142/500] qlogei   d=6 s=0.1  seed=1 59e420274f4385d9 delta=0.000e+00 (23.8s)
[143/500] qlognei  d=6 s=0.1  seed=1 59e420274f4385d9 delta=0.000e+00 (40.4s)
[144/500] doe      d=6 s=0.1  seed=1 59e420274f4385d9 delta=0.000e+00 (0.1s)
[145/500] qlogei   d=6 s=0.1  seed=0 578e5d8768359f0f delta=0.000e+00 (17.4s)
[146/500] qlognei  d=6 s=0.1  seed=0 578e5d8768359f0f delta=0.000e+00 (20.8s)
[147/500] doe      d=6 s=0.1  seed=0 578e5d8768359f0f delta=0.000e+00 (0.1s)
[148/500] qlogei   d=6 s=0.1  seed=1 578e5d8768359f0f delta=0.000e+00 (27.4s)
[149/500] qlognei  d=6 s=0.1  seed=1 578e5d8768359f0f delta=0.000e+00 (28.8s)
[150/500] doe      d=6 s=0.1  seed=1 578e5d8768359f0f delta=0.000e+00 (0.1s)
/Users/jy/BO/nutrigene-ai-bo-ipsec/.venv/lib/python3.11/site-packages/botorch/optim/optimize.py:844: RuntimeWarning: Optimization failed in `gen_candidates_scipy` with the following warning(s):
[NumericalWarning('A not p.d., added jitter of 1.0e-08 to the diagonal'), OptimizationWarning('Optimization failed within `scipy.optimize.minimize` with status 2 and message ABNORMAL: .')]
Trying again with a new set of initial conditions.
  return _optimize_acqf_batch(opt_inputs=opt_inputs)
[151/500] qlogei   d=6 s=0.25 seed=0 ce7334da318bc5e5 delta=0.000e+00 (34.9s)
[152/500] qlognei  d=6 s=0.25 seed=0 ce7334da318bc5e5 delta=0.000e+00 (26.3s)
[153/500] doe      d=6 s=0.25 seed=0 ce7334da318bc5e5 delta=0.000e+00 (0.1s)
[154/500] qlogei   d=6 s=0.25 seed=1 ce7334da318bc5e5 delta=0.000e+00 (14.9s)
[155/500] qlognei  d=6 s=0.25 seed=1 ce7334da318bc5e5 delta=0.000e+00 (13.4s)
[156/500] doe      d=6 s=0.25 seed=1 ce7334da318bc5e5 delta=0.000e+00 (0.1s)
/Users/jy/BO/nutrigene-ai-bo-ipsec/.venv/lib/python3.11/site-packages/botorch/optim/optimize.py:844: RuntimeWarning: Optimization failed in `gen_candidates_scipy` with the following warning(s):
[OptimizationWarning('Optimization failed within `scipy.optimize.minimize` with status 2 and message ABNORMAL: .')]
Trying again with a new set of initial conditions.
  return _optimize_acqf_batch(opt_inputs=opt_inputs)
[157/500] qlogei   d=6 s=0.25 seed=0 c75f6d6f50fe2434 delta=0.000e+00 (17.5s)
[158/500] qlognei  d=6 s=0.25 seed=0 c75f6d6f50fe2434 delta=0.000e+00 (14.3s)
[159/500] doe      d=6 s=0.25 seed=0 c75f6d6f50fe2434 delta=0.000e+00 (0.1s)
[160/500] qlogei   d=6 s=0.25 seed=1 c75f6d6f50fe2434 delta=0.000e+00 (6.2s)
[161/500] qlognei  d=6 s=0.25 seed=1 c75f6d6f50fe2434 delta=0.000e+00 (15.5s)
[162/500] doe      d=6 s=0.25 seed=1 c75f6d6f50fe2434 delta=0.000e+00 (0.1s)
[163/500] qlogei   d=6 s=0.25 seed=0 763e0f58925816ca delta=0.000e+00 (13.8s)
[164/500] qlognei  d=6 s=0.25 seed=0 763e0f58925816ca delta=0.000e+00 (14.6s)
[165/500] doe      d=6 s=0.25 seed=0 763e0f58925816ca delta=0.000e+00 (0.1s)
[166/500] qlogei   d=6 s=0.25 seed=1 763e0f58925816ca delta=0.000e+00 (19.8s)
[167/500] qlognei  d=6 s=0.25 seed=1 763e0f58925816ca delta=0.000e+00 (10.9s)
[168/500] doe      d=6 s=0.25 seed=1 763e0f58925816ca delta=0.000e+00 (0.0s)
[169/500] qlogei   d=6 s=0.25 seed=0 9414bc879284eef0 delta=0.000e+00 (8.2s)
[170/500] qlognei  d=6 s=0.25 seed=0 9414bc879284eef0 delta=0.000e+00 (17.0s)
[171/500] doe      d=6 s=0.25 seed=0 9414bc879284eef0 delta=0.000e+00 (0.0s)
[172/500] qlogei   d=6 s=0.25 seed=1 9414bc879284eef0 delta=0.000e+00 (6.4s)
[173/500] qlognei  d=6 s=0.25 seed=1 9414bc879284eef0 delta=0.000e+00 (5.7s)
[174/500] doe      d=6 s=0.25 seed=1 9414bc879284eef0 delta=0.000e+00 (0.1s)
[175/500] qlogei   d=6 s=0.25 seed=0 7b6071e568a98779 delta=0.000e+00 (8.0s)
[176/500] qlognei  d=6 s=0.25 seed=0 7b6071e568a98779 delta=0.000e+00 (8.4s)
[177/500] doe      d=6 s=0.25 seed=0 7b6071e568a98779 delta=0.000e+00 (0.0s)
[178/500] qlogei   d=6 s=0.25 seed=1 7b6071e568a98779 delta=0.000e+00 (4.7s)
[179/500] qlognei  d=6 s=0.25 seed=1 7b6071e568a98779 delta=0.000e+00 (5.8s)
[180/500] doe      d=6 s=0.25 seed=1 7b6071e568a98779 delta=0.000e+00 (0.0s)
/Users/jy/BO/nutrigene-ai-bo-ipsec/.venv/lib/python3.11/site-packages/botorch/optim/optimize.py:844: RuntimeWarning: Optimization failed in `gen_candidates_scipy` with the following warning(s):
[OptimizationWarning('Optimization failed within `scipy.optimize.minimize` with status 2 and message ABNORMAL: .')]
Trying again with a new set of initial conditions.
  return _optimize_acqf_batch(opt_inputs=opt_inputs)
/Users/jy/BO/nutrigene-ai-bo-ipsec/.venv/lib/python3.11/site-packages/botorch/optim/optimize.py:844: RuntimeWarning: Optimization failed on the second try, after generating a new set of initial conditions.
  return _optimize_acqf_batch(opt_inputs=opt_inputs)
[181/500] qlogei   d=6 s=0.25 seed=0 da5ec2fbb20c9f9b delta=0.000e+00 (10.5s)
[182/500] qlognei  d=6 s=0.25 seed=0 da5ec2fbb20c9f9b delta=0.000e+00 (9.0s)
[183/500] doe      d=6 s=0.25 seed=0 da5ec2fbb20c9f9b delta=0.000e+00 (0.0s)
[184/500] qlogei   d=6 s=0.25 seed=1 da5ec2fbb20c9f9b delta=0.000e+00 (5.5s)
[185/500] qlognei  d=6 s=0.25 seed=1 da5ec2fbb20c9f9b delta=0.000e+00 (6.9s)
[186/500] doe      d=6 s=0.25 seed=1 da5ec2fbb20c9f9b delta=0.000e+00 (0.0s)
/Users/jy/BO/nutrigene-ai-bo-ipsec/.venv/lib/python3.11/site-packages/botorch/optim/optimize.py:844: RuntimeWarning: Optimization failed in `gen_candidates_scipy` with the following warning(s):
[NumericalWarning('A not p.d., added jitter of 1.0e-08 to the diagonal'), OptimizationWarning('Optimization failed within `scipy.optimize.minimize` with status 2 and message ABNORMAL: .')]
Trying again with a new set of initial conditions.
  return _optimize_acqf_batch(opt_inputs=opt_inputs)
[187/500] qlogei   d=6 s=0.25 seed=0 4d4f7158b65b52ba delta=0.000e+00 (7.5s)
[188/500] qlognei  d=6 s=0.25 seed=0 4d4f7158b65b52ba delta=0.000e+00 (6.9s)
[189/500] doe      d=6 s=0.25 seed=0 4d4f7158b65b52ba delta=0.000e+00 (0.0s)
[190/500] qlogei   d=6 s=0.25 seed=1 4d4f7158b65b52ba delta=0.000e+00 (5.2s)
[191/500] qlognei  d=6 s=0.25 seed=1 4d4f7158b65b52ba delta=0.000e+00 (6.7s)
[192/500] doe      d=6 s=0.25 seed=1 4d4f7158b65b52ba delta=0.000e+00 (0.0s)
[193/500] qlogei   d=6 s=0.25 seed=0 5b3926ef2c5fe4b6 delta=0.000e+00 (9.3s)
[194/500] qlognei  d=6 s=0.25 seed=0 5b3926ef2c5fe4b6 delta=0.000e+00 (6.4s)
[195/500] doe      d=6 s=0.25 seed=0 5b3926ef2c5fe4b6 delta=0.000e+00 (0.0s)
[196/500] qlogei   d=6 s=0.25 seed=1 5b3926ef2c5fe4b6 delta=0.000e+00 (2.2s)
[197/500] qlognei  d=6 s=0.25 seed=1 5b3926ef2c5fe4b6 delta=0.000e+00 (3.7s)
[198/500] doe      d=6 s=0.25 seed=1 5b3926ef2c5fe4b6 delta=0.000e+00 (0.0s)
[199/500] qlogei   d=6 s=0.25 seed=0 9f3cdb4d835c6909 delta=0.000e+00 (8.2s)
[200/500] qlognei  d=6 s=0.25 seed=0 9f3cdb4d835c6909 delta=0.000e+00 (10.4s)
[201/500] doe      d=6 s=0.25 seed=0 9f3cdb4d835c6909 delta=0.000e+00 (0.0s)
[202/500] qlogei   d=6 s=0.25 seed=1 9f3cdb4d835c6909 delta=0.000e+00 (7.3s)
[203/500] qlognei  d=6 s=0.25 seed=1 9f3cdb4d835c6909 delta=0.000e+00 (5.8s)
[204/500] doe      d=6 s=0.25 seed=1 9f3cdb4d835c6909 delta=0.000e+00 (0.0s)
[205/500] qlogei   d=6 s=0.25 seed=0 ef2815cdafff288c delta=0.000e+00 (6.0s)
[206/500] qlognei  d=6 s=0.25 seed=0 ef2815cdafff288c delta=0.000e+00 (6.4s)
[207/500] doe      d=6 s=0.25 seed=0 ef2815cdafff288c delta=0.000e+00 (0.0s)
[208/500] qlogei   d=6 s=0.25 seed=1 ef2815cdafff288c delta=0.000e+00 (7.5s)
[209/500] qlognei  d=6 s=0.25 seed=1 ef2815cdafff288c delta=0.000e+00 (5.3s)
[210/500] doe      d=6 s=0.25 seed=1 ef2815cdafff288c delta=0.000e+00 (0.0s)
/Users/jy/BO/nutrigene-ai-bo-ipsec/.venv/lib/python3.11/site-packages/botorch/optim/optimize.py:844: RuntimeWarning: Optimization failed in `gen_candidates_scipy` with the following warning(s):
[OptimizationWarning('Optimization failed within `scipy.optimize.minimize` with status 2 and message ABNORMAL: .')]
Trying again with a new set of initial conditions.
  return _optimize_acqf_batch(opt_inputs=opt_inputs)
[211/500] qlogei   d=6 s=0.25 seed=0 0ed87c75239d73f8 delta=0.000e+00 (9.4s)
[212/500] qlognei  d=6 s=0.25 seed=0 0ed87c75239d73f8 delta=0.000e+00 (5.1s)
[213/500] doe      d=6 s=0.25 seed=0 0ed87c75239d73f8 delta=0.000e+00 (0.0s)
[214/500] qlogei   d=6 s=0.25 seed=1 0ed87c75239d73f8 delta=0.000e+00 (6.7s)
[215/500] qlognei  d=6 s=0.25 seed=1 0ed87c75239d73f8 delta=0.000e+00 (5.9s)
[216/500] doe      d=6 s=0.25 seed=1 0ed87c75239d73f8 delta=0.000e+00 (0.2s)
[217/500] qlogei   d=6 s=0.25 seed=0 51cf489c521a6911 delta=0.000e+00 (7.4s)
[218/500] qlognei  d=6 s=0.25 seed=0 51cf489c521a6911 delta=0.000e+00 (8.7s)
[219/500] doe      d=6 s=0.25 seed=0 51cf489c521a6911 delta=0.000e+00 (0.0s)
[220/500] qlogei   d=6 s=0.25 seed=1 51cf489c521a6911 delta=0.000e+00 (4.7s)
[221/500] qlognei  d=6 s=0.25 seed=1 51cf489c521a6911 delta=0.000e+00 (6.0s)
[222/500] doe      d=6 s=0.25 seed=1 51cf489c521a6911 delta=0.000e+00 (0.0s)
[223/500] qlogei   d=6 s=0.25 seed=0 48b1324dd0461cd9 delta=0.000e+00 (7.2s)
[224/500] qlognei  d=6 s=0.25 seed=0 48b1324dd0461cd9 delta=0.000e+00 (8.5s)
[225/500] doe      d=6 s=0.25 seed=0 48b1324dd0461cd9 delta=0.000e+00 (0.0s)
[226/500] qlogei   d=6 s=0.25 seed=1 48b1324dd0461cd9 delta=0.000e+00 (8.3s)
[227/500] qlognei  d=6 s=0.25 seed=1 48b1324dd0461cd9 delta=0.000e+00 (8.3s)
[228/500] doe      d=6 s=0.25 seed=1 48b1324dd0461cd9 delta=0.000e+00 (0.0s)
[229/500] qlogei   d=6 s=0.25 seed=0 0a6e0788538a7c52 delta=0.000e+00 (6.3s)
[230/500] qlognei  d=6 s=0.25 seed=0 0a6e0788538a7c52 delta=0.000e+00 (8.2s)
[231/500] doe      d=6 s=0.25 seed=0 0a6e0788538a7c52 delta=0.000e+00 (0.0s)
[232/500] qlogei   d=6 s=0.25 seed=1 0a6e0788538a7c52 delta=0.000e+00 (5.6s)
[233/500] qlognei  d=6 s=0.25 seed=1 0a6e0788538a7c52 delta=0.000e+00 (5.4s)
[234/500] doe      d=6 s=0.25 seed=1 0a6e0788538a7c52 delta=0.000e+00 (0.0s)
[235/500] qlogei   d=6 s=0.25 seed=0 7f5c7431c0530e74 delta=0.000e+00 (7.3s)
[236/500] qlognei  d=6 s=0.25 seed=0 7f5c7431c0530e74 delta=0.000e+00 (10.3s)
[237/500] doe      d=6 s=0.25 seed=0 7f5c7431c0530e74 delta=0.000e+00 (0.1s)
[238/500] qlogei   d=6 s=0.25 seed=1 7f5c7431c0530e74 delta=0.000e+00 (6.0s)
[239/500] qlognei  d=6 s=0.25 seed=1 7f5c7431c0530e74 delta=0.000e+00 (9.5s)
[240/500] doe      d=6 s=0.25 seed=1 7f5c7431c0530e74 delta=0.000e+00 (0.1s)
[241/500] qlogei   d=6 s=0.25 seed=0 f79c5cf175034acd delta=0.000e+00 (10.8s)
[242/500] qlognei  d=6 s=0.25 seed=0 f79c5cf175034acd delta=0.000e+00 (8.9s)
[243/500] doe      d=6 s=0.25 seed=0 f79c5cf175034acd delta=0.000e+00 (0.0s)
[244/500] qlogei   d=6 s=0.25 seed=1 f79c5cf175034acd delta=0.000e+00 (5.9s)
[245/500] qlognei  d=6 s=0.25 seed=1 f79c5cf175034acd delta=0.000e+00 (9.1s)
[246/500] doe      d=6 s=0.25 seed=1 f79c5cf175034acd delta=0.000e+00 (0.0s)
/Users/jy/BO/nutrigene-ai-bo-ipsec/.venv/lib/python3.11/site-packages/botorch/optim/optimize.py:844: RuntimeWarning: Optimization failed in `gen_candidates_scipy` with the following warning(s):
[OptimizationWarning('Optimization failed within `scipy.optimize.minimize` with status 2 and message ABNORMAL: .')]
Trying again with a new set of initial conditions.
  return _optimize_acqf_batch(opt_inputs=opt_inputs)
[247/500] qlogei   d=6 s=0.25 seed=0 e946207e9dfe1876 delta=0.000e+00 (10.0s)
[248/500] qlognei  d=6 s=0.25 seed=0 e946207e9dfe1876 delta=0.000e+00 (8.7s)
[249/500] doe      d=6 s=0.25 seed=0 e946207e9dfe1876 delta=0.000e+00 (0.0s)
[250/500] qlogei   d=6 s=0.25 seed=1 e946207e9dfe1876 delta=0.000e+00 (6.6s)
[251/500] qlognei  d=6 s=0.25 seed=1 e946207e9dfe1876 delta=0.000e+00 (7.3s)
[252/500] doe      d=6 s=0.25 seed=1 e946207e9dfe1876 delta=0.000e+00 (0.0s)
[253/500] qlogei   d=6 s=0.25 seed=0 32bb966a18f1d863 delta=0.000e+00 (14.4s)
[254/500] qlognei  d=6 s=0.25 seed=0 32bb966a18f1d863 delta=0.000e+00 (9.1s)
[255/500] doe      d=6 s=0.25 seed=0 32bb966a18f1d863 delta=0.000e+00 (0.0s)
[256/500] qlogei   d=6 s=0.25 seed=1 32bb966a18f1d863 delta=0.000e+00 (4.7s)
[257/500] qlognei  d=6 s=0.25 seed=1 32bb966a18f1d863 delta=0.000e+00 (10.8s)
[258/500] doe      d=6 s=0.25 seed=1 32bb966a18f1d863 delta=0.000e+00 (0.0s)
[259/500] qlogei   d=6 s=0.25 seed=0 443c180247c17191 delta=0.000e+00 (8.9s)
[260/500] qlognei  d=6 s=0.25 seed=0 443c180247c17191 delta=0.000e+00 (9.5s)
[261/500] doe      d=6 s=0.25 seed=0 443c180247c17191 delta=0.000e+00 (0.0s)
[262/500] qlogei   d=6 s=0.25 seed=1 443c180247c17191 delta=0.000e+00 (6.2s)
[263/500] qlognei  d=6 s=0.25 seed=1 443c180247c17191 delta=0.000e+00 (7.8s)
[264/500] doe      d=6 s=0.25 seed=1 443c180247c17191 delta=0.000e+00 (0.1s)
[265/500] qlogei   d=6 s=0.25 seed=0 033466197eba3ddb delta=0.000e+00 (6.0s)
[266/500] qlognei  d=6 s=0.25 seed=0 033466197eba3ddb delta=0.000e+00 (8.6s)
[267/500] doe      d=6 s=0.25 seed=0 033466197eba3ddb delta=0.000e+00 (0.0s)
[268/500] qlogei   d=6 s=0.25 seed=1 033466197eba3ddb delta=0.000e+00 (2.8s)
[269/500] qlognei  d=6 s=0.25 seed=1 033466197eba3ddb delta=0.000e+00 (5.6s)
[270/500] doe      d=6 s=0.25 seed=1 033466197eba3ddb delta=0.000e+00 (0.0s)
[271/500] qlogei   d=6 s=0.25 seed=0 e402c32907f27534 delta=0.000e+00 (8.0s)
[272/500] qlognei  d=6 s=0.25 seed=0 e402c32907f27534 delta=0.000e+00 (14.4s)
[273/500] doe      d=6 s=0.25 seed=0 e402c32907f27534 delta=0.000e+00 (0.1s)
[274/500] qlogei   d=6 s=0.25 seed=1 e402c32907f27534 delta=0.000e+00 (89.8s)
[275/500] qlognei  d=6 s=0.25 seed=1 e402c32907f27534 delta=0.000e+00 (33.7s)
[276/500] doe      d=6 s=0.25 seed=1 e402c32907f27534 delta=0.000e+00 (0.2s)
[277/500] qlogei   d=6 s=0.25 seed=0 8abe35e93ddfcad1 delta=0.000e+00 (206.3s)
[278/500] qlognei  d=6 s=0.25 seed=0 8abe35e93ddfcad1 delta=0.000e+00 (4680.7s)
[279/500] doe      d=6 s=0.25 seed=0 8abe35e93ddfcad1 delta=0.000e+00 (0.1s)
[280/500] qlogei   d=6 s=0.25 seed=1 8abe35e93ddfcad1 delta=0.000e+00 (1931.6s)
[281/500] qlognei  d=6 s=0.25 seed=1 8abe35e93ddfcad1 delta=0.000e+00 (4003.7s)
[282/500] doe      d=6 s=0.25 seed=1 8abe35e93ddfcad1 delta=0.000e+00 (0.2s)
/Users/jy/BO/nutrigene-ai-bo-ipsec/.venv/lib/python3.11/site-packages/botorch/optim/optimize.py:844: RuntimeWarning: Optimization failed in `gen_candidates_scipy` with the following warning(s):
[OptimizationWarning('Optimization failed within `scipy.optimize.minimize` with status 2 and message ABNORMAL: .')]
Trying again with a new set of initial conditions.
  return _optimize_acqf_batch(opt_inputs=opt_inputs)
[283/500] qlogei   d=6 s=0.25 seed=0 7ef3fc89acece49c delta=0.000e+00 (1125.6s)
[284/500] qlognei  d=6 s=0.25 seed=0 7ef3fc89acece49c delta=0.000e+00 (19.0s)
[285/500] doe      d=6 s=0.25 seed=0 7ef3fc89acece49c delta=0.000e+00 (0.1s)
[286/500] qlogei   d=6 s=0.25 seed=1 7ef3fc89acece49c delta=0.000e+00 (6.8s)
[287/500] qlognei  d=6 s=0.25 seed=1 7ef3fc89acece49c delta=0.000e+00 (236.1s)
[288/500] doe      d=6 s=0.25 seed=1 7ef3fc89acece49c delta=0.000e+00 (0.1s)
[289/500] qlogei   d=6 s=0.25 seed=0 59e420274f4385d9 delta=0.000e+00 (270.6s)
[290/500] qlognei  d=6 s=0.25 seed=0 59e420274f4385d9 delta=0.000e+00 (18.9s)
[291/500] doe      d=6 s=0.25 seed=0 59e420274f4385d9 delta=0.000e+00 (0.1s)
[292/500] qlogei   d=6 s=0.25 seed=1 59e420274f4385d9 delta=0.000e+00 (16.9s)
[293/500] qlognei  d=6 s=0.25 seed=1 59e420274f4385d9 delta=0.000e+00 (13.6s)
[294/500] doe      d=6 s=0.25 seed=1 59e420274f4385d9 delta=0.000e+00 (0.1s)
/Users/jy/BO/nutrigene-ai-bo-ipsec/.venv/lib/python3.11/site-packages/botorch/optim/optimize.py:844: RuntimeWarning: Optimization failed in `gen_candidates_scipy` with the following warning(s):
[OptimizationWarning('Optimization failed within `scipy.optimize.minimize` with status 2 and message ABNORMAL: .')]
Trying again with a new set of initial conditions.
  return _optimize_acqf_batch(opt_inputs=opt_inputs)
[295/500] qlogei   d=6 s=0.25 seed=0 578e5d8768359f0f delta=0.000e+00 (48.5s)
[296/500] qlognei  d=6 s=0.25 seed=0 578e5d8768359f0f delta=0.000e+00 (103.2s)
[297/500] doe      d=6 s=0.25 seed=0 578e5d8768359f0f delta=0.000e+00 (0.0s)
[298/500] qlogei   d=6 s=0.25 seed=1 578e5d8768359f0f delta=0.000e+00 (7.8s)
[299/500] qlognei  d=6 s=0.25 seed=1 578e5d8768359f0f delta=0.000e+00 (9.3s)
[300/500] doe      d=6 s=0.25 seed=1 578e5d8768359f0f delta=0.000e+00 (0.0s)
[301/500] qlogei   d=8 s=0.1  seed=0 9b01d5dba8a4b27b delta=0.000e+00 (7.8s)
[302/500] qlognei  d=8 s=0.1  seed=0 9b01d5dba8a4b27b delta=0.000e+00 (9.5s)
[303/500] qlogei   d=8 s=0.1  seed=1 9b01d5dba8a4b27b delta=0.000e+00 (7.9s)
[304/500] qlognei  d=8 s=0.1  seed=1 9b01d5dba8a4b27b delta=0.000e+00 (14.9s)
[305/500] qlogei   d=8 s=0.1  seed=0 d1eeaa292d301456 delta=0.000e+00 (7.7s)
[306/500] qlognei  d=8 s=0.1  seed=0 d1eeaa292d301456 delta=0.000e+00 (9.4s)
[307/500] qlogei   d=8 s=0.1  seed=1 d1eeaa292d301456 delta=0.000e+00 (11.2s)
[308/500] qlognei  d=8 s=0.1  seed=1 d1eeaa292d301456 delta=0.000e+00 (10.1s)
[309/500] qlogei   d=8 s=0.1  seed=0 c118af1ed5aa2615 delta=0.000e+00 (9.0s)
[310/500] qlognei  d=8 s=0.1  seed=0 c118af1ed5aa2615 delta=0.000e+00 (10.7s)
[311/500] qlogei   d=8 s=0.1  seed=1 c118af1ed5aa2615 delta=0.000e+00 (9.7s)
[312/500] qlognei  d=8 s=0.1  seed=1 c118af1ed5aa2615 delta=0.000e+00 (10.5s)
[313/500] qlogei   d=8 s=0.1  seed=0 29394cb63a616fba delta=0.000e+00 (7.6s)
[314/500] qlognei  d=8 s=0.1  seed=0 29394cb63a616fba delta=0.000e+00 (9.3s)
[315/500] qlogei   d=8 s=0.1  seed=1 29394cb63a616fba delta=0.000e+00 (18.1s)
[316/500] qlognei  d=8 s=0.1  seed=1 29394cb63a616fba delta=0.000e+00 (11.8s)
[317/500] qlogei   d=8 s=0.1  seed=0 d855287df8ca2b0a delta=0.000e+00 (11.4s)
[318/500] qlognei  d=8 s=0.1  seed=0 d855287df8ca2b0a delta=0.000e+00 (20.7s)
[319/500] qlogei   d=8 s=0.1  seed=1 d855287df8ca2b0a delta=0.000e+00 (15.5s)
[320/500] qlognei  d=8 s=0.1  seed=1 d855287df8ca2b0a delta=0.000e+00 (14.2s)
[321/500] qlogei   d=8 s=0.1  seed=0 e66189b95d063b09 delta=0.000e+00 (6.6s)
[322/500] qlognei  d=8 s=0.1  seed=0 e66189b95d063b09 delta=0.000e+00 (10.5s)
[323/500] qlogei   d=8 s=0.1  seed=1 e66189b95d063b09 delta=0.000e+00 (12.7s)
[324/500] qlognei  d=8 s=0.1  seed=1 e66189b95d063b09 delta=0.000e+00 (10.1s)
[325/500] qlogei   d=8 s=0.1  seed=0 d4c5250631f705f7 delta=0.000e+00 (11.8s)
[326/500] qlognei  d=8 s=0.1  seed=0 d4c5250631f705f7 delta=0.000e+00 (13.6s)
[327/500] qlogei   d=8 s=0.1  seed=1 d4c5250631f705f7 delta=0.000e+00 (10.8s)
[328/500] qlognei  d=8 s=0.1  seed=1 d4c5250631f705f7 delta=0.000e+00 (12.3s)
[329/500] qlogei   d=8 s=0.1  seed=0 b7b159d2fb1b4527 delta=0.000e+00 (8.7s)
[330/500] qlognei  d=8 s=0.1  seed=0 b7b159d2fb1b4527 delta=0.000e+00 (11.7s)
[331/500] qlogei   d=8 s=0.1  seed=1 b7b159d2fb1b4527 delta=0.000e+00 (14.7s)
[332/500] qlognei  d=8 s=0.1  seed=1 b7b159d2fb1b4527 delta=0.000e+00 (13.7s)
[333/500] qlogei   d=8 s=0.1  seed=0 02c7368c30c8c231 delta=0.000e+00 (9.0s)
[334/500] qlognei  d=8 s=0.1  seed=0 02c7368c30c8c231 delta=0.000e+00 (18.1s)
[335/500] qlogei   d=8 s=0.1  seed=1 02c7368c30c8c231 delta=0.000e+00 (21.9s)
[336/500] qlognei  d=8 s=0.1  seed=1 02c7368c30c8c231 delta=0.000e+00 (20.8s)
[337/500] qlogei   d=8 s=0.1  seed=0 ef894d5db8737b54 delta=0.000e+00 (9.9s)
[338/500] qlognei  d=8 s=0.1  seed=0 ef894d5db8737b54 delta=0.000e+00 (10.1s)
[339/500] qlogei   d=8 s=0.1  seed=1 ef894d5db8737b54 delta=0.000e+00 (10.3s)
[340/500] qlognei  d=8 s=0.1  seed=1 ef894d5db8737b54 delta=0.000e+00 (12.7s)
[341/500] qlogei   d=8 s=0.1  seed=0 b8892a5c7c15b307 delta=0.000e+00 (19.6s)
[342/500] qlognei  d=8 s=0.1  seed=0 b8892a5c7c15b307 delta=0.000e+00 (24.0s)
[343/500] qlogei   d=8 s=0.1  seed=1 b8892a5c7c15b307 delta=0.000e+00 (16.1s)
[344/500] qlognei  d=8 s=0.1  seed=1 b8892a5c7c15b307 delta=0.000e+00 (12.8s)
[345/500] qlogei   d=8 s=0.1  seed=0 a3369b96aa7c2e1e delta=0.000e+00 (10.5s)
[346/500] qlognei  d=8 s=0.1  seed=0 a3369b96aa7c2e1e delta=0.000e+00 (18.7s)
[347/500] qlogei   d=8 s=0.1  seed=1 a3369b96aa7c2e1e delta=0.000e+00 (12.7s)
[348/500] qlognei  d=8 s=0.1  seed=1 a3369b96aa7c2e1e delta=0.000e+00 (20.4s)
[349/500] qlogei   d=8 s=0.1  seed=0 225de8592fdce407 delta=0.000e+00 (21.4s)
[350/500] qlognei  d=8 s=0.1  seed=0 225de8592fdce407 delta=0.000e+00 (22.3s)
[351/500] qlogei   d=8 s=0.1  seed=1 225de8592fdce407 delta=0.000e+00 (14.2s)
[352/500] qlognei  d=8 s=0.1  seed=1 225de8592fdce407 delta=0.000e+00 (20.3s)
[353/500] qlogei   d=8 s=0.1  seed=0 53040559627f7c2e delta=0.000e+00 (13.9s)
[354/500] qlognei  d=8 s=0.1  seed=0 53040559627f7c2e delta=0.000e+00 (14.1s)
[355/500] qlogei   d=8 s=0.1  seed=1 53040559627f7c2e delta=0.000e+00 (13.8s)
[356/500] qlognei  d=8 s=0.1  seed=1 53040559627f7c2e delta=0.000e+00 (17.8s)
[357/500] qlogei   d=8 s=0.1  seed=0 4755ee0a73236ad7 delta=0.000e+00 (7.8s)
[358/500] qlognei  d=8 s=0.1  seed=0 4755ee0a73236ad7 delta=0.000e+00 (17.5s)
[359/500] qlogei   d=8 s=0.1  seed=1 4755ee0a73236ad7 delta=0.000e+00 (13.7s)
[360/500] qlognei  d=8 s=0.1  seed=1 4755ee0a73236ad7 delta=0.000e+00 (21.9s)
[361/500] qlogei   d=8 s=0.1  seed=0 b235a12be89aba2e delta=0.000e+00 (13.9s)
[362/500] qlognei  d=8 s=0.1  seed=0 b235a12be89aba2e delta=0.000e+00 (19.0s)
[363/500] qlogei   d=8 s=0.1  seed=1 b235a12be89aba2e delta=0.000e+00 (23.4s)
[364/500] qlognei  d=8 s=0.1  seed=1 b235a12be89aba2e delta=0.000e+00 (30.8s)
[365/500] qlogei   d=8 s=0.1  seed=0 6a6de511cd189c4a delta=0.000e+00 (9.1s)
[366/500] qlognei  d=8 s=0.1  seed=0 6a6de511cd189c4a delta=0.000e+00 (16.5s)
[367/500] qlogei   d=8 s=0.1  seed=1 6a6de511cd189c4a delta=0.000e+00 (9.8s)
[368/500] qlognei  d=8 s=0.1  seed=1 6a6de511cd189c4a delta=0.000e+00 (16.0s)
[369/500] qlogei   d=8 s=0.1  seed=0 1dd60a03ebae80e9 delta=0.000e+00 (12.6s)
[370/500] qlognei  d=8 s=0.1  seed=0 1dd60a03ebae80e9 delta=0.000e+00 (20.4s)
[371/500] qlogei   d=8 s=0.1  seed=1 1dd60a03ebae80e9 delta=0.000e+00 (11.5s)
[372/500] qlognei  d=8 s=0.1  seed=1 1dd60a03ebae80e9 delta=0.000e+00 (9.7s)
[373/500] qlogei   d=8 s=0.1  seed=0 20bbc17a31bd4698 delta=0.000e+00 (10.8s)
[374/500] qlognei  d=8 s=0.1  seed=0 20bbc17a31bd4698 delta=0.000e+00 (20.5s)
[375/500] qlogei   d=8 s=0.1  seed=1 20bbc17a31bd4698 delta=0.000e+00 (18.9s)
[376/500] qlognei  d=8 s=0.1  seed=1 20bbc17a31bd4698 delta=0.000e+00 (17.1s)
[377/500] qlogei   d=8 s=0.1  seed=0 28c9006f272c481d delta=0.000e+00 (8.7s)
[378/500] qlognei  d=8 s=0.1  seed=0 28c9006f272c481d delta=0.000e+00 (13.2s)
/Users/jy/BO/nutrigene-ai-bo-ipsec/.venv/lib/python3.11/site-packages/botorch/optim/optimize.py:844: RuntimeWarning: Optimization failed in `gen_candidates_scipy` with the following warning(s):
[OptimizationWarning('Optimization failed within `scipy.optimize.minimize` with status 2 and message ABNORMAL: .'), OptimizationWarning('Optimization failed within `scipy.optimize.minimize` with status 2 and message ABNORMAL: .')]
Trying again with a new set of initial conditions.
  return _optimize_acqf_batch(opt_inputs=opt_inputs)
/Users/jy/BO/nutrigene-ai-bo-ipsec/.venv/lib/python3.11/site-packages/botorch/optim/optimize.py:844: RuntimeWarning: Optimization failed on the second try, after generating a new set of initial conditions.
  return _optimize_acqf_batch(opt_inputs=opt_inputs)
[379/500] qlogei   d=8 s=0.1  seed=1 28c9006f272c481d delta=0.000e+00 (16.9s)
[380/500] qlognei  d=8 s=0.1  seed=1 28c9006f272c481d delta=0.000e+00 (16.1s)
[381/500] qlogei   d=8 s=0.1  seed=0 4683170b8f0ae677 delta=0.000e+00 (11.4s)
[382/500] qlognei  d=8 s=0.1  seed=0 4683170b8f0ae677 delta=0.000e+00 (29.6s)
[383/500] qlogei   d=8 s=0.1  seed=1 4683170b8f0ae677 delta=0.000e+00 (20.6s)
[384/500] qlognei  d=8 s=0.1  seed=1 4683170b8f0ae677 delta=0.000e+00 (25.2s)
[385/500] qlogei   d=8 s=0.1  seed=0 b655eaf8a7a4b88e delta=0.000e+00 (32.1s)
[386/500] qlognei  d=8 s=0.1  seed=0 b655eaf8a7a4b88e delta=0.000e+00 (17.3s)
[387/500] qlogei   d=8 s=0.1  seed=1 b655eaf8a7a4b88e delta=0.000e+00 (22.5s)
[388/500] qlognei  d=8 s=0.1  seed=1 b655eaf8a7a4b88e delta=0.000e+00 (22.7s)
[389/500] qlogei   d=8 s=0.1  seed=0 7197fc614477a6f7 delta=0.000e+00 (18.0s)
[390/500] qlognei  d=8 s=0.1  seed=0 7197fc614477a6f7 delta=0.000e+00 (24.5s)
[391/500] qlogei   d=8 s=0.1  seed=1 7197fc614477a6f7 delta=0.000e+00 (23.5s)
[392/500] qlognei  d=8 s=0.1  seed=1 7197fc614477a6f7 delta=0.000e+00 (25.2s)
[393/500] qlogei   d=8 s=0.1  seed=0 42f2be9762f08185 delta=0.000e+00 (20.0s)
[394/500] qlognei  d=8 s=0.1  seed=0 42f2be9762f08185 delta=0.000e+00 (19.9s)
[395/500] qlogei   d=8 s=0.1  seed=1 42f2be9762f08185 delta=0.000e+00 (14.4s)
[396/500] qlognei  d=8 s=0.1  seed=1 42f2be9762f08185 delta=0.000e+00 (21.9s)
[397/500] qlogei   d=8 s=0.1  seed=0 2063e6d735c9c52a delta=0.000e+00 (15.8s)
[398/500] qlognei  d=8 s=0.1  seed=0 2063e6d735c9c52a delta=0.000e+00 (31.9s)
[399/500] qlogei   d=8 s=0.1  seed=1 2063e6d735c9c52a delta=0.000e+00 (37.7s)
[400/500] qlognei  d=8 s=0.1  seed=1 2063e6d735c9c52a delta=0.000e+00 (46.9s)
[401/500] qlogei   d=8 s=0.25 seed=0 9b01d5dba8a4b27b delta=0.000e+00 (29.4s)
[402/500] qlognei  d=8 s=0.25 seed=0 9b01d5dba8a4b27b delta=0.000e+00 (18.6s)
[403/500] qlogei   d=8 s=0.25 seed=1 9b01d5dba8a4b27b delta=0.000e+00 (19.9s)
[404/500] qlognei  d=8 s=0.25 seed=1 9b01d5dba8a4b27b delta=0.000e+00 (17.4s)
[405/500] qlogei   d=8 s=0.25 seed=0 d1eeaa292d301456 delta=0.000e+00 (26.4s)
[406/500] qlognei  d=8 s=0.25 seed=0 d1eeaa292d301456 delta=0.000e+00 (25.3s)
[407/500] qlogei   d=8 s=0.25 seed=1 d1eeaa292d301456 delta=0.000e+00 (22.2s)
[408/500] qlognei  d=8 s=0.25 seed=1 d1eeaa292d301456 delta=0.000e+00 (19.6s)
[409/500] qlogei   d=8 s=0.25 seed=0 c118af1ed5aa2615 delta=0.000e+00 (24.1s)
[410/500] qlognei  d=8 s=0.25 seed=0 c118af1ed5aa2615 delta=0.000e+00 (21.8s)
[411/500] qlogei   d=8 s=0.25 seed=1 c118af1ed5aa2615 delta=0.000e+00 (19.2s)
[412/500] qlognei  d=8 s=0.25 seed=1 c118af1ed5aa2615 delta=0.000e+00 (11.7s)
[413/500] qlogei   d=8 s=0.25 seed=0 29394cb63a616fba delta=0.000e+00 (15.2s)
[414/500] qlognei  d=8 s=0.25 seed=0 29394cb63a616fba delta=0.000e+00 (28.5s)
/Users/jy/BO/nutrigene-ai-bo-ipsec/.venv/lib/python3.11/site-packages/botorch/optim/optimize.py:844: RuntimeWarning: Optimization failed in `gen_candidates_scipy` with the following warning(s):
[OptimizationWarning('Optimization failed within `scipy.optimize.minimize` with status 2 and message ABNORMAL: .')]
Trying again with a new set of initial conditions.
  return _optimize_acqf_batch(opt_inputs=opt_inputs)
[415/500] qlogei   d=8 s=0.25 seed=1 29394cb63a616fba delta=0.000e+00 (23.5s)
[416/500] qlognei  d=8 s=0.25 seed=1 29394cb63a616fba delta=0.000e+00 (22.3s)
[417/500] qlogei   d=8 s=0.25 seed=0 d855287df8ca2b0a delta=0.000e+00 (15.9s)
[418/500] qlognei  d=8 s=0.25 seed=0 d855287df8ca2b0a delta=0.000e+00 (25.0s)
[419/500] qlogei   d=8 s=0.25 seed=1 d855287df8ca2b0a delta=0.000e+00 (17.3s)
[420/500] qlognei  d=8 s=0.25 seed=1 d855287df8ca2b0a delta=0.000e+00 (15.3s)
[421/500] qlogei   d=8 s=0.25 seed=0 e66189b95d063b09 delta=0.000e+00 (39.2s)
[422/500] qlognei  d=8 s=0.25 seed=0 e66189b95d063b09 delta=0.000e+00 (18.5s)
[423/500] qlogei   d=8 s=0.25 seed=1 e66189b95d063b09 delta=0.000e+00 (26.6s)
[424/500] qlognei  d=8 s=0.25 seed=1 e66189b95d063b09 delta=0.000e+00 (23.5s)
[425/500] qlogei   d=8 s=0.25 seed=0 d4c5250631f705f7 delta=0.000e+00 (17.8s)
[426/500] qlognei  d=8 s=0.25 seed=0 d4c5250631f705f7 delta=0.000e+00 (20.3s)
[427/500] qlogei   d=8 s=0.25 seed=1 d4c5250631f705f7 delta=0.000e+00 (15.0s)
[428/500] qlognei  d=8 s=0.25 seed=1 d4c5250631f705f7 delta=0.000e+00 (19.4s)
[429/500] qlogei   d=8 s=0.25 seed=0 b7b159d2fb1b4527 delta=0.000e+00 (23.0s)
[430/500] qlognei  d=8 s=0.25 seed=0 b7b159d2fb1b4527 delta=0.000e+00 (18.8s)
/Users/jy/BO/nutrigene-ai-bo-ipsec/.venv/lib/python3.11/site-packages/botorch/optim/optimize.py:844: RuntimeWarning: Optimization failed in `gen_candidates_scipy` with the following warning(s):
[OptimizationWarning('Optimization failed within `scipy.optimize.minimize` with status 2 and message ABNORMAL: .'), OptimizationWarning('Optimization failed within `scipy.optimize.minimize` with status 2 and message ABNORMAL: .'), OptimizationWarning('Optimization failed within `scipy.optimize.minimize` with status 2 and message ABNORMAL: .')]
Trying again with a new set of initial conditions.
  return _optimize_acqf_batch(opt_inputs=opt_inputs)
/Users/jy/BO/nutrigene-ai-bo-ipsec/.venv/lib/python3.11/site-packages/botorch/optim/optimize.py:844: RuntimeWarning: Optimization failed on the second try, after generating a new set of initial conditions.
  return _optimize_acqf_batch(opt_inputs=opt_inputs)
[431/500] qlogei   d=8 s=0.25 seed=1 b7b159d2fb1b4527 delta=0.000e+00 (20.9s)
[432/500] qlognei  d=8 s=0.25 seed=1 b7b159d2fb1b4527 delta=0.000e+00 (17.8s)
[433/500] qlogei   d=8 s=0.25 seed=0 02c7368c30c8c231 delta=0.000e+00 (25.8s)
[434/500] qlognei  d=8 s=0.25 seed=0 02c7368c30c8c231 delta=0.000e+00 (16.9s)
[435/500] qlogei   d=8 s=0.25 seed=1 02c7368c30c8c231 delta=0.000e+00 (8.9s)
[436/500] qlognei  d=8 s=0.25 seed=1 02c7368c30c8c231 delta=0.000e+00 (14.9s)
[437/500] qlogei   d=8 s=0.25 seed=0 ef894d5db8737b54 delta=0.000e+00 (25.9s)
[438/500] qlognei  d=8 s=0.25 seed=0 ef894d5db8737b54 delta=0.000e+00 (26.4s)
[439/500] qlogei   d=8 s=0.25 seed=1 ef894d5db8737b54 delta=0.000e+00 (10.8s)
[440/500] qlognei  d=8 s=0.25 seed=1 ef894d5db8737b54 delta=0.000e+00 (16.0s)
[441/500] qlogei   d=8 s=0.25 seed=0 b8892a5c7c15b307 delta=0.000e+00 (28.3s)
[442/500] qlognei  d=8 s=0.25 seed=0 b8892a5c7c15b307 delta=0.000e+00 (16.4s)
[443/500] qlogei   d=8 s=0.25 seed=1 b8892a5c7c15b307 delta=0.000e+00 (25.4s)
[444/500] qlognei  d=8 s=0.25 seed=1 b8892a5c7c15b307 delta=0.000e+00 (14.6s)
[445/500] qlogei   d=8 s=0.25 seed=0 a3369b96aa7c2e1e delta=0.000e+00 (14.8s)
[446/500] qlognei  d=8 s=0.25 seed=0 a3369b96aa7c2e1e delta=0.000e+00 (20.3s)
[447/500] qlogei   d=8 s=0.25 seed=1 a3369b96aa7c2e1e delta=0.000e+00 (10.0s)
[448/500] qlognei  d=8 s=0.25 seed=1 a3369b96aa7c2e1e delta=0.000e+00 (18.4s)
[449/500] qlogei   d=8 s=0.25 seed=0 225de8592fdce407 delta=0.000e+00 (20.3s)
[450/500] qlognei  d=8 s=0.25 seed=0 225de8592fdce407 delta=0.000e+00 (26.6s)
[451/500] qlogei   d=8 s=0.25 seed=1 225de8592fdce407 delta=0.000e+00 (22.9s)
[452/500] qlognei  d=8 s=0.25 seed=1 225de8592fdce407 delta=0.000e+00 (21.3s)
[453/500] qlogei   d=8 s=0.25 seed=0 53040559627f7c2e delta=0.000e+00 (20.0s)
[454/500] qlognei  d=8 s=0.25 seed=0 53040559627f7c2e delta=0.000e+00 (22.2s)
[455/500] qlogei   d=8 s=0.25 seed=1 53040559627f7c2e delta=0.000e+00 (17.7s)
[456/500] qlognei  d=8 s=0.25 seed=1 53040559627f7c2e delta=0.000e+00 (16.0s)
[457/500] qlogei   d=8 s=0.25 seed=0 4755ee0a73236ad7 delta=0.000e+00 (12.9s)
[458/500] qlognei  d=8 s=0.25 seed=0 4755ee0a73236ad7 delta=0.000e+00 (10.2s)
/Users/jy/BO/nutrigene-ai-bo-ipsec/.venv/lib/python3.11/site-packages/botorch/optim/optimize.py:844: RuntimeWarning: Optimization failed in `gen_candidates_scipy` with the following warning(s):
[OptimizationWarning('Optimization failed within `scipy.optimize.minimize` with status 2 and message ABNORMAL: .'), OptimizationWarning('Optimization failed within `scipy.optimize.minimize` with status 2 and message ABNORMAL: .')]
Trying again with a new set of initial conditions.
  return _optimize_acqf_batch(opt_inputs=opt_inputs)
/Users/jy/BO/nutrigene-ai-bo-ipsec/.venv/lib/python3.11/site-packages/botorch/optim/optimize.py:844: RuntimeWarning: Optimization failed on the second try, after generating a new set of initial conditions.
  return _optimize_acqf_batch(opt_inputs=opt_inputs)
[459/500] qlogei   d=8 s=0.25 seed=1 4755ee0a73236ad7 delta=0.000e+00 (7.9s)
[460/500] qlognei  d=8 s=0.25 seed=1 4755ee0a73236ad7 delta=0.000e+00 (8.8s)
[461/500] qlogei   d=8 s=0.25 seed=0 b235a12be89aba2e delta=0.000e+00 (8.3s)
[462/500] qlognei  d=8 s=0.25 seed=0 b235a12be89aba2e delta=0.000e+00 (9.7s)
[463/500] qlogei   d=8 s=0.25 seed=1 b235a12be89aba2e delta=0.000e+00 (7.4s)
[464/500] qlognei  d=8 s=0.25 seed=1 b235a12be89aba2e delta=0.000e+00 (10.2s)
[465/500] qlogei   d=8 s=0.25 seed=0 6a6de511cd189c4a delta=0.000e+00 (7.0s)
[466/500] qlognei  d=8 s=0.25 seed=0 6a6de511cd189c4a delta=0.000e+00 (9.1s)
[467/500] qlogei   d=8 s=0.25 seed=1 6a6de511cd189c4a delta=0.000e+00 (7.1s)
[468/500] qlognei  d=8 s=0.25 seed=1 6a6de511cd189c4a delta=0.000e+00 (6.9s)
[469/500] qlogei   d=8 s=0.25 seed=0 1dd60a03ebae80e9 delta=0.000e+00 (6.2s)
[470/500] qlognei  d=8 s=0.25 seed=0 1dd60a03ebae80e9 delta=0.000e+00 (9.7s)
[471/500] qlogei   d=8 s=0.25 seed=1 1dd60a03ebae80e9 delta=0.000e+00 (7.5s)
[472/500] qlognei  d=8 s=0.25 seed=1 1dd60a03ebae80e9 delta=0.000e+00 (8.6s)
[473/500] qlogei   d=8 s=0.25 seed=0 20bbc17a31bd4698 delta=0.000e+00 (7.1s)
[474/500] qlognei  d=8 s=0.25 seed=0 20bbc17a31bd4698 delta=0.000e+00 (11.0s)
/Users/jy/BO/nutrigene-ai-bo-ipsec/.venv/lib/python3.11/site-packages/botorch/optim/optimize.py:844: RuntimeWarning: Optimization failed in `gen_candidates_scipy` with the following warning(s):
[OptimizationWarning('Optimization failed within `scipy.optimize.minimize` with status 2 and message ABNORMAL: .')]
Trying again with a new set of initial conditions.
  return _optimize_acqf_batch(opt_inputs=opt_inputs)
/Users/jy/BO/nutrigene-ai-bo-ipsec/.venv/lib/python3.11/site-packages/botorch/optim/optimize.py:844: RuntimeWarning: Optimization failed in `gen_candidates_scipy` with the following warning(s):
[OptimizationWarning('Optimization failed within `scipy.optimize.minimize` with status 2 and message ABNORMAL: .')]
Trying again with a new set of initial conditions.
  return _optimize_acqf_batch(opt_inputs=opt_inputs)
[475/500] qlogei   d=8 s=0.25 seed=1 20bbc17a31bd4698 delta=0.000e+00 (13.0s)
[476/500] qlognei  d=8 s=0.25 seed=1 20bbc17a31bd4698 delta=0.000e+00 (8.4s)
[477/500] qlogei   d=8 s=0.25 seed=0 28c9006f272c481d delta=0.000e+00 (8.0s)
[478/500] qlognei  d=8 s=0.25 seed=0 28c9006f272c481d delta=0.000e+00 (8.6s)
/Users/jy/BO/nutrigene-ai-bo-ipsec/.venv/lib/python3.11/site-packages/botorch/optim/optimize.py:844: RuntimeWarning: Optimization failed in `gen_candidates_scipy` with the following warning(s):
[OptimizationWarning('Optimization failed within `scipy.optimize.minimize` with status 2 and message ABNORMAL: .')]
Trying again with a new set of initial conditions.
  return _optimize_acqf_batch(opt_inputs=opt_inputs)
[479/500] qlogei   d=8 s=0.25 seed=1 28c9006f272c481d delta=0.000e+00 (7.8s)
[480/500] qlognei  d=8 s=0.25 seed=1 28c9006f272c481d delta=0.000e+00 (6.3s)
[481/500] qlogei   d=8 s=0.25 seed=0 4683170b8f0ae677 delta=0.000e+00 (4.7s)
[482/500] qlognei  d=8 s=0.25 seed=0 4683170b8f0ae677 delta=0.000e+00 (11.2s)
[483/500] qlogei   d=8 s=0.25 seed=1 4683170b8f0ae677 delta=0.000e+00 (14.0s)
[484/500] qlognei  d=8 s=0.25 seed=1 4683170b8f0ae677 delta=0.000e+00 (10.0s)
[485/500] qlogei   d=8 s=0.25 seed=0 b655eaf8a7a4b88e delta=0.000e+00 (10.0s)
[486/500] qlognei  d=8 s=0.25 seed=0 b655eaf8a7a4b88e delta=0.000e+00 (14.4s)
[487/500] qlogei   d=8 s=0.25 seed=1 b655eaf8a7a4b88e delta=0.000e+00 (13.6s)
[488/500] qlognei  d=8 s=0.25 seed=1 b655eaf8a7a4b88e delta=0.000e+00 (9.7s)
[489/500] qlogei   d=8 s=0.25 seed=0 7197fc614477a6f7 delta=0.000e+00 (10.6s)
[490/500] qlognei  d=8 s=0.25 seed=0 7197fc614477a6f7 delta=0.000e+00 (13.5s)
[491/500] qlogei   d=8 s=0.25 seed=1 7197fc614477a6f7 delta=0.000e+00 (5.8s)
[492/500] qlognei  d=8 s=0.25 seed=1 7197fc614477a6f7 delta=0.000e+00 (9.0s)
[493/500] qlogei   d=8 s=0.25 seed=0 42f2be9762f08185 delta=0.000e+00 (9.5s)
[494/500] qlognei  d=8 s=0.25 seed=0 42f2be9762f08185 delta=0.000e+00 (16.1s)
/Users/jy/BO/nutrigene-ai-bo-ipsec/.venv/lib/python3.11/site-packages/botorch/optim/optimize.py:844: RuntimeWarning: Optimization failed in `gen_candidates_scipy` with the following warning(s):
[OptimizationWarning('Optimization failed within `scipy.optimize.minimize` with status 2 and message ABNORMAL: .'), OptimizationWarning('Optimization failed within `scipy.optimize.minimize` with status 2 and message ABNORMAL: .')]
Trying again with a new set of initial conditions.
  return _optimize_acqf_batch(opt_inputs=opt_inputs)
[495/500] qlogei   d=8 s=0.25 seed=1 42f2be9762f08185 delta=0.000e+00 (16.7s)
[496/500] qlognei  d=8 s=0.25 seed=1 42f2be9762f08185 delta=0.000e+00 (18.3s)
[497/500] qlogei   d=8 s=0.25 seed=0 2063e6d735c9c52a delta=0.000e+00 (13.6s)
[498/500] qlognei  d=8 s=0.25 seed=0 2063e6d735c9c52a delta=0.000e+00 (12.6s)
[499/500] qlogei   d=8 s=0.25 seed=1 2063e6d735c9c52a delta=0.000e+00 (9.9s)
[500/500] qlognei  d=8 s=0.25 seed=1 2063e6d735c9c52a delta=0.000e+00 (9.4s)

--- POLICY --- (18793s total)
doe      100/100 exact · worst 0.000e+00 -> exact
qlogei   200/200 exact · worst 0.000e+00 -> exact
qlognei  200/200 exact · worst 0.000e+00 -> exact
