K6 · design space vs regret · HEAD=147f1c0db76bff9da1e7a1c424fd85a908084294 · python=3.11.15
cell d=6 sigma=0.25 · arms=('doe', 'qlogei', 'qlognei', 'qlogei-add', 'qlogei-addonly')
gamma=(0.5, 0.7, 0.8, 0.9, 0.95, 0.99)
tau_frac=(0.6, 0.75, 0.85, 0.95) (of tau_max, never absolute)
grid: 20000 Sobol at seed 0

50 (instance, seed) pairs x 5 arms = 250 campaigns

[  1/50] doe            033466197eba3ddb seed=0 regret=0.0440 active=4 (2.6s)
[  1/50] qlogei         033466197eba3ddb seed=0 regret=0.1323 active=6 (10.4s)
[  1/50] qlognei        033466197eba3ddb seed=0 regret=0.0750 active=6 (14.6s)
[  1/50] qlogei-add     033466197eba3ddb seed=0 regret=0.1018 active=6 (35.7s)
[  1/50] qlogei-addonly 033466197eba3ddb seed=0 regret=0.0553 active=6 (21.3s)
[  2/50] doe            033466197eba3ddb seed=1 regret=0.1114 active=4 (2.0s)
[  2/50] qlogei         033466197eba3ddb seed=1 regret=0.2785 active=6 (6.8s)
[  2/50] qlognei        033466197eba3ddb seed=1 regret=0.2170 active=6 (10.6s)
[  2/50] qlogei-add     033466197eba3ddb seed=1 regret=0.1797 active=6 (13.9s)
[  2/50] qlogei-addonly 033466197eba3ddb seed=1 regret=0.1797 active=6 (12.6s)
[  3/50] doe            0a6e0788538a7c52 seed=0 regret=0.0376 active=4 (2.2s)
[  3/50] qlogei         0a6e0788538a7c52 seed=0 regret=0.1384 active=6 (14.6s)
[  3/50] qlognei        0a6e0788538a7c52 seed=0 regret=0.1157 active=6 (23.9s)
[  3/50] qlogei-add     0a6e0788538a7c52 seed=0 regret=0.1777 active=6 (57.8s)
[  3/50] qlogei-addonly 0a6e0788538a7c52 seed=0 regret=0.1373 active=6 (16.1s)
[  4/50] doe            0a6e0788538a7c52 seed=1 regret=0.0789 active=4 (2.6s)
[  4/50] qlogei         0a6e0788538a7c52 seed=1 regret=0.1299 active=6 (15.1s)
[  4/50] qlognei        0a6e0788538a7c52 seed=1 regret=0.1176 active=6 (11.1s)
[  4/50] qlogei-add     0a6e0788538a7c52 seed=1 regret=0.1298 active=6 (25.1s)
[  4/50] qlogei-addonly 0a6e0788538a7c52 seed=1 regret=0.2775 active=6 (12.0s)
[  5/50] doe            0ed87c75239d73f8 seed=0 regret=0.0871 active=4 (2.1s)
/Users/jy/BO/nutrigene-ai-bo-ipsec/.venv/lib/python3.11/site-packages/botorch/optim/optimize.py:844: RuntimeWarning: Optimization failed in `gen_candidates_scipy` with the following warning(s):
[OptimizationWarning('Optimization failed within `scipy.optimize.minimize` with status 2 and message ABNORMAL: .')]
Trying again with a new set of initial conditions.
  return _optimize_acqf_batch(opt_inputs=opt_inputs)
[  5/50] qlogei         0ed87c75239d73f8 seed=0 regret=0.1668 active=6 (19.8s)
[  5/50] qlognei        0ed87c75239d73f8 seed=0 regret=0.1465 active=6 (10.9s)
/Users/jy/BO/nutrigene-ai-bo-ipsec/.venv/lib/python3.11/site-packages/botorch/optim/optimize.py:844: RuntimeWarning: Optimization failed in `gen_candidates_scipy` with the following warning(s):
[OptimizationWarning('Optimization failed within `scipy.optimize.minimize` with status 2 and message ABNORMAL: .')]
Trying again with a new set of initial conditions.
  return _optimize_acqf_batch(opt_inputs=opt_inputs)
[  5/50] qlogei-add     0ed87c75239d73f8 seed=0 regret=0.1232 active=6 (54.4s)
[  5/50] qlogei-addonly 0ed87c75239d73f8 seed=0 regret=0.1465 active=6 (22.1s)
[  6/50] doe            0ed87c75239d73f8 seed=1 regret=0.0844 active=4 (2.2s)
[  6/50] qlogei         0ed87c75239d73f8 seed=1 regret=0.0404 active=6 (18.8s)
[  6/50] qlognei        0ed87c75239d73f8 seed=1 regret=0.0394 active=6 (12.9s)
[  6/50] qlogei-add     0ed87c75239d73f8 seed=1 regret=0.1171 active=6 (30.0s)
[  6/50] qlogei-addonly 0ed87c75239d73f8 seed=1 regret=0.3112 active=6 (23.2s)
[  7/50] doe            32bb966a18f1d863 seed=0 regret=0.1224 active=4 (4.6s)
[  7/50] qlogei         32bb966a18f1d863 seed=0 regret=0.0943 active=6 (30.3s)
[  7/50] qlognei        32bb966a18f1d863 seed=0 regret=0.1212 active=6 (19.6s)
/Users/jy/BO/nutrigene-ai-bo-ipsec/.venv/lib/python3.11/site-packages/botorch/optim/optimize.py:844: RuntimeWarning: Optimization failed in `gen_candidates_scipy` with the following warning(s):
[OptimizationWarning('Optimization failed within `scipy.optimize.minimize` with status 2 and message ABNORMAL: .')]
Trying again with a new set of initial conditions.
  return _optimize_acqf_batch(opt_inputs=opt_inputs)
[  7/50] qlogei-add     32bb966a18f1d863 seed=0 regret=0.1057 active=6 (54.4s)
[  7/50] qlogei-addonly 32bb966a18f1d863 seed=0 regret=0.1057 active=6 (19.3s)
[  8/50] doe            32bb966a18f1d863 seed=1 regret=0.1131 active=4 (2.5s)
[  8/50] qlogei         32bb966a18f1d863 seed=1 regret=0.1552 active=6 (10.8s)
[  8/50] qlognei        32bb966a18f1d863 seed=1 regret=0.1342 active=6 (17.8s)
[  8/50] qlogei-add     32bb966a18f1d863 seed=1 regret=0.0566 active=6 (30.2s)
[  8/50] qlogei-addonly 32bb966a18f1d863 seed=1 regret=0.2046 active=6 (19.9s)
[  9/50] doe            443c180247c17191 seed=0 regret=0.0725 active=4 (2.3s)
[  9/50] qlogei         443c180247c17191 seed=0 regret=0.1458 active=6 (18.8s)
[  9/50] qlognei        443c180247c17191 seed=0 regret=0.2778 active=6 (18.3s)
/Users/jy/BO/nutrigene-ai-bo-ipsec/.venv/lib/python3.11/site-packages/botorch/optim/optimize.py:844: RuntimeWarning: Optimization failed in `gen_candidates_scipy` with the following warning(s):
[OptimizationWarning('Optimization failed within `scipy.optimize.minimize` with status 2 and message ABNORMAL: .')]
Trying again with a new set of initial conditions.
  return _optimize_acqf_batch(opt_inputs=opt_inputs)
[  9/50] qlogei-add     443c180247c17191 seed=0 regret=0.2142 active=6 (29.9s)
[  9/50] qlogei-addonly 443c180247c17191 seed=0 regret=0.2310 active=6 (15.2s)
[ 10/50] doe            443c180247c17191 seed=1 regret=0.1202 active=4 (2.0s)
[ 10/50] qlogei         443c180247c17191 seed=1 regret=0.1485 active=6 (11.2s)
[ 10/50] qlognei        443c180247c17191 seed=1 regret=0.1450 active=6 (18.6s)
[ 10/50] qlogei-add     443c180247c17191 seed=1 regret=0.2897 active=6 (23.1s)
[ 10/50] qlogei-addonly 443c180247c17191 seed=1 regret=0.2897 active=6 (7.5s)
[ 11/50] doe            48b1324dd0461cd9 seed=0 regret=0.0758 active=4 (2.2s)
[ 11/50] qlogei         48b1324dd0461cd9 seed=0 regret=0.1818 active=6 (14.3s)
[ 11/50] qlognei        48b1324dd0461cd9 seed=0 regret=0.0162 active=6 (21.6s)
[ 11/50] qlogei-add     48b1324dd0461cd9 seed=0 regret=0.0940 active=6 (26.4s)
[ 11/50] qlogei-addonly 48b1324dd0461cd9 seed=0 regret=0.1889 active=6 (15.8s)
[ 12/50] doe            48b1324dd0461cd9 seed=1 regret=0.1130 active=4 (2.8s)
[ 12/50] qlogei         48b1324dd0461cd9 seed=1 regret=0.2472 active=6 (21.3s)
[ 12/50] qlognei        48b1324dd0461cd9 seed=1 regret=0.1366 active=6 (25.9s)
[ 12/50] qlogei-add     48b1324dd0461cd9 seed=1 regret=0.0553 active=6 (33.8s)
[ 12/50] qlogei-addonly 48b1324dd0461cd9 seed=1 regret=0.1641 active=6 (19.1s)
[ 13/50] doe            4d4f7158b65b52ba seed=0 regret=0.0875 active=4 (2.9s)
/Users/jy/BO/nutrigene-ai-bo-ipsec/.venv/lib/python3.11/site-packages/botorch/optim/optimize.py:844: RuntimeWarning: Optimization failed in `gen_candidates_scipy` with the following warning(s):
[NumericalWarning('A not p.d., added jitter of 1.0e-08 to the diagonal'), OptimizationWarning('Optimization failed within `scipy.optimize.minimize` with status 2 and message ABNORMAL: .')]
Trying again with a new set of initial conditions.
  return _optimize_acqf_batch(opt_inputs=opt_inputs)
[ 13/50] qlogei         4d4f7158b65b52ba seed=0 regret=0.2610 active=6 (30.8s)
[ 13/50] qlognei        4d4f7158b65b52ba seed=0 regret=0.2756 active=6 (16.4s)
/Users/jy/BO/nutrigene-ai-bo-ipsec/.venv/lib/python3.11/site-packages/botorch/optim/optimize.py:844: RuntimeWarning: Optimization failed in `gen_candidates_scipy` with the following warning(s):
[OptimizationWarning('Optimization failed within `scipy.optimize.minimize` with status 2 and message ABNORMAL: .')]
Trying again with a new set of initial conditions.
  return _optimize_acqf_batch(opt_inputs=opt_inputs)
[ 13/50] qlogei-add     4d4f7158b65b52ba seed=0 regret=0.0455 active=6 (68.1s)
[ 13/50] qlogei-addonly 4d4f7158b65b52ba seed=0 regret=0.0655 active=6 (28.5s)
[ 14/50] doe            4d4f7158b65b52ba seed=1 regret=0.1226 active=4 (5.3s)
[ 14/50] qlogei         4d4f7158b65b52ba seed=1 regret=0.2114 active=6 (18.2s)
[ 14/50] qlognei        4d4f7158b65b52ba seed=1 regret=0.2653 active=6 (18.8s)
[ 14/50] qlogei-add     4d4f7158b65b52ba seed=1 regret=0.2377 active=6 (25.9s)
[ 14/50] qlogei-addonly 4d4f7158b65b52ba seed=1 regret=0.2377 active=6 (16.9s)
[ 15/50] doe            51cf489c521a6911 seed=0 regret=0.0760 active=4 (2.5s)
[ 15/50] qlogei         51cf489c521a6911 seed=0 regret=0.1353 active=6 (14.3s)
[ 15/50] qlognei        51cf489c521a6911 seed=0 regret=0.0729 active=6 (18.4s)
[ 15/50] qlogei-add     51cf489c521a6911 seed=0 regret=0.1829 active=6 (39.7s)
[ 15/50] qlogei-addonly 51cf489c521a6911 seed=0 regret=0.1057 active=6 (17.9s)
[ 16/50] doe            51cf489c521a6911 seed=1 regret=0.1553 active=4 (1.0s)
[ 16/50] qlogei         51cf489c521a6911 seed=1 regret=0.3242 active=6 (5.6s)
[ 16/50] qlognei        51cf489c521a6911 seed=1 regret=0.2210 active=6 (7.5s)
[ 16/50] qlogei-add     51cf489c521a6911 seed=1 regret=0.1285 active=6 (12.2s)
[ 16/50] qlogei-addonly 51cf489c521a6911 seed=1 regret=0.1285 active=6 (8.9s)
[ 17/50] doe            578e5d8768359f0f seed=0 regret=0.1162 active=4 (1.1s)
/Users/jy/BO/nutrigene-ai-bo-ipsec/.venv/lib/python3.11/site-packages/botorch/optim/optimize.py:844: RuntimeWarning: Optimization failed in `gen_candidates_scipy` with the following warning(s):
[OptimizationWarning('Optimization failed within `scipy.optimize.minimize` with status 2 and message ABNORMAL: .')]
Trying again with a new set of initial conditions.
  return _optimize_acqf_batch(opt_inputs=opt_inputs)
[ 17/50] qlogei         578e5d8768359f0f seed=0 regret=0.0960 active=6 (6.8s)
[ 17/50] qlognei        578e5d8768359f0f seed=0 regret=0.0796 active=6 (6.8s)
[ 17/50] qlogei-add     578e5d8768359f0f seed=0 regret=0.0917 active=6 (14.4s)
[ 17/50] qlogei-addonly 578e5d8768359f0f seed=0 regret=0.1871 active=6 (7.7s)
[ 18/50] doe            578e5d8768359f0f seed=1 regret=0.0927 active=4 (1.1s)
[ 18/50] qlogei         578e5d8768359f0f seed=1 regret=0.1037 active=6 (6.7s)
[ 18/50] qlognei        578e5d8768359f0f seed=1 regret=0.1037 active=6 (8.2s)
[ 18/50] qlogei-add     578e5d8768359f0f seed=1 regret=0.1037 active=6 (6.0s)
[ 18/50] qlogei-addonly 578e5d8768359f0f seed=1 regret=0.0101 active=6 (6.0s)
[ 19/50] doe            59e420274f4385d9 seed=0 regret=0.1019 active=4 (1.1s)
[ 19/50] qlogei         59e420274f4385d9 seed=0 regret=0.1876 active=6 (9.0s)
[ 19/50] qlognei        59e420274f4385d9 seed=0 regret=0.1196 active=6 (7.0s)
/Users/jy/BO/nutrigene-ai-bo-ipsec/.venv/lib/python3.11/site-packages/botorch/optim/optimize.py:844: RuntimeWarning: Optimization failed in `gen_candidates_scipy` with the following warning(s):
[NumericalWarning('A not p.d., added jitter of 1.0e-08 to the diagonal'), OptimizationWarning('Optimization failed within `scipy.optimize.minimize` with status 2 and message ABNORMAL: .')]
Trying again with a new set of initial conditions.
  return _optimize_acqf_batch(opt_inputs=opt_inputs)
/Users/jy/BO/nutrigene-ai-bo-ipsec/.venv/lib/python3.11/site-packages/botorch/optim/optimize.py:844: RuntimeWarning: Optimization failed on the second try, after generating a new set of initial conditions.
  return _optimize_acqf_batch(opt_inputs=opt_inputs)
[ 19/50] qlogei-add     59e420274f4385d9 seed=0 regret=0.0952 active=6 (18.3s)
[ 19/50] qlogei-addonly 59e420274f4385d9 seed=0 regret=0.1278 active=6 (8.9s)
[ 20/50] doe            59e420274f4385d9 seed=1 regret=0.0848 active=4 (1.2s)
[ 20/50] qlogei         59e420274f4385d9 seed=1 regret=0.2345 active=6 (7.2s)
[ 20/50] qlognei        59e420274f4385d9 seed=1 regret=0.2580 active=6 (6.9s)
[ 20/50] qlogei-add     59e420274f4385d9 seed=1 regret=0.3323 active=6 (18.0s)
[ 20/50] qlogei-addonly 59e420274f4385d9 seed=1 regret=0.0665 active=6 (9.4s)
[ 21/50] doe            5b3926ef2c5fe4b6 seed=0 regret=0.0673 active=4 (1.1s)
[ 21/50] qlogei         5b3926ef2c5fe4b6 seed=0 regret=0.1507 active=6 (9.5s)
[ 21/50] qlognei        5b3926ef2c5fe4b6 seed=0 regret=0.1366 active=6 (7.0s)
[ 21/50] qlogei-add     5b3926ef2c5fe4b6 seed=0 regret=0.2105 active=6 (13.3s)
[ 21/50] qlogei-addonly 5b3926ef2c5fe4b6 seed=0 regret=0.1921 active=6 (9.8s)
[ 22/50] doe            5b3926ef2c5fe4b6 seed=1 regret=0.0973 active=4 (1.1s)
[ 22/50] qlogei         5b3926ef2c5fe4b6 seed=1 regret=0.1676 active=6 (3.2s)
[ 22/50] qlognei        5b3926ef2c5fe4b6 seed=1 regret=0.0802 active=6 (5.1s)
[ 22/50] qlogei-add     5b3926ef2c5fe4b6 seed=1 regret=0.1466 active=6 (11.8s)
[ 22/50] qlogei-addonly 5b3926ef2c5fe4b6 seed=1 regret=0.1466 active=6 (10.1s)
[ 23/50] doe            763e0f58925816ca seed=0 regret=0.0970 active=4 (1.2s)
[ 23/50] qlogei         763e0f58925816ca seed=0 regret=0.2380 active=6 (7.5s)
[ 23/50] qlognei        763e0f58925816ca seed=0 regret=0.1163 active=6 (8.5s)
/Users/jy/BO/nutrigene-ai-bo-ipsec/.venv/lib/python3.11/site-packages/botorch/optim/optimize.py:844: RuntimeWarning: Optimization failed in `gen_candidates_scipy` with the following warning(s):
[OptimizationWarning('Optimization failed within `scipy.optimize.minimize` with status 2 and message ABNORMAL: .')]
Trying again with a new set of initial conditions.
  return _optimize_acqf_batch(opt_inputs=opt_inputs)
[ 23/50] qlogei-add     763e0f58925816ca seed=0 regret=0.1619 active=6 (24.4s)
[ 23/50] qlogei-addonly 763e0f58925816ca seed=0 regret=0.2027 active=6 (10.9s)
[ 24/50] doe            763e0f58925816ca seed=1 regret=0.1676 active=4 (1.2s)
[ 24/50] qlogei         763e0f58925816ca seed=1 regret=0.1704 active=6 (14.7s)
[ 24/50] qlognei        763e0f58925816ca seed=1 regret=0.2482 active=6 (15.9s)
[ 24/50] qlogei-add     763e0f58925816ca seed=1 regret=0.3583 active=6 (16.3s)
[ 24/50] qlogei-addonly 763e0f58925816ca seed=1 regret=0.1817 active=6 (9.1s)
[ 25/50] doe            7b6071e568a98779 seed=0 regret=0.1033 active=4 (1.5s)
[ 25/50] qlogei         7b6071e568a98779 seed=0 regret=0.1446 active=6 (12.1s)
[ 25/50] qlognei        7b6071e568a98779 seed=0 regret=0.0964 active=6 (9.9s)
/Users/jy/BO/nutrigene-ai-bo-ipsec/.venv/lib/python3.11/site-packages/botorch/optim/optimize.py:844: RuntimeWarning: Optimization failed in `gen_candidates_scipy` with the following warning(s):
[NumericalWarning('A not p.d., added jitter of 1.0e-08 to the diagonal'), OptimizationWarning('Optimization failed within `scipy.optimize.minimize` with status 2 and message ABNORMAL: .')]
Trying again with a new set of initial conditions.
  return _optimize_acqf_batch(opt_inputs=opt_inputs)
[ 25/50] qlogei-add     7b6071e568a98779 seed=0 regret=0.1140 active=6 (22.6s)
[ 25/50] qlogei-addonly 7b6071e568a98779 seed=0 regret=0.1114 active=6 (12.4s)
[ 26/50] doe            7b6071e568a98779 seed=1 regret=0.0686 active=4 (1.3s)
[ 26/50] qlogei         7b6071e568a98779 seed=1 regret=0.0604 active=6 (6.5s)
[ 26/50] qlognei        7b6071e568a98779 seed=1 regret=0.1136 active=6 (8.0s)
[ 26/50] qlogei-add     7b6071e568a98779 seed=1 regret=0.1270 active=6 (8.9s)
[ 26/50] qlogei-addonly 7b6071e568a98779 seed=1 regret=0.1270 active=6 (6.6s)
[ 27/50] doe            7ef3fc89acece49c seed=0 regret=0.0566 active=4 (1.4s)
/Users/jy/BO/nutrigene-ai-bo-ipsec/.venv/lib/python3.11/site-packages/botorch/optim/optimize.py:844: RuntimeWarning: Optimization failed in `gen_candidates_scipy` with the following warning(s):
[OptimizationWarning('Optimization failed within `scipy.optimize.minimize` with status 2 and message ABNORMAL: .')]
Trying again with a new set of initial conditions.
  return _optimize_acqf_batch(opt_inputs=opt_inputs)
[ 27/50] qlogei         7ef3fc89acece49c seed=0 regret=0.0540 active=6 (22.7s)
[ 27/50] qlognei        7ef3fc89acece49c seed=0 regret=0.0836 active=6 (9.5s)
[ 27/50] qlogei-add     7ef3fc89acece49c seed=0 regret=0.1773 active=6 (27.2s)
[ 27/50] qlogei-addonly 7ef3fc89acece49c seed=0 regret=0.0601 active=6 (95.7s)
[ 28/50] doe            7ef3fc89acece49c seed=1 regret=0.0997 active=4 (6.0s)
[ 28/50] qlogei         7ef3fc89acece49c seed=1 regret=0.1315 active=6 (21.6s)
[ 28/50] qlognei        7ef3fc89acece49c seed=1 regret=0.1460 active=6 (103.5s)
[ 28/50] qlogei-add     7ef3fc89acece49c seed=1 regret=0.2594 active=6 (116.4s)
[ 28/50] qlogei-addonly 7ef3fc89acece49c seed=1 regret=0.1278 active=6 (4675.6s)
[ 29/50] doe            7f5c7431c0530e74 seed=0 regret=0.1382 active=4 (2.3s)
[ 29/50] qlogei         7f5c7431c0530e74 seed=0 regret=0.0433 active=6 (2270.0s)
[ 29/50] qlognei        7f5c7431c0530e74 seed=0 regret=0.2154 active=6 (4613.2s)
[ 29/50] qlogei-add     7f5c7431c0530e74 seed=0 regret=0.0323 active=6 (169.1s)
[ 29/50] qlogei-addonly 7f5c7431c0530e74 seed=0 regret=0.2277 active=6 (25.3s)
[ 30/50] doe            7f5c7431c0530e74 seed=1 regret=0.1453 active=4 (2.7s)
[ 30/50] qlogei         7f5c7431c0530e74 seed=1 regret=0.1607 active=6 (234.5s)
[ 30/50] qlognei        7f5c7431c0530e74 seed=1 regret=0.1607 active=6 (12.2s)
[ 30/50] qlogei-add     7f5c7431c0530e74 seed=1 regret=0.2008 active=6 (268.1s)
[ 30/50] qlogei-addonly 7f5c7431c0530e74 seed=1 regret=0.0569 active=6 (15.8s)
[ 31/50] doe            8abe35e93ddfcad1 seed=0 regret=0.0954 active=4 (2.7s)
[ 31/50] qlogei         8abe35e93ddfcad1 seed=0 regret=0.2288 active=6 (15.1s)
[ 31/50] qlognei        8abe35e93ddfcad1 seed=0 regret=0.1757 active=6 (41.0s)
[ 31/50] qlogei-add     8abe35e93ddfcad1 seed=0 regret=0.1293 active=6 (128.5s)
[ 31/50] qlogei-addonly 8abe35e93ddfcad1 seed=0 regret=0.1686 active=6 (18.7s)
[ 32/50] doe            8abe35e93ddfcad1 seed=1 regret=0.0722 active=4 (1.2s)
[ 32/50] qlogei         8abe35e93ddfcad1 seed=1 regret=0.1896 active=6 (6.0s)
[ 32/50] qlognei        8abe35e93ddfcad1 seed=1 regret=0.2568 active=6 (12.4s)
[ 32/50] qlogei-add     8abe35e93ddfcad1 seed=1 regret=0.1250 active=6 (11.6s)
[ 32/50] qlogei-addonly 8abe35e93ddfcad1 seed=1 regret=0.1121 active=6 (9.3s)
[ 33/50] doe            9414bc879284eef0 seed=0 regret=0.1439 active=4 (1.5s)
[ 33/50] qlogei         9414bc879284eef0 seed=0 regret=0.1397 active=6 (8.8s)
[ 33/50] qlognei        9414bc879284eef0 seed=0 regret=0.1337 active=6 (14.7s)
[ 33/50] qlogei-add     9414bc879284eef0 seed=0 regret=0.0351 active=6 (17.4s)
[ 33/50] qlogei-addonly 9414bc879284eef0 seed=0 regret=0.1515 active=6 (8.2s)
[ 34/50] doe            9414bc879284eef0 seed=1 regret=0.0824 active=4 (1.1s)
[ 34/50] qlogei         9414bc879284eef0 seed=1 regret=0.2356 active=6 (5.5s)
[ 34/50] qlognei        9414bc879284eef0 seed=1 regret=0.0980 active=6 (6.4s)
[ 34/50] qlogei-add     9414bc879284eef0 seed=1 regret=0.0980 active=6 (6.8s)
[ 34/50] qlogei-addonly 9414bc879284eef0 seed=1 regret=0.0980 active=6 (7.7s)
[ 35/50] doe            9f3cdb4d835c6909 seed=0 regret=0.0924 active=4 (1.2s)
[ 35/50] qlogei         9f3cdb4d835c6909 seed=0 regret=0.1992 active=6 (10.9s)
[ 35/50] qlognei        9f3cdb4d835c6909 seed=0 regret=0.1036 active=6 (16.6s)
/Users/jy/BO/nutrigene-ai-bo-ipsec/.venv/lib/python3.11/site-packages/botorch/optim/optimize.py:844: RuntimeWarning: Optimization failed in `gen_candidates_scipy` with the following warning(s):
[OptimizationWarning('Optimization failed within `scipy.optimize.minimize` with status 2 and message ABNORMAL: .')]
Trying again with a new set of initial conditions.
  return _optimize_acqf_batch(opt_inputs=opt_inputs)
[ 35/50] qlogei-add     9f3cdb4d835c6909 seed=0 regret=0.1376 active=6 (20.9s)
[ 35/50] qlogei-addonly 9f3cdb4d835c6909 seed=0 regret=0.2310 active=6 (11.8s)
[ 36/50] doe            9f3cdb4d835c6909 seed=1 regret=0.0941 active=4 (1.5s)
[ 36/50] qlogei         9f3cdb4d835c6909 seed=1 regret=0.0667 active=6 (11.7s)
[ 36/50] qlognei        9f3cdb4d835c6909 seed=1 regret=0.0477 active=6 (9.7s)
[ 36/50] qlogei-add     9f3cdb4d835c6909 seed=1 regret=0.1317 active=6 (17.7s)
[ 36/50] qlogei-addonly 9f3cdb4d835c6909 seed=1 regret=0.1654 active=6 (7.9s)
[ 37/50] doe            c75f6d6f50fe2434 seed=0 regret=0.1172 active=4 (1.2s)
/Users/jy/BO/nutrigene-ai-bo-ipsec/.venv/lib/python3.11/site-packages/botorch/optim/optimize.py:844: RuntimeWarning: Optimization failed in `gen_candidates_scipy` with the following warning(s):
[OptimizationWarning('Optimization failed within `scipy.optimize.minimize` with status 2 and message ABNORMAL: .')]
Trying again with a new set of initial conditions.
  return _optimize_acqf_batch(opt_inputs=opt_inputs)
[ 37/50] qlogei         c75f6d6f50fe2434 seed=0 regret=0.0803 active=6 (9.7s)
[ 37/50] qlognei        c75f6d6f50fe2434 seed=0 regret=0.1292 active=6 (8.0s)
[ 37/50] qlogei-add     c75f6d6f50fe2434 seed=0 regret=0.1084 active=6 (13.2s)
[ 37/50] qlogei-addonly c75f6d6f50fe2434 seed=0 regret=0.2258 active=6 (8.2s)
[ 38/50] doe            c75f6d6f50fe2434 seed=1 regret=0.1237 active=4 (1.3s)
[ 38/50] qlogei         c75f6d6f50fe2434 seed=1 regret=0.2584 active=6 (4.5s)
[ 38/50] qlognei        c75f6d6f50fe2434 seed=1 regret=0.1867 active=6 (9.2s)
[ 38/50] qlogei-add     c75f6d6f50fe2434 seed=1 regret=0.1352 active=6 (10.4s)
[ 38/50] qlogei-addonly c75f6d6f50fe2434 seed=1 regret=0.2712 active=6 (7.8s)
[ 39/50] doe            ce7334da318bc5e5 seed=0 regret=0.0646 active=4 (1.3s)
/Users/jy/BO/nutrigene-ai-bo-ipsec/.venv/lib/python3.11/site-packages/botorch/optim/optimize.py:844: RuntimeWarning: Optimization failed in `gen_candidates_scipy` with the following warning(s):
[NumericalWarning('A not p.d., added jitter of 1.0e-08 to the diagonal'), OptimizationWarning('Optimization failed within `scipy.optimize.minimize` with status 2 and message ABNORMAL: .')]
Trying again with a new set of initial conditions.
  return _optimize_acqf_batch(opt_inputs=opt_inputs)
[ 39/50] qlogei         ce7334da318bc5e5 seed=0 regret=0.2411 active=6 (11.4s)
[ 39/50] qlognei        ce7334da318bc5e5 seed=0 regret=0.2617 active=6 (9.6s)
[ 39/50] qlogei-add     ce7334da318bc5e5 seed=0 regret=0.1941 active=6 (22.6s)
[ 39/50] qlogei-addonly ce7334da318bc5e5 seed=0 regret=0.0838 active=6 (18.7s)
[ 40/50] doe            ce7334da318bc5e5 seed=1 regret=0.0646 active=4 (1.5s)
[ 40/50] qlogei         ce7334da318bc5e5 seed=1 regret=0.0726 active=6 (14.9s)
[ 40/50] qlognei        ce7334da318bc5e5 seed=1 regret=0.1630 active=6 (10.6s)
[ 40/50] qlogei-add     ce7334da318bc5e5 seed=1 regret=0.1143 active=6 (22.4s)
[ 40/50] qlogei-addonly ce7334da318bc5e5 seed=1 regret=0.1714 active=6 (9.9s)
[ 41/50] doe            da5ec2fbb20c9f9b seed=0 regret=0.0428 active=4 (1.5s)
/Users/jy/BO/nutrigene-ai-bo-ipsec/.venv/lib/python3.11/site-packages/botorch/optim/optimize.py:844: RuntimeWarning: Optimization failed in `gen_candidates_scipy` with the following warning(s):
[OptimizationWarning('Optimization failed within `scipy.optimize.minimize` with status 2 and message ABNORMAL: .')]
Trying again with a new set of initial conditions.
  return _optimize_acqf_batch(opt_inputs=opt_inputs)
/Users/jy/BO/nutrigene-ai-bo-ipsec/.venv/lib/python3.11/site-packages/botorch/optim/optimize.py:844: RuntimeWarning: Optimization failed on the second try, after generating a new set of initial conditions.
  return _optimize_acqf_batch(opt_inputs=opt_inputs)
[ 41/50] qlogei         da5ec2fbb20c9f9b seed=0 regret=0.1807 active=6 (15.9s)
[ 41/50] qlognei        da5ec2fbb20c9f9b seed=0 regret=0.0349 active=6 (13.3s)
[ 41/50] qlogei-add     da5ec2fbb20c9f9b seed=0 regret=0.1035 active=6 (38.3s)
[ 41/50] qlogei-addonly da5ec2fbb20c9f9b seed=0 regret=0.1802 active=6 (16.7s)
[ 42/50] doe            da5ec2fbb20c9f9b seed=1 regret=0.0700 active=4 (1.7s)
[ 42/50] qlogei         da5ec2fbb20c9f9b seed=1 regret=0.1724 active=6 (14.1s)
[ 42/50] qlognei        da5ec2fbb20c9f9b seed=1 regret=0.1962 active=6 (11.9s)
[ 42/50] qlogei-add     da5ec2fbb20c9f9b seed=1 regret=0.1845 active=6 (15.1s)
[ 42/50] qlogei-addonly da5ec2fbb20c9f9b seed=1 regret=0.2247 active=6 (13.0s)
[ 43/50] doe            e402c32907f27534 seed=0 regret=0.1397 active=4 (1.7s)
[ 43/50] qlogei         e402c32907f27534 seed=0 regret=0.0839 active=6 (11.5s)
[ 43/50] qlognei        e402c32907f27534 seed=0 regret=0.1630 active=6 (13.1s)
[ 43/50] qlogei-add     e402c32907f27534 seed=0 regret=0.1745 active=6 (37.7s)
[ 43/50] qlogei-addonly e402c32907f27534 seed=0 regret=0.1291 active=6 (23.1s)
[ 44/50] doe            e402c32907f27534 seed=1 regret=0.1205 active=4 (2.0s)
[ 44/50] qlogei         e402c32907f27534 seed=1 regret=0.0945 active=6 (8.8s)
[ 44/50] qlognei        e402c32907f27534 seed=1 regret=0.2322 active=6 (12.2s)
[ 44/50] qlogei-add     e402c32907f27534 seed=1 regret=0.1898 active=6 (12.6s)
[ 44/50] qlogei-addonly e402c32907f27534 seed=1 regret=0.1696 active=6 (9.9s)
[ 45/50] doe            e946207e9dfe1876 seed=0 regret=0.0318 active=4 (1.4s)
/Users/jy/BO/nutrigene-ai-bo-ipsec/.venv/lib/python3.11/site-packages/botorch/optim/optimize.py:844: RuntimeWarning: Optimization failed in `gen_candidates_scipy` with the following warning(s):
[OptimizationWarning('Optimization failed within `scipy.optimize.minimize` with status 2 and message ABNORMAL: .')]
Trying again with a new set of initial conditions.
  return _optimize_acqf_batch(opt_inputs=opt_inputs)
[ 45/50] qlogei         e946207e9dfe1876 seed=0 regret=0.2031 active=6 (10.6s)
[ 45/50] qlognei        e946207e9dfe1876 seed=0 regret=0.1066 active=6 (11.0s)
/Users/jy/BO/nutrigene-ai-bo-ipsec/.venv/lib/python3.11/site-packages/botorch/optim/optimize.py:844: RuntimeWarning: Optimization failed in `gen_candidates_scipy` with the following warning(s):
[OptimizationWarning('Optimization failed within `scipy.optimize.minimize` with status 2 and message ABNORMAL: .'), OptimizationWarning('Optimization failed within `scipy.optimize.minimize` with status 2 and message ABNORMAL: .'), OptimizationWarning('Optimization failed within `scipy.optimize.minimize` with status 2 and message ABNORMAL: .')]
Trying again with a new set of initial conditions.
  return _optimize_acqf_batch(opt_inputs=opt_inputs)
/Users/jy/BO/nutrigene-ai-bo-ipsec/.venv/lib/python3.11/site-packages/botorch/optim/optimize.py:844: RuntimeWarning: Optimization failed on the second try, after generating a new set of initial conditions.
  return _optimize_acqf_batch(opt_inputs=opt_inputs)
[ 45/50] qlogei-add     e946207e9dfe1876 seed=0 regret=0.0973 active=6 (29.9s)
[ 45/50] qlogei-addonly e946207e9dfe1876 seed=0 regret=0.2329 active=6 (14.4s)
[ 46/50] doe            e946207e9dfe1876 seed=1 regret=0.1044 active=4 (1.5s)
[ 46/50] qlogei         e946207e9dfe1876 seed=1 regret=0.1424 active=6 (10.3s)
[ 46/50] qlognei        e946207e9dfe1876 seed=1 regret=0.2499 active=6 (11.6s)
[ 46/50] qlogei-add     e946207e9dfe1876 seed=1 regret=0.1227 active=6 (12.0s)
[ 46/50] qlogei-addonly e946207e9dfe1876 seed=1 regret=0.1227 active=6 (8.1s)
[ 47/50] doe            ef2815cdafff288c seed=0 regret=0.0959 active=4 (2.1s)
[ 47/50] qlogei         ef2815cdafff288c seed=0 regret=0.1116 active=6 (12.6s)
[ 47/50] qlognei        ef2815cdafff288c seed=0 regret=0.2127 active=6 (14.0s)
/Users/jy/BO/nutrigene-ai-bo-ipsec/.venv/lib/python3.11/site-packages/botorch/optim/optimize.py:844: RuntimeWarning: Optimization failed in `gen_candidates_scipy` with the following warning(s):
[OptimizationWarning('Optimization failed within `scipy.optimize.minimize` with status 2 and message ABNORMAL: .'), OptimizationWarning('Optimization failed within `scipy.optimize.minimize` with status 2 and message ABNORMAL: .')]
Trying again with a new set of initial conditions.
  return _optimize_acqf_batch(opt_inputs=opt_inputs)
[ 47/50] qlogei-add     ef2815cdafff288c seed=0 regret=0.1558 active=6 (50.9s)
[ 47/50] qlogei-addonly ef2815cdafff288c seed=0 regret=0.1993 active=6 (16.9s)
[ 48/50] doe            ef2815cdafff288c seed=1 regret=0.1149 active=4 (2.0s)
[ 48/50] qlogei         ef2815cdafff288c seed=1 regret=0.1149 active=6 (15.1s)
[ 48/50] qlognei        ef2815cdafff288c seed=1 regret=0.1149 active=6 (11.3s)
[ 48/50] qlogei-add     ef2815cdafff288c seed=1 regret=0.1149 active=6 (17.5s)
[ 48/50] qlogei-addonly ef2815cdafff288c seed=1 regret=0.1149 active=6 (10.5s)
[ 49/50] doe            f79c5cf175034acd seed=0 regret=0.1102 active=4 (1.8s)
[ 49/50] qlogei         f79c5cf175034acd seed=0 regret=0.0650 active=6 (14.7s)
[ 49/50] qlognei        f79c5cf175034acd seed=0 regret=0.2032 active=6 (12.2s)
/Users/jy/BO/nutrigene-ai-bo-ipsec/.venv/lib/python3.11/site-packages/botorch/optim/optimize.py:844: RuntimeWarning: Optimization failed in `gen_candidates_scipy` with the following warning(s):
[OptimizationWarning('Optimization failed within `scipy.optimize.minimize` with status 2 and message ABNORMAL: .')]
Trying again with a new set of initial conditions.
  return _optimize_acqf_batch(opt_inputs=opt_inputs)
/Users/jy/BO/nutrigene-ai-bo-ipsec/.venv/lib/python3.11/site-packages/botorch/optim/optimize.py:844: RuntimeWarning: Optimization failed on the second try, after generating a new set of initial conditions.
  return _optimize_acqf_batch(opt_inputs=opt_inputs)
[ 49/50] qlogei-add     f79c5cf175034acd seed=0 regret=0.0485 active=6 (38.6s)
[ 49/50] qlogei-addonly f79c5cf175034acd seed=0 regret=0.0466 active=6 (23.7s)
[ 50/50] doe            f79c5cf175034acd seed=1 regret=0.0713 active=4 (1.6s)
[ 50/50] qlogei         f79c5cf175034acd seed=1 regret=0.1482 active=6 (8.3s)
[ 50/50] qlognei        f79c5cf175034acd seed=1 regret=0.2560 active=6 (11.7s)
[ 50/50] qlogei-add     f79c5cf175034acd seed=1 regret=0.3623 active=6 (16.6s)
[ 50/50] qlogei-addonly f79c5cf175034acd seed=1 regret=0.3623 active=6 (13.9s)

6000 scored rows in 15846s
gate failures: 0
