=== erroraware C2 starting Mon Aug 24 16:12:15 HKT 2026 ===
spade-kf3-followup-2026-08-24 · C2 · spade_cf_erroraware · 100 campaigns
warning: working tree dirty; code_commit is not a faithful fingerprint
[  54/100] 32bb966a18f1d863 seed=2 (1.2m, eta 1m)
[  55/100] 443c180247c17191 seed=2 (2.2m, eta 2m)
[  56/100] 48b1324dd0461cd9 seed=2 (3.0m, eta 2m)
[  57/100] 4d4f7158b65b52ba seed=2 (3.9m, eta 3m)
[  58/100] 51cf489c521a6911 seed=2 (4.8m, eta 3m)
[  59/100] 578e5d8768359f0f seed=2 (5.5m, eta 4m)
[  60/100] 59e420274f4385d9 seed=2 (6.3m, eta 4m)
[  61/100] 5b3926ef2c5fe4b6 seed=2 (7.2m, eta 5m)
[  62/100] 763e0f58925816ca seed=2 (8.3m, eta 5m)
[  63/100] 7b6071e568a98779 seed=2 (9.1m, eta 5m)
[  64/100] 7ef3fc89acece49c seed=2 (10.1m, eta 6m)
[  65/100] 7f5c7431c0530e74 seed=2 (11.2m, eta 6m)
[  66/100] 8abe35e93ddfcad1 seed=2 (12.1m, eta 6m)
[  67/100] 9414bc879284eef0 seed=2 (13.0m, eta 6m)
[  68/100] 9f3cdb4d835c6909 seed=2 (14.0m, eta 7m)
[  69/100] c75f6d6f50fe2434 seed=2 (14.9m, eta 7m)
[  70/100] ce7334da318bc5e5 seed=2 (15.7m, eta 7m)
[  71/100] da5ec2fbb20c9f9b seed=2 (16.8m, eta 7m)
[  72/100] e402c32907f27534 seed=2 (17.8m, eta 7m)
[  73/100] e946207e9dfe1876 seed=2 (18.7m, eta 7m)
[  74/100] ef2815cdafff288c seed=2 (19.6m, eta 7m)
[  75/100] f79c5cf175034acd seed=2 (20.8m, eta 7m)
[  76/100] 033466197eba3ddb seed=3 (21.6m, eta 7m)
[  77/100] 0a6e0788538a7c52 seed=3 (22.8m, eta 7m)
[  78/100] 0ed87c75239d73f8 seed=3 (23.6m, eta 7m)
[  79/100] 32bb966a18f1d863 seed=3 (24.4m, eta 6m)
[  80/100] 443c180247c17191 seed=3 (25.4m, eta 6m)
[  81/100] 48b1324dd0461cd9 seed=3 (26.0m, eta 6m)
[  82/100] 4d4f7158b65b52ba seed=3 (26.9m, eta 6m)
[  83/100] 51cf489c521a6911 seed=3 (27.7m, eta 6m)
[  84/100] 578e5d8768359f0f seed=3 (28.7m, eta 5m)
[  85/100] 59e420274f4385d9 seed=3 (29.7m, eta 5m)
[  86/100] 5b3926ef2c5fe4b6 seed=3 (30.5m, eta 5m)
[  87/100] 763e0f58925816ca seed=3 (31.5m, eta 5m)
[  88/100] 7b6071e568a98779 seed=3 (32.2m, eta 4m)
[  89/100] 7ef3fc89acece49c seed=3 (32.9m, eta 4m)
[  90/100] 7f5c7431c0530e74 seed=3 (33.8m, eta 4m)
[  91/100] 8abe35e93ddfcad1 seed=3 (34.8m, eta 3m)
[  92/100] 9414bc879284eef0 seed=3 (35.6m, eta 3m)
[  93/100] 9f3cdb4d835c6909 seed=3 (36.2m, eta 3m)
[  94/100] c75f6d6f50fe2434 seed=3 (36.9m, eta 2m)
[  95/100] ce7334da318bc5e5 seed=3 (37.9m, eta 2m)
[  96/100] da5ec2fbb20c9f9b seed=3 (39.3m, eta 2m)
[  97/100] e402c32907f27534 seed=3 (41.0m, eta 1m)
[  98/100] e946207e9dfe1876 seed=3 (42.0m, eta 1m)
[  99/100] ef2815cdafff288c seed=3 (43.2m, eta 0m)
[ 100/100] f79c5cf175034acd seed=3 (44.1m, eta 0m)

wrote kf3-followup-c2-spade_cf_erroraware.json · 1200 rows
=== erroraware C2 done Mon Aug 24 16:56:23 HKT 2026, exit=0 ===
