P3 · cell d=6 sigma=0.1 · HEAD=81fb9e6f86774f0b238df87ab46d076a655e7951
arms=('doe', 'qlogei', 'qlognei', 'qlogei-add', 'qlogei-addonly', 'lhs', 'sobol', 'random', 'plate1_only', 'versionb', 'versionb_random', 'versionb_predictive')
gamma=(0.5, 0.7, 0.8, 0.9, 0.95, 0.99) tau_frac=(0.6, 0.75, 0.85, 0.95) grid=20000@0
K6b: subset=2000 draws=512 alphas=(0.5, 0.8, 0.95) jitter=1e-08
  gate doe                  <- e2-grid.json          50 rows
  gate qlogei               <- e2-grid.json          50 rows
  gate qlognei              <- e2-grid.json          50 rows
  gate qlogei-add           <- q30-additive.json      0 rows  ** UNGATED: results/q30-additive.json absent — CANNOT GATE (Amendment A1 / P1; COVERAGE-MATRIX §3.6)
  gate qlogei-addonly       <- q30-additive.json      0 rows  ** UNGATED: results/q30-additive.json absent — CANNOT GATE (Amendment A1 / P1; COVERAGE-MATRIX §3.6)
  gate lhs                  <- e2-grid.json          50 rows
  gate sobol                <- e2-grid.json          50 rows
  gate random               <- e2-grid.json          50 rows
  gate plate1_only          <- e2-grid.json          50 rows [column 'lhs']
  gate versionb             <- (none)                 0 rows  ** UNGATED: UNGATABLE IN PRINCIPLE — no committed comparator exists for this arm and none ever will. Its only guarantee is seed determinism (COVERAGE-MATRIX §3.7, P2 registration).
  gate versionb_random      <- (none)                 0 rows  ** UNGATED: UNGATABLE IN PRINCIPLE — no committed comparator exists for this arm and none ever will. Its only guarantee is seed determinism (COVERAGE-MATRIX §3.7, P2 registration).
  gate versionb_predictive  <- (none)                 0 rows  ** UNGATED: UNGATABLE IN PRINCIPLE — no committed comparator exists for this arm and none ever will. Its only guarantee is seed determinism (COVERAGE-MATRIX §3.7, P2 registration).

50 (instance, seed) pairs x 12 arms = 600 campaigns

[  1/50] doe            033466197eba3ddb seed=0 regret=0.0440 active=4 gated=True (58.3s)
[  1/50] qlogei         033466197eba3ddb seed=0 regret=0.0146 active=6 gated=True (85.5s)
[  1/50] qlognei        033466197eba3ddb seed=0 regret=0.0964 active=6 gated=True (103.9s)
[  1/50] qlogei-add     033466197eba3ddb seed=0 regret=0.0370 active=6 gated=False (201.8s)
[  1/50] qlogei-addonly 033466197eba3ddb seed=0 regret=0.0278 active=6 gated=False (218.2s)
[  1/50] lhs            033466197eba3ddb seed=0 regret=0.0973 active=6 gated=True (52.6s)
[  1/50] sobol          033466197eba3ddb seed=0 regret=0.0740 active=6 gated=True (27.4s)
[  1/50] random         033466197eba3ddb seed=0 regret=0.1440 active=6 gated=True (28.4s)
[  1/50] plate1_only    033466197eba3ddb seed=0 regret=0.0973 active=6 gated=True (31.3s)
[  1/50] versionb       033466197eba3ddb seed=0 regret=0.1182 active=6 gated=False (26.8s)
[  1/50] versionb_random 033466197eba3ddb seed=0 regret=0.1182 active=6 gated=False (23.7s)
[  1/50] versionb_predictive 033466197eba3ddb seed=0 regret=0.1182 active=6 gated=False (22.0s)
[  2/50] doe            033466197eba3ddb seed=1 regret=0.1114 active=4 gated=True (18.3s)
[  2/50] qlogei         033466197eba3ddb seed=1 regret=0.1721 active=6 gated=True (57.0s)
[  2/50] qlognei        033466197eba3ddb seed=1 regret=0.1101 active=6 gated=True (39.5s)
[  2/50] qlogei-add     033466197eba3ddb seed=1 regret=0.0586 active=6 gated=False (98.5s)
[  2/50] qlogei-addonly 033466197eba3ddb seed=1 regret=0.1032 active=6 gated=False (170.5s)
[  2/50] lhs            033466197eba3ddb seed=1 regret=0.1878 active=6 gated=True (20.2s)
[  2/50] sobol          033466197eba3ddb seed=1 regret=0.0887 active=6 gated=True (23.2s)
[  2/50] random         033466197eba3ddb seed=1 regret=0.2524 active=6 gated=True (22.8s)
[  2/50] plate1_only    033466197eba3ddb seed=1 regret=0.1878 active=6 gated=True (22.5s)
[  2/50] versionb       033466197eba3ddb seed=1 regret=0.1123 active=6 gated=False (34.4s)
[  2/50] versionb_random 033466197eba3ddb seed=1 regret=0.1123 active=6 gated=False (26.4s)
[  2/50] versionb_predictive 033466197eba3ddb seed=1 regret=0.1123 active=6 gated=False (31.2s)
[  3/50] doe            0a6e0788538a7c52 seed=0 regret=0.0376 active=4 gated=True (34.2s)
[  3/50] qlogei         0a6e0788538a7c52 seed=0 regret=0.0780 active=6 gated=True (69.4s)
[  3/50] qlognei        0a6e0788538a7c52 seed=0 regret=0.1517 active=6 gated=True (98.7s)
[  3/50] qlogei-add     0a6e0788538a7c52 seed=0 regret=0.0271 active=6 gated=False (119.2s)
[  3/50] qlogei-addonly 0a6e0788538a7c52 seed=0 regret=0.0460 active=6 gated=False (82.4s)
[  3/50] lhs            0a6e0788538a7c52 seed=0 regret=0.1084 active=6 gated=True (19.1s)
[  3/50] sobol          0a6e0788538a7c52 seed=0 regret=0.1644 active=6 gated=True (19.5s)
[  3/50] random         0a6e0788538a7c52 seed=0 regret=0.1773 active=6 gated=True (16.5s)
[  3/50] plate1_only    0a6e0788538a7c52 seed=0 regret=0.1084 active=6 gated=True (19.3s)
[  3/50] versionb       0a6e0788538a7c52 seed=0 regret=0.0926 active=6 gated=False (22.9s)
[  3/50] versionb_random 0a6e0788538a7c52 seed=0 regret=0.0926 active=6 gated=False (20.5s)
[  3/50] versionb_predictive 0a6e0788538a7c52 seed=0 regret=0.0926 active=6 gated=False (18.3s)
[  4/50] doe            0a6e0788538a7c52 seed=1 regret=0.0789 active=4 gated=True (14.4s)
[  4/50] qlogei         0a6e0788538a7c52 seed=1 regret=0.0393 active=6 gated=True (46.3s)
[  4/50] qlognei        0a6e0788538a7c52 seed=1 regret=0.1573 active=6 gated=True (52.3s)
/Users/jy/BO/nutrigene-ai-bo-ipsec/.venv/lib/python3.11/site-packages/botorch/optim/optimize.py:844: RuntimeWarning: Optimization failed in `gen_candidates_scipy` with the following warning(s):
[OptimizationWarning('Optimization failed within `scipy.optimize.minimize` with status 2 and message ABNORMAL: .')]
Trying again with a new set of initial conditions.
  return _optimize_acqf_batch(opt_inputs=opt_inputs)
[  4/50] qlogei-add     0a6e0788538a7c52 seed=1 regret=0.1574 active=6 gated=False (103.8s)
[  4/50] qlogei-addonly 0a6e0788538a7c52 seed=1 regret=0.0405 active=6 gated=False (45.2s)
[  4/50] lhs            0a6e0788538a7c52 seed=1 regret=0.1569 active=6 gated=True (10.9s)
[  4/50] sobol          0a6e0788538a7c52 seed=1 regret=0.0876 active=6 gated=True (10.5s)
[  4/50] random         0a6e0788538a7c52 seed=1 regret=0.1843 active=6 gated=True (11.0s)
[  4/50] plate1_only    0a6e0788538a7c52 seed=1 regret=0.1569 active=6 gated=True (10.7s)
[  4/50] versionb       0a6e0788538a7c52 seed=1 regret=0.2334 active=6 gated=False (13.3s)
[  4/50] versionb_random 0a6e0788538a7c52 seed=1 regret=0.2334 active=6 gated=False (11.8s)
[  4/50] versionb_predictive 0a6e0788538a7c52 seed=1 regret=0.2334 active=6 gated=False (15.5s)
[  5/50] doe            0ed87c75239d73f8 seed=0 regret=0.0871 active=4 gated=True (14.4s)
[  5/50] qlogei         0ed87c75239d73f8 seed=0 regret=0.0397 active=6 gated=True (42.3s)
[  5/50] qlognei        0ed87c75239d73f8 seed=0 regret=0.1099 active=6 gated=True (31.7s)
[  5/50] qlogei-add     0ed87c75239d73f8 seed=0 regret=0.1027 active=6 gated=False (67.9s)
[  5/50] qlogei-addonly 0ed87c75239d73f8 seed=0 regret=0.0477 active=6 gated=False (42.9s)
[  5/50] lhs            0ed87c75239d73f8 seed=0 regret=0.0669 active=6 gated=True (11.6s)
[  5/50] sobol          0ed87c75239d73f8 seed=0 regret=0.1380 active=6 gated=True (10.9s)
[  5/50] random         0ed87c75239d73f8 seed=0 regret=0.0952 active=6 gated=True (10.0s)
[  5/50] plate1_only    0ed87c75239d73f8 seed=0 regret=0.0669 active=6 gated=True (10.9s)
[  5/50] versionb       0ed87c75239d73f8 seed=0 regret=0.0996 active=6 gated=False (11.6s)
[  5/50] versionb_random 0ed87c75239d73f8 seed=0 regret=0.0996 active=6 gated=False (9.6s)
[  5/50] versionb_predictive 0ed87c75239d73f8 seed=0 regret=0.0996 active=6 gated=False (10.0s)
[  6/50] doe            0ed87c75239d73f8 seed=1 regret=0.0895 active=4 gated=True (6.9s)
[  6/50] qlogei         0ed87c75239d73f8 seed=1 regret=0.0696 active=6 gated=True (29.7s)
[  6/50] qlognei        0ed87c75239d73f8 seed=1 regret=0.0441 active=6 gated=True (22.0s)
[  6/50] qlogei-add     0ed87c75239d73f8 seed=1 regret=0.0578 active=6 gated=False (33.3s)
[  6/50] qlogei-addonly 0ed87c75239d73f8 seed=1 regret=0.0142 active=6 gated=False (27.7s)
[  6/50] lhs            0ed87c75239d73f8 seed=1 regret=0.1046 active=6 gated=True (5.9s)
[  6/50] sobol          0ed87c75239d73f8 seed=1 regret=0.0705 active=6 gated=True (6.7s)
[  6/50] random         0ed87c75239d73f8 seed=1 regret=0.2382 active=6 gated=True (6.1s)
[  6/50] plate1_only    0ed87c75239d73f8 seed=1 regret=0.1046 active=6 gated=True (6.2s)
[  6/50] versionb       0ed87c75239d73f8 seed=1 regret=0.1549 active=6 gated=False (8.9s)
[  6/50] versionb_random 0ed87c75239d73f8 seed=1 regret=0.1549 active=6 gated=False (7.6s)
[  6/50] versionb_predictive 0ed87c75239d73f8 seed=1 regret=0.1549 active=6 gated=False (8.3s)
[  7/50] doe            32bb966a18f1d863 seed=0 regret=0.1224 active=4 gated=True (6.7s)
[  7/50] qlogei         32bb966a18f1d863 seed=0 regret=0.0945 active=6 gated=True (24.1s)
[  7/50] qlognei        32bb966a18f1d863 seed=0 regret=0.0503 active=6 gated=True (25.7s)
[  7/50] qlogei-add     32bb966a18f1d863 seed=0 regret=0.0848 active=6 gated=False (45.2s)
[  7/50] qlogei-addonly 32bb966a18f1d863 seed=0 regret=0.0194 active=6 gated=False (29.3s)
[  7/50] lhs            32bb966a18f1d863 seed=0 regret=0.0709 active=6 gated=True (8.1s)
[  7/50] sobol          32bb966a18f1d863 seed=0 regret=0.1057 active=6 gated=True (6.7s)
[  7/50] random         32bb966a18f1d863 seed=0 regret=0.1057 active=6 gated=True (7.9s)
[  7/50] plate1_only    32bb966a18f1d863 seed=0 regret=0.0709 active=6 gated=True (7.9s)
[  7/50] versionb       32bb966a18f1d863 seed=0 regret=0.1175 active=6 gated=False (7.9s)
[  7/50] versionb_random 32bb966a18f1d863 seed=0 regret=0.1175 active=6 gated=False (7.5s)
[  7/50] versionb_predictive 32bb966a18f1d863 seed=0 regret=0.1175 active=6 gated=False (8.1s)
[  8/50] doe            32bb966a18f1d863 seed=1 regret=0.1131 active=4 gated=True (6.8s)
[  8/50] qlogei         32bb966a18f1d863 seed=1 regret=0.0498 active=6 gated=True (26.7s)
[  8/50] qlognei        32bb966a18f1d863 seed=1 regret=0.0322 active=6 gated=True (26.0s)
[  8/50] qlogei-add     32bb966a18f1d863 seed=1 regret=0.0564 active=6 gated=False (40.2s)
[  8/50] qlogei-addonly 32bb966a18f1d863 seed=1 regret=0.0759 active=6 gated=False (25.0s)
[  8/50] lhs            32bb966a18f1d863 seed=1 regret=0.0512 active=6 gated=True (5.0s)
[  8/50] sobol          32bb966a18f1d863 seed=1 regret=0.0925 active=6 gated=True (4.8s)
[  8/50] random         32bb966a18f1d863 seed=1 regret=0.2186 active=6 gated=True (5.2s)
[  8/50] plate1_only    32bb966a18f1d863 seed=1 regret=0.0512 active=6 gated=True (5.0s)
[  8/50] versionb       32bb966a18f1d863 seed=1 regret=0.0793 active=6 gated=False (5.2s)
[  8/50] versionb_random 32bb966a18f1d863 seed=1 regret=0.0793 active=6 gated=False (5.2s)
[  8/50] versionb_predictive 32bb966a18f1d863 seed=1 regret=0.0793 active=6 gated=False (5.4s)
[  9/50] doe            443c180247c17191 seed=0 regret=0.0725 active=4 gated=True (5.2s)
[  9/50] qlogei         443c180247c17191 seed=0 regret=0.1250 active=6 gated=True (13.9s)
[  9/50] qlognei        443c180247c17191 seed=0 regret=0.0761 active=6 gated=True (22.8s)
[  9/50] qlogei-add     443c180247c17191 seed=0 regret=0.0851 active=6 gated=False (22.0s)
[  9/50] qlogei-addonly 443c180247c17191 seed=0 regret=0.1490 active=6 gated=False (19.8s)
[  9/50] lhs            443c180247c17191 seed=0 regret=0.1444 active=6 gated=True (5.4s)
[  9/50] sobol          443c180247c17191 seed=0 regret=0.1480 active=6 gated=True (5.2s)
[  9/50] random         443c180247c17191 seed=0 regret=0.2126 active=6 gated=True (5.5s)
[  9/50] plate1_only    443c180247c17191 seed=0 regret=0.1444 active=6 gated=True (5.7s)
[  9/50] versionb       443c180247c17191 seed=0 regret=0.0678 active=6 gated=False (6.7s)
[  9/50] versionb_random 443c180247c17191 seed=0 regret=0.0678 active=6 gated=False (5.4s)
[  9/50] versionb_predictive 443c180247c17191 seed=0 regret=0.0678 active=6 gated=False (6.0s)
[ 10/50] doe            443c180247c17191 seed=1 regret=0.1202 active=4 gated=True (5.3s)
[ 10/50] qlogei         443c180247c17191 seed=1 regret=0.0644 active=6 gated=True (17.3s)
[ 10/50] qlognei        443c180247c17191 seed=1 regret=0.0486 active=6 gated=True (20.3s)
[ 10/50] qlogei-add     443c180247c17191 seed=1 regret=0.0654 active=6 gated=False (24.0s)
[ 10/50] qlogei-addonly 443c180247c17191 seed=1 regret=0.0864 active=6 gated=False (26.9s)
[ 10/50] lhs            443c180247c17191 seed=1 regret=0.1269 active=6 gated=True (5.3s)
[ 10/50] sobol          443c180247c17191 seed=1 regret=0.1200 active=6 gated=True (4.7s)
[ 10/50] random         443c180247c17191 seed=1 regret=0.1323 active=6 gated=True (4.9s)
[ 10/50] plate1_only    443c180247c17191 seed=1 regret=0.1269 active=6 gated=True (5.1s)
[ 10/50] versionb       443c180247c17191 seed=1 regret=0.0778 active=6 gated=False (5.4s)
[ 10/50] versionb_random 443c180247c17191 seed=1 regret=0.0778 active=6 gated=False (5.3s)
[ 10/50] versionb_predictive 443c180247c17191 seed=1 regret=0.0778 active=6 gated=False (5.9s)
[ 11/50] doe            48b1324dd0461cd9 seed=0 regret=0.0958 active=4 gated=True (5.5s)
[ 11/50] qlogei         48b1324dd0461cd9 seed=0 regret=0.1322 active=6 gated=True (14.3s)
[ 11/50] qlognei        48b1324dd0461cd9 seed=0 regret=0.0300 active=6 gated=True (19.4s)
[ 11/50] qlogei-add     48b1324dd0461cd9 seed=0 regret=0.0833 active=6 gated=False (27.4s)
[ 11/50] qlogei-addonly 48b1324dd0461cd9 seed=0 regret=0.0578 active=6 gated=False (22.0s)
[ 11/50] lhs            48b1324dd0461cd9 seed=0 regret=0.1158 active=6 gated=True (5.6s)
[ 11/50] sobol          48b1324dd0461cd9 seed=0 regret=0.1049 active=6 gated=True (4.9s)
[ 11/50] random         48b1324dd0461cd9 seed=0 regret=0.0622 active=6 gated=True (5.3s)
[ 11/50] plate1_only    48b1324dd0461cd9 seed=0 regret=0.1158 active=6 gated=True (5.7s)
[ 11/50] versionb       48b1324dd0461cd9 seed=0 regret=0.1766 active=6 gated=False (5.4s)
[ 11/50] versionb_random 48b1324dd0461cd9 seed=0 regret=0.1766 active=6 gated=False (4.9s)
[ 11/50] versionb_predictive 48b1324dd0461cd9 seed=0 regret=0.1766 active=6 gated=False (5.8s)
[ 12/50] doe            48b1324dd0461cd9 seed=1 regret=0.1130 active=4 gated=True (5.1s)
[ 12/50] qlogei         48b1324dd0461cd9 seed=1 regret=0.1466 active=6 gated=True (15.5s)
[ 12/50] qlognei        48b1324dd0461cd9 seed=1 regret=0.1369 active=6 gated=True (15.1s)
[ 12/50] qlogei-add     48b1324dd0461cd9 seed=1 regret=0.0332 active=6 gated=False (42.4s)
[ 12/50] qlogei-addonly 48b1324dd0461cd9 seed=1 regret=0.0831 active=6 gated=False (16.1s)
[ 12/50] lhs            48b1324dd0461cd9 seed=1 regret=0.0555 active=6 gated=True (4.8s)
[ 12/50] sobol          48b1324dd0461cd9 seed=1 regret=0.0708 active=6 gated=True (5.1s)
[ 12/50] random         48b1324dd0461cd9 seed=1 regret=0.1641 active=6 gated=True (5.7s)
[ 12/50] plate1_only    48b1324dd0461cd9 seed=1 regret=0.0555 active=6 gated=True (5.1s)
[ 12/50] versionb       48b1324dd0461cd9 seed=1 regret=0.1782 active=6 gated=False (6.6s)
[ 12/50] versionb_random 48b1324dd0461cd9 seed=1 regret=0.0372 active=6 gated=False (6.1s)
[ 12/50] versionb_predictive 48b1324dd0461cd9 seed=1 regret=0.1782 active=6 gated=False (6.4s)
[ 13/50] doe            4d4f7158b65b52ba seed=0 regret=0.0875 active=4 gated=True (5.1s)
[ 13/50] qlogei         4d4f7158b65b52ba seed=0 regret=0.1599 active=6 gated=True (13.1s)
[ 13/50] qlognei        4d4f7158b65b52ba seed=0 regret=0.1170 active=6 gated=True (14.7s)
[ 13/50] qlogei-add     4d4f7158b65b52ba seed=0 regret=0.0331 active=6 gated=False (36.0s)
[ 13/50] qlogei-addonly 4d4f7158b65b52ba seed=0 regret=0.0640 active=6 gated=False (21.9s)
[ 13/50] lhs            4d4f7158b65b52ba seed=0 regret=0.1436 active=6 gated=True (5.2s)
[ 13/50] sobol          4d4f7158b65b52ba seed=0 regret=0.1496 active=6 gated=True (5.3s)
[ 13/50] random         4d4f7158b65b52ba seed=0 regret=0.1900 active=6 gated=True (4.5s)
[ 13/50] plate1_only    4d4f7158b65b52ba seed=0 regret=0.1436 active=6 gated=True (5.0s)
[ 13/50] versionb       4d4f7158b65b52ba seed=0 regret=0.0698 active=6 gated=False (6.3s)
[ 13/50] versionb_random 4d4f7158b65b52ba seed=0 regret=0.0698 active=6 gated=False (5.1s)
[ 13/50] versionb_predictive 4d4f7158b65b52ba seed=0 regret=0.0698 active=6 gated=False (6.1s)
[ 14/50] doe            4d4f7158b65b52ba seed=1 regret=0.1295 active=4 gated=True (4.9s)
[ 14/50] qlogei         4d4f7158b65b52ba seed=1 regret=0.0756 active=6 gated=True (14.8s)
[ 14/50] qlognei        4d4f7158b65b52ba seed=1 regret=0.0843 active=6 gated=True (24.1s)
[ 14/50] qlogei-add     4d4f7158b65b52ba seed=1 regret=0.0866 active=6 gated=False (27.0s)
[ 14/50] qlogei-addonly 4d4f7158b65b52ba seed=1 regret=0.0140 active=6 gated=False (22.8s)
[ 14/50] lhs            4d4f7158b65b52ba seed=1 regret=0.1621 active=6 gated=True (5.5s)
[ 14/50] sobol          4d4f7158b65b52ba seed=1 regret=0.1029 active=6 gated=True (4.2s)
[ 14/50] random         4d4f7158b65b52ba seed=1 regret=0.1954 active=6 gated=True (4.8s)
[ 14/50] plate1_only    4d4f7158b65b52ba seed=1 regret=0.1621 active=6 gated=True (5.2s)
[ 14/50] versionb       4d4f7158b65b52ba seed=1 regret=0.0340 active=6 gated=False (5.6s)
[ 14/50] versionb_random 4d4f7158b65b52ba seed=1 regret=0.0340 active=6 gated=False (5.1s)
[ 14/50] versionb_predictive 4d4f7158b65b52ba seed=1 regret=0.0340 active=6 gated=False (6.1s)
[ 15/50] doe            51cf489c521a6911 seed=0 regret=0.0760 active=4 gated=True (6.3s)
[ 15/50] qlogei         51cf489c521a6911 seed=0 regret=0.0855 active=6 gated=True (16.5s)
[ 15/50] qlognei        51cf489c521a6911 seed=0 regret=0.0798 active=6 gated=True (20.4s)
[ 15/50] qlogei-add     51cf489c521a6911 seed=0 regret=0.0507 active=6 gated=False (34.3s)
[ 15/50] qlogei-addonly 51cf489c521a6911 seed=0 regret=0.0327 active=6 gated=False (24.6s)
[ 15/50] lhs            51cf489c521a6911 seed=0 regret=0.1923 active=6 gated=True (4.8s)
[ 15/50] sobol          51cf489c521a6911 seed=0 regret=0.1586 active=6 gated=True (4.2s)
[ 15/50] random         51cf489c521a6911 seed=0 regret=0.1572 active=6 gated=True (3.9s)
[ 15/50] plate1_only    51cf489c521a6911 seed=0 regret=0.1923 active=6 gated=True (4.9s)
[ 15/50] versionb       51cf489c521a6911 seed=0 regret=0.1908 active=6 gated=False (6.1s)
[ 15/50] versionb_random 51cf489c521a6911 seed=0 regret=0.1908 active=6 gated=False (4.9s)
[ 15/50] versionb_predictive 51cf489c521a6911 seed=0 regret=0.1908 active=6 gated=False (5.5s)
[ 16/50] doe            51cf489c521a6911 seed=1 regret=0.1553 active=4 gated=True (4.4s)
[ 16/50] qlogei         51cf489c521a6911 seed=1 regret=0.1647 active=6 gated=True (19.3s)
[ 16/50] qlognei        51cf489c521a6911 seed=1 regret=0.1137 active=6 gated=True (19.0s)
[ 16/50] qlogei-add     51cf489c521a6911 seed=1 regret=0.1567 active=6 gated=False (30.3s)
[ 16/50] qlogei-addonly 51cf489c521a6911 seed=1 regret=0.0664 active=6 gated=False (15.8s)
[ 16/50] lhs            51cf489c521a6911 seed=1 regret=0.2282 active=6 gated=True (4.6s)
[ 16/50] sobol          51cf489c521a6911 seed=1 regret=0.1339 active=6 gated=True (4.2s)
[ 16/50] random         51cf489c521a6911 seed=1 regret=0.2899 active=6 gated=True (4.3s)
[ 16/50] plate1_only    51cf489c521a6911 seed=1 regret=0.2282 active=6 gated=True (5.6s)
[ 16/50] versionb       51cf489c521a6911 seed=1 regret=0.0839 active=6 gated=False (5.7s)
[ 16/50] versionb_random 51cf489c521a6911 seed=1 regret=0.0839 active=6 gated=False (6.4s)
[ 16/50] versionb_predictive 51cf489c521a6911 seed=1 regret=0.0839 active=6 gated=False (5.6s)
[ 17/50] doe            578e5d8768359f0f seed=0 regret=0.0564 active=4 gated=True (5.5s)
[ 17/50] qlogei         578e5d8768359f0f seed=0 regret=0.0806 active=6 gated=True (16.3s)
[ 17/50] qlognei        578e5d8768359f0f seed=0 regret=0.0429 active=6 gated=True (16.8s)
[ 17/50] qlogei-add     578e5d8768359f0f seed=0 regret=0.0901 active=6 gated=False (24.5s)
[ 17/50] qlogei-addonly 578e5d8768359f0f seed=0 regret=0.0044 active=6 gated=False (22.5s)
[ 17/50] lhs            578e5d8768359f0f seed=0 regret=0.0725 active=6 gated=True (6.2s)
[ 17/50] sobol          578e5d8768359f0f seed=0 regret=0.1666 active=6 gated=True (5.0s)
[ 17/50] random         578e5d8768359f0f seed=0 regret=0.1045 active=6 gated=True (5.6s)
[ 17/50] plate1_only    578e5d8768359f0f seed=0 regret=0.0725 active=6 gated=True (6.7s)
[ 17/50] versionb       578e5d8768359f0f seed=0 regret=0.1777 active=6 gated=False (5.7s)
[ 17/50] versionb_random 578e5d8768359f0f seed=0 regret=0.1777 active=6 gated=False (4.9s)
[ 17/50] versionb_predictive 578e5d8768359f0f seed=0 regret=0.1777 active=6 gated=False (5.7s)
[ 18/50] doe            578e5d8768359f0f seed=1 regret=0.0927 active=4 gated=True (5.0s)
[ 18/50] qlogei         578e5d8768359f0f seed=1 regret=0.0995 active=6 gated=True (16.8s)
[ 18/50] qlognei        578e5d8768359f0f seed=1 regret=0.0754 active=6 gated=True (19.0s)
[ 18/50] qlogei-add     578e5d8768359f0f seed=1 regret=0.1385 active=6 gated=False (18.5s)
[ 18/50] qlogei-addonly 578e5d8768359f0f seed=1 regret=0.1180 active=6 gated=False (24.4s)
[ 18/50] lhs            578e5d8768359f0f seed=1 regret=0.0194 active=6 gated=True (5.2s)
[ 18/50] sobol          578e5d8768359f0f seed=1 regret=0.1037 active=6 gated=True (5.4s)
[ 18/50] random         578e5d8768359f0f seed=1 regret=0.1112 active=6 gated=True (5.4s)
[ 18/50] plate1_only    578e5d8768359f0f seed=1 regret=0.0194 active=6 gated=True (5.4s)
[ 18/50] versionb       578e5d8768359f0f seed=1 regret=0.1365 active=6 gated=False (6.8s)
[ 18/50] versionb_random 578e5d8768359f0f seed=1 regret=0.1365 active=6 gated=False (6.0s)
[ 18/50] versionb_predictive 578e5d8768359f0f seed=1 regret=0.1365 active=6 gated=False (6.5s)
[ 19/50] doe            59e420274f4385d9 seed=0 regret=0.1019 active=4 gated=True (4.7s)
[ 19/50] qlogei         59e420274f4385d9 seed=0 regret=0.0333 active=6 gated=True (15.6s)
[ 19/50] qlognei        59e420274f4385d9 seed=0 regret=0.0475 active=6 gated=True (20.3s)
[ 19/50] qlogei-add     59e420274f4385d9 seed=0 regret=0.0731 active=6 gated=False (26.9s)
[ 19/50] qlogei-addonly 59e420274f4385d9 seed=0 regret=0.0602 active=6 gated=False (23.3s)
[ 19/50] lhs            59e420274f4385d9 seed=0 regret=0.0734 active=6 gated=True (5.3s)
[ 19/50] sobol          59e420274f4385d9 seed=0 regret=0.1420 active=6 gated=True (4.7s)
[ 19/50] random         59e420274f4385d9 seed=0 regret=0.1687 active=6 gated=True (5.2s)
[ 19/50] plate1_only    59e420274f4385d9 seed=0 regret=0.0734 active=6 gated=True (5.1s)
[ 19/50] versionb       59e420274f4385d9 seed=0 regret=0.1327 active=6 gated=False (5.8s)
[ 19/50] versionb_random 59e420274f4385d9 seed=0 regret=0.1327 active=6 gated=False (5.2s)
[ 19/50] versionb_predictive 59e420274f4385d9 seed=0 regret=0.1327 active=6 gated=False (5.4s)
[ 20/50] doe            59e420274f4385d9 seed=1 regret=0.0848 active=4 gated=True (4.8s)
[ 20/50] qlogei         59e420274f4385d9 seed=1 regret=0.0907 active=6 gated=True (21.9s)
[ 20/50] qlognei        59e420274f4385d9 seed=1 regret=0.1154 active=6 gated=True (19.9s)
[ 20/50] qlogei-add     59e420274f4385d9 seed=1 regret=0.1093 active=6 gated=False (31.1s)
[ 20/50] qlogei-addonly 59e420274f4385d9 seed=1 regret=0.0362 active=6 gated=False (22.6s)
[ 20/50] lhs            59e420274f4385d9 seed=1 regret=0.1493 active=6 gated=True (5.3s)
[ 20/50] sobol          59e420274f4385d9 seed=1 regret=0.1060 active=6 gated=True (5.5s)
[ 20/50] random         59e420274f4385d9 seed=1 regret=0.1698 active=6 gated=True (5.1s)
[ 20/50] plate1_only    59e420274f4385d9 seed=1 regret=0.1493 active=6 gated=True (4.8s)
[ 20/50] versionb       59e420274f4385d9 seed=1 regret=0.0734 active=6 gated=False (6.4s)
[ 20/50] versionb_random 59e420274f4385d9 seed=1 regret=0.0734 active=6 gated=False (5.9s)
[ 20/50] versionb_predictive 59e420274f4385d9 seed=1 regret=0.0734 active=6 gated=False (7.0s)
[ 21/50] doe            5b3926ef2c5fe4b6 seed=0 regret=0.0673 active=4 gated=True (5.8s)
[ 21/50] qlogei         5b3926ef2c5fe4b6 seed=0 regret=0.0810 active=6 gated=True (18.1s)
[ 21/50] qlognei        5b3926ef2c5fe4b6 seed=0 regret=0.0396 active=6 gated=True (22.7s)
[ 21/50] qlogei-add     5b3926ef2c5fe4b6 seed=0 regret=0.1824 active=6 gated=False (33.4s)
[ 21/50] qlogei-addonly 5b3926ef2c5fe4b6 seed=0 regret=0.1191 active=6 gated=False (19.5s)
[ 21/50] lhs            5b3926ef2c5fe4b6 seed=0 regret=0.1329 active=6 gated=True (5.6s)
[ 21/50] sobol          5b3926ef2c5fe4b6 seed=0 regret=0.2250 active=6 gated=True (4.9s)
[ 21/50] random         5b3926ef2c5fe4b6 seed=0 regret=0.2311 active=6 gated=True (4.5s)
[ 21/50] plate1_only    5b3926ef2c5fe4b6 seed=0 regret=0.1329 active=6 gated=True (6.5s)
[ 21/50] versionb       5b3926ef2c5fe4b6 seed=0 regret=0.1072 active=6 gated=False (6.9s)
[ 21/50] versionb_random 5b3926ef2c5fe4b6 seed=0 regret=0.1072 active=6 gated=False (5.7s)
[ 21/50] versionb_predictive 5b3926ef2c5fe4b6 seed=0 regret=0.1072 active=6 gated=False (6.7s)
[ 22/50] doe            5b3926ef2c5fe4b6 seed=1 regret=0.0973 active=4 gated=True (4.9s)
[ 22/50] qlogei         5b3926ef2c5fe4b6 seed=1 regret=0.0765 active=6 gated=True (14.2s)
[ 22/50] qlognei        5b3926ef2c5fe4b6 seed=1 regret=0.0619 active=6 gated=True (17.4s)
[ 22/50] qlogei-add     5b3926ef2c5fe4b6 seed=1 regret=0.0119 active=6 gated=False (22.1s)
[ 22/50] qlogei-addonly 5b3926ef2c5fe4b6 seed=1 regret=0.0573 active=6 gated=False (14.1s)
[ 22/50] lhs            5b3926ef2c5fe4b6 seed=1 regret=0.1333 active=6 gated=True (4.2s)
[ 22/50] sobol          5b3926ef2c5fe4b6 seed=1 regret=0.0808 active=6 gated=True (4.4s)
[ 22/50] random         5b3926ef2c5fe4b6 seed=1 regret=0.2112 active=6 gated=True (4.3s)
[ 22/50] plate1_only    5b3926ef2c5fe4b6 seed=1 regret=0.1333 active=6 gated=True (4.2s)
[ 22/50] versionb       5b3926ef2c5fe4b6 seed=1 regret=0.1164 active=6 gated=False (5.2s)
[ 22/50] versionb_random 5b3926ef2c5fe4b6 seed=1 regret=0.1164 active=6 gated=False (5.5s)
[ 22/50] versionb_predictive 5b3926ef2c5fe4b6 seed=1 regret=0.1164 active=6 gated=False (5.6s)
[ 23/50] doe            763e0f58925816ca seed=0 regret=0.0970 active=4 gated=True (4.8s)
[ 23/50] qlogei         763e0f58925816ca seed=0 regret=0.0422 active=6 gated=True (17.8s)
[ 23/50] qlognei        763e0f58925816ca seed=0 regret=0.0704 active=6 gated=True (20.3s)
[ 23/50] qlogei-add     763e0f58925816ca seed=0 regret=0.1201 active=6 gated=False (27.7s)
[ 23/50] qlogei-addonly 763e0f58925816ca seed=0 regret=0.0940 active=6 gated=False (19.8s)
[ 23/50] lhs            763e0f58925816ca seed=0 regret=0.0613 active=6 gated=True (5.0s)
[ 23/50] sobol          763e0f58925816ca seed=0 regret=0.1860 active=6 gated=True (4.0s)
[ 23/50] random         763e0f58925816ca seed=0 regret=0.1831 active=6 gated=True (4.0s)
[ 23/50] plate1_only    763e0f58925816ca seed=0 regret=0.0613 active=6 gated=True (5.4s)
[ 23/50] versionb       763e0f58925816ca seed=0 regret=0.1395 active=6 gated=False (6.3s)
[ 23/50] versionb_random 763e0f58925816ca seed=0 regret=0.1395 active=6 gated=False (5.8s)
[ 23/50] versionb_predictive 763e0f58925816ca seed=0 regret=0.1395 active=6 gated=False (6.0s)
[ 24/50] doe            763e0f58925816ca seed=1 regret=0.1312 active=4 gated=True (5.0s)
[ 24/50] qlogei         763e0f58925816ca seed=1 regret=0.1343 active=6 gated=True (17.5s)
[ 24/50] qlognei        763e0f58925816ca seed=1 regret=0.0599 active=6 gated=True (16.9s)
[ 24/50] qlogei-add     763e0f58925816ca seed=1 regret=0.0239 active=6 gated=False (30.0s)
[ 24/50] qlogei-addonly 763e0f58925816ca seed=1 regret=0.0432 active=6 gated=False (16.5s)
[ 24/50] lhs            763e0f58925816ca seed=1 regret=0.1617 active=6 gated=True (4.3s)
[ 24/50] sobol          763e0f58925816ca seed=1 regret=0.1300 active=6 gated=True (4.9s)
[ 24/50] random         763e0f58925816ca seed=1 regret=0.2451 active=6 gated=True (4.7s)
[ 24/50] plate1_only    763e0f58925816ca seed=1 regret=0.1617 active=6 gated=True (4.9s)
[ 24/50] versionb       763e0f58925816ca seed=1 regret=0.0542 active=6 gated=False (5.5s)
[ 24/50] versionb_random 763e0f58925816ca seed=1 regret=0.0542 active=6 gated=False (4.8s)
[ 24/50] versionb_predictive 763e0f58925816ca seed=1 regret=0.0542 active=6 gated=False (5.3s)
[ 25/50] doe            7b6071e568a98779 seed=0 regret=0.0950 active=4 gated=True (5.3s)
[ 25/50] qlogei         7b6071e568a98779 seed=0 regret=0.0438 active=6 gated=True (14.3s)
[ 25/50] qlognei        7b6071e568a98779 seed=0 regret=0.0802 active=6 gated=True (18.9s)
/Users/jy/BO/nutrigene-ai-bo-ipsec/.venv/lib/python3.11/site-packages/botorch/optim/optimize.py:844: RuntimeWarning: Optimization failed in `gen_candidates_scipy` with the following warning(s):
[OptimizationWarning('Optimization failed within `scipy.optimize.minimize` with status 2 and message ABNORMAL: .')]
Trying again with a new set of initial conditions.
  return _optimize_acqf_batch(opt_inputs=opt_inputs)
[ 25/50] qlogei-add     7b6071e568a98779 seed=0 regret=0.0587 active=6 gated=False (33.4s)
[ 25/50] qlogei-addonly 7b6071e568a98779 seed=0 regret=0.0485 active=6 gated=False (18.0s)
[ 25/50] lhs            7b6071e568a98779 seed=0 regret=0.0881 active=6 gated=True (5.1s)
[ 25/50] sobol          7b6071e568a98779 seed=0 regret=0.1003 active=6 gated=True (5.5s)
[ 25/50] random         7b6071e568a98779 seed=0 regret=0.1446 active=6 gated=True (4.9s)
[ 25/50] plate1_only    7b6071e568a98779 seed=0 regret=0.0881 active=6 gated=True (5.5s)
[ 25/50] versionb       7b6071e568a98779 seed=0 regret=0.1238 active=6 gated=False (5.5s)
[ 25/50] versionb_random 7b6071e568a98779 seed=0 regret=0.1238 active=6 gated=False (4.4s)
[ 25/50] versionb_predictive 7b6071e568a98779 seed=0 regret=0.1238 active=6 gated=False (5.1s)
[ 26/50] doe            7b6071e568a98779 seed=1 regret=0.0686 active=4 gated=True (3.9s)
[ 26/50] qlogei         7b6071e568a98779 seed=1 regret=0.1253 active=6 gated=True (14.5s)
[ 26/50] qlognei        7b6071e568a98779 seed=1 regret=0.1183 active=6 gated=True (17.8s)
[ 26/50] qlogei-add     7b6071e568a98779 seed=1 regret=0.0741 active=6 gated=False (24.2s)
[ 26/50] qlogei-addonly 7b6071e568a98779 seed=1 regret=0.0398 active=6 gated=False (14.6s)
[ 26/50] lhs            7b6071e568a98779 seed=1 regret=0.1065 active=6 gated=True (3.2s)
[ 26/50] sobol          7b6071e568a98779 seed=1 regret=0.0277 active=6 gated=True (3.7s)
[ 26/50] random         7b6071e568a98779 seed=1 regret=0.0641 active=6 gated=True (3.7s)
[ 26/50] plate1_only    7b6071e568a98779 seed=1 regret=0.1065 active=6 gated=True (3.4s)
[ 26/50] versionb       7b6071e568a98779 seed=1 regret=0.0766 active=6 gated=False (4.7s)
[ 26/50] versionb_random 7b6071e568a98779 seed=1 regret=0.0766 active=6 gated=False (4.2s)
[ 26/50] versionb_predictive 7b6071e568a98779 seed=1 regret=0.0766 active=6 gated=False (4.4s)
[ 27/50] doe            7ef3fc89acece49c seed=0 regret=0.0954 active=4 gated=True (3.7s)
[ 27/50] qlogei         7ef3fc89acece49c seed=0 regret=0.1029 active=6 gated=True (9.2s)
[ 27/50] qlognei        7ef3fc89acece49c seed=0 regret=0.1297 active=6 gated=True (12.2s)
[ 27/50] qlogei-add     7ef3fc89acece49c seed=0 regret=0.0648 active=6 gated=False (29.3s)
[ 27/50] qlogei-addonly 7ef3fc89acece49c seed=0 regret=0.0990 active=6 gated=False (18.2s)
[ 27/50] lhs            7ef3fc89acece49c seed=0 regret=0.1102 active=6 gated=True (4.3s)
[ 27/50] sobol          7ef3fc89acece49c seed=0 regret=0.1195 active=6 gated=True (3.7s)
[ 27/50] random         7ef3fc89acece49c seed=0 regret=0.1668 active=6 gated=True (3.9s)
[ 27/50] plate1_only    7ef3fc89acece49c seed=0 regret=0.1102 active=6 gated=True (4.3s)
[ 27/50] versionb       7ef3fc89acece49c seed=0 regret=0.1631 active=6 gated=False (5.0s)
[ 27/50] versionb_random 7ef3fc89acece49c seed=0 regret=0.1631 active=6 gated=False (3.9s)
[ 27/50] versionb_predictive 7ef3fc89acece49c seed=0 regret=0.1631 active=6 gated=False (4.7s)
[ 28/50] doe            7ef3fc89acece49c seed=1 regret=0.0997 active=4 gated=True (4.5s)
[ 28/50] qlogei         7ef3fc89acece49c seed=1 regret=0.0484 active=6 gated=True (12.8s)
[ 28/50] qlognei        7ef3fc89acece49c seed=1 regret=0.0271 active=6 gated=True (17.4s)
[ 28/50] qlogei-add     7ef3fc89acece49c seed=1 regret=0.1174 active=6 gated=False (28.6s)
[ 28/50] qlogei-addonly 7ef3fc89acece49c seed=1 regret=0.0381 active=6 gated=False (12.8s)
[ 28/50] lhs            7ef3fc89acece49c seed=1 regret=0.1411 active=6 gated=True (3.5s)
[ 28/50] sobol          7ef3fc89acece49c seed=1 regret=0.0594 active=6 gated=True (3.5s)
[ 28/50] random         7ef3fc89acece49c seed=1 regret=0.1744 active=6 gated=True (4.0s)
[ 28/50] plate1_only    7ef3fc89acece49c seed=1 regret=0.1411 active=6 gated=True (3.5s)
[ 28/50] versionb       7ef3fc89acece49c seed=1 regret=0.0958 active=6 gated=False (5.1s)
[ 28/50] versionb_random 7ef3fc89acece49c seed=1 regret=0.0958 active=6 gated=False (4.6s)
[ 28/50] versionb_predictive 7ef3fc89acece49c seed=1 regret=0.0958 active=6 gated=False (5.8s)
[ 29/50] doe            7f5c7431c0530e74 seed=0 regret=0.0543 active=4 gated=True (3.8s)
[ 29/50] qlogei         7f5c7431c0530e74 seed=0 regret=0.0655 active=6 gated=True (12.4s)
[ 29/50] qlognei        7f5c7431c0530e74 seed=0 regret=0.0074 active=6 gated=True (16.2s)
[ 29/50] qlogei-add     7f5c7431c0530e74 seed=0 regret=0.0348 active=6 gated=False (23.1s)
[ 29/50] qlogei-addonly 7f5c7431c0530e74 seed=0 regret=0.1298 active=6 gated=False (14.1s)
[ 29/50] lhs            7f5c7431c0530e74 seed=0 regret=0.0340 active=6 gated=True (4.2s)
[ 29/50] sobol          7f5c7431c0530e74 seed=0 regret=0.1819 active=6 gated=True (4.2s)
[ 29/50] random         7f5c7431c0530e74 seed=0 regret=0.1177 active=6 gated=True (3.9s)
[ 29/50] plate1_only    7f5c7431c0530e74 seed=0 regret=0.0340 active=6 gated=True (4.5s)
[ 29/50] versionb       7f5c7431c0530e74 seed=0 regret=0.1453 active=6 gated=False (4.1s)
[ 29/50] versionb_random 7f5c7431c0530e74 seed=0 regret=0.1453 active=6 gated=False (3.7s)
[ 29/50] versionb_predictive 7f5c7431c0530e74 seed=0 regret=0.1453 active=6 gated=False (4.4s)
[ 30/50] doe            7f5c7431c0530e74 seed=1 regret=0.1184 active=4 gated=True (3.7s)
[ 30/50] qlogei         7f5c7431c0530e74 seed=1 regret=0.0850 active=6 gated=True (12.4s)
[ 30/50] qlognei        7f5c7431c0530e74 seed=1 regret=0.0603 active=6 gated=True (13.6s)
[ 30/50] qlogei-add     7f5c7431c0530e74 seed=1 regret=0.0313 active=6 gated=False (20.0s)
[ 30/50] qlogei-addonly 7f5c7431c0530e74 seed=1 regret=0.0198 active=6 gated=False (13.1s)
[ 30/50] lhs            7f5c7431c0530e74 seed=1 regret=0.0770 active=6 gated=True (3.3s)
[ 30/50] sobol          7f5c7431c0530e74 seed=1 regret=0.1607 active=6 gated=True (3.6s)
[ 30/50] random         7f5c7431c0530e74 seed=1 regret=0.1607 active=6 gated=True (3.4s)
[ 30/50] plate1_only    7f5c7431c0530e74 seed=1 regret=0.0770 active=6 gated=True (3.2s)
[ 30/50] versionb       7f5c7431c0530e74 seed=1 regret=0.1732 active=6 gated=False (4.1s)
[ 30/50] versionb_random 7f5c7431c0530e74 seed=1 regret=0.1732 active=6 gated=False (3.8s)
[ 30/50] versionb_predictive 7f5c7431c0530e74 seed=1 regret=0.1732 active=6 gated=False (4.1s)
[ 31/50] doe            8abe35e93ddfcad1 seed=0 regret=0.0877 active=4 gated=True (3.7s)
[ 31/50] qlogei         8abe35e93ddfcad1 seed=0 regret=0.1167 active=6 gated=True (11.4s)
[ 31/50] qlognei        8abe35e93ddfcad1 seed=0 regret=0.0759 active=6 gated=True (17.4s)
[ 31/50] qlogei-add     8abe35e93ddfcad1 seed=0 regret=0.0745 active=6 gated=False (20.5s)
[ 31/50] qlogei-addonly 8abe35e93ddfcad1 seed=0 regret=0.0520 active=6 gated=False (15.0s)
[ 31/50] lhs            8abe35e93ddfcad1 seed=0 regret=0.0176 active=6 gated=True (4.4s)
[ 31/50] sobol          8abe35e93ddfcad1 seed=0 regret=0.1185 active=6 gated=True (4.1s)
[ 31/50] random         8abe35e93ddfcad1 seed=0 regret=0.1185 active=6 gated=True (4.0s)
[ 31/50] plate1_only    8abe35e93ddfcad1 seed=0 regret=0.0176 active=6 gated=True (4.1s)
[ 31/50] versionb       8abe35e93ddfcad1 seed=0 regret=0.1616 active=6 gated=False (4.5s)
[ 31/50] versionb_random 8abe35e93ddfcad1 seed=0 regret=0.1616 active=6 gated=False (3.7s)
[ 31/50] versionb_predictive 8abe35e93ddfcad1 seed=0 regret=0.1616 active=6 gated=False (4.4s)
[ 32/50] doe            8abe35e93ddfcad1 seed=1 regret=0.0722 active=4 gated=True (3.7s)
/Users/jy/BO/nutrigene-ai-bo-ipsec/.venv/lib/python3.11/site-packages/botorch/optim/optimize.py:844: RuntimeWarning: Optimization failed in `gen_candidates_scipy` with the following warning(s):
[OptimizationWarning('Optimization failed within `scipy.optimize.minimize` with status 2 and message ABNORMAL: .')]
Trying again with a new set of initial conditions.
  return _optimize_acqf_batch(opt_inputs=opt_inputs)
[ 32/50] qlogei         8abe35e93ddfcad1 seed=1 regret=0.0516 active=6 gated=True (11.7s)
[ 32/50] qlognei        8abe35e93ddfcad1 seed=1 regret=0.1321 active=6 gated=True (15.1s)
[ 32/50] qlogei-add     8abe35e93ddfcad1 seed=1 regret=0.0546 active=6 gated=False (18.5s)
[ 32/50] qlogei-addonly 8abe35e93ddfcad1 seed=1 regret=0.0643 active=6 gated=False (17.3s)
[ 32/50] lhs            8abe35e93ddfcad1 seed=1 regret=0.0626 active=6 gated=True (3.9s)
[ 32/50] sobol          8abe35e93ddfcad1 seed=1 regret=0.1428 active=6 gated=True (3.6s)
[ 32/50] random         8abe35e93ddfcad1 seed=1 regret=0.1547 active=6 gated=True (3.9s)
[ 32/50] plate1_only    8abe35e93ddfcad1 seed=1 regret=0.0626 active=6 gated=True (3.8s)
[ 32/50] versionb       8abe35e93ddfcad1 seed=1 regret=0.1830 active=6 gated=False (4.1s)
[ 32/50] versionb_random 8abe35e93ddfcad1 seed=1 regret=0.1830 active=6 gated=False (4.8s)
[ 32/50] versionb_predictive 8abe35e93ddfcad1 seed=1 regret=0.1830 active=6 gated=False (4.4s)
[ 33/50] doe            9414bc879284eef0 seed=0 regret=0.1028 active=4 gated=True (4.0s)
/Users/jy/BO/nutrigene-ai-bo-ipsec/.venv/lib/python3.11/site-packages/botorch/optim/optimize.py:844: RuntimeWarning: Optimization failed in `gen_candidates_scipy` with the following warning(s):
[OptimizationWarning('Optimization failed within `scipy.optimize.minimize` with status 2 and message ABNORMAL: .')]
Trying again with a new set of initial conditions.
  return _optimize_acqf_batch(opt_inputs=opt_inputs)
[ 33/50] qlogei         9414bc879284eef0 seed=0 regret=0.1279 active=6 gated=True (18.5s)
[ 33/50] qlognei        9414bc879284eef0 seed=0 regret=0.0624 active=6 gated=True (18.1s)
[ 33/50] qlogei-add     9414bc879284eef0 seed=0 regret=0.0311 active=6 gated=False (23.3s)
[ 33/50] qlogei-addonly 9414bc879284eef0 seed=0 regret=0.0633 active=6 gated=False (11.8s)
[ 33/50] lhs            9414bc879284eef0 seed=0 regret=0.0721 active=6 gated=True (3.8s)
[ 33/50] sobol          9414bc879284eef0 seed=0 regret=0.0633 active=6 gated=True (3.6s)
[ 33/50] random         9414bc879284eef0 seed=0 regret=0.0633 active=6 gated=True (3.8s)
[ 33/50] plate1_only    9414bc879284eef0 seed=0 regret=0.0721 active=6 gated=True (4.3s)
[ 33/50] versionb       9414bc879284eef0 seed=0 regret=0.1206 active=6 gated=False (4.3s)
[ 33/50] versionb_random 9414bc879284eef0 seed=0 regret=0.1206 active=6 gated=False (4.2s)
[ 33/50] versionb_predictive 9414bc879284eef0 seed=0 regret=0.1206 active=6 gated=False (4.5s)
[ 34/50] doe            9414bc879284eef0 seed=1 regret=0.0824 active=4 gated=True (4.3s)
[ 34/50] qlogei         9414bc879284eef0 seed=1 regret=0.0543 active=6 gated=True (15.6s)
[ 34/50] qlognei        9414bc879284eef0 seed=1 regret=0.0918 active=6 gated=True (12.2s)
[ 34/50] qlogei-add     9414bc879284eef0 seed=1 regret=0.0980 active=6 gated=False (15.6s)
[ 34/50] qlogei-addonly 9414bc879284eef0 seed=1 regret=0.0980 active=6 gated=False (14.0s)
[ 34/50] lhs            9414bc879284eef0 seed=1 regret=0.0199 active=6 gated=True (4.2s)
[ 34/50] sobol          9414bc879284eef0 seed=1 regret=0.0980 active=6 gated=True (4.4s)
[ 34/50] random         9414bc879284eef0 seed=1 regret=0.0980 active=6 gated=True (4.6s)
[ 34/50] plate1_only    9414bc879284eef0 seed=1 regret=0.0199 active=6 gated=True (3.9s)
[ 34/50] versionb       9414bc879284eef0 seed=1 regret=0.0793 active=6 gated=False (4.1s)
[ 34/50] versionb_random 9414bc879284eef0 seed=1 regret=0.0895 active=6 gated=False (4.1s)
[ 34/50] versionb_predictive 9414bc879284eef0 seed=1 regret=0.0793 active=6 gated=False (4.3s)
[ 35/50] doe            9f3cdb4d835c6909 seed=0 regret=0.0966 active=4 gated=True (4.1s)
[ 35/50] qlogei         9f3cdb4d835c6909 seed=0 regret=0.1650 active=6 gated=True (9.2s)
[ 35/50] qlognei        9f3cdb4d835c6909 seed=0 regret=0.0802 active=6 gated=True (16.2s)
[ 35/50] qlogei-add     9f3cdb4d835c6909 seed=0 regret=0.1331 active=6 gated=False (27.8s)
[ 35/50] qlogei-addonly 9f3cdb4d835c6909 seed=0 regret=0.0486 active=6 gated=False (20.6s)
[ 35/50] lhs            9f3cdb4d835c6909 seed=0 regret=0.0870 active=6 gated=True (4.0s)
[ 35/50] sobol          9f3cdb4d835c6909 seed=0 regret=0.2203 active=6 gated=True (3.3s)
[ 35/50] random         9f3cdb4d835c6909 seed=0 regret=0.2109 active=6 gated=True (3.8s)
[ 35/50] plate1_only    9f3cdb4d835c6909 seed=0 regret=0.0870 active=6 gated=True (4.4s)
[ 35/50] versionb       9f3cdb4d835c6909 seed=0 regret=0.1513 active=6 gated=False (4.5s)
[ 35/50] versionb_random 9f3cdb4d835c6909 seed=0 regret=0.1513 active=6 gated=False (3.9s)
[ 35/50] versionb_predictive 9f3cdb4d835c6909 seed=0 regret=0.1513 active=6 gated=False (4.5s)
[ 36/50] doe            9f3cdb4d835c6909 seed=1 regret=0.0941 active=4 gated=True (3.9s)
[ 36/50] qlogei         9f3cdb4d835c6909 seed=1 regret=0.1135 active=6 gated=True (10.3s)
[ 36/50] qlognei        9f3cdb4d835c6909 seed=1 regret=0.0750 active=6 gated=True (13.0s)
[ 36/50] qlogei-add     9f3cdb4d835c6909 seed=1 regret=0.0718 active=6 gated=False (23.9s)
[ 36/50] qlogei-addonly 9f3cdb4d835c6909 seed=1 regret=0.0632 active=6 gated=False (13.7s)
[ 36/50] lhs            9f3cdb4d835c6909 seed=1 regret=0.0834 active=6 gated=True (3.5s)
[ 36/50] sobol          9f3cdb4d835c6909 seed=1 regret=0.0486 active=6 gated=True (3.9s)
[ 36/50] random         9f3cdb4d835c6909 seed=1 regret=0.1592 active=6 gated=True (3.9s)
[ 36/50] plate1_only    9f3cdb4d835c6909 seed=1 regret=0.0834 active=6 gated=True (3.5s)
[ 36/50] versionb       9f3cdb4d835c6909 seed=1 regret=0.1972 active=6 gated=False (4.2s)
[ 36/50] versionb_random 9f3cdb4d835c6909 seed=1 regret=0.0758 active=6 gated=False (4.1s)
[ 36/50] versionb_predictive 9f3cdb4d835c6909 seed=1 regret=0.1972 active=6 gated=False (4.3s)
[ 37/50] doe            c75f6d6f50fe2434 seed=0 regret=0.0447 active=4 gated=True (3.9s)
[ 37/50] qlogei         c75f6d6f50fe2434 seed=0 regret=0.0585 active=6 gated=True (13.2s)
[ 37/50] qlognei        c75f6d6f50fe2434 seed=0 regret=0.0747 active=6 gated=True (15.9s)
[ 37/50] qlogei-add     c75f6d6f50fe2434 seed=0 regret=0.1047 active=6 gated=False (23.3s)
[ 37/50] qlogei-addonly c75f6d6f50fe2434 seed=0 regret=0.0804 active=6 gated=False (20.0s)
[ 37/50] lhs            c75f6d6f50fe2434 seed=0 regret=0.1175 active=6 gated=True (4.3s)
[ 37/50] sobol          c75f6d6f50fe2434 seed=0 regret=0.1554 active=6 gated=True (3.6s)
[ 37/50] random         c75f6d6f50fe2434 seed=0 regret=0.1159 active=6 gated=True (4.2s)
[ 37/50] plate1_only    c75f6d6f50fe2434 seed=0 regret=0.1175 active=6 gated=True (5.2s)
[ 37/50] versionb       c75f6d6f50fe2434 seed=0 regret=0.1080 active=6 gated=False (6.1s)
[ 37/50] versionb_random c75f6d6f50fe2434 seed=0 regret=0.1080 active=6 gated=False (4.5s)
[ 37/50] versionb_predictive c75f6d6f50fe2434 seed=0 regret=0.1080 active=6 gated=False (5.1s)
[ 38/50] doe            c75f6d6f50fe2434 seed=1 regret=0.0447 active=4 gated=True (4.3s)
[ 38/50] qlogei         c75f6d6f50fe2434 seed=1 regret=0.1548 active=6 gated=True (16.6s)
[ 38/50] qlognei        c75f6d6f50fe2434 seed=1 regret=0.0181 active=6 gated=True (23.0s)
[ 38/50] qlogei-add     c75f6d6f50fe2434 seed=1 regret=0.0926 active=6 gated=False (23.8s)
[ 38/50] qlogei-addonly c75f6d6f50fe2434 seed=1 regret=0.0522 active=6 gated=False (13.3s)
[ 38/50] lhs            c75f6d6f50fe2434 seed=1 regret=0.1543 active=6 gated=True (3.2s)
[ 38/50] sobol          c75f6d6f50fe2434 seed=1 regret=0.0501 active=6 gated=True (3.8s)
[ 38/50] random         c75f6d6f50fe2434 seed=1 regret=0.1772 active=6 gated=True (3.4s)
[ 38/50] plate1_only    c75f6d6f50fe2434 seed=1 regret=0.1543 active=6 gated=True (3.1s)
[ 38/50] versionb       c75f6d6f50fe2434 seed=1 regret=0.1526 active=6 gated=False (4.2s)
[ 38/50] versionb_random c75f6d6f50fe2434 seed=1 regret=0.1526 active=6 gated=False (4.1s)
[ 38/50] versionb_predictive c75f6d6f50fe2434 seed=1 regret=0.1526 active=6 gated=False (4.5s)
[ 39/50] doe            ce7334da318bc5e5 seed=0 regret=0.0842 active=4 gated=True (3.8s)
[ 39/50] qlogei         ce7334da318bc5e5 seed=0 regret=0.0591 active=6 gated=True (10.9s)
[ 39/50] qlognei        ce7334da318bc5e5 seed=0 regret=0.0410 active=6 gated=True (17.2s)
[ 39/50] qlogei-add     ce7334da318bc5e5 seed=0 regret=0.1085 active=6 gated=False (19.9s)
[ 39/50] qlogei-addonly ce7334da318bc5e5 seed=0 regret=0.0315 active=6 gated=False (16.3s)
[ 39/50] lhs            ce7334da318bc5e5 seed=0 regret=0.0174 active=6 gated=True (3.9s)
[ 39/50] sobol          ce7334da318bc5e5 seed=0 regret=0.0998 active=6 gated=True (3.8s)
[ 39/50] random         ce7334da318bc5e5 seed=0 regret=0.1772 active=6 gated=True (4.2s)
[ 39/50] plate1_only    ce7334da318bc5e5 seed=0 regret=0.0174 active=6 gated=True (3.9s)
[ 39/50] versionb       ce7334da318bc5e5 seed=0 regret=0.1799 active=6 gated=False (3.8s)
[ 39/50] versionb_random ce7334da318bc5e5 seed=0 regret=0.1799 active=6 gated=False (4.3s)
[ 39/50] versionb_predictive ce7334da318bc5e5 seed=0 regret=0.1799 active=6 gated=False (4.3s)
[ 40/50] doe            ce7334da318bc5e5 seed=1 regret=0.0646 active=4 gated=True (3.8s)
[ 40/50] qlogei         ce7334da318bc5e5 seed=1 regret=0.0601 active=6 gated=True (9.7s)
[ 40/50] qlognei        ce7334da318bc5e5 seed=1 regret=0.0678 active=6 gated=True (13.1s)
[ 40/50] qlogei-add     ce7334da318bc5e5 seed=1 regret=0.0962 active=6 gated=False (15.7s)
[ 40/50] qlogei-addonly ce7334da318bc5e5 seed=1 regret=0.0182 active=6 gated=False (12.8s)
[ 40/50] lhs            ce7334da318bc5e5 seed=1 regret=0.1080 active=6 gated=True (4.4s)
[ 40/50] sobol          ce7334da318bc5e5 seed=1 regret=0.0873 active=6 gated=True (3.5s)
[ 40/50] random         ce7334da318bc5e5 seed=1 regret=0.1737 active=6 gated=True (4.1s)
[ 40/50] plate1_only    ce7334da318bc5e5 seed=1 regret=0.1080 active=6 gated=True (4.0s)
[ 40/50] versionb       ce7334da318bc5e5 seed=1 regret=0.1066 active=6 gated=False (4.8s)
[ 40/50] versionb_random ce7334da318bc5e5 seed=1 regret=0.1066 active=6 gated=False (4.3s)
[ 40/50] versionb_predictive ce7334da318bc5e5 seed=1 regret=0.1066 active=6 gated=False (4.6s)
[ 41/50] doe            da5ec2fbb20c9f9b seed=0 regret=0.0428 active=4 gated=True (3.9s)
[ 41/50] qlogei         da5ec2fbb20c9f9b seed=0 regret=0.0183 active=6 gated=True (10.5s)
[ 41/50] qlognei        da5ec2fbb20c9f9b seed=0 regret=0.1023 active=6 gated=True (15.8s)
[ 41/50] qlogei-add     da5ec2fbb20c9f9b seed=0 regret=0.0548 active=6 gated=False (21.7s)
[ 41/50] qlogei-addonly da5ec2fbb20c9f9b seed=0 regret=0.0751 active=6 gated=False (16.5s)
[ 41/50] lhs            da5ec2fbb20c9f9b seed=0 regret=0.0827 active=6 gated=True (5.0s)
[ 41/50] sobol          da5ec2fbb20c9f9b seed=0 regret=0.1506 active=6 gated=True (4.0s)
[ 41/50] random         da5ec2fbb20c9f9b seed=0 regret=0.2297 active=6 gated=True (3.9s)
[ 41/50] plate1_only    da5ec2fbb20c9f9b seed=0 regret=0.0827 active=6 gated=True (4.8s)
[ 41/50] versionb       da5ec2fbb20c9f9b seed=0 regret=0.1212 active=6 gated=False (5.5s)
[ 41/50] versionb_random da5ec2fbb20c9f9b seed=0 regret=0.1212 active=6 gated=False (4.5s)
[ 41/50] versionb_predictive da5ec2fbb20c9f9b seed=0 regret=0.1212 active=6 gated=False (4.7s)
[ 42/50] doe            da5ec2fbb20c9f9b seed=1 regret=0.0700 active=4 gated=True (4.6s)
[ 42/50] qlogei         da5ec2fbb20c9f9b seed=1 regret=0.1444 active=6 gated=True (14.3s)
[ 42/50] qlognei        da5ec2fbb20c9f9b seed=1 regret=0.1008 active=6 gated=True (12.3s)
[ 42/50] qlogei-add     da5ec2fbb20c9f9b seed=1 regret=0.0551 active=6 gated=False (24.5s)
[ 42/50] qlogei-addonly da5ec2fbb20c9f9b seed=1 regret=0.1496 active=6 gated=False (17.9s)
[ 42/50] lhs            da5ec2fbb20c9f9b seed=1 regret=0.0737 active=6 gated=True (4.0s)
[ 42/50] sobol          da5ec2fbb20c9f9b seed=1 regret=0.0867 active=6 gated=True (3.5s)
[ 42/50] random         da5ec2fbb20c9f9b seed=1 regret=0.1565 active=6 gated=True (4.0s)
[ 42/50] plate1_only    da5ec2fbb20c9f9b seed=1 regret=0.0737 active=6 gated=True (4.0s)
[ 42/50] versionb       da5ec2fbb20c9f9b seed=1 regret=0.1765 active=6 gated=False (4.5s)
[ 42/50] versionb_random da5ec2fbb20c9f9b seed=1 regret=0.1765 active=6 gated=False (4.0s)
[ 42/50] versionb_predictive da5ec2fbb20c9f9b seed=1 regret=0.1765 active=6 gated=False (4.6s)
[ 43/50] doe            e402c32907f27534 seed=0 regret=0.1397 active=4 gated=True (4.1s)
[ 43/50] qlogei         e402c32907f27534 seed=0 regret=0.0671 active=6 gated=True (11.9s)
[ 43/50] qlognei        e402c32907f27534 seed=0 regret=0.1035 active=6 gated=True (17.7s)
[ 43/50] qlogei-add     e402c32907f27534 seed=0 regret=0.0700 active=6 gated=False (25.2s)
[ 43/50] qlogei-addonly e402c32907f27534 seed=0 regret=0.0998 active=6 gated=False (17.6s)
[ 43/50] lhs            e402c32907f27534 seed=0 regret=0.0680 active=6 gated=True (5.3s)
[ 43/50] sobol          e402c32907f27534 seed=0 regret=0.1630 active=6 gated=True (4.1s)
[ 43/50] random         e402c32907f27534 seed=0 regret=0.0596 active=6 gated=True (3.9s)
[ 43/50] plate1_only    e402c32907f27534 seed=0 regret=0.0680 active=6 gated=True (4.7s)
[ 43/50] versionb       e402c32907f27534 seed=0 regret=0.1089 active=6 gated=False (4.8s)
[ 43/50] versionb_random e402c32907f27534 seed=0 regret=0.1089 active=6 gated=False (4.3s)
[ 43/50] versionb_predictive e402c32907f27534 seed=0 regret=0.1089 active=6 gated=False (4.5s)
[ 44/50] doe            e402c32907f27534 seed=1 regret=0.1205 active=4 gated=True (3.9s)
[ 44/50] qlogei         e402c32907f27534 seed=1 regret=0.0993 active=6 gated=True (19.1s)
[ 44/50] qlognei        e402c32907f27534 seed=1 regret=0.0991 active=6 gated=True (25.2s)
[ 44/50] qlogei-add     e402c32907f27534 seed=1 regret=0.0939 active=6 gated=False (20.8s)
[ 44/50] qlogei-addonly e402c32907f27534 seed=1 regret=0.0413 active=6 gated=False (17.6s)
[ 44/50] lhs            e402c32907f27534 seed=1 regret=0.1179 active=6 gated=True (3.9s)
[ 44/50] sobol          e402c32907f27534 seed=1 regret=0.2596 active=6 gated=True (3.5s)
[ 44/50] random         e402c32907f27534 seed=1 regret=0.2304 active=6 gated=True (3.4s)
[ 44/50] plate1_only    e402c32907f27534 seed=1 regret=0.1179 active=6 gated=True (3.8s)
[ 44/50] versionb       e402c32907f27534 seed=1 regret=0.0466 active=6 gated=False (4.0s)
[ 44/50] versionb_random e402c32907f27534 seed=1 regret=0.0466 active=6 gated=False (3.7s)
[ 44/50] versionb_predictive e402c32907f27534 seed=1 regret=0.0466 active=6 gated=False (4.3s)
[ 45/50] doe            e946207e9dfe1876 seed=0 regret=0.0237 active=4 gated=True (4.3s)
[ 45/50] qlogei         e946207e9dfe1876 seed=0 regret=0.0289 active=6 gated=True (14.8s)
[ 45/50] qlognei        e946207e9dfe1876 seed=0 regret=0.1360 active=6 gated=True (14.5s)
[ 45/50] qlogei-add     e946207e9dfe1876 seed=0 regret=0.1443 active=6 gated=False (19.6s)
[ 45/50] qlogei-addonly e946207e9dfe1876 seed=0 regret=0.0364 active=6 gated=False (15.7s)
[ 45/50] lhs            e946207e9dfe1876 seed=0 regret=0.1273 active=6 gated=True (3.8s)
[ 45/50] sobol          e946207e9dfe1876 seed=0 regret=0.1411 active=6 gated=True (4.5s)
[ 45/50] random         e946207e9dfe1876 seed=0 regret=0.1776 active=6 gated=True (4.8s)
[ 45/50] plate1_only    e946207e9dfe1876 seed=0 regret=0.1273 active=6 gated=True (4.0s)
[ 45/50] versionb       e946207e9dfe1876 seed=0 regret=0.0877 active=6 gated=False (4.2s)
[ 45/50] versionb_random e946207e9dfe1876 seed=0 regret=0.0877 active=6 gated=False (3.7s)
[ 45/50] versionb_predictive e946207e9dfe1876 seed=0 regret=0.1812 active=6 gated=False (4.9s)
[ 46/50] doe            e946207e9dfe1876 seed=1 regret=0.1044 active=4 gated=True (4.0s)
[ 46/50] qlogei         e946207e9dfe1876 seed=1 regret=0.1110 active=6 gated=True (12.0s)
[ 46/50] qlognei        e946207e9dfe1876 seed=1 regret=0.0920 active=6 gated=True (13.6s)
[ 46/50] qlogei-add     e946207e9dfe1876 seed=1 regret=0.0586 active=6 gated=False (30.9s)
[ 46/50] qlogei-addonly e946207e9dfe1876 seed=1 regret=0.1027 active=6 gated=False (15.9s)
[ 46/50] lhs            e946207e9dfe1876 seed=1 regret=0.1851 active=6 gated=True (3.1s)
[ 46/50] sobol          e946207e9dfe1876 seed=1 regret=0.1040 active=6 gated=True (3.3s)
[ 46/50] random         e946207e9dfe1876 seed=1 regret=0.2598 active=6 gated=True (3.6s)
[ 46/50] plate1_only    e946207e9dfe1876 seed=1 regret=0.1851 active=6 gated=True (3.1s)
[ 46/50] versionb       e946207e9dfe1876 seed=1 regret=0.1895 active=6 gated=False (4.9s)
[ 46/50] versionb_random e946207e9dfe1876 seed=1 regret=0.1895 active=6 gated=False (4.5s)
[ 46/50] versionb_predictive e946207e9dfe1876 seed=1 regret=0.1895 active=6 gated=False (5.2s)
[ 47/50] doe            ef2815cdafff288c seed=0 regret=0.0959 active=4 gated=True (4.0s)
[ 47/50] qlogei         ef2815cdafff288c seed=0 regret=0.0782 active=6 gated=True (11.0s)
[ 47/50] qlognei        ef2815cdafff288c seed=0 regret=0.0620 active=6 gated=True (13.3s)
/Users/jy/BO/nutrigene-ai-bo-ipsec/.venv/lib/python3.11/site-packages/botorch/optim/optimize.py:844: RuntimeWarning: Optimization failed in `gen_candidates_scipy` with the following warning(s):
[OptimizationWarning('Optimization failed within `scipy.optimize.minimize` with status 2 and message ABNORMAL: .')]
Trying again with a new set of initial conditions.
  return _optimize_acqf_batch(opt_inputs=opt_inputs)
[ 47/50] qlogei-add     ef2815cdafff288c seed=0 regret=0.0615 active=6 gated=False (26.4s)
[ 47/50] qlogei-addonly ef2815cdafff288c seed=0 regret=0.0895 active=6 gated=False (16.2s)
[ 47/50] lhs            ef2815cdafff288c seed=0 regret=0.0816 active=6 gated=True (4.2s)
[ 47/50] sobol          ef2815cdafff288c seed=0 regret=0.1218 active=6 gated=True (3.4s)
[ 47/50] random         ef2815cdafff288c seed=0 regret=0.1816 active=6 gated=True (3.8s)
[ 47/50] plate1_only    ef2815cdafff288c seed=0 regret=0.0816 active=6 gated=True (4.2s)
[ 47/50] versionb       ef2815cdafff288c seed=0 regret=0.0752 active=6 gated=False (4.4s)
[ 47/50] versionb_random ef2815cdafff288c seed=0 regret=0.0752 active=6 gated=False (3.6s)
[ 47/50] versionb_predictive ef2815cdafff288c seed=0 regret=0.0752 active=6 gated=False (4.3s)
[ 48/50] doe            ef2815cdafff288c seed=1 regret=0.1149 active=4 gated=True (3.7s)
[ 48/50] qlogei         ef2815cdafff288c seed=1 regret=0.1044 active=6 gated=True (16.1s)
[ 48/50] qlognei        ef2815cdafff288c seed=1 regret=0.0707 active=6 gated=True (20.8s)
[ 48/50] qlogei-add     ef2815cdafff288c seed=1 regret=0.0797 active=6 gated=False (22.6s)
[ 48/50] qlogei-addonly ef2815cdafff288c seed=1 regret=0.0443 active=6 gated=False (20.7s)
[ 48/50] lhs            ef2815cdafff288c seed=1 regret=0.0361 active=6 gated=True (3.9s)
[ 48/50] sobol          ef2815cdafff288c seed=1 regret=0.1149 active=6 gated=True (3.6s)
[ 48/50] random         ef2815cdafff288c seed=1 regret=0.1831 active=6 gated=True (3.9s)
[ 48/50] plate1_only    ef2815cdafff288c seed=1 regret=0.0361 active=6 gated=True (3.7s)
[ 48/50] versionb       ef2815cdafff288c seed=1 regret=0.1348 active=6 gated=False (5.5s)
[ 48/50] versionb_random ef2815cdafff288c seed=1 regret=0.1348 active=6 gated=False (4.6s)
[ 48/50] versionb_predictive ef2815cdafff288c seed=1 regret=0.1348 active=6 gated=False (4.9s)
[ 49/50] doe            f79c5cf175034acd seed=0 regret=0.1102 active=4 gated=True (3.9s)
[ 49/50] qlogei         f79c5cf175034acd seed=0 regret=0.0983 active=6 gated=True (10.6s)
[ 49/50] qlognei        f79c5cf175034acd seed=0 regret=0.0815 active=6 gated=True (15.5s)
[ 49/50] qlogei-add     f79c5cf175034acd seed=0 regret=0.0813 active=6 gated=False (21.9s)
[ 49/50] qlogei-addonly f79c5cf175034acd seed=0 regret=0.0434 active=6 gated=False (18.5s)
[ 49/50] lhs            f79c5cf175034acd seed=0 regret=0.0648 active=6 gated=True (4.7s)
[ 49/50] sobol          f79c5cf175034acd seed=0 regret=0.1650 active=6 gated=True (4.2s)
[ 49/50] random         f79c5cf175034acd seed=0 regret=0.2032 active=6 gated=True (4.6s)
[ 49/50] plate1_only    f79c5cf175034acd seed=0 regret=0.0648 active=6 gated=True (4.4s)
[ 49/50] versionb       f79c5cf175034acd seed=0 regret=0.1388 active=6 gated=False (6.0s)
[ 49/50] versionb_random f79c5cf175034acd seed=0 regret=0.1388 active=6 gated=False (4.4s)
[ 49/50] versionb_predictive f79c5cf175034acd seed=0 regret=0.1388 active=6 gated=False (4.4s)
[ 50/50] doe            f79c5cf175034acd seed=1 regret=0.0713 active=4 gated=True (3.9s)
[ 50/50] qlogei         f79c5cf175034acd seed=1 regret=0.0373 active=6 gated=True (11.7s)
[ 50/50] qlognei        f79c5cf175034acd seed=1 regret=0.0988 active=6 gated=True (14.8s)
[ 50/50] qlogei-add     f79c5cf175034acd seed=1 regret=0.0829 active=6 gated=False (22.0s)
[ 50/50] qlogei-addonly f79c5cf175034acd seed=1 regret=0.0454 active=6 gated=False (12.5s)
[ 50/50] lhs            f79c5cf175034acd seed=1 regret=0.1848 active=6 gated=True (3.7s)
[ 50/50] sobol          f79c5cf175034acd seed=1 regret=0.0594 active=6 gated=True (3.7s)
[ 50/50] random         f79c5cf175034acd seed=1 regret=0.2619 active=6 gated=True (3.5s)
[ 50/50] plate1_only    f79c5cf175034acd seed=1 regret=0.1848 active=6 gated=True (3.6s)
[ 50/50] versionb       f79c5cf175034acd seed=1 regret=0.1819 active=6 gated=False (4.5s)
[ 50/50] versionb_random f79c5cf175034acd seed=1 regret=0.1819 active=6 gated=False (4.6s)
[ 50/50] versionb_predictive f79c5cf175034acd seed=1 regret=0.1819 active=6 gated=False (4.6s)

K6 14400 rows · K6b 2400 rows · sensitivity 28800 rows in 7877s
gate failures: 0
published: results/p3-k6-d6-s010.json
published: results/p3-k6b-d6-s010.json
published: results/p3-taumax-sensitivity.json
