P4 · coord at the primary cell · HEAD=0890f373be8a1652edb6a820514d9b24e0de1c7c
cell d=6 sigma=0.25 · 50 (instance, seed) pairs
K6: 20000-pt Sobol seed 0, gammas=(0.5, 0.7, 0.8, 0.9, 0.95, 0.99), tau_fracs=(0.6, 0.75, 0.85, 0.95)
K6b: 2000-pt subset, 512 joint draws, alphas=(0.5, 0.8, 0.95)
gate: committed `coord` regret must reproduce at |delta| = 0 EXACTLY

[  1/50] 033466197eba3ddb seed=0 regret=0.0511 |delta|=0.0e+00 a*=0.998..0.275 (30.1s)
[  2/50] 033466197eba3ddb seed=1 regret=0.0530 |delta|=0.0e+00 a*=0.975..0.268 (75.0s)
[  3/50] 0a6e0788538a7c52 seed=0 regret=0.0511 |delta|=0.0e+00 a*=0.984..0.143 (49.3s)
[  4/50] 0a6e0788538a7c52 seed=1 regret=0.1463 |delta|=0.0e+00 a*=0.994..0.301 (43.1s)
[  5/50] 0ed87c75239d73f8 seed=0 regret=0.0935 |delta|=0.0e+00 a*=0.992..0.098 (25.0s)
[  6/50] 0ed87c75239d73f8 seed=1 regret=0.0981 |delta|=0.0e+00 a*=0.881..0.096 (16.4s)
[  7/50] 32bb966a18f1d863 seed=0 regret=0.0884 |delta|=0.0e+00 a*=0.986..0.035 (16.6s)
[  8/50] 32bb966a18f1d863 seed=1 regret=0.1742 |delta|=0.0e+00 a*=0.910..0.047 (24.0s)
[  9/50] 443c180247c17191 seed=0 regret=0.0851 |delta|=0.0e+00 a*=0.980..0.049 (26.0s)
[ 10/50] 443c180247c17191 seed=1 regret=0.1823 |delta|=0.0e+00 a*=0.877..0.045 (24.2s)
[ 11/50] 48b1324dd0461cd9 seed=0 regret=0.2730 |delta|=0.0e+00 a*=0.910..0.004 (36.3s)
[ 12/50] 48b1324dd0461cd9 seed=1 regret=0.2419 |delta|=0.0e+00 a*=0.941..0.016 (34.0s)
[ 13/50] 4d4f7158b65b52ba seed=0 regret=0.0751 |delta|=0.0e+00 a*=0.996..0.084 (63.4s)
[ 14/50] 4d4f7158b65b52ba seed=1 regret=0.0926 |delta|=0.0e+00 a*=0.975..0.217 (102.3s)
[ 15/50] 51cf489c521a6911 seed=0 regret=0.1446 |delta|=0.0e+00 a*=0.959..0.057 (57.9s)
[ 16/50] 51cf489c521a6911 seed=1 regret=0.1693 |delta|=0.0e+00 a*=0.975..0.164 (83.0s)
[ 17/50] 578e5d8768359f0f seed=0 regret=0.0657 |delta|=0.0e+00 a*=0.992..0.125 (93.6s)
[ 18/50] 578e5d8768359f0f seed=1 regret=0.0741 |delta|=0.0e+00 a*=0.953..0.178 (145.7s)
[ 19/50] 59e420274f4385d9 seed=0 regret=0.0901 |delta|=0.0e+00 a*=0.996..0.074 (95.0s)
[ 20/50] 59e420274f4385d9 seed=1 regret=0.0880 |delta|=0.0e+00 a*=0.893..0.100 (86.4s)
[ 21/50] 5b3926ef2c5fe4b6 seed=0 regret=0.0860 |delta|=0.0e+00 a*=0.963..0.066 (37.2s)
[ 22/50] 5b3926ef2c5fe4b6 seed=1 regret=0.1745 |delta|=0.0e+00 a*=0.957..0.047 (105.8s)
[ 23/50] 763e0f58925816ca seed=0 regret=0.1070 |delta|=0.0e+00 a*=0.959..0.045 (92.1s)
[ 24/50] 763e0f58925816ca seed=1 regret=0.2021 |delta|=0.0e+00 a*=0.953..0.088 (98.9s)
[ 25/50] 7b6071e568a98779 seed=0 regret=0.1339 |delta|=0.0e+00 a*=1.000..0.180 (7.1s)
[ 26/50] 7b6071e568a98779 seed=1 regret=0.1875 |delta|=0.0e+00 a*=0.980..0.094 (8.0s)
[ 27/50] 7ef3fc89acece49c seed=0 regret=0.0814 |delta|=0.0e+00 a*=0.998..0.182 (13.1s)
[ 28/50] 7ef3fc89acece49c seed=1 regret=0.0573 |delta|=0.0e+00 a*=0.996..0.115 (7.8s)
[ 29/50] 7f5c7431c0530e74 seed=0 regret=0.2214 |delta|=0.0e+00 a*=0.826..0.004 (7.2s)
[ 30/50] 7f5c7431c0530e74 seed=1 regret=0.1743 |delta|=0.0e+00 a*=0.979..0.100 (18.0s)
[ 31/50] 8abe35e93ddfcad1 seed=0 regret=0.1598 |delta|=0.0e+00 a*=0.986..0.016 (19.9s)
[ 32/50] 8abe35e93ddfcad1 seed=1 regret=0.1135 |delta|=0.0e+00 a*=0.854..0.045 (42.7s)
[ 33/50] 9414bc879284eef0 seed=0 regret=0.2521 |delta|=0.0e+00 a*=0.910..0.004 (31.5s)
[ 34/50] 9414bc879284eef0 seed=1 regret=0.1531 |delta|=0.0e+00 a*=0.838..0.031 (49.3s)
[ 35/50] 9f3cdb4d835c6909 seed=0 regret=0.2661 |delta|=0.0e+00 a*=0.953..0.018 (44.1s)
[ 36/50] 9f3cdb4d835c6909 seed=1 regret=0.1546 |delta|=0.0e+00 a*=0.965..0.041 (37.6s)
[ 37/50] c75f6d6f50fe2434 seed=0 regret=0.1553 |delta|=0.0e+00 a*=0.986..0.074 (73.6s)
[ 38/50] c75f6d6f50fe2434 seed=1 regret=0.1265 |delta|=0.0e+00 a*=0.994..0.197 (75.0s)
[ 39/50] ce7334da318bc5e5 seed=0 regret=0.1781 |delta|=0.0e+00 a*=0.949..0.014 (48.4s)
[ 40/50] ce7334da318bc5e5 seed=1 regret=0.1282 |delta|=0.0e+00 a*=0.992..0.174 (52.5s)
[ 41/50] da5ec2fbb20c9f9b seed=0 regret=0.1905 |delta|=0.0e+00 a*=0.945..0.016 (35.2s)
[ 42/50] da5ec2fbb20c9f9b seed=1 regret=0.0895 |delta|=0.0e+00 a*=0.891..0.029 (53.7s)
[ 43/50] e402c32907f27534 seed=0 regret=0.0968 |delta|=0.0e+00 a*=0.973..0.039 (45.9s)
[ 44/50] e402c32907f27534 seed=1 regret=0.2412 |delta|=0.0e+00 a*=0.885..0.025 (46.7s)
[ 45/50] e946207e9dfe1876 seed=0 regret=0.1724 |delta|=0.0e+00 a*=0.982..0.102 (51.6s)
[ 46/50] e946207e9dfe1876 seed=1 regret=0.1597 |delta|=0.0e+00 a*=0.973..0.070 (22.8s)
[ 47/50] ef2815cdafff288c seed=0 regret=0.1244 |delta|=0.0e+00 a*=0.951..0.051 (35.5s)
[ 48/50] ef2815cdafff288c seed=1 regret=0.1213 |delta|=0.0e+00 a*=0.936..0.117 (40.1s)
[ 49/50] f79c5cf175034acd seed=0 regret=0.1886 |delta|=0.0e+00 a*=0.969..0.018 (29.8s)
[ 50/50] f79c5cf175034acd seed=1 regret=0.2631 |delta|=0.0e+00 a*=0.961..0.076 (45.6s)

  gate: 50 rows checked, worst |delta| = 0.000e+00, 0 failures
  1200 K6 rows + 200 K6b rows written to results/p4-coord.json  (40.1 min)
