P6 · ackley d=8 sigma=0.25 · arms=('doe', 'qlogei', 'qlognei', 'lhs', 'sobol', 'random', 'versionb', 'versionb_random', 'versionb_predictive', 'plate1_only')
  tau from results/p5-tau-quantile.json: p=0.75->0.03259  p=0.25->0.05802  p=0.1->0.07500  p=0.01->0.12759
  gamma=(0.5, 0.7, 0.8, 0.9, 0.95, 0.99) (certification level ONLY; tau_q does not move with gamma)
  grid: 20000 Sobol at seed 0 · threads=1 · OMP=1
  ranking scalar: total_error_vol_pred (symmetric difference; NOT type I alone)
  UNGATABLE qlognei: q59-hartmann-no-screen.json is the only committed qlognei family column and it is hartmann6 at d=6 only; ackley d=8 has no comparator and none is coming, so this arm is UNGATABLE at this cell.
  UNGATABLE lhs: no committed family column exists for 'lhs' on any family -- lhs/sobol/random are ungatable off hill (COVERAGE-MATRIX B4). Reproducibility is the RNG's: one static_design call and one evaluate call, both seeded.
  UNGATABLE sobol: no committed family column exists for 'sobol' on any family -- lhs/sobol/random are ungatable off hill (COVERAGE-MATRIX B4). Reproducibility is the RNG's: one static_design call and one evaluate call, both seeded.
  UNGATABLE random: no committed family column exists for 'random' on any family -- lhs/sobol/random are ungatable off hill (COVERAGE-MATRIX B4). Reproducibility is the RNG's: one static_design call and one evaluate call, both seeded.
  UNGATABLE versionb: 'versionb' has no committed family column and none can exist -- SPADE was never run off hill, so there is nothing to reproduce. UNGATED. Its only guarantee is SEED DETERMINISM: the same seed rebuilds the same two plates through the same imported run_versionb._two_plate. Every table carrying this arm says so.
  UNGATABLE versionb_random: 'versionb_random' has no committed family column and none can exist -- SPADE was never run off hill, so there is nothing to reproduce. UNGATED. Its only guarantee is SEED DETERMINISM: the same seed rebuilds the same two plates through the same imported run_versionb._two_plate. Every table carrying this arm says so.
  UNGATABLE versionb_predictive: 'versionb_predictive' has no committed family column and none can exist -- SPADE was never run off hill, so there is nothing to reproduce. UNGATED. Its only guarantee is SEED DETERMINISM: the same seed rebuilds the same two plates through the same imported run_versionb._two_plate. Every table carrying this arm says so.
  UNGATABLE plate1_only: plate1_only's comparator is k6-designspace-spread.json lhs, which is HILL-ONLY, so off hill it is UNGATED like the rest. Its only guarantee is SEED DETERMINISM. It is `lhs` at 48 wells (D23.1) and carries never_rank_separately so it is never counted as a second arm in any ranking.
  doe gate distinguishes the pre-D20 column on 3/25 committed seeds -- over the whole column, not just the seeds run here
  tau above the predictive ceiling in 0/24 (p, gamma) cells -- empty by the noise floor, flagged per row
  checkpoint p6-ackley-d8-s0.25.ckpt.jsonl: 0 campaigns already done

  [ 0] doe      regret=0.0000 gated=True (3.8s)
  [ 0] qlogei   regret=0.5801 gated=True (10.6s)
  [ 0] qlognei  regret=0.7533 gated=False (16.9s)
  [ 0] lhs      regret=0.8889 gated=False (2.0s)
  [ 0] sobol    regret=0.8575 gated=False (2.2s)
  [ 0] random   regret=0.8575 gated=False (2.1s)
  [ 0] versionb regret=0.9225 gated=False (3.0s)
  [ 0] versionb_random regret=0.9225 gated=False (2.6s)
  [ 0] versionb_predictive regret=0.9198 gated=False (2.9s)
  [ 0] plate1_only regret=0.8889 gated=False (2.1s)
  [ 1] doe      regret=0.0836 gated=True (3.1s)
  [ 1] qlogei   regret=0.6664 gated=True (19.2s)
  [ 1] qlognei  regret=0.5111 gated=False (14.0s)
  [ 1] lhs      regret=0.8934 gated=False (2.0s)
  [ 1] sobol    regret=0.8665 gated=False (2.1s)
  [ 1] random   regret=0.8395 gated=False (2.3s)
  [ 1] versionb regret=0.8300 gated=False (2.8s)
  [ 1] versionb_random regret=0.9013 gated=False (2.2s)
  [ 1] versionb_predictive regret=0.8300 gated=False (3.0s)
  [ 1] plate1_only regret=0.8934 gated=False (2.2s)
  [ 2] doe      regret=0.0000 gated=True (3.3s)
  [ 2] qlogei   regret=0.8337 gated=True (11.5s)
  [ 2] qlognei  regret=0.8511 gated=False (8.8s)
  [ 2] lhs      regret=0.9267 gated=False (2.2s)
  [ 2] sobol    regret=0.9020 gated=False (2.1s)
  [ 2] random   regret=0.8146 gated=False (2.4s)
  [ 2] versionb regret=0.8027 gated=False (3.3s)
  [ 2] versionb_random regret=0.8906 gated=False (2.3s)
  [ 2] versionb_predictive regret=0.8027 gated=False (3.2s)
  [ 2] plate1_only regret=0.9267 gated=False (2.2s)
  [ 3] doe      regret=0.0000 gated=True (3.5s)
  [ 3] qlogei   regret=0.8728 gated=True (13.9s)
  [ 3] qlognei  regret=0.7955 gated=False (14.9s)
  [ 3] lhs      regret=0.8823 gated=False (2.1s)
  [ 3] sobol    regret=0.9115 gated=False (2.1s)
  [ 3] random   regret=0.8437 gated=False (2.1s)
  [ 3] versionb regret=0.7811 gated=False (3.2s)
  [ 3] versionb_random regret=0.7811 gated=False (2.4s)
  [ 3] versionb_predictive regret=0.8229 gated=False (3.2s)
  [ 3] plate1_only regret=0.8823 gated=False (2.1s)
  [ 4] doe      regret=0.0000 gated=True (3.3s)
  [ 4] qlogei   regret=0.8611 gated=True (11.8s)
  [ 4] qlognei  regret=0.8366 gated=False (11.6s)
  [ 4] lhs      regret=0.9130 gated=False (2.3s)
  [ 4] sobol    regret=0.8147 gated=False (2.7s)
  [ 4] random   regret=0.9160 gated=False (2.4s)
  [ 4] versionb regret=0.8356 gated=False (2.9s)
  [ 4] versionb_random regret=0.9110 gated=False (2.1s)
  [ 4] versionb_predictive regret=0.8356 gated=False (3.0s)
  [ 4] plate1_only regret=0.9130 gated=False (2.2s)
  [ 5] doe      regret=0.0000 gated=True (3.2s)
  [ 5] qlogei   regret=0.7898 gated=True (11.7s)
  [ 5] qlognei  regret=0.6661 gated=False (24.7s)
  [ 5] lhs      regret=0.8956 gated=False (2.0s)
  [ 5] sobol    regret=0.8535 gated=False (2.3s)
  [ 5] random   regret=0.8707 gated=False (1.9s)
  [ 5] versionb regret=0.5094 gated=False (2.7s)
  [ 5] versionb_random regret=0.6651 gated=False (2.2s)
  [ 5] versionb_predictive regret=0.5094 gated=False (2.7s)
  [ 5] plate1_only regret=0.8956 gated=False (2.1s)
  [ 6] doe      regret=0.0000 gated=True (3.3s)
  [ 6] qlogei   regret=0.6894 gated=True (14.4s)
  [ 6] qlognei  regret=0.5657 gated=False (11.8s)
  [ 6] lhs      regret=0.8830 gated=False (2.2s)
  [ 6] sobol    regret=0.8545 gated=False (1.9s)
  [ 6] random   regret=0.8085 gated=False (2.2s)
  [ 6] versionb regret=0.8602 gated=False (3.0s)
  [ 6] versionb_random regret=0.8602 gated=False (2.2s)
  [ 6] versionb_predictive regret=0.8248 gated=False (2.8s)
  [ 6] plate1_only regret=0.8830 gated=False (2.2s)
  [ 7] doe      regret=0.0000 gated=True (3.2s)
  [ 7] qlogei   regret=0.7604 gated=True (10.6s)
  [ 7] qlognei  regret=0.8221 gated=False (9.1s)
  [ 7] lhs      regret=0.8673 gated=False (2.0s)
  [ 7] sobol    regret=0.8558 gated=False (2.0s)
  [ 7] random   regret=0.8558 gated=False (1.8s)
  [ 7] versionb regret=0.8625 gated=False (2.3s)
  [ 7] versionb_random regret=0.8625 gated=False (1.9s)
  [ 7] versionb_predictive regret=0.8625 gated=False (2.3s)
  [ 7] plate1_only regret=0.8673 gated=False (1.9s)
  [ 8] doe      regret=0.0000 gated=True (3.0s)
  [ 8] qlogei   regret=0.7500 gated=True (10.1s)
  [ 8] qlognei  regret=0.7384 gated=False (12.6s)
  [ 8] lhs      regret=0.9180 gated=False (1.9s)
  [ 8] sobol    regret=0.9164 gated=False (2.2s)
  [ 8] random   regret=0.8987 gated=False (2.0s)
  [ 8] versionb regret=0.8454 gated=False (3.0s)
  [ 8] versionb_random regret=0.9111 gated=False (2.3s)
  [ 8] versionb_predictive regret=0.8454 gated=False (2.9s)
  [ 8] plate1_only regret=0.9180 gated=False (2.0s)
  [ 9] doe      regret=0.0000 gated=True (3.0s)
  [ 9] qlogei   regret=0.8181 gated=True (8.4s)
  [ 9] qlognei  regret=0.8359 gated=False (11.1s)
  [ 9] lhs      regret=0.8765 gated=False (2.1s)
  [ 9] sobol    regret=0.9142 gated=False (1.9s)
  [ 9] random   regret=0.9142 gated=False (1.8s)
  [ 9] versionb regret=0.8963 gated=False (3.0s)
  [ 9] versionb_random regret=0.8567 gated=False (2.1s)
  [ 9] versionb_predictive regret=0.8389 gated=False (2.9s)
  [ 9] plate1_only regret=0.8765 gated=False (2.0s)
  [10] doe      regret=0.0000 gated=True (3.2s)
  [10] qlogei   regret=0.8931 gated=True (14.1s)
  [10] qlognei  regret=0.8136 gated=False (12.9s)
  [10] lhs      regret=0.8455 gated=False (2.1s)
  [10] sobol    regret=0.8954 gated=False (2.0s)
  [10] random   regret=0.8617 gated=False (1.9s)
  [10] versionb regret=0.9182 gated=False (2.5s)
  [10] versionb_random regret=0.9182 gated=False (2.0s)
  [10] versionb_predictive regret=0.9182 gated=False (2.6s)
  [10] plate1_only regret=0.8455 gated=False (2.0s)
  [11] doe      regret=0.1231 gated=True (3.3s)
  [11] qlogei   regret=0.5893 gated=True (10.4s)
  [11] qlognei  regret=0.7903 gated=False (12.5s)
  [11] lhs      regret=0.8909 gated=False (2.0s)
  [11] sobol    regret=0.9263 gated=False (2.0s)
  [11] random   regret=0.9230 gated=False (1.9s)
  [11] versionb regret=0.9040 gated=False (2.5s)
  [11] versionb_random regret=0.9040 gated=False (2.0s)
  [11] versionb_predictive regret=0.9040 gated=False (2.7s)
  [11] plate1_only regret=0.8909 gated=False (2.1s)
  [12] doe      regret=0.0000 gated=True (3.1s)
  [12] qlogei   regret=0.6821 gated=True (12.2s)
  [12] qlognei  regret=0.6784 gated=False (16.6s)
  [12] lhs      regret=0.9031 gated=False (2.4s)
  [12] sobol    regret=0.8240 gated=False (2.1s)
  [12] random   regret=0.8322 gated=False (2.3s)
  [12] versionb regret=0.8798 gated=False (3.0s)
  [12] versionb_random regret=0.8471 gated=False (2.4s)
  [12] versionb_predictive regret=0.8905 gated=False (3.3s)
  [12] plate1_only regret=0.9031 gated=False (2.5s)
  [13] doe      regret=0.0000 gated=True (3.3s)
  [13] qlogei   regret=0.7745 gated=True (13.3s)
  [13] qlognei  regret=0.6724 gated=False (11.5s)
  [13] lhs      regret=0.8468 gated=False (2.1s)
  [13] sobol    regret=0.8933 gated=False (2.5s)
  [13] random   regret=0.9002 gated=False (2.1s)
  [13] versionb regret=0.9214 gated=False (2.5s)
  [13] versionb_random regret=0.9214 gated=False (2.3s)
  [13] versionb_predictive regret=0.8671 gated=False (2.8s)
  [13] plate1_only regret=0.8468 gated=False (2.3s)
  [14] doe      regret=0.0000 gated=True (3.2s)
  [14] qlogei   regret=0.5933 gated=True (9.2s)
  [14] qlognei  regret=0.5933 gated=False (10.7s)
  [14] lhs      regret=0.8764 gated=False (2.3s)
  [14] sobol    regret=0.5933 gated=False (2.3s)
  [14] random   regret=0.5933 gated=False (2.2s)
  [14] versionb regret=0.8212 gated=False (3.1s)
  [14] versionb_random regret=0.8212 gated=False (2.3s)
  [14] versionb_predictive regret=0.8080 gated=False (3.4s)
  [14] plate1_only regret=0.8764 gated=False (2.3s)
  [15] doe      regret=0.0000 gated=True (3.3s)
  [15] qlogei   regret=0.7721 gated=True (10.8s)
  [15] qlognei  regret=0.6370 gated=False (16.2s)
  [15] lhs      regret=0.8895 gated=False (1.9s)
  [15] sobol    regret=0.8238 gated=False (2.4s)
  [15] random   regret=0.8238 gated=False (1.9s)
  [15] versionb regret=0.9023 gated=False (3.0s)
  [15] versionb_random regret=0.8842 gated=False (2.3s)
  [15] versionb_predictive regret=0.9106 gated=False (3.1s)
  [15] plate1_only regret=0.8895 gated=False (1.9s)
  [16] doe      regret=0.0000 gated=True (3.1s)
  [16] qlogei   regret=0.8753 gated=True (13.4s)
  [16] qlognei  regret=0.7391 gated=False (10.4s)
  [16] lhs      regret=0.8903 gated=False (2.4s)
  [16] sobol    regret=0.8877 gated=False (2.0s)
  [16] random   regret=0.7839 gated=False (2.5s)
  [16] versionb regret=0.9142 gated=False (3.0s)
  [16] versionb_random regret=0.8668 gated=False (2.4s)
  [16] versionb_predictive regret=0.8479 gated=False (2.9s)
  [16] plate1_only regret=0.8903 gated=False (2.4s)
  [17] doe      regret=0.0000 gated=True (3.3s)
  [17] qlogei   regret=0.8829 gated=True (15.2s)
  [17] qlognei  regret=0.6652 gated=False (16.8s)
  [17] lhs      regret=0.9141 gated=False (2.2s)
  [17] sobol    regret=0.9201 gated=False (2.3s)
  [17] random   regret=0.9256 gated=False (2.1s)
  [17] versionb regret=0.8803 gated=False (2.9s)
  [17] versionb_random regret=0.9052 gated=False (2.3s)
  [17] versionb_predictive regret=0.8803 gated=False (3.0s)
  [17] plate1_only regret=0.9141 gated=False (2.4s)
  [18] doe      regret=0.0000 gated=True (3.5s)
  [18] qlogei   regret=0.7033 gated=True (15.0s)
  [18] qlognei  regret=0.6810 gated=False (18.7s)
  [18] lhs      regret=0.7920 gated=False (2.3s)
  [18] sobol    regret=0.8688 gated=False (2.4s)
  [18] random   regret=0.8688 gated=False (2.1s)
  [18] versionb regret=0.9413 gated=False (2.7s)
  [18] versionb_random regret=0.9413 gated=False (2.5s)
  [18] versionb_predictive regret=0.9413 gated=False (2.9s)
  [18] plate1_only regret=0.7920 gated=False (2.4s)
  [19] doe      regret=0.0000 gated=True (3.7s)
  [19] qlogei   regret=0.7137 gated=True (13.9s)
  [19] qlognei  regret=0.8471 gated=False (16.5s)
  [19] lhs      regret=0.8865 gated=False (2.7s)
  [19] sobol    regret=0.7801 gated=False (2.9s)
  [19] random   regret=0.8726 gated=False (3.2s)
  [19] versionb regret=0.9062 gated=False (3.2s)
  [19] versionb_random regret=0.9267 gated=False (2.6s)
  [19] versionb_predictive regret=0.8417 gated=False (3.3s)
  [19] plate1_only regret=0.8865 gated=False (2.1s)
  [20] doe      regret=0.1214 gated=True (3.3s)
  [20] qlogei   regret=0.8208 gated=True (11.6s)
  [20] qlognei  regret=0.8164 gated=False (15.8s)
  [20] lhs      regret=0.9351 gated=False (1.9s)
  [20] sobol    regret=0.8718 gated=False (1.9s)
  [20] random   regret=0.9023 gated=False (2.1s)
  [20] versionb regret=0.9088 gated=False (2.5s)
  [20] versionb_random regret=0.9088 gated=False (1.9s)
  [20] versionb_predictive regret=0.9088 gated=False (2.7s)
  [20] plate1_only regret=0.9351 gated=False (1.9s)
  [21] doe      regret=0.0000 gated=True (3.4s)
  [21] qlogei   regret=0.5889 gated=True (10.7s)
  [21] qlognei  regret=0.6422 gated=False (13.3s)
  [21] lhs      regret=0.9393 gated=False (1.8s)
  [21] sobol    regret=0.9126 gated=False (2.0s)
  [21] random   regret=0.9126 gated=False (2.4s)
  [21] versionb regret=0.8296 gated=False (3.4s)
  [21] versionb_random regret=0.8820 gated=False (2.2s)
  [21] versionb_predictive regret=0.8296 gated=False (3.3s)
  [21] plate1_only regret=0.9393 gated=False (1.8s)
  [22] doe      regret=0.0000 gated=True (2.9s)
  [22] qlogei   regret=0.8685 gated=True (12.0s)
  [22] qlognei  regret=0.8389 gated=False (12.0s)
  [22] lhs      regret=0.8785 gated=False (2.2s)
  [22] sobol    regret=0.8964 gated=False (1.9s)
  [22] random   regret=0.9318 gated=False (1.9s)
  [22] versionb regret=0.8723 gated=False (2.8s)
  [22] versionb_random regret=0.8956 gated=False (2.0s)
  [22] versionb_predictive regret=0.8756 gated=False (2.5s)
  [22] plate1_only regret=0.8785 gated=False (2.2s)
  [23] doe      regret=0.0000 gated=True (2.9s)
  [23] qlogei   regret=0.7864 gated=True (9.6s)
  [23] qlognei  regret=0.7323 gated=False (14.3s)
  [23] lhs      regret=0.8087 gated=False (2.0s)
  [23] sobol    regret=0.8378 gated=False (1.9s)
  [23] random   regret=0.9156 gated=False (1.9s)
  [23] versionb regret=0.8444 gated=False (2.8s)
  [23] versionb_random regret=0.8903 gated=False (2.1s)
  [23] versionb_predictive regret=0.8444 gated=False (2.7s)
  [23] plate1_only regret=0.8087 gated=False (2.0s)
  [24] doe      regret=0.0000 gated=True (2.7s)
  [24] qlogei   regret=0.7365 gated=True (9.8s)
  [24] qlognei  regret=0.8360 gated=False (11.6s)
  [24] lhs      regret=0.9177 gated=False (1.7s)
  [24] sobol    regret=0.9288 gated=False (1.7s)
  [24] random   regret=0.9041 gated=False (1.8s)
  [24] versionb regret=0.9107 gated=False (2.6s)
  [24] versionb_random regret=0.9234 gated=False (2.1s)
  [24] versionb_predictive regret=0.6789 gated=False (2.5s)
  [24] plate1_only regret=0.9177 gated=False (1.7s)

250 campaigns in p6-ackley-d8-s0.25.ckpt.jsonl · 1161s · gate failures: 0
  results/p6-families.json is NOT written here. Run --merge when cells finish.
