P6 · hartmann6 d=6 sigma=0.1 · arms=('doe', 'qlogei', 'qlognei', 'lhs', 'sobol', 'random', 'versionb', 'versionb_random', 'versionb_predictive', 'plate1_only')
  tau from results/p5-tau-quantile.json: p=0.75->0.00733  p=0.25->0.09706  p=0.1->0.21929  p=0.01->0.56612
  gamma=(0.5, 0.7, 0.8, 0.9, 0.95, 0.99) (certification level ONLY; tau_q does not move with gamma)
  grid: 20000 Sobol at seed 0 · threads=1 · OMP=1
  ranking scalar: total_error_vol_pred (symmetric difference; NOT type I alone)
  UNGATABLE lhs: no committed family column exists for 'lhs' on any family -- lhs/sobol/random are ungatable off hill (COVERAGE-MATRIX B4). Reproducibility is the RNG's: one static_design call and one evaluate call, both seeded.
  UNGATABLE sobol: no committed family column exists for 'sobol' on any family -- lhs/sobol/random are ungatable off hill (COVERAGE-MATRIX B4). Reproducibility is the RNG's: one static_design call and one evaluate call, both seeded.
  UNGATABLE random: no committed family column exists for 'random' on any family -- lhs/sobol/random are ungatable off hill (COVERAGE-MATRIX B4). Reproducibility is the RNG's: one static_design call and one evaluate call, both seeded.
  UNGATABLE versionb: 'versionb' has no committed family column and none can exist -- SPADE was never run off hill, so there is nothing to reproduce. UNGATED. Its only guarantee is SEED DETERMINISM: the same seed rebuilds the same two plates through the same imported run_versionb._two_plate. Every table carrying this arm says so.
  UNGATABLE versionb_random: 'versionb_random' has no committed family column and none can exist -- SPADE was never run off hill, so there is nothing to reproduce. UNGATED. Its only guarantee is SEED DETERMINISM: the same seed rebuilds the same two plates through the same imported run_versionb._two_plate. Every table carrying this arm says so.
  UNGATABLE versionb_predictive: 'versionb_predictive' has no committed family column and none can exist -- SPADE was never run off hill, so there is nothing to reproduce. UNGATED. Its only guarantee is SEED DETERMINISM: the same seed rebuilds the same two plates through the same imported run_versionb._two_plate. Every table carrying this arm says so.
  UNGATABLE plate1_only: plate1_only's comparator is k6-designspace-spread.json lhs, which is HILL-ONLY, so off hill it is UNGATED like the rest. Its only guarantee is SEED DETERMINISM. It is `lhs` at 48 wells (D23.1) and carries never_rank_separately so it is never counted as a second arm in any ranking.
  doe gate distinguishes the pre-D20 column on 6/25 committed seeds -- over the whole column, not just the seeds run here
  tau above the predictive ceiling in 0/24 (p, gamma) cells -- empty by the noise floor, flagged per row
  checkpoint p6-hartmann6-d6-s0.1.ckpt.jsonl: 0 campaigns already done

  [ 0] doe      regret=0.6005 gated=True (4.1s)
  [ 0] qlogei   regret=0.0674 gated=True (17.4s)
  [ 0] qlognei  regret=0.2810 gated=True (9.1s)
  [ 0] lhs      regret=0.4116 gated=False (2.1s)
  [ 0] sobol    regret=0.5458 gated=False (2.1s)
  [ 0] random   regret=0.6496 gated=False (2.1s)
  [ 0] versionb regret=0.4473 gated=False (2.8s)
  [ 0] versionb_random regret=0.4824 gated=False (2.1s)
  [ 0] versionb_predictive regret=0.4473 gated=False (2.6s)
  [ 0] plate1_only regret=0.4116 gated=False (2.2s)
  [ 1] doe      regret=0.5703 gated=True (2.1s)
  [ 1] qlogei   regret=0.4468 gated=True (13.6s)
  [ 1] qlognei  regret=0.0989 gated=True (13.0s)
  [ 1] lhs      regret=0.3332 gated=False (2.3s)
  [ 1] sobol    regret=0.2516 gated=False (2.0s)
  [ 1] random   regret=0.1663 gated=False (2.6s)
  [ 1] versionb regret=0.5567 gated=False (2.7s)
  [ 1] versionb_random regret=0.5567 gated=False (2.2s)
  [ 1] versionb_predictive regret=0.4018 gated=False (2.5s)
  [ 1] plate1_only regret=0.3332 gated=False (2.2s)
  [ 2] doe      regret=0.5867 gated=True (2.1s)
  [ 2] qlogei   regret=0.3610 gated=True (10.2s)
  [ 2] qlognei  regret=0.2907 gated=True (14.7s)
  [ 2] lhs      regret=0.4682 gated=False (2.2s)
  [ 2] sobol    regret=0.5549 gated=False (2.2s)
  [ 2] random   regret=0.3621 gated=False (2.5s)
  [ 2] versionb regret=0.4659 gated=False (2.7s)
  [ 2] versionb_random regret=0.4659 gated=False (2.3s)
  [ 2] versionb_predictive regret=0.1944 gated=False (2.7s)
  [ 2] plate1_only regret=0.4682 gated=False (2.0s)
  [ 3] doe      regret=0.5663 gated=True (2.1s)
  [ 3] qlogei   regret=0.0595 gated=True (10.9s)
  [ 3] qlognei  regret=0.2278 gated=True (10.5s)
  [ 3] lhs      regret=0.5207 gated=False (2.2s)
  [ 3] sobol    regret=0.5200 gated=False (2.0s)
  [ 3] random   regret=0.3732 gated=False (2.3s)
  [ 3] versionb regret=0.3518 gated=False (2.7s)
  [ 3] versionb_random regret=0.4284 gated=False (2.4s)
  [ 3] versionb_predictive regret=0.3518 gated=False (2.7s)
  [ 3] plate1_only regret=0.5207 gated=False (2.3s)
  [ 4] doe      regret=0.7013 gated=True (2.1s)
  [ 4] qlogei   regret=0.2888 gated=True (11.3s)
  [ 4] qlognei  regret=0.3028 gated=True (9.9s)
  [ 4] lhs      regret=0.4584 gated=False (2.1s)
  [ 4] sobol    regret=0.6182 gated=False (2.1s)
  [ 4] random   regret=0.5531 gated=False (2.0s)
  [ 4] versionb regret=0.2981 gated=False (2.5s)
  [ 4] versionb_random regret=0.4243 gated=False (2.2s)
  [ 4] versionb_predictive regret=0.4029 gated=False (2.8s)
  [ 4] plate1_only regret=0.4584 gated=False (2.4s)
  [ 5] doe      regret=0.3586 gated=True (2.4s)
  [ 5] qlogei   regret=0.2700 gated=True (12.2s)
  [ 5] qlognei  regret=0.1674 gated=True (11.1s)
  [ 5] lhs      regret=0.3291 gated=False (2.2s)
  [ 5] sobol    regret=0.4809 gated=False (3.1s)
  [ 5] random   regret=0.4593 gated=False (2.6s)
  [ 5] versionb regret=0.3135 gated=False (2.9s)
  [ 5] versionb_random regret=0.6404 gated=False (2.2s)
  [ 5] versionb_predictive regret=0.3135 gated=False (2.6s)
  [ 5] plate1_only regret=0.3291 gated=False (2.3s)
  [ 6] doe      regret=0.6129 gated=True (2.3s)
  [ 6] qlogei   regret=0.3003 gated=True (7.9s)
  [ 6] qlognei  regret=0.3003 gated=True (10.3s)
  [ 6] lhs      regret=0.5826 gated=False (2.0s)
  [ 6] sobol    regret=0.5900 gated=False (1.9s)
  [ 6] random   regret=0.8035 gated=False (2.1s)
  [ 6] versionb regret=0.2292 gated=False (2.8s)
  [ 6] versionb_random regret=0.5343 gated=False (2.3s)
  [ 6] versionb_predictive regret=0.2292 gated=False (3.2s)
  [ 6] plate1_only regret=0.5826 gated=False (2.1s)
  [ 7] doe      regret=0.4570 gated=True (2.2s)
  [ 7] qlogei   regret=0.0989 gated=True (11.0s)
  [ 7] qlognei  regret=0.0579 gated=True (14.2s)
  [ 7] lhs      regret=0.5769 gated=False (2.2s)
  [ 7] sobol    regret=0.2118 gated=False (2.1s)
  [ 7] random   regret=0.5245 gated=False (2.5s)
  [ 7] versionb regret=0.2499 gated=False (2.9s)
  [ 7] versionb_random regret=0.6536 gated=False (2.1s)
  [ 7] versionb_predictive regret=0.2499 gated=False (2.9s)
  [ 7] plate1_only regret=0.5769 gated=False (2.2s)
  [ 8] doe      regret=0.3586 gated=True (2.1s)
  [ 8] qlogei   regret=0.1158 gated=True (12.2s)
  [ 8] qlognei  regret=0.1425 gated=True (14.4s)
  [ 8] lhs      regret=0.5674 gated=False (2.6s)
  [ 8] sobol    regret=0.2129 gated=False (2.5s)
  [ 8] random   regret=0.4524 gated=False (2.4s)
  [ 8] versionb regret=0.5162 gated=False (2.8s)
  [ 8] versionb_random regret=0.5162 gated=False (2.9s)
  [ 8] versionb_predictive regret=0.5162 gated=False (3.2s)
  [ 8] plate1_only regret=0.5674 gated=False (2.5s)
  [ 9] doe      regret=0.7158 gated=True (2.2s)
  [ 9] qlogei   regret=0.2681 gated=True (12.1s)
  [ 9] qlognei  regret=0.1762 gated=True (12.6s)
  [ 9] lhs      regret=0.5930 gated=False (2.3s)
  [ 9] sobol    regret=0.5406 gated=False (2.1s)
  [ 9] random   regret=0.5877 gated=False (2.1s)
  [ 9] versionb regret=0.4334 gated=False (2.8s)
  [ 9] versionb_random regret=0.4334 gated=False (2.2s)
  [ 9] versionb_predictive regret=0.3719 gated=False (3.1s)
  [ 9] plate1_only regret=0.5930 gated=False (2.3s)
  [10] doe      regret=0.6937 gated=True (2.1s)
  [10] qlogei   regret=0.3487 gated=True (10.1s)
  [10] qlognei  regret=0.0343 gated=True (17.1s)
  [10] lhs      regret=0.6951 gated=False (2.4s)
  [10] sobol    regret=0.5466 gated=False (2.3s)
  [10] random   regret=0.2769 gated=False (2.4s)
  [10] versionb regret=0.0697 gated=False (3.4s)
  [10] versionb_random regret=0.2025 gated=False (2.6s)
  [10] versionb_predictive regret=0.0697 gated=False (3.5s)
  [10] plate1_only regret=0.6951 gated=False (2.2s)
  [11] doe      regret=0.5503 gated=True (2.6s)
  [11] qlogei   regret=0.2000 gated=True (12.4s)
  [11] qlognei  regret=0.0893 gated=True (9.9s)
  [11] lhs      regret=0.5013 gated=False (2.3s)
  [11] sobol    regret=0.6549 gated=False (2.2s)
  [11] random   regret=0.7366 gated=False (2.3s)
  [11] versionb regret=0.3203 gated=False (3.3s)
  [11] versionb_random regret=0.7269 gated=False (3.0s)
  [11] versionb_predictive regret=0.3203 gated=False (3.5s)
  [11] plate1_only regret=0.5013 gated=False (2.6s)
  [12] doe      regret=0.4721 gated=True (2.5s)
  [12] qlogei   regret=0.1174 gated=True (15.3s)
  [12] qlognei  regret=0.1245 gated=True (13.4s)
  [12] lhs      regret=0.2003 gated=False (3.0s)
  [12] sobol    regret=0.4049 gated=False (2.6s)
  [12] random   regret=0.2954 gated=False (2.3s)
  [12] versionb regret=0.3171 gated=False (2.9s)
  [12] versionb_random regret=0.3012 gated=False (2.0s)
  [12] versionb_predictive regret=0.3171 gated=False (2.8s)
  [12] plate1_only regret=0.2003 gated=False (2.3s)
  [13] doe      regret=0.7000 gated=True (2.1s)
  [13] qlogei   regret=0.1020 gated=True (11.6s)
  [13] qlognei  regret=0.0885 gated=True (15.5s)
  [13] lhs      regret=0.3993 gated=False (2.9s)
  [13] sobol    regret=0.5413 gated=False (2.2s)
  [13] random   regret=0.5413 gated=False (2.1s)
  [13] versionb regret=0.4724 gated=False (3.1s)
  [13] versionb_random regret=0.5863 gated=False (2.6s)
  [13] versionb_predictive regret=0.4724 gated=False (2.9s)
  [13] plate1_only regret=0.3993 gated=False (2.3s)
  [14] doe      regret=0.4721 gated=True (2.2s)
  [14] qlogei   regret=0.0861 gated=True (12.0s)
  [14] qlognei  regret=0.1337 gated=True (11.7s)
  [14] lhs      regret=0.5707 gated=False (3.4s)
  [14] sobol    regret=0.4669 gated=False (2.5s)
  [14] random   regret=0.4669 gated=False (2.3s)
  [14] versionb regret=0.3301 gated=False (2.7s)
  [14] versionb_random regret=0.2643 gated=False (2.9s)
  [14] versionb_predictive regret=0.3113 gated=False (2.8s)
  [14] plate1_only regret=0.5707 gated=False (2.2s)
  [15] doe      regret=0.5663 gated=True (2.1s)
  [15] qlogei   regret=0.1124 gated=True (10.6s)
  [15] qlognei  regret=0.1859 gated=True (11.1s)
  [15] lhs      regret=0.6530 gated=False (2.2s)
  [15] sobol    regret=0.3612 gated=False (2.2s)
  [15] random   regret=0.2056 gated=False (2.3s)
  [15] versionb regret=0.4822 gated=False (2.9s)
  [15] versionb_random regret=0.4822 gated=False (2.2s)
  [15] versionb_predictive regret=0.4822 gated=False (2.7s)
  [15] plate1_only regret=0.6530 gated=False (2.1s)
  [16] doe      regret=0.4198 gated=True (2.6s)
  [16] qlogei   regret=0.1155 gated=True (12.1s)
  [16] qlognei  regret=0.0240 gated=True (12.0s)
  [16] lhs      regret=0.4816 gated=False (2.5s)
  [16] sobol    regret=0.7517 gated=False (2.0s)
  [16] random   regret=0.7171 gated=False (2.1s)
  [16] versionb regret=0.2558 gated=False (2.9s)
  [16] versionb_random regret=0.7039 gated=False (2.2s)
  [16] versionb_predictive regret=0.4201 gated=False (2.9s)
  [16] plate1_only regret=0.4816 gated=False (2.2s)
  [17] doe      regret=0.4570 gated=True (2.0s)
  [17] qlogei   regret=0.2318 gated=True (9.3s)
  [17] qlognei  regret=0.2222 gated=True (12.1s)
  [17] lhs      regret=0.5655 gated=False (2.0s)
  [17] sobol    regret=0.5318 gated=False (2.3s)
  [17] random   regret=0.5991 gated=False (2.1s)
  [17] versionb regret=0.3624 gated=False (2.7s)
  [17] versionb_random regret=0.6007 gated=False (2.1s)
  [17] versionb_predictive regret=0.3624 gated=False (2.3s)
  [17] plate1_only regret=0.5655 gated=False (1.9s)
  [18] doe      regret=0.6205 gated=True (1.9s)
  [18] qlogei   regret=0.0838 gated=True (10.0s)
  [18] qlognei  regret=0.0902 gated=True (12.7s)
  [18] lhs      regret=0.5664 gated=False (2.1s)
  [18] sobol    regret=0.3921 gated=False (1.9s)
  [18] random   regret=0.3921 gated=False (1.9s)
  [18] versionb regret=0.3156 gated=False (3.0s)
  [18] versionb_random regret=0.3919 gated=False (2.3s)
  [18] versionb_predictive regret=0.3156 gated=False (2.6s)
  [18] plate1_only regret=0.5664 gated=False (2.0s)
  [19] doe      regret=0.3586 gated=True (1.9s)
  [19] qlogei   regret=0.1600 gated=True (9.5s)
  [19] qlognei  regret=0.1740 gated=True (11.6s)
  [19] lhs      regret=0.3023 gated=False (1.9s)
  [19] sobol    regret=0.6235 gated=False (2.0s)
  [19] random   regret=0.7673 gated=False (1.9s)
  [19] versionb regret=0.1890 gated=False (2.7s)
  [19] versionb_random regret=0.3401 gated=False (2.4s)
  [19] versionb_predictive regret=0.1890 gated=False (2.6s)
  [19] plate1_only regret=0.3023 gated=False (2.1s)
  [20] doe      regret=0.7013 gated=True (2.1s)
  [20] qlogei   regret=0.2328 gated=True (11.0s)
  [20] qlognei  regret=0.1899 gated=True (14.8s)
  [20] lhs      regret=0.5853 gated=False (3.0s)
  [20] sobol    regret=0.1313 gated=False (2.9s)
  [20] random   regret=0.6867 gated=False (2.3s)
  [20] versionb regret=0.2793 gated=False (2.8s)
  [20] versionb_random regret=0.5929 gated=False (2.2s)
  [20] versionb_predictive regret=0.1806 gated=False (2.8s)
  [20] plate1_only regret=0.5853 gated=False (2.1s)
  [21] doe      regret=0.5867 gated=True (2.1s)
  [21] qlogei   regret=0.2310 gated=True (13.9s)
  [21] qlognei  regret=0.1675 gated=True (10.3s)
  [21] lhs      regret=0.3904 gated=False (2.6s)
  [21] sobol    regret=0.4450 gated=False (3.1s)
  [21] random   regret=0.3887 gated=False (2.3s)
  [21] versionb regret=0.3359 gated=False (3.1s)
  [21] versionb_random regret=0.4263 gated=False (2.4s)
  [21] versionb_predictive regret=0.3359 gated=False (3.1s)
  [21] plate1_only regret=0.3904 gated=False (2.4s)
  [22] doe      regret=0.5663 gated=True (2.2s)
  [22] qlogei   regret=0.2258 gated=True (8.0s)
  [22] qlognei  regret=0.1168 gated=True (14.7s)
  [22] lhs      regret=0.6467 gated=False (2.1s)
  [22] sobol    regret=0.6816 gated=False (2.1s)
  [22] random   regret=0.6128 gated=False (2.4s)
  [22] versionb regret=0.2162 gated=False (3.3s)
  [22] versionb_random regret=0.5377 gated=False (2.2s)
  [22] versionb_predictive regret=0.2162 gated=False (2.9s)
  [22] plate1_only regret=0.6467 gated=False (2.1s)
  [23] doe      regret=0.4198 gated=True (2.1s)
  [23] qlogei   regret=0.2153 gated=True (10.5s)
  [23] qlognei  regret=0.3930 gated=True (11.1s)
  [23] lhs      regret=0.4640 gated=False (2.4s)
  [23] sobol    regret=0.5478 gated=False (2.3s)
  [23] random   regret=0.6166 gated=False (2.4s)
  [23] versionb regret=0.2278 gated=False (2.9s)
  [23] versionb_random regret=0.7932 gated=False (2.0s)
  [23] versionb_predictive regret=0.2278 gated=False (2.9s)
  [23] plate1_only regret=0.4640 gated=False (2.3s)
  [24] doe      regret=0.4570 gated=True (2.1s)
  [24] qlogei   regret=0.1055 gated=True (11.0s)
  [24] qlognei  regret=0.0659 gated=True (9.6s)
  [24] lhs      regret=0.7445 gated=False (1.9s)
  [24] sobol    regret=0.5297 gated=False (2.3s)
  [24] random   regret=0.6228 gated=False (2.1s)
  [24] versionb regret=0.3936 gated=False (2.8s)
  [24] versionb_random regret=0.3763 gated=False (2.3s)
  [24] versionb_predictive regret=0.3936 gated=False (2.8s)
  [24] plate1_only regret=0.7445 gated=False (1.8s)

250 campaigns in p6-hartmann6-d6-s0.1.ckpt.jsonl · 1092s · gate failures: 0
  results/p6-families.json is NOT written here. Run --merge when cells finish.
