P6 · levy d=6 sigma=0.1 · arms=('doe', 'qlogei', 'qlognei', 'lhs', 'sobol', 'random', 'versionb', 'versionb_random', 'versionb_predictive', 'plate1_only')
  tau from results/p5-tau-quantile.json: p=0.75->0.66477  p=0.25->0.84834  p=0.1->0.90346  p=0.01->0.95996
  gamma=(0.5, 0.7, 0.8, 0.9, 0.95, 0.99) (certification level ONLY; tau_q does not move with gamma)
  grid: 20000 Sobol at seed 0 · threads=1 · OMP=1
  ranking scalar: total_error_vol_pred (symmetric difference; NOT type I alone)
  UNGATABLE qlognei: q59-hartmann-no-screen.json is the only committed qlognei family column and it is hartmann6 at d=6 only; levy d=6 has no comparator and none is coming, so this arm is UNGATABLE at this cell.
  UNGATABLE lhs: no committed family column exists for 'lhs' on any family -- lhs/sobol/random are ungatable off hill (COVERAGE-MATRIX B4). Reproducibility is the RNG's: one static_design call and one evaluate call, both seeded.
  UNGATABLE sobol: no committed family column exists for 'sobol' on any family -- lhs/sobol/random are ungatable off hill (COVERAGE-MATRIX B4). Reproducibility is the RNG's: one static_design call and one evaluate call, both seeded.
  UNGATABLE random: no committed family column exists for 'random' on any family -- lhs/sobol/random are ungatable off hill (COVERAGE-MATRIX B4). Reproducibility is the RNG's: one static_design call and one evaluate call, both seeded.
  UNGATABLE versionb: 'versionb' has no committed family column and none can exist -- SPADE was never run off hill, so there is nothing to reproduce. UNGATED. Its only guarantee is SEED DETERMINISM: the same seed rebuilds the same two plates through the same imported run_versionb._two_plate. Every table carrying this arm says so.
  UNGATABLE versionb_random: 'versionb_random' has no committed family column and none can exist -- SPADE was never run off hill, so there is nothing to reproduce. UNGATED. Its only guarantee is SEED DETERMINISM: the same seed rebuilds the same two plates through the same imported run_versionb._two_plate. Every table carrying this arm says so.
  UNGATABLE versionb_predictive: 'versionb_predictive' has no committed family column and none can exist -- SPADE was never run off hill, so there is nothing to reproduce. UNGATED. Its only guarantee is SEED DETERMINISM: the same seed rebuilds the same two plates through the same imported run_versionb._two_plate. Every table carrying this arm says so.
  UNGATABLE plate1_only: plate1_only's comparator is k6-designspace-spread.json lhs, which is HILL-ONLY, so off hill it is UNGATED like the rest. Its only guarantee is SEED DETERMINISM. It is `lhs` at 48 wells (D23.1) and carries never_rank_separately so it is never counted as a second arm in any ranking.
  doe gate distinguishes the pre-D20 column on 13/25 committed seeds -- over the whole column, not just the seeds run here
  tau above the predictive ceiling in 10/24 (p, gamma) cells -- empty by the noise floor, flagged per row
    p=0.25@g=0.95  p=0.25@g=0.99  p=0.1@g=0.9  p=0.1@g=0.95  p=0.1@g=0.99  p=0.01@g=0.7  p=0.01@g=0.8  p=0.01@g=0.9  p=0.01@g=0.95  p=0.01@g=0.99
  checkpoint p6-levy-d6-s0.1.ckpt.jsonl: 0 campaigns already done

  [ 0] doe      regret=0.0364 gated=True (3.5s)
  [ 0] qlogei   regret=0.0366 gated=True (7.0s)
  [ 0] qlognei  regret=0.0337 gated=False (9.0s)
  [ 0] lhs      regret=0.0529 gated=False (2.1s)
  [ 0] sobol    regret=0.0779 gated=False (1.7s)
  [ 0] random   regret=0.0868 gated=False (2.0s)
  [ 0] versionb regret=0.0171 gated=False (2.8s)
  [ 0] versionb_random regret=0.0171 gated=False (2.2s)
  [ 0] versionb_predictive regret=0.0171 gated=False (2.5s)
  [ 0] plate1_only regret=0.0529 gated=False (1.9s)
  [ 1] doe      regret=0.0383 gated=True (2.0s)
  [ 1] qlogei   regret=0.0622 gated=True (8.7s)
  [ 1] qlognei  regret=0.1293 gated=False (8.7s)
  [ 1] lhs      regret=0.1194 gated=False (1.8s)
  [ 1] sobol    regret=0.0620 gated=False (1.7s)
  [ 1] random   regret=0.1222 gated=False (2.0s)
  [ 1] versionb regret=0.0911 gated=False (2.9s)
  [ 1] versionb_random regret=0.0911 gated=False (2.0s)
  [ 1] versionb_predictive regret=0.0911 gated=False (2.2s)
  [ 1] plate1_only regret=0.1194 gated=False (1.7s)
  [ 2] doe      regret=0.0383 gated=True (2.1s)
  [ 2] qlogei   regret=0.0693 gated=True (9.4s)
  [ 2] qlognei  regret=0.0625 gated=False (10.2s)
  [ 2] lhs      regret=0.0724 gated=False (1.7s)
  [ 2] sobol    regret=0.0569 gated=False (2.1s)
  [ 2] random   regret=0.0178 gated=False (2.4s)
  [ 2] versionb regret=0.1635 gated=False (2.6s)
  [ 2] versionb_random regret=0.1635 gated=False (2.0s)
  [ 2] versionb_predictive regret=0.1635 gated=False (2.6s)
  [ 2] plate1_only regret=0.0724 gated=False (2.9s)
  [ 3] doe      regret=0.0040 gated=True (3.0s)
  [ 3] qlogei   regret=0.1540 gated=True (13.9s)
  [ 3] qlognei  regret=0.1540 gated=False (18.4s)
  [ 3] lhs      regret=0.1100 gated=False (2.0s)
  [ 3] sobol    regret=0.1540 gated=False (2.0s)
  [ 3] random   regret=0.1540 gated=False (2.0s)
  [ 3] versionb regret=0.0858 gated=False (2.5s)
  [ 3] versionb_random regret=0.0858 gated=False (2.4s)
  [ 3] versionb_predictive regret=0.0858 gated=False (3.3s)
  [ 3] plate1_only regret=0.1100 gated=False (2.3s)
  [ 4] doe      regret=0.0040 gated=True (2.0s)
  [ 4] qlogei   regret=0.0802 gated=True (9.9s)
  [ 4] qlognei  regret=0.0802 gated=False (10.8s)
  [ 4] lhs      regret=0.1164 gated=False (1.9s)
  [ 4] sobol    regret=0.0802 gated=False (1.7s)
  [ 4] random   regret=0.1153 gated=False (1.9s)
  [ 4] versionb regret=0.1231 gated=False (2.4s)
  [ 4] versionb_random regret=0.1231 gated=False (2.3s)
  [ 4] versionb_predictive regret=0.1231 gated=False (2.5s)
  [ 4] plate1_only regret=0.1164 gated=False (2.0s)
  [ 5] doe      regret=0.0364 gated=True (2.1s)
  [ 5] qlogei   regret=0.0591 gated=True (9.7s)
  [ 5] qlognei  regret=0.0591 gated=False (13.6s)
  [ 5] lhs      regret=0.0922 gated=False (1.8s)
  [ 5] sobol    regret=0.0591 gated=False (2.0s)
  [ 5] random   regret=0.0591 gated=False (1.8s)
  [ 5] versionb regret=0.0962 gated=False (2.3s)
  [ 5] versionb_random regret=0.0962 gated=False (1.8s)
  [ 5] versionb_predictive regret=0.0962 gated=False (2.3s)
  [ 5] plate1_only regret=0.0922 gated=False (1.7s)
  [ 6] doe      regret=0.0040 gated=True (2.1s)
  [ 6] qlogei   regret=0.0411 gated=True (8.2s)
  [ 6] qlognei  regret=0.0147 gated=False (8.6s)
  [ 6] lhs      regret=0.0181 gated=False (2.0s)
  [ 6] sobol    regret=0.0870 gated=False (2.1s)
  [ 6] random   regret=0.0876 gated=False (1.8s)
  [ 6] versionb regret=0.0795 gated=False (2.5s)
  [ 6] versionb_random regret=0.0795 gated=False (2.0s)
  [ 6] versionb_predictive regret=0.0795 gated=False (2.7s)
  [ 6] plate1_only regret=0.0181 gated=False (2.1s)
  [ 7] doe      regret=0.0040 gated=True (2.0s)
  [ 7] qlogei   regret=0.0656 gated=True (9.7s)
  [ 7] qlognei  regret=0.0738 gated=False (12.6s)
  [ 7] lhs      regret=0.0618 gated=False (1.9s)
  [ 7] sobol    regret=0.0453 gated=False (1.7s)
  [ 7] random   regret=0.1368 gated=False (1.9s)
  [ 7] versionb regret=0.0346 gated=False (2.6s)
  [ 7] versionb_random regret=0.0346 gated=False (2.1s)
  [ 7] versionb_predictive regret=0.0346 gated=False (3.2s)
  [ 7] plate1_only regret=0.0618 gated=False (2.5s)
  [ 8] doe      regret=0.0337 gated=True (2.3s)
  [ 8] qlogei   regret=0.0375 gated=True (11.6s)
  [ 8] qlognei  regret=0.0610 gated=False (17.9s)
  [ 8] lhs      regret=0.0660 gated=False (1.9s)
  [ 8] sobol    regret=0.0643 gated=False (1.9s)
  [ 8] random   regret=0.1068 gated=False (1.8s)
  [ 8] versionb regret=0.0805 gated=False (2.3s)
  [ 8] versionb_random regret=0.1907 gated=False (2.0s)
  [ 8] versionb_predictive regret=0.0805 gated=False (2.4s)
  [ 8] plate1_only regret=0.0660 gated=False (1.8s)
  [ 9] doe      regret=0.0337 gated=True (2.2s)
  [ 9] qlogei   regret=0.1148 gated=True (8.5s)
  [ 9] qlognei  regret=0.1148 gated=False (14.3s)
  [ 9] lhs      regret=0.0706 gated=False (2.3s)
  [ 9] sobol    regret=0.1148 gated=False (2.4s)
  [ 9] random   regret=0.1148 gated=False (2.1s)
  [ 9] versionb regret=0.1077 gated=False (2.6s)
  [ 9] versionb_random regret=0.1077 gated=False (2.1s)
  [ 9] versionb_predictive regret=0.1077 gated=False (2.4s)
  [ 9] plate1_only regret=0.0706 gated=False (1.7s)
  [10] doe      regret=0.0040 gated=True (1.8s)
  [10] qlogei   regret=0.0104 gated=True (9.2s)
  [10] qlognei  regret=0.0100 gated=False (10.2s)
  [10] lhs      regret=0.1560 gated=False (1.7s)
  [10] sobol    regret=0.0374 gated=False (1.9s)
  [10] random   regret=0.0361 gated=False (1.8s)
  [10] versionb regret=0.1007 gated=False (2.3s)
  [10] versionb_random regret=0.0878 gated=False (2.1s)
  [10] versionb_predictive regret=0.0646 gated=False (3.0s)
  [10] plate1_only regret=0.1560 gated=False (1.9s)
  [11] doe      regret=0.0040 gated=True (2.1s)
  [11] qlogei   regret=0.0345 gated=True (12.7s)
  [11] qlognei  regret=0.0388 gated=False (15.2s)
  [11] lhs      regret=0.0325 gated=False (2.4s)
  [11] sobol    regret=0.0582 gated=False (2.9s)
  [11] random   regret=0.0582 gated=False (2.8s)
  [11] versionb regret=0.1266 gated=False (2.7s)
  [11] versionb_random regret=0.1266 gated=False (2.0s)
  [11] versionb_predictive regret=0.1266 gated=False (2.6s)
  [11] plate1_only regret=0.0325 gated=False (1.9s)
  [12] doe      regret=0.0337 gated=True (2.1s)
  [12] qlogei   regret=0.0852 gated=True (11.8s)
  [12] qlognei  regret=0.0852 gated=False (12.1s)
  [12] lhs      regret=0.0981 gated=False (2.0s)
  [12] sobol    regret=0.0504 gated=False (2.2s)
  [12] random   regret=0.0852 gated=False (2.0s)
  [12] versionb regret=0.0726 gated=False (2.4s)
  [12] versionb_random regret=0.0726 gated=False (2.0s)
  [12] versionb_predictive regret=0.0726 gated=False (2.4s)
  [12] plate1_only regret=0.0981 gated=False (2.0s)
  [13] doe      regret=0.0040 gated=True (2.1s)
  [13] qlogei   regret=0.0539 gated=True (6.6s)
  [13] qlognei  regret=0.0208 gated=False (7.7s)
  [13] lhs      regret=0.1152 gated=False (1.8s)
  [13] sobol    regret=0.1022 gated=False (1.7s)
  [13] random   regret=0.0355 gated=False (1.9s)
  [13] versionb regret=0.0454 gated=False (2.4s)
  [13] versionb_random regret=0.0454 gated=False (1.9s)
  [13] versionb_predictive regret=0.0454 gated=False (2.6s)
  [13] plate1_only regret=0.1152 gated=False (2.0s)
  [14] doe      regret=0.0364 gated=True (1.9s)
  [14] qlogei   regret=0.0514 gated=True (11.3s)
  [14] qlognei  regret=0.0749 gated=False (21.9s)
  [14] lhs      regret=0.1353 gated=False (2.0s)
  [14] sobol    regret=0.0260 gated=False (1.9s)
  [14] random   regret=0.1707 gated=False (1.7s)
  [14] versionb regret=0.1316 gated=False (2.2s)
  [14] versionb_random regret=0.1316 gated=False (2.1s)
  [14] versionb_predictive regret=0.1316 gated=False (2.4s)
  [14] plate1_only regret=0.1353 gated=False (2.0s)
  [15] doe      regret=0.0040 gated=True (1.9s)
  [15] qlogei   regret=0.1474 gated=True (11.1s)
  [15] qlognei  regret=0.0725 gated=False (16.1s)
  [15] lhs      regret=0.1307 gated=False (1.9s)
  [15] sobol    regret=0.1474 gated=False (1.8s)
  [15] random   regret=0.1099 gated=False (2.2s)
  [15] versionb regret=0.0627 gated=False (2.5s)
  [15] versionb_random regret=0.0627 gated=False (2.1s)
  [15] versionb_predictive regret=0.0627 gated=False (2.6s)
  [15] plate1_only regret=0.1307 gated=False (2.1s)
  [16] doe      regret=0.0364 gated=True (2.1s)
  [16] qlogei   regret=0.0440 gated=True (10.4s)
  [16] qlognei  regret=0.0596 gated=False (14.0s)
  [16] lhs      regret=0.1253 gated=False (2.0s)
  [16] sobol    regret=0.0596 gated=False (1.9s)
  [16] random   regret=0.0596 gated=False (1.6s)
  [16] versionb regret=0.0618 gated=False (2.2s)
  [16] versionb_random regret=0.0618 gated=False (1.8s)
  [16] versionb_predictive regret=0.0618 gated=False (2.4s)
  [16] plate1_only regret=0.1253 gated=False (2.0s)
  [17] doe      regret=0.0040 gated=True (1.9s)
  [17] qlogei   regret=0.1064 gated=True (7.3s)
  [17] qlognei  regret=0.1064 gated=False (10.4s)
  [17] lhs      regret=0.1441 gated=False (1.8s)
  [17] sobol    regret=0.1064 gated=False (2.0s)
  [17] random   regret=0.1064 gated=False (1.9s)
  [17] versionb regret=0.0928 gated=False (2.4s)
  [17] versionb_random regret=0.0703 gated=False (2.2s)
  [17] versionb_predictive regret=0.0928 gated=False (2.5s)
  [17] plate1_only regret=0.1441 gated=False (1.8s)
  [18] doe      regret=0.1237 gated=True (1.9s)
  [18] qlogei   regret=0.1568 gated=True (10.4s)
  [18] qlognei  regret=0.0412 gated=False (10.1s)
  [18] lhs      regret=0.1832 gated=False (1.9s)
  [18] sobol    regret=0.1008 gated=False (3.3s)
  [18] random   regret=0.1008 gated=False (2.1s)
  [18] versionb regret=0.1528 gated=False (2.5s)
  [18] versionb_random regret=0.1528 gated=False (2.0s)
  [18] versionb_predictive regret=0.1528 gated=False (2.5s)
  [18] plate1_only regret=0.1832 gated=False (2.4s)
  [19] doe      regret=0.0040 gated=True (2.7s)
  [19] qlogei   regret=0.0538 gated=True (11.4s)
  [19] qlognei  regret=0.0677 gated=False (17.6s)
  [19] lhs      regret=0.0757 gated=False (2.3s)
  [19] sobol    regret=0.0337 gated=False (2.2s)
  [19] random   regret=0.0409 gated=False (2.1s)
  [19] versionb regret=0.0851 gated=False (2.3s)
  [19] versionb_random regret=0.0851 gated=False (1.7s)
  [19] versionb_predictive regret=0.0851 gated=False (2.4s)
  [19] plate1_only regret=0.0757 gated=False (2.0s)
  [20] doe      regret=0.0364 gated=True (2.1s)
  [20] qlogei   regret=0.0953 gated=True (10.5s)
  [20] qlognei  regret=0.0858 gated=False (13.9s)
  [20] lhs      regret=0.0658 gated=False (1.9s)
  [20] sobol    regret=0.1510 gated=False (1.7s)
  [20] random   regret=0.1380 gated=False (1.8s)
  [20] versionb regret=0.0448 gated=False (2.2s)
  [20] versionb_random regret=0.0448 gated=False (1.8s)
  [20] versionb_predictive regret=0.0448 gated=False (2.4s)
  [20] plate1_only regret=0.0658 gated=False (1.9s)
  [21] doe      regret=0.0040 gated=True (2.0s)
  [21] qlogei   regret=0.0645 gated=True (9.9s)
  [21] qlognei  regret=0.0585 gated=False (11.2s)
  [21] lhs      regret=0.0296 gated=False (1.9s)
  [21] sobol    regret=0.0305 gated=False (2.1s)
  [21] random   regret=0.0994 gated=False (1.8s)
  [21] versionb regret=0.0702 gated=False (2.4s)
  [21] versionb_random regret=0.0702 gated=False (1.9s)
  [21] versionb_predictive regret=0.0702 gated=False (2.3s)
  [21] plate1_only regret=0.0296 gated=False (1.9s)
  [22] doe      regret=0.0337 gated=True (2.0s)
  [22] qlogei   regret=0.0669 gated=True (12.1s)
  [22] qlognei  regret=0.0166 gated=False (20.8s)
  [22] lhs      regret=0.1073 gated=False (2.0s)
  [22] sobol    regret=0.0111 gated=False (1.9s)
  [22] random   regret=0.0779 gated=False (1.9s)
  [22] versionb regret=0.0968 gated=False (2.6s)
  [22] versionb_random regret=0.0968 gated=False (2.1s)
  [22] versionb_predictive regret=0.0968 gated=False (2.5s)
  [22] plate1_only regret=0.1073 gated=False (2.1s)
  [23] doe      regret=0.0040 gated=True (2.1s)
  [23] qlogei   regret=0.1436 gated=True (10.3s)
  [23] qlognei  regret=0.0250 gated=False (13.5s)
  [23] lhs      regret=0.1269 gated=False (1.7s)
  [23] sobol    regret=0.1676 gated=False (2.0s)
  [23] random   regret=0.0781 gated=False (2.0s)
  [23] versionb regret=0.1016 gated=False (2.1s)
  [23] versionb_random regret=0.1016 gated=False (1.9s)
  [23] versionb_predictive regret=0.1016 gated=False (2.5s)
  [23] plate1_only regret=0.1269 gated=False (1.8s)
  [24] doe      regret=0.0364 gated=True (2.0s)
  [24] qlogei   regret=0.0508 gated=True (16.9s)
  [24] qlognei  regret=0.0431 gated=False (17.5s)
  [24] lhs      regret=0.1174 gated=False (2.0s)
  [24] sobol    regret=0.0720 gated=False (2.0s)
  [24] random   regret=0.0417 gated=False (2.0s)
  [24] versionb regret=0.0584 gated=False (2.4s)
  [24] versionb_random regret=0.0584 gated=False (2.1s)
  [24] versionb_predictive regret=0.0584 gated=False (2.5s)
  [24] plate1_only regret=0.1174 gated=False (2.0s)

250 campaigns in p6-levy-d6-s0.1.ckpt.jsonl · 1036s · gate failures: 0
  results/p6-families.json is NOT written here. Run --merge when cells finish.
