P6 · rosenbrock d=8 sigma=0.1 · arms=('doe', 'qlogei', 'qlognei', 'lhs', 'sobol', 'random', 'versionb', 'versionb_random', 'versionb_predictive', 'plate1_only')
  tau from results/p5-tau-quantile.json: p=0.75->0.71057  p=0.25->0.87243  p=0.1->0.91981  p=0.01->0.97057
  gamma=(0.5, 0.7, 0.8, 0.9, 0.95, 0.99) (certification level ONLY; tau_q does not move with gamma)
  grid: 20000 Sobol at seed 0 · threads=1 · OMP=1
  ranking scalar: total_error_vol_pred (symmetric difference; NOT type I alone)
  UNGATABLE qlognei: q59-hartmann-no-screen.json is the only committed qlognei family column and it is hartmann6 at d=6 only; rosenbrock d=8 has no comparator and none is coming, so this arm is UNGATABLE at this cell.
  UNGATABLE lhs: no committed family column exists for 'lhs' on any family -- lhs/sobol/random are ungatable off hill (COVERAGE-MATRIX B4). Reproducibility is the RNG's: one static_design call and one evaluate call, both seeded.
  UNGATABLE sobol: no committed family column exists for 'sobol' on any family -- lhs/sobol/random are ungatable off hill (COVERAGE-MATRIX B4). Reproducibility is the RNG's: one static_design call and one evaluate call, both seeded.
  UNGATABLE random: no committed family column exists for 'random' on any family -- lhs/sobol/random are ungatable off hill (COVERAGE-MATRIX B4). Reproducibility is the RNG's: one static_design call and one evaluate call, both seeded.
  UNGATABLE versionb: 'versionb' has no committed family column and none can exist -- SPADE was never run off hill, so there is nothing to reproduce. UNGATED. Its only guarantee is SEED DETERMINISM: the same seed rebuilds the same two plates through the same imported run_versionb._two_plate. Every table carrying this arm says so.
  UNGATABLE versionb_random: 'versionb_random' has no committed family column and none can exist -- SPADE was never run off hill, so there is nothing to reproduce. UNGATED. Its only guarantee is SEED DETERMINISM: the same seed rebuilds the same two plates through the same imported run_versionb._two_plate. Every table carrying this arm says so.
  UNGATABLE versionb_predictive: 'versionb_predictive' has no committed family column and none can exist -- SPADE was never run off hill, so there is nothing to reproduce. UNGATED. Its only guarantee is SEED DETERMINISM: the same seed rebuilds the same two plates through the same imported run_versionb._two_plate. Every table carrying this arm says so.
  UNGATABLE plate1_only: plate1_only's comparator is k6-designspace-spread.json lhs, which is HILL-ONLY, so off hill it is UNGATED like the rest. Its only guarantee is SEED DETERMINISM. It is `lhs` at 48 wells (D23.1) and carries never_rank_separately so it is never counted as a second arm in any ranking.
  doe gate distinguishes the pre-D20 column on 18/25 committed seeds -- over the whole column, not just the seeds run here
  tau above the predictive ceiling in 12/24 (p, gamma) cells -- empty by the noise floor, flagged per row
    p=0.25@g=0.9  p=0.25@g=0.95  p=0.25@g=0.99  p=0.1@g=0.8  p=0.1@g=0.9  p=0.1@g=0.95  p=0.1@g=0.99  p=0.01@g=0.7  p=0.01@g=0.8  p=0.01@g=0.9  p=0.01@g=0.95  p=0.01@g=0.99
  checkpoint p6-rosenbrock-d8-s0.1.ckpt.jsonl: 0 campaigns already done

  [ 0] doe      regret=0.0277 gated=True (1.9s)
  [ 0] qlogei   regret=0.0286 gated=True (5.9s)
  [ 0] qlognei  regret=0.0116 gated=False (10.8s)
  [ 0] lhs      regret=0.0365 gated=False (1.7s)
  [ 0] sobol    regret=0.0286 gated=False (1.9s)
  [ 0] random   regret=0.0286 gated=False (2.0s)
  [ 0] versionb regret=0.0395 gated=False (2.3s)
  [ 0] versionb_random regret=0.0395 gated=False (1.6s)
  [ 0] versionb_predictive regret=0.0395 gated=False (2.5s)
  [ 0] plate1_only regret=0.0365 gated=False (1.8s)
  [ 1] doe      regret=0.0143 gated=True (1.6s)
  [ 1] qlogei   regret=0.0654 gated=True (7.4s)
  [ 1] qlognei  regret=0.0153 gated=False (7.9s)
  [ 1] lhs      regret=0.1562 gated=False (1.7s)
  [ 1] sobol    regret=0.0526 gated=False (1.7s)
  [ 1] random   regret=0.0320 gated=False (2.4s)
  [ 1] versionb regret=0.0857 gated=False (2.2s)
  [ 1] versionb_random regret=0.0857 gated=False (1.9s)
  [ 1] versionb_predictive regret=0.0857 gated=False (2.1s)
  [ 1] plate1_only regret=0.1562 gated=False (1.7s)
  [ 2] doe      regret=0.0143 gated=True (1.7s)
  [ 2] qlogei   regret=0.0427 gated=True (7.3s)
  [ 2] qlognei  regret=0.0131 gated=False (8.7s)
  [ 2] lhs      regret=0.0861 gated=False (1.7s)
  [ 2] sobol    regret=0.0258 gated=False (2.2s)
  [ 2] random   regret=0.0991 gated=False (2.1s)
  [ 2] versionb regret=0.0336 gated=False (2.9s)
  [ 2] versionb_random regret=0.0336 gated=False (2.5s)
  [ 2] versionb_predictive regret=0.0336 gated=False (2.9s)
  [ 2] plate1_only regret=0.0861 gated=False (1.7s)
  [ 3] doe      regret=0.0004 gated=True (1.6s)
  [ 3] qlogei   regret=0.1809 gated=True (8.7s)
  [ 3] qlognei  regret=0.1809 gated=False (12.0s)
  [ 3] lhs      regret=0.0953 gated=False (1.7s)
  [ 3] sobol    regret=0.0976 gated=False (1.8s)
  [ 3] random   regret=0.1809 gated=False (2.0s)
  [ 3] versionb regret=0.0631 gated=False (2.4s)
  [ 3] versionb_random regret=0.0631 gated=False (2.0s)
  [ 3] versionb_predictive regret=0.0631 gated=False (2.4s)
  [ 3] plate1_only regret=0.0953 gated=False (1.7s)
  [ 4] doe      regret=0.0755 gated=True (1.5s)
  [ 4] qlogei   regret=0.1402 gated=True (8.5s)
  [ 4] qlognei  regret=0.1402 gated=False (7.9s)
  [ 4] lhs      regret=0.0646 gated=False (2.1s)
  [ 4] sobol    regret=0.1402 gated=False (2.5s)
  [ 4] random   regret=0.0594 gated=False (1.9s)
  [ 4] versionb regret=0.1366 gated=False (2.3s)
  [ 4] versionb_random regret=0.0848 gated=False (2.0s)
  [ 4] versionb_predictive regret=0.1366 gated=False (2.2s)
  [ 4] plate1_only regret=0.0646 gated=False (2.2s)
  [ 5] doe      regret=0.0143 gated=True (1.7s)
  [ 5] qlogei   regret=0.0679 gated=True (10.5s)
  [ 5] qlognei  regret=0.0145 gated=False (9.5s)
  [ 5] lhs      regret=0.1065 gated=False (1.7s)
  [ 5] sobol    regret=0.0339 gated=False (1.6s)
  [ 5] random   regret=0.1765 gated=False (1.6s)
  [ 5] versionb regret=0.1368 gated=False (2.0s)
  [ 5] versionb_random regret=0.1368 gated=False (1.9s)
  [ 5] versionb_predictive regret=0.1368 gated=False (2.3s)
  [ 5] plate1_only regret=0.1065 gated=False (1.7s)
  [ 6] doe      regret=0.0004 gated=True (1.7s)
  [ 6] qlogei   regret=0.0368 gated=True (7.2s)
  [ 6] qlognei  regret=0.0809 gated=False (13.0s)
  [ 6] lhs      regret=0.0395 gated=False (2.0s)
  [ 6] sobol    regret=0.0847 gated=False (2.2s)
  [ 6] random   regret=0.1100 gated=False (2.1s)
  [ 6] versionb regret=0.0426 gated=False (2.5s)
  [ 6] versionb_random regret=0.0426 gated=False (2.1s)
  [ 6] versionb_predictive regret=0.0426 gated=False (2.6s)
  [ 6] plate1_only regret=0.0395 gated=False (2.0s)
  [ 7] doe      regret=0.0143 gated=True (1.5s)
  [ 7] qlogei   regret=0.0090 gated=True (6.1s)
  [ 7] qlognei  regret=0.0907 gated=False (10.3s)
  [ 7] lhs      regret=0.0346 gated=False (1.6s)
  [ 7] sobol    regret=0.0285 gated=False (1.7s)
  [ 7] random   regret=0.0285 gated=False (1.7s)
  [ 7] versionb regret=0.0899 gated=False (2.3s)
  [ 7] versionb_random regret=0.0899 gated=False (1.8s)
  [ 7] versionb_predictive regret=0.0899 gated=False (2.2s)
  [ 7] plate1_only regret=0.0346 gated=False (1.6s)
  [ 8] doe      regret=0.0140 gated=True (1.7s)
  [ 8] qlogei   regret=0.0482 gated=True (9.8s)
  [ 8] qlognei  regret=0.0443 gated=False (9.6s)
  [ 8] lhs      regret=0.0439 gated=False (2.0s)
  [ 8] sobol    regret=0.0728 gated=False (2.0s)
  [ 8] random   regret=0.0738 gated=False (1.7s)
  [ 8] versionb regret=0.0803 gated=False (2.4s)
  [ 8] versionb_random regret=0.0685 gated=False (2.3s)
  [ 8] versionb_predictive regret=0.0803 gated=False (2.4s)
  [ 8] plate1_only regret=0.0439 gated=False (2.0s)
  [ 9] doe      regret=0.0071 gated=True (1.5s)
  [ 9] qlogei   regret=0.0117 gated=True (7.8s)
  [ 9] qlognei  regret=0.0627 gated=False (9.9s)
  [ 9] lhs      regret=0.0793 gated=False (2.0s)
  [ 9] sobol    regret=0.0350 gated=False (2.0s)
  [ 9] random   regret=0.1418 gated=False (1.9s)
  [ 9] versionb regret=0.0523 gated=False (2.1s)
  [ 9] versionb_random regret=0.0523 gated=False (1.9s)
  [ 9] versionb_predictive regret=0.0523 gated=False (2.2s)
  [ 9] plate1_only regret=0.0793 gated=False (1.9s)
  [10] doe      regret=0.0347 gated=True (1.5s)
  [10] qlogei   regret=0.0108 gated=True (10.3s)
  [10] qlognei  regret=0.0323 gated=False (10.3s)
  [10] lhs      regret=0.0488 gated=False (1.4s)
  [10] sobol    regret=0.0345 gated=False (1.9s)
  [10] random   regret=0.0345 gated=False (1.7s)
  [10] versionb regret=0.0847 gated=False (2.2s)
  [10] versionb_random regret=0.0847 gated=False (1.8s)
  [10] versionb_predictive regret=0.0847 gated=False (2.2s)
  [10] plate1_only regret=0.0488 gated=False (1.5s)
  [11] doe      regret=0.0004 gated=True (1.7s)
  [11] qlogei   regret=0.0404 gated=True (13.7s)
  [11] qlognei  regret=0.0404 gated=False (9.1s)
  [11] lhs      regret=0.0390 gated=False (1.8s)
  [11] sobol    regret=0.0390 gated=False (2.3s)
  [11] random   regret=0.0404 gated=False (1.7s)
  [11] versionb regret=0.0691 gated=False (2.5s)
  [11] versionb_random regret=0.0691 gated=False (1.8s)
  [11] versionb_predictive regret=0.0691 gated=False (2.1s)
  [11] plate1_only regret=0.0390 gated=False (1.6s)
  [12] doe      regret=0.0140 gated=True (1.7s)
  [12] qlogei   regret=0.0484 gated=True (8.4s)
  [12] qlognei  regret=0.0505 gated=False (8.6s)
  [12] lhs      regret=0.0783 gated=False (1.9s)
  [12] sobol    regret=0.0347 gated=False (1.7s)
  [12] random   regret=0.0335 gated=False (1.8s)
  [12] versionb regret=0.0795 gated=False (2.2s)
  [12] versionb_random regret=0.0795 gated=False (1.9s)
  [12] versionb_predictive regret=0.0795 gated=False (2.5s)
  [12] plate1_only regret=0.0783 gated=False (1.9s)
  [13] doe      regret=0.0140 gated=True (1.6s)
  [13] qlogei   regret=0.0754 gated=True (7.4s)
  [13] qlognei  regret=0.0754 gated=False (6.6s)
  [13] lhs      regret=0.0703 gated=False (2.1s)
  [13] sobol    regret=0.0754 gated=False (2.1s)
  [13] random   regret=0.0754 gated=False (1.7s)
  [13] versionb regret=0.0896 gated=False (2.6s)
  [13] versionb_random regret=0.0896 gated=False (2.2s)
  [13] versionb_predictive regret=0.0896 gated=False (2.7s)
  [13] plate1_only regret=0.0703 gated=False (2.0s)
  [14] doe      regret=0.0418 gated=True (1.7s)
  [14] qlogei   regret=0.0448 gated=True (6.3s)
  [14] qlognei  regret=0.0424 gated=False (7.4s)
  [14] lhs      regret=0.0491 gated=False (2.4s)
  [14] sobol    regret=0.1590 gated=False (2.0s)
  [14] random   regret=0.1590 gated=False (2.0s)
  [14] versionb regret=0.0972 gated=False (2.6s)
  [14] versionb_random regret=0.0972 gated=False (1.9s)
  [14] versionb_predictive regret=0.0972 gated=False (2.6s)
  [14] plate1_only regret=0.0491 gated=False (2.3s)
  [15] doe      regret=0.0004 gated=True (1.6s)
  [15] qlogei   regret=0.0145 gated=True (8.0s)
  [15] qlognei  regret=0.0145 gated=False (12.1s)
  [15] lhs      regret=0.0301 gated=False (1.9s)
  [15] sobol    regret=0.0375 gated=False (2.2s)
  [15] random   regret=0.0145 gated=False (2.1s)
  [15] versionb regret=0.0391 gated=False (2.7s)
  [15] versionb_random regret=0.0391 gated=False (2.0s)
  [15] versionb_predictive regret=0.0391 gated=False (2.6s)
  [15] plate1_only regret=0.0301 gated=False (2.0s)
  [16] doe      regret=0.0143 gated=True (1.6s)
  [16] qlogei   regret=0.0485 gated=True (6.3s)
  [16] qlognei  regret=0.0547 gated=False (12.9s)
  [16] lhs      regret=0.0660 gated=False (2.1s)
  [16] sobol    regret=0.0457 gated=False (2.0s)
  [16] random   regret=0.0690 gated=False (2.5s)
  [16] versionb regret=0.1101 gated=False (3.3s)
  [16] versionb_random regret=0.1101 gated=False (2.1s)
  [16] versionb_predictive regret=0.1101 gated=False (2.6s)
  [16] plate1_only regret=0.0660 gated=False (2.0s)
  [17] doe      regret=0.0004 gated=True (1.6s)
  [17] qlogei   regret=0.0278 gated=True (8.0s)
  [17] qlognei  regret=0.0159 gated=False (15.1s)
  [17] lhs      regret=0.1078 gated=False (2.1s)
  [17] sobol    regret=0.1155 gated=False (2.0s)
  [17] random   regret=0.0956 gated=False (1.8s)
  [17] versionb regret=0.0405 gated=False (2.6s)
  [17] versionb_random regret=0.0405 gated=False (2.3s)
  [17] versionb_predictive regret=0.0405 gated=False (2.8s)
  [17] plate1_only regret=0.1078 gated=False (2.0s)
  [18] doe      regret=0.0413 gated=True (1.6s)
  [18] qlogei   regret=0.0600 gated=True (10.4s)
  [18] qlognei  regret=0.0262 gated=False (11.8s)
  [18] lhs      regret=0.0286 gated=False (2.2s)
  [18] sobol    regret=0.0275 gated=False (2.1s)
  [18] random   regret=0.0275 gated=False (2.5s)
  [18] versionb regret=0.1643 gated=False (3.0s)
  [18] versionb_random regret=0.1643 gated=False (2.3s)
  [18] versionb_predictive regret=0.1643 gated=False (3.2s)
  [18] plate1_only regret=0.0286 gated=False (2.3s)
  [19] doe      regret=0.0344 gated=True (1.6s)
  [19] qlogei   regret=0.1187 gated=True (7.5s)
  [19] qlognei  regret=0.1187 gated=False (8.1s)
  [19] lhs      regret=0.0827 gated=False (2.1s)
  [19] sobol    regret=0.0122 gated=False (2.5s)
  [19] random   regret=0.1187 gated=False (2.3s)
  [19] versionb regret=0.1259 gated=False (2.1s)
  [19] versionb_random regret=0.1259 gated=False (2.2s)
  [19] versionb_predictive regret=0.1259 gated=False (2.9s)
  [19] plate1_only regret=0.0827 gated=False (2.3s)
  [20] doe      regret=0.0143 gated=True (1.9s)
  [20] qlogei   regret=0.1211 gated=True (7.1s)
  [20] qlognei  regret=0.0900 gated=False (8.8s)
  [20] lhs      regret=0.1312 gated=False (2.4s)
  [20] sobol    regret=0.1052 gated=False (3.9s)
  [20] random   regret=0.0799 gated=False (4.5s)
  [20] versionb regret=0.0697 gated=False (6.4s)
  [20] versionb_random regret=0.0697 gated=False (5.3s)
  [20] versionb_predictive regret=0.0697 gated=False (4.2s)
  [20] plate1_only regret=0.1312 gated=False (4.5s)
  [21] doe      regret=0.0004 gated=True (3.2s)
  [21] qlogei   regret=0.0847 gated=True (13.8s)
  [21] qlognei  regret=0.0574 gated=False (11.1s)
  [21] lhs      regret=0.0753 gated=False (2.2s)
  [21] sobol    regret=0.0847 gated=False (2.0s)
  [21] random   regret=0.0847 gated=False (2.3s)
  [21] versionb regret=0.0166 gated=False (2.8s)
  [21] versionb_random regret=0.0166 gated=False (2.7s)
  [21] versionb_predictive regret=0.0166 gated=False (3.1s)
  [21] plate1_only regret=0.0753 gated=False (1.9s)
  [22] doe      regret=0.0344 gated=True (2.2s)
  [22] qlogei   regret=0.0481 gated=True (11.8s)
  [22] qlognei  regret=0.0219 gated=False (13.3s)
  [22] lhs      regret=0.0591 gated=False (2.3s)
  [22] sobol    regret=0.0481 gated=False (2.2s)
  [22] random   regret=0.0481 gated=False (2.1s)
  [22] versionb regret=0.0300 gated=False (2.3s)
  [22] versionb_random regret=0.0300 gated=False (2.3s)
  [22] versionb_predictive regret=0.0300 gated=False (2.2s)
  [22] plate1_only regret=0.0591 gated=False (2.3s)
  [23] doe      regret=0.0004 gated=True (1.8s)
  [23] qlogei   regret=0.0118 gated=True (11.5s)
  [23] qlognei  regret=0.0804 gated=False (16.0s)
  [23] lhs      regret=0.0878 gated=False (2.4s)
  [23] sobol    regret=0.1475 gated=False (2.0s)
  [23] random   regret=0.0443 gated=False (2.1s)
  [23] versionb regret=0.1112 gated=False (2.6s)
  [23] versionb_random regret=0.1112 gated=False (2.1s)
  [23] versionb_predictive regret=0.1112 gated=False (2.6s)
  [23] plate1_only regret=0.0878 gated=False (2.3s)
  [24] doe      regret=0.0071 gated=True (1.6s)
  [24] qlogei   regret=0.0634 gated=True (9.9s)
  [24] qlognei  regret=0.0278 gated=False (11.0s)
  [24] lhs      regret=0.0671 gated=False (1.7s)
  [24] sobol    regret=0.1373 gated=False (1.8s)
  [24] random   regret=0.0631 gated=False (1.8s)
  [24] versionb regret=0.0911 gated=False (2.6s)
  [24] versionb_random regret=0.0911 gated=False (1.8s)
  [24] versionb_predictive regret=0.0911 gated=False (2.6s)
  [24] plate1_only regret=0.0671 gated=False (1.5s)

250 campaigns in p6-rosenbrock-d8-s0.1.ckpt.jsonl · 930s · gate failures: 0
  results/p6-families.json is NOT written here. Run --merge when cells finish.
