P8 · SPADE's certificate off hill · d=6 sigma=0.25
families ('hill', 'hartmann6', 'levy', 'rosenbrock', 'ackley') · arms ('versionb', 'versionb_random', 'versionb_predictive', 'plate1_only') · n_draws=4096
campaigns per family: {'hill': 50, 'hartmann6': 50, 'levy': 50, 'rosenbrock': 50, 'ackley': 50}
gate: hill ('regret', 'n_wells') against p2-versionb-gamma at |delta| = 0
1000 campaigns

[   4/1000] hill        03346619 seed=0   rows=    96 gate_fail=0 (2.4m, eta 602m)
[   8/1000] hill        03346619 seed=1   rows=   192 gate_fail=0 (5.2m, eta 645m)
[  12/1000] hill        0a6e0788 seed=0   rows=   288 gate_fail=0 (8.4m, eta 690m)
[  16/1000] hill        0a6e0788 seed=1   rows=   384 gate_fail=0 (11.3m, eta 696m)
[  20/1000] hill        0ed87c75 seed=0   rows=   480 gate_fail=0 (13.3m, eta 654m)
[  24/1000] hill        0ed87c75 seed=1   rows=   576 gate_fail=0 (15.8m, eta 641m)
[  28/1000] hill        32bb966a seed=0   rows=   672 gate_fail=0 (17.7m, eta 616m)
[  32/1000] hill        32bb966a seed=1   rows=   768 gate_fail=0 (20.1m, eta 608m)
[  36/1000] hill        443c1802 seed=0   rows=   864 gate_fail=0 (22.3m, eta 596m)
[  40/1000] hill        443c1802 seed=1   rows=   960 gate_fail=0 (24.5m, eta 589m)
[  44/1000] hill        48b1324d seed=0   rows=  1056 gate_fail=0 (26.2m, eta 570m)
[  48/1000] hill        48b1324d seed=1   rows=  1152 gate_fail=0 (28.6m, eta 566m)
[  52/1000] hill        4d4f7158 seed=0   rows=  1248 gate_fail=0 (30.7m, eta 559m)
[  56/1000] hill        4d4f7158 seed=1   rows=  1344 gate_fail=0 (32.9m, eta 555m)
[  60/1000] hill        51cf489c seed=0   rows=  1440 gate_fail=0 (35.1m, eta 550m)
[  64/1000] hill        51cf489c seed=1   rows=  1536 gate_fail=0 (37.5m, eta 548m)
[  68/1000] hill        578e5d87 seed=0   rows=  1632 gate_fail=0 (39.0m, eta 535m)
[  72/1000] hill        578e5d87 seed=1   rows=  1728 gate_fail=0 (41.4m, eta 534m)
[  76/1000] hill        59e42027 seed=0   rows=  1824 gate_fail=0 (43.4m, eta 528m)
[  80/1000] hill        59e42027 seed=1   rows=  1920 gate_fail=0 (45.7m, eta 526m)
[  84/1000] hill        5b3926ef seed=0   rows=  2016 gate_fail=0 (48.5m, eta 528m)
[  88/1000] hill        5b3926ef seed=1   rows=  2112 gate_fail=0 (51.7m, eta 536m)
[  92/1000] hill        763e0f58 seed=0   rows=  2208 gate_fail=0 (54.4m, eta 537m)
[  96/1000] hill        763e0f58 seed=1   rows=  2304 gate_fail=0 (57.3m, eta 539m)
[ 100/1000] hill        7b6071e5 seed=0   rows=  2400 gate_fail=0 (59.7m, eta 537m)
[ 104/1000] hill        7b6071e5 seed=1   rows=  2496 gate_fail=0 (62.6m, eta 540m)
[ 108/1000] hill        7ef3fc89 seed=0   rows=  2592 gate_fail=0 (64.8m, eta 535m)
[ 112/1000] hill        7ef3fc89 seed=1   rows=  2688 gate_fail=0 (67.9m, eta 538m)
[ 116/1000] hill        7f5c7431 seed=0   rows=  2784 gate_fail=0 (70.5m, eta 537m)
[ 120/1000] hill        7f5c7431 seed=1   rows=  2880 gate_fail=0 (73.3m, eta 538m)
[ 124/1000] hill        8abe35e9 seed=0   rows=  2976 gate_fail=0 (76.3m, eta 539m)
[ 128/1000] hill        8abe35e9 seed=1   rows=  3072 gate_fail=0 (80.0m, eta 545m)
[ 132/1000] hill        9414bc87 seed=0   rows=  3168 gate_fail=0 (82.9m, eta 545m)
[ 136/1000] hill        9414bc87 seed=1   rows=  3264 gate_fail=0 (86.0m, eta 546m)
[ 140/1000] hill        9f3cdb4d seed=0   rows=  3360 gate_fail=0 (88.7m, eta 545m)
[ 144/1000] hill        9f3cdb4d seed=1   rows=  3456 gate_fail=0 (91.7m, eta 545m)
[ 148/1000] hill        c75f6d6f seed=0   rows=  3552 gate_fail=0 (94.3m, eta 543m)
[ 152/1000] hill        c75f6d6f seed=1   rows=  3648 gate_fail=0 (97.4m, eta 544m)
[ 156/1000] hill        ce7334da seed=0   rows=  3744 gate_fail=0 (99.8m, eta 540m)
[ 160/1000] hill        ce7334da seed=1   rows=  3840 gate_fail=0 (102.4m, eta 538m)
[ 164/1000] hill        da5ec2fb seed=0   rows=  3936 gate_fail=0 (104.8m, eta 534m)
[ 168/1000] hill        da5ec2fb seed=1   rows=  4032 gate_fail=0 (107.3m, eta 531m)
[ 172/1000] hill        e402c329 seed=0   rows=  4128 gate_fail=0 (109.6m, eta 528m)
[ 176/1000] hill        e402c329 seed=1   rows=  4224 gate_fail=0 (111.8m, eta 524m)
[ 180/1000] hill        e946207e seed=0   rows=  4320 gate_fail=0 (113.5m, eta 517m)
[ 184/1000] hill        e946207e seed=1   rows=  4416 gate_fail=0 (115.6m, eta 512m)
[ 188/1000] hill        ef2815cd seed=0   rows=  4512 gate_fail=0 (117.2m, eta 506m)
[ 192/1000] hill        ef2815cd seed=1   rows=  4608 gate_fail=0 (119.4m, eta 502m)
[ 196/1000] hill        f79c5cf1 seed=0   rows=  4704 gate_fail=0 (121.3m, eta 498m)
[ 200/1000] hill        f79c5cf1 seed=1   rows=  4800 gate_fail=0 (123.8m, eta 495m)
[ 204/1000] hartmann6   hartmann seed=0   rows=  4896 gate_fail=0 (124.2m, eta 485m)
[ 208/1000] hartmann6   hartmann seed=1   rows=  4992 gate_fail=0 (124.6m, eta 475m)
[ 212/1000] hartmann6   hartmann seed=2   rows=  5088 gate_fail=0 (125.1m, eta 465m)
[ 216/1000] hartmann6   hartmann seed=3   rows=  5184 gate_fail=0 (125.5m, eta 455m)
[ 220/1000] hartmann6   hartmann seed=4   rows=  5280 gate_fail=0 (125.8m, eta 446m)
[ 224/1000] hartmann6   hartmann seed=5   rows=  5376 gate_fail=0 (126.2m, eta 437m)
[ 228/1000] hartmann6   hartmann seed=6   rows=  5472 gate_fail=0 (126.5m, eta 428m)
[ 232/1000] hartmann6   hartmann seed=7   rows=  5568 gate_fail=0 (126.9m, eta 420m)
[ 236/1000] hartmann6   hartmann seed=8   rows=  5664 gate_fail=0 (127.3m, eta 412m)
[ 240/1000] hartmann6   hartmann seed=9   rows=  5760 gate_fail=0 (127.7m, eta 404m)
[ 244/1000] hartmann6   hartmann seed=10  rows=  5856 gate_fail=0 (128.0m, eta 397m)
[ 248/1000] hartmann6   hartmann seed=11  rows=  5952 gate_fail=0 (128.4m, eta 389m)
[ 252/1000] hartmann6   hartmann seed=12  rows=  6048 gate_fail=0 (128.8m, eta 382m)
[ 256/1000] hartmann6   hartmann seed=13  rows=  6144 gate_fail=0 (129.1m, eta 375m)
[ 260/1000] hartmann6   hartmann seed=14  rows=  6240 gate_fail=0 (129.5m, eta 369m)
[ 264/1000] hartmann6   hartmann seed=15  rows=  6336 gate_fail=0 (129.9m, eta 362m)
[ 268/1000] hartmann6   hartmann seed=16  rows=  6432 gate_fail=0 (130.2m, eta 356m)
[ 272/1000] hartmann6   hartmann seed=17  rows=  6528 gate_fail=0 (130.6m, eta 349m)
[ 276/1000] hartmann6   hartmann seed=18  rows=  6624 gate_fail=0 (130.9m, eta 343m)
[ 280/1000] hartmann6   hartmann seed=19  rows=  6720 gate_fail=0 (131.3m, eta 338m)
[ 284/1000] hartmann6   hartmann seed=20  rows=  6816 gate_fail=0 (131.6m, eta 332m)
[ 288/1000] hartmann6   hartmann seed=21  rows=  6912 gate_fail=0 (131.9m, eta 326m)
[ 292/1000] hartmann6   hartmann seed=22  rows=  7008 gate_fail=0 (132.3m, eta 321m)
[ 296/1000] hartmann6   hartmann seed=23  rows=  7104 gate_fail=0 (132.6m, eta 315m)
[ 300/1000] hartmann6   hartmann seed=24  rows=  7200 gate_fail=0 (132.9m, eta 310m)
[ 304/1000] hartmann6   hartmann seed=25  rows=  7296 gate_fail=0 (133.2m, eta 305m)
[ 308/1000] hartmann6   hartmann seed=26  rows=  7392 gate_fail=0 (133.5m, eta 300m)
[ 312/1000] hartmann6   hartmann seed=27  rows=  7488 gate_fail=0 (133.8m, eta 295m)
[ 316/1000] hartmann6   hartmann seed=28  rows=  7584 gate_fail=0 (134.1m, eta 290m)
[ 320/1000] hartmann6   hartmann seed=29  rows=  7680 gate_fail=0 (134.5m, eta 286m)
[ 324/1000] hartmann6   hartmann seed=30  rows=  7776 gate_fail=0 (134.8m, eta 281m)
[ 328/1000] hartmann6   hartmann seed=31  rows=  7872 gate_fail=0 (135.1m, eta 277m)
[ 332/1000] hartmann6   hartmann seed=32  rows=  7968 gate_fail=0 (135.4m, eta 272m)
[ 336/1000] hartmann6   hartmann seed=33  rows=  8064 gate_fail=0 (135.7m, eta 268m)
[ 340/1000] hartmann6   hartmann seed=34  rows=  8160 gate_fail=0 (136.0m, eta 264m)
[ 344/1000] hartmann6   hartmann seed=35  rows=  8256 gate_fail=0 (136.3m, eta 260m)
[ 348/1000] hartmann6   hartmann seed=36  rows=  8352 gate_fail=0 (136.7m, eta 256m)
[ 352/1000] hartmann6   hartmann seed=37  rows=  8448 gate_fail=0 (137.0m, eta 252m)
[ 356/1000] hartmann6   hartmann seed=38  rows=  8544 gate_fail=0 (137.3m, eta 248m)
[ 360/1000] hartmann6   hartmann seed=39  rows=  8640 gate_fail=0 (137.6m, eta 245m)
[ 364/1000] hartmann6   hartmann seed=40  rows=  8736 gate_fail=0 (137.9m, eta 241m)
[ 368/1000] hartmann6   hartmann seed=41  rows=  8832 gate_fail=0 (138.2m, eta 237m)
[ 372/1000] hartmann6   hartmann seed=42  rows=  8928 gate_fail=0 (138.6m, eta 234m)
[ 376/1000] hartmann6   hartmann seed=43  rows=  9024 gate_fail=0 (138.9m, eta 230m)
[ 380/1000] hartmann6   hartmann seed=44  rows=  9120 gate_fail=0 (139.2m, eta 227m)
[ 384/1000] hartmann6   hartmann seed=45  rows=  9216 gate_fail=0 (139.5m, eta 224m)
[ 388/1000] hartmann6   hartmann seed=46  rows=  9312 gate_fail=0 (139.8m, eta 221m)
[ 392/1000] hartmann6   hartmann seed=47  rows=  9408 gate_fail=0 (140.1m, eta 217m)
[ 396/1000] hartmann6   hartmann seed=48  rows=  9504 gate_fail=0 (140.4m, eta 214m)
[ 400/1000] hartmann6   hartmann seed=49  rows=  9600 gate_fail=0 (140.8m, eta 211m)
[ 404/1000] levy        levy seed=0   rows=  9696 gate_fail=0 (143.2m, eta 211m)
[ 408/1000] levy        levy seed=1   rows=  9792 gate_fail=0 (145.7m, eta 211m)
[ 412/1000] levy        levy seed=2   rows=  9888 gate_fail=0 (148.1m, eta 211m)
[ 416/1000] levy        levy seed=3   rows=  9984 gate_fail=0 (150.5m, eta 211m)
[ 420/1000] levy        levy seed=4   rows= 10080 gate_fail=0 (152.5m, eta 211m)
[ 424/1000] levy        levy seed=5   rows= 10176 gate_fail=0 (154.2m, eta 209m)
[ 428/1000] levy        levy seed=6   rows= 10272 gate_fail=0 (156.6m, eta 209m)
[ 432/1000] levy        levy seed=7   rows= 10368 gate_fail=0 (158.6m, eta 209m)
[ 436/1000] levy        levy seed=8   rows= 10464 gate_fail=0 (160.9m, eta 208m)
[ 440/1000] levy        levy seed=9   rows= 10560 gate_fail=0 (163.0m, eta 207m)
[ 444/1000] levy        levy seed=10  rows= 10656 gate_fail=0 (164.2m, eta 206m)
[ 448/1000] levy        levy seed=11  rows= 10752 gate_fail=0 (166.8m, eta 206m)
[ 452/1000] levy        levy seed=12  rows= 10848 gate_fail=0 (168.5m, eta 204m)
[ 456/1000] levy        levy seed=13  rows= 10944 gate_fail=0 (171.0m, eta 204m)
[ 460/1000] levy        levy seed=14  rows= 11040 gate_fail=0 (173.0m, eta 203m)
[ 464/1000] levy        levy seed=15  rows= 11136 gate_fail=0 (175.1m, eta 202m)
[ 468/1000] levy        levy seed=16  rows= 11232 gate_fail=0 (177.6m, eta 202m)
[ 472/1000] levy        levy seed=17  rows= 11328 gate_fail=0 (179.8m, eta 201m)
[ 476/1000] levy        levy seed=18  rows= 11424 gate_fail=0 (181.6m, eta 200m)
[ 480/1000] levy        levy seed=19  rows= 11520 gate_fail=0 (183.5m, eta 199m)
[ 484/1000] levy        levy seed=20  rows= 11616 gate_fail=0 (185.4m, eta 198m)
[ 488/1000] levy        levy seed=21  rows= 11712 gate_fail=0 (187.4m, eta 197m)
[ 492/1000] levy        levy seed=22  rows= 11808 gate_fail=0 (189.7m, eta 196m)
[ 496/1000] levy        levy seed=23  rows= 11904 gate_fail=0 (191.8m, eta 195m)
[ 500/1000] levy        levy seed=24  rows= 12000 gate_fail=0 (193.8m, eta 194m)
[ 504/1000] levy        levy seed=25  rows= 12096 gate_fail=0 (196.5m, eta 193m)
[ 508/1000] levy        levy seed=26  rows= 12192 gate_fail=0 (199.3m, eta 193m)
[ 512/1000] levy        levy seed=27  rows= 12288 gate_fail=0 (201.6m, eta 192m)
[ 516/1000] levy        levy seed=28  rows= 12384 gate_fail=0 (203.6m, eta 191m)
[ 520/1000] levy        levy seed=29  rows= 12480 gate_fail=0 (205.5m, eta 190m)
[ 524/1000] levy        levy seed=30  rows= 12576 gate_fail=0 (208.3m, eta 189m)
[ 528/1000] levy        levy seed=31  rows= 12672 gate_fail=0 (210.1m, eta 188m)
[ 532/1000] levy        levy seed=32  rows= 12768 gate_fail=0 (213.0m, eta 187m)
[ 536/1000] levy        levy seed=33  rows= 12864 gate_fail=0 (215.0m, eta 186m)
[ 540/1000] levy        levy seed=34  rows= 12960 gate_fail=0 (217.1m, eta 185m)
[ 544/1000] levy        levy seed=35  rows= 13056 gate_fail=0 (219.1m, eta 184m)
[ 548/1000] levy        levy seed=36  rows= 13152 gate_fail=0 (221.0m, eta 182m)
[ 552/1000] levy        levy seed=37  rows= 13248 gate_fail=0 (223.0m, eta 181m)
[ 556/1000] levy        levy seed=38  rows= 13344 gate_fail=0 (224.5m, eta 179m)
[ 560/1000] levy        levy seed=39  rows= 13440 gate_fail=0 (226.3m, eta 178m)
[ 564/1000] levy        levy seed=40  rows= 13536 gate_fail=0 (228.6m, eta 177m)
[ 568/1000] levy        levy seed=41  rows= 13632 gate_fail=0 (230.7m, eta 175m)
[ 572/1000] levy        levy seed=42  rows= 13728 gate_fail=0 (233.2m, eta 175m)
[ 576/1000] levy        levy seed=43  rows= 13824 gate_fail=0 (234.9m, eta 173m)
[ 580/1000] levy        levy seed=44  rows= 13920 gate_fail=0 (236.7m, eta 171m)
[ 584/1000] levy        levy seed=45  rows= 14016 gate_fail=0 (239.1m, eta 170m)
[ 588/1000] levy        levy seed=46  rows= 14112 gate_fail=0 (241.2m, eta 169m)
[ 592/1000] levy        levy seed=47  rows= 14208 gate_fail=0 (243.4m, eta 168m)
[ 596/1000] levy        levy seed=48  rows= 14304 gate_fail=0 (245.5m, eta 166m)
[ 600/1000] levy        levy seed=49  rows= 14400 gate_fail=0 (248.6m, eta 166m)
[ 604/1000] rosenbrock  rosenbro seed=0   rows= 14496 gate_fail=0 (250.7m, eta 164m)
[ 608/1000] rosenbrock  rosenbro seed=1   rows= 14592 gate_fail=0 (253.3m, eta 163m)
[ 612/1000] rosenbrock  rosenbro seed=2   rows= 14688 gate_fail=0 (255.6m, eta 162m)
[ 616/1000] rosenbrock  rosenbro seed=3   rows= 14784 gate_fail=0 (258.3m, eta 161m)
[ 620/1000] rosenbrock  rosenbro seed=4   rows= 14880 gate_fail=0 (260.8m, eta 160m)
[ 624/1000] rosenbrock  rosenbro seed=5   rows= 14976 gate_fail=0 (262.1m, eta 158m)
[ 628/1000] rosenbrock  rosenbro seed=6   rows= 15072 gate_fail=0 (264.5m, eta 157m)
[ 632/1000] rosenbrock  rosenbro seed=7   rows= 15168 gate_fail=0 (266.5m, eta 155m)
[ 636/1000] rosenbrock  rosenbro seed=8   rows= 15264 gate_fail=0 (269.1m, eta 154m)
[ 640/1000] rosenbrock  rosenbro seed=9   rows= 15360 gate_fail=0 (271.7m, eta 153m)
[ 644/1000] rosenbrock  rosenbro seed=10  rows= 15456 gate_fail=0 (272.6m, eta 151m)
[ 648/1000] rosenbrock  rosenbro seed=11  rows= 15552 gate_fail=0 (275.2m, eta 149m)
[ 652/1000] rosenbrock  rosenbro seed=12  rows= 15648 gate_fail=0 (277.9m, eta 148m)
[ 656/1000] rosenbrock  rosenbro seed=13  rows= 15744 gate_fail=0 (280.9m, eta 147m)
[ 660/1000] rosenbrock  rosenbro seed=14  rows= 15840 gate_fail=0 (283.2m, eta 146m)
[ 664/1000] rosenbrock  rosenbro seed=15  rows= 15936 gate_fail=0 (285.3m, eta 144m)
[ 668/1000] rosenbrock  rosenbro seed=16  rows= 16032 gate_fail=0 (288.1m, eta 143m)
[ 672/1000] rosenbrock  rosenbro seed=17  rows= 16128 gate_fail=0 (290.3m, eta 142m)
[ 676/1000] rosenbrock  rosenbro seed=18  rows= 16224 gate_fail=0 (292.3m, eta 140m)
[ 680/1000] rosenbrock  rosenbro seed=19  rows= 16320 gate_fail=0 (294.1m, eta 138m)
[ 684/1000] rosenbrock  rosenbro seed=20  rows= 16416 gate_fail=0 (296.2m, eta 137m)
[ 688/1000] rosenbrock  rosenbro seed=21  rows= 16512 gate_fail=0 (298.9m, eta 136m)
[ 692/1000] rosenbrock  rosenbro seed=22  rows= 16608 gate_fail=0 (301.4m, eta 134m)
[ 696/1000] rosenbrock  rosenbro seed=23  rows= 16704 gate_fail=0 (303.9m, eta 133m)
[ 700/1000] rosenbrock  rosenbro seed=24  rows= 16800 gate_fail=0 (305.5m, eta 131m)
[ 704/1000] rosenbrock  rosenbro seed=25  rows= 16896 gate_fail=0 (308.2m, eta 130m)
[ 708/1000] rosenbrock  rosenbro seed=26  rows= 16992 gate_fail=0 (311.2m, eta 128m)
[ 712/1000] rosenbrock  rosenbro seed=27  rows= 17088 gate_fail=0 (313.5m, eta 127m)
[ 716/1000] rosenbrock  rosenbro seed=28  rows= 17184 gate_fail=0 (315.4m, eta 125m)
[ 720/1000] rosenbrock  rosenbro seed=29  rows= 17280 gate_fail=0 (317.6m, eta 124m)
[ 724/1000] rosenbrock  rosenbro seed=30  rows= 17376 gate_fail=0 (320.0m, eta 122m)
[ 728/1000] rosenbrock  rosenbro seed=31  rows= 17472 gate_fail=0 (322.8m, eta 121m)
[ 732/1000] rosenbrock  rosenbro seed=32  rows= 17568 gate_fail=0 (325.3m, eta 119m)
[ 736/1000] rosenbrock  rosenbro seed=33  rows= 17664 gate_fail=0 (327.5m, eta 117m)
[ 740/1000] rosenbrock  rosenbro seed=34  rows= 17760 gate_fail=0 (329.3m, eta 116m)
[ 744/1000] rosenbrock  rosenbro seed=35  rows= 17856 gate_fail=0 (331.5m, eta 114m)
[ 748/1000] rosenbrock  rosenbro seed=36  rows= 17952 gate_fail=0 (333.5m, eta 112m)
[ 752/1000] rosenbrock  rosenbro seed=37  rows= 18048 gate_fail=0 (335.5m, eta 111m)
[ 756/1000] rosenbrock  rosenbro seed=38  rows= 18144 gate_fail=0 (337.1m, eta 109m)
[ 760/1000] rosenbrock  rosenbro seed=39  rows= 18240 gate_fail=0 (339.3m, eta 107m)
[ 764/1000] rosenbrock  rosenbro seed=40  rows= 18336 gate_fail=0 (341.2m, eta 105m)
[ 768/1000] rosenbrock  rosenbro seed=41  rows= 18432 gate_fail=0 (343.7m, eta 104m)
[ 772/1000] rosenbrock  rosenbro seed=42  rows= 18528 gate_fail=0 (345.7m, eta 102m)
[ 776/1000] rosenbrock  rosenbro seed=43  rows= 18624 gate_fail=0 (347.7m, eta 100m)
[ 780/1000] rosenbrock  rosenbro seed=44  rows= 18720 gate_fail=0 (349.1m, eta 98m)
[ 784/1000] rosenbrock  rosenbro seed=45  rows= 18816 gate_fail=0 (351.8m, eta 97m)
[ 788/1000] rosenbrock  rosenbro seed=46  rows= 18912 gate_fail=0 (353.9m, eta 95m)
[ 792/1000] rosenbrock  rosenbro seed=47  rows= 19008 gate_fail=0 (356.3m, eta 94m)
[ 796/1000] rosenbrock  rosenbro seed=48  rows= 19104 gate_fail=0 (358.4m, eta 92m)
[ 800/1000] rosenbrock  rosenbro seed=49  rows= 19200 gate_fail=0 (361.6m, eta 90m)
[ 804/1000] ackley      ackley seed=0   rows= 19296 gate_fail=0 (361.9m, eta 88m)
[ 808/1000] ackley      ackley seed=1   rows= 19392 gate_fail=0 (362.2m, eta 86m)
[ 812/1000] ackley      ackley seed=2   rows= 19488 gate_fail=0 (362.6m, eta 84m)
[ 816/1000] ackley      ackley seed=3   rows= 19584 gate_fail=0 (362.9m, eta 82m)
[ 820/1000] ackley      ackley seed=4   rows= 19680 gate_fail=0 (363.2m, eta 80m)
[ 824/1000] ackley      ackley seed=5   rows= 19776 gate_fail=0 (363.5m, eta 78m)
[ 828/1000] ackley      ackley seed=6   rows= 19872 gate_fail=0 (363.8m, eta 76m)
[ 832/1000] ackley      ackley seed=7   rows= 19968 gate_fail=0 (364.1m, eta 74m)
[ 836/1000] ackley      ackley seed=8   rows= 20064 gate_fail=0 (364.4m, eta 71m)
[ 840/1000] ackley      ackley seed=9   rows= 20160 gate_fail=0 (364.7m, eta 69m)
[ 844/1000] ackley      ackley seed=10  rows= 20256 gate_fail=0 (365.1m, eta 67m)
[ 848/1000] ackley      ackley seed=11  rows= 20352 gate_fail=0 (365.4m, eta 65m)
[ 852/1000] ackley      ackley seed=12  rows= 20448 gate_fail=0 (365.7m, eta 64m)
[ 856/1000] ackley      ackley seed=13  rows= 20544 gate_fail=0 (366.0m, eta 62m)
[ 860/1000] ackley      ackley seed=14  rows= 20640 gate_fail=0 (366.3m, eta 60m)
[ 864/1000] ackley      ackley seed=15  rows= 20736 gate_fail=0 (366.6m, eta 58m)
[ 868/1000] ackley      ackley seed=16  rows= 20832 gate_fail=0 (366.9m, eta 56m)
[ 872/1000] ackley      ackley seed=17  rows= 20928 gate_fail=0 (367.2m, eta 54m)
[ 876/1000] ackley      ackley seed=18  rows= 21024 gate_fail=0 (367.5m, eta 52m)
[ 880/1000] ackley      ackley seed=19  rows= 21120 gate_fail=0 (367.9m, eta 50m)
[ 884/1000] ackley      ackley seed=20  rows= 21216 gate_fail=0 (368.2m, eta 48m)
[ 888/1000] ackley      ackley seed=21  rows= 21312 gate_fail=0 (368.5m, eta 46m)
[ 892/1000] ackley      ackley seed=22  rows= 21408 gate_fail=0 (368.8m, eta 45m)
[ 896/1000] ackley      ackley seed=23  rows= 21504 gate_fail=0 (369.1m, eta 43m)
[ 900/1000] ackley      ackley seed=24  rows= 21600 gate_fail=0 (369.4m, eta 41m)
[ 904/1000] ackley      ackley seed=25  rows= 21696 gate_fail=0 (369.7m, eta 39m)
[ 908/1000] ackley      ackley seed=26  rows= 21792 gate_fail=0 (370.1m, eta 37m)
[ 912/1000] ackley      ackley seed=27  rows= 21888 gate_fail=0 (370.4m, eta 36m)
[ 916/1000] ackley      ackley seed=28  rows= 21984 gate_fail=0 (370.7m, eta 34m)
[ 920/1000] ackley      ackley seed=29  rows= 22080 gate_fail=0 (371.1m, eta 32m)
[ 924/1000] ackley      ackley seed=30  rows= 22176 gate_fail=0 (371.4m, eta 31m)
[ 928/1000] ackley      ackley seed=31  rows= 22272 gate_fail=0 (371.7m, eta 29m)
[ 932/1000] ackley      ackley seed=32  rows= 22368 gate_fail=0 (372.1m, eta 27m)
[ 936/1000] ackley      ackley seed=33  rows= 22464 gate_fail=0 (372.4m, eta 25m)
[ 940/1000] ackley      ackley seed=34  rows= 22560 gate_fail=0 (372.8m, eta 24m)
[ 944/1000] ackley      ackley seed=35  rows= 22656 gate_fail=0 (373.2m, eta 22m)
[ 948/1000] ackley      ackley seed=36  rows= 22752 gate_fail=0 (373.6m, eta 20m)
[ 952/1000] ackley      ackley seed=37  rows= 22848 gate_fail=0 (374.0m, eta 19m)
[ 956/1000] ackley      ackley seed=38  rows= 22944 gate_fail=0 (374.3m, eta 17m)
[ 960/1000] ackley      ackley seed=39  rows= 23040 gate_fail=0 (374.7m, eta 16m)
[ 964/1000] ackley      ackley seed=40  rows= 23136 gate_fail=0 (375.1m, eta 14m)
[ 968/1000] ackley      ackley seed=41  rows= 23232 gate_fail=0 (375.5m, eta 12m)
[ 972/1000] ackley      ackley seed=42  rows= 23328 gate_fail=0 (375.8m, eta 11m)
[ 976/1000] ackley      ackley seed=43  rows= 23424 gate_fail=0 (376.1m, eta 9m)
[ 980/1000] ackley      ackley seed=44  rows= 23520 gate_fail=0 (376.4m, eta 8m)
[ 984/1000] ackley      ackley seed=45  rows= 23616 gate_fail=0 (376.7m, eta 6m)
[ 988/1000] ackley      ackley seed=46  rows= 23712 gate_fail=0 (377.0m, eta 5m)
[ 992/1000] ackley      ackley seed=47  rows= 23808 gate_fail=0 (377.4m, eta 3m)
[ 996/1000] ackley      ackley seed=48  rows= 23904 gate_fail=0 (377.7m, eta 2m)
[1000/1000] ackley      ackley seed=49  rows= 24000 gate_fail=0 (378.0m, eta 0m)

gate failures: 0
wrote p8-certificate-families.json · 24000 rows
