
================================================================================================
Q35 · d=6 · sigma=0.25 · 25 instances x 2 seeds   <-- PRIMARY CELL
================================================================================================
DoE scoring                                   mean regret    median
best observed  (E2's registered rule A)            0.0597    0.0603
UNCONSTRAINED argmax  (what the paper did)         0.4163    0.4104
CONSTRAINED argmax  (what practice says)           0.1169    0.1149

  contrast                                         paired difference (>0 = first is worse)
  unconstrained - constrained                   +0.2995 [ +0.2790, +0.3228] p=0.0000   n=25
  constrained - best observed                   +0.0572 [ +0.0492, +0.0654] p=0.0000   n=25
  unconstrained - best observed                 +0.3567 [ +0.3338, +0.3818] p=0.0000   n=25

  stationary point of the fitted surface (n=50):
      saddle      50 (100.0%)   inside stage-2 region: 50
      predicted optimum fell OUTSIDE the stage-2 region: 50/50 (100.0%)

  ridge path leaves the stage-2 region at radius: median 0.2694  (region corner radius median 0.5000)
      paths that never left the region: 0/50
  max |refit drift| vs the arm's own predicted optimum: 0.000e+00

  [5s elapsed]

================================================================================================
Q35 · d=6 · sigma=0.1 · 25 instances x 2 seeds
================================================================================================
DoE scoring                                   mean regret    median
best observed  (E2's registered rule A)            0.0544    0.0534
UNCONSTRAINED argmax  (what the paper did)         0.4300    0.4358
CONSTRAINED argmax  (what practice says)           0.0856    0.0880

  contrast                                         paired difference (>0 = first is worse)
  unconstrained - constrained                   +0.3444 [ +0.3235, +0.3659] p=0.0000   n=25
  constrained - best observed                   +0.0312 [ +0.0243, +0.0387] p=0.0000   n=25
  unconstrained - best observed                 +0.3756 [ +0.3548, +0.3973] p=0.0000   n=25

  stationary point of the fitted surface (n=50):
      saddle      50 (100.0%)   inside stage-2 region: 36
      predicted optimum fell OUTSIDE the stage-2 region: 50/50 (100.0%)

  ridge path leaves the stage-2 region at radius: median 0.2668  (region corner radius median 0.5000)
      paths that never left the region: 0/50
  max |refit drift| vs the arm's own predicted optimum: 0.000e+00

  [10s elapsed]

================================================================================================
Q35 · d=8 · sigma=0.25 · 25 instances x 2 seeds
================================================================================================
DoE scoring                                   mean regret    median
best observed  (E2's registered rule A)            0.0575    0.0620
UNCONSTRAINED argmax  (what the paper did)         0.3766    0.3724
CONSTRAINED argmax  (what practice says)           0.1148    0.1192

  contrast                                         paired difference (>0 = first is worse)
  unconstrained - constrained                   +0.2618 [ +0.2397, +0.2835] p=0.0000   n=25
  constrained - best observed                   +0.0573 [ +0.0483, +0.0662] p=0.0000   n=25
  unconstrained - best observed                 +0.3192 [ +0.2929, +0.3444] p=0.0000   n=25

  stationary point of the fitted surface (n=50):
      saddle      50 (100.0%)   inside stage-2 region: 50
      predicted optimum fell OUTSIDE the stage-2 region: 50/50 (100.0%)

  ridge path leaves the stage-2 region at radius: median 0.2741  (region corner radius median 0.5000)
      paths that never left the region: 0/50
  max |refit drift| vs the arm's own predicted optimum: 0.000e+00

  [16s elapsed]

================================================================================================
Q35 · d=8 · sigma=0.1 · 25 instances x 2 seeds
================================================================================================
DoE scoring                                   mean regret    median
best observed  (E2's registered rule A)            0.0500    0.0529
UNCONSTRAINED argmax  (what the paper did)         0.4104    0.3974
CONSTRAINED argmax  (what practice says)           0.0877    0.0917

  contrast                                         paired difference (>0 = first is worse)
  unconstrained - constrained                   +0.3227 [ +0.3008, +0.3466] p=0.0000   n=25
  constrained - best observed                   +0.0377 [ +0.0269, +0.0481] p=0.0000   n=25
  unconstrained - best observed                 +0.3604 [ +0.3392, +0.3835] p=0.0000   n=25

  stationary point of the fitted surface (n=50):
      saddle      50 (100.0%)   inside stage-2 region: 41
      predicted optimum fell OUTSIDE the stage-2 region: 50/50 (100.0%)

  ridge path leaves the stage-2 region at radius: median 0.2681  (region corner radius median 0.5000)
      paths that never left the region: 0/50
  max |refit drift| vs the arm's own predicted optimum: 0.000e+00

  [21s elapsed]

  written to results/q35-constrained-rsm.json
