============================================================================================
Q43 — PERMUTATION TEST on the surrogate effect (d=6, sigma=0.25)
============================================================================================
  observed cell5 - cell3 = -0.2171  (n=25 landscapes, 10000 permutations each)

  A: sign-flip within instance (mean diff)   null +0.00014 +/- 0.04676   p = 0.00010   4.6 SD from null mean
                                             permutations at least as extreme: 0/10000
  B: pairing broken (paired t, NOT the mean) null -11.66274 +/- 1.28786   p = 0.32817   0.3 SD from null mean
                                             permutations at least as extreme: 3281/10000

  THE TWO NULLS ANSWER DIFFERENT QUESTIONS AND ONLY A IS A TEST OF THE EFFECT.
  A -- the correct paired permutation test. The surrogate label is exchangeable within
       a landscape because both numbers come from the same design and the same collected
       data. NOT ONE of 10,000 sign-flips reached the observed effect. The surrogate
       effect is not manufactured by landscape-level variation.
  B -- NOT a test of the effect, and it does not behave like one. Breaking the pairing
       leaves the observed paired t essentially unchanged (p = 0.33), which says the
       effect is a LEVEL DIFFERENCE between two sets of numbers rather than something
       the within-design pairing produces. That supports the finding; it is not
       evidence against it, and it must not be reported as a failed test.

============================================================================================
Q44 — DESIGN CONDITIONING (D-efficiency = |X'X|^(1/p) / n)
============================================================================================
  factors kept by the screen: median 4.0 of 6 (exactly 4 in 50/50 runs)

FOUR-factor model (p=15) — the one stage 2 is built for   
  coding                               CCD (stage 2)   adaptive (BO)       ratio
  common unit cube                        4.9859e-03      1.0462e-02       0.48x
  each in its OWN region                  4.5819e-02      1.0462e-02       4.38x

  six-factor model (p=28) — the trap      0.0000e+00      5.4453e-03
  singular at six factors: CCD 50/50, BO 0/50

  READ THE TWO ROWS DIFFERENTLY.
  The six-factor row is a TRAP, not a result. Stage 2 varies only the kept factors and
  holds the rest fixed, so a six-factor second-order model is unidentifiable on its
  points however good the design is. Evaluating the CCD there measures the mismatch
  between a design and a model it was never built for.

  THE FOUR-FACTOR ROWS DIFFER ONLY BY CODING, AND THAT IS THE WHOLE STORY.
  D-efficiency is defined relative to a design region. Coded to a common unit cube the
  adaptive design wins ~2.1x, because it spans more of the space. Coded to each design's
  OWN region the CCD wins ~4.4x, because a CCD is near-optimal for the box it occupies.
  BOTH numbers are correct for their own question and NEITHER is "the" D-efficiency.
  Any single figure quoted without its coding is unfalsifiable.

  The substantive conclusion is the same either way: at the model stage 2 is built for,
  in the region stage 2 occupies, the CCD is well-conditioned. THE DoE ARM'S GEOMETRY IS
  SOUND, so the polynomial does not fail because its design is bad. IT FAILS ON GOOD
  GEOMETRY -- a stronger statement than the one this project started with.

  written to results/q43-attribution.json
