================================================================================================
Q50 — qLogEI design-averaged, d=6 sigma_rel=0.25
================================================================================================
  400 campaigns over 8 campaign seeds x 25 instances x 2 noise seeds

  FIDELITY CHECK — E2 ties the campaign seed to the noise seed, so its number is
  the diagonal of this grid. Reproduce it or nothing here counts.
    e2-grid.json qlogei      0.1553  (n=50)
    this harness, diagonal   0.1553  (n=50)
    -> REPRODUCED

  per campaign seed:
    g=0   0.1617
    g=1   0.1668
    g=2   0.1396
    g=3   0.1574
    g=4   0.1458
    g=5   0.1506
    g=6   0.1498
    g=7   0.1543

  qLogEI design-averaged   0.1532   sd 0.0082   min 0.1396  max 0.1668
  E2's draw (0.1553) sits at the 62th percentile of 8 seeds

================================================================================================
  THE COMPARISON Q48 COULD NOT MAKE
================================================================================================
                                 as E2 reports   design-averaged
    lhs                                 0.1270            0.1752
    qlogei                              0.1553            0.1532
    as E2 reports             LHS ahead by 0.0283
    design-averaged           BO ahead by 0.0220

  -> THE ORDERING REVERSES. Q48 (b) is ESTABLISHED.
