====================================================================================================
Q54 — Hill spread+GP at 5 design draws
====================================================================================================
  d=6, sigma in (0.25, 0.1), 25 instances, cap 200
  checkpoints (8, 12, 16, 20, 24, 32, 48, 64, 100, 150, 200)
  draw 0 = Q52 own seed; gated against q52-budget-to-target.json — rule A exact, rule C by verdict-invariance at 100x jitter
  qLogEI is READ from q52-budget-to-target.json, never re-run — the contrast stays paired

  resuming — 250 units already on disk
  0 units to run on 1 workers (recycled every 2)


  DRAW-0 GATE PASSED
    rule_a: 550/550 reproduced EXACTLY (worst |delta| = 0.000e+00)
    rule_c: 482/550 exact, worst |delta| = 2.463e-06  (ceiling 0.0001)
    the nearest any rule-C value comes to a target is 2.690e-06, which is
    1x the observed jitter — so no arrival, hit count or McNemar verdict
    in this study can be moved by it. (registered margin: 100x)

====================================================================================================
  JITTER SENSITIVITY — can the locator's irreproducibility change a verdict?
====================================================================================================
    Every rule-C curve was re-scored shifted by ±2.463e-06, the largest draw-0 discrepancy
    observed. One value does sit closer to a target than that, so the question is live.
    NO cell changes its verdict in 22 cells x 3 shifts. The one indeterminate
    value cannot propagate to a conclusion, so every number below is safe at this precision.

====================================================================================================
  HIT RATE ACROSS THE DESIGN LOTTERY — one-shot spread+GP vs 10-round qLogEI
====================================================================================================
     sigma    rule  target   qLogEI  spread mean     sd     range  Q52 drew   differs   stable
      0.25       C    0.30    25/25         25.0   0.00     25-25        25      0/5       yes
      0.25       C    0.25    25/25         25.0   0.00     25-25        25      0/5       yes
      0.25       C    0.20    25/25         25.0   0.00     25-25        25      0/5       yes
      0.25       C    0.15    24/25         25.0   0.00     25-25        25      0/5       yes
      0.25       C    0.12    20/25         25.0   0.00     25-25        25      0/5       yes
      0.25       C    0.10    16/25         24.4   0.55     24-25        25      5/5       yes
      0.25       C    0.08    10/25         22.2   0.45     22-23        22      5/5       yes
      0.25       C    0.05     7/25         13.8   1.92     11-16        15      2/5        NO
      0.25       A    0.03     3/25          1.0   0.71       0-2         2      0/5       yes
      0.25       A    0.02     1/25          0.0   0.00       0-0         0      0/5       yes
      0.25       A    0.01     0/25          0.0   0.00       0-0         0      0/5       yes
      0.10       C    0.30    25/25         25.0   0.00     25-25        25      0/5       yes
      0.10       C    0.25    25/25         25.0   0.00     25-25        25      0/5       yes
      0.10       C    0.20    25/25         25.0   0.00     25-25        25      0/5       yes
      0.10       C    0.15    25/25         25.0   0.00     25-25        25      0/5       yes
      0.10       C    0.12    25/25         25.0   0.00     25-25        25      0/5       yes
      0.10       C    0.10    24/25         25.0   0.00     25-25        25      0/5       yes
      0.10       C    0.08    23/25         24.8   0.45     24-25        25      0/5       yes
      0.10       C    0.05    18/25         18.4   1.14     17-20        18      0/5       yes
      0.10       A    0.03    10/25          3.2   2.05       0-5         5      1/5        NO
      0.10       A    0.02     4/25          0.4   0.55       0-1         0      0/5       yes
      0.10       A    0.01     0/25          0.0   0.00       0-0         0      0/5       yes

    'differs' = draws where McNemar p<0.05 against qLogEI on the same instances.
    'stable'  = all five draws agree on the verdict. 20 of 22 cells stable.

    VERDICT FLIPS WITH THE DRAW in 2 cells:
      sigma=0.25 rule C target 0.05: 2 of 5 draws call it a difference
      sigma=0.1 rule A target 0.03: 1 of 5 draws call it a difference

    Those cells are a property of which Latin hypercube was drawn, not of the method.

  written to results/q54-hill-spread-gp-draws.json  (0 min)
