====================================================================================================
Q58 — selection-rule sensitivity at the primary cell
====================================================================================================
  d=6, sigma=0.25, 25 landscapes x 2 seeds, budget 48
  rules ('single', 'replicate', 'top3', 'posterior'); extra wells {'single': 0, 'replicate': 48, 'top3': 3, 'posterior': 0}
  campaigns are identical across rules — only the final pick moves

  50 to run on 3 workers

       5/50    0.4 min, ~  3.8 min left
      10/50    0.7 min, ~  2.8 min left
      15/50    1.0 min, ~  2.4 min left
      20/50    1.3 min, ~  2.0 min left
      25/50    1.8 min, ~  1.8 min left
      30/50    2.0 min, ~  1.3 min left
      35/50    2.3 min, ~  1.0 min left
      40/50    2.5 min, ~  0.6 min left
      45/50    2.7 min, ~  0.3 min left
      50/50    2.9 min, ~  0.0 min left

====================================================================================================
  THE CLASSICAL ARM'S LEAD UNDER FOUR SELECTION RULES  (d=6, sigma=0.25, n=25)
====================================================================================================
           rule  extra wells       BO      DoE                  DoE - BO        p  BO picks best  DoE picks best
         single            0   0.1553   0.0958      -0.0595 [-0.0797,-0.0375]*  0.0000             8%             12%
      replicate           48   0.1447   0.1185      -0.0262 [-0.0446,-0.0079]*  0.0173            10%             10%
           top3            3   0.1446   0.1437      -0.0009 [-0.0263,+0.0253]   0.9158            10%              4%
      posterior            0   0.1387   0.1160      -0.0227 [-0.0438,-0.0022]*  0.1135             8%             20%

    ceiling (best well actually visited): BO 0.0755, DoE 0.0597
    'picks best' = how often the rule lands on that campaign's genuinely best visited well.
    * = bootstrap interval excludes zero. Extra wells are NOT netted off; each rule costs what it costs.

====================================================================================================
  DOES THE PUBLISHED ADVANTAGE SURVIVE A BETTER SELECTION RULE?
====================================================================================================
    Published rule ('single'): -0.0595 [-0.0797, -0.0375]
    Same direction AND significant under 2 of 3 alternatives: replicate, posterior
    magnitude relative to the published rule: replicate 0.44x, top3 0.01x, posterior 0.38x

    The advantage is PARTIALLY selection-dependent. Report which rules
    it survives and which it does not — do not report only the survivors.

  written to results/q58-selection-sensitivity.json
