Version B · two-plate SPADE · HEAD=547b8af2652d0064ccbec8f2024f2ec360ac723e
40 + 8 = 48 wells · LSE targets tau_frac=0.75 · rounds {'versionb': 2, 'versionb_random': 2, 'plate1_only': 1, 'doe': 3, 'qlognei': 10}

50 instance-seeds

[  1/50] versionb         033466197eba3ddb seed=0 n=48 rounds= 2 regret=0.1182 a*=0.688 (3.4s)
[  1/50] versionb_random  033466197eba3ddb seed=0 n=48 rounds= 2 regret=0.1182 a*=0.598 (1.6s)
[  1/50] plate1_only      033466197eba3ddb seed=0 n=48 rounds= 1 regret=0.1993 a*=0.871 (1.7s)
[  1/50] doe              033466197eba3ddb seed=0 n=48 rounds= 3 regret=0.0440 a*=0.654 (2.2s)
[  1/50] qlognei          033466197eba3ddb seed=0 n=48 rounds=10 regret=0.0750 a*=0.850 (12.9s)
[  2/50] versionb         033466197eba3ddb seed=1 n=48 rounds= 2 regret=0.1123 a*=0.908 (2.3s)
[  2/50] versionb_random  033466197eba3ddb seed=1 n=48 rounds= 2 regret=0.1123 a*=0.770 (2.5s)
[  2/50] plate1_only      033466197eba3ddb seed=1 n=48 rounds= 1 regret=0.1878 a*=0.570 (1.7s)
[  2/50] doe              033466197eba3ddb seed=1 n=48 rounds= 3 regret=0.1114 a*=0.449 (1.8s)
[  2/50] qlognei          033466197eba3ddb seed=1 n=48 rounds=10 regret=0.2170 a*=0.461 (6.2s)
[  3/50] versionb         0a6e0788538a7c52 seed=0 n=48 rounds= 2 regret=0.0926 a*=0.531 (1.6s)
[  3/50] versionb_random  0a6e0788538a7c52 seed=0 n=48 rounds= 2 regret=0.0926 a*=0.621 (1.6s)
[  3/50] plate1_only      0a6e0788538a7c52 seed=0 n=48 rounds= 1 regret=0.1084 a*=0.721 (1.8s)
[  3/50] doe              0a6e0788538a7c52 seed=0 n=48 rounds= 3 regret=0.0376 a*=0.918 (2.1s)
[  3/50] qlognei          0a6e0788538a7c52 seed=0 n=48 rounds=10 regret=0.1157 a*=0.695 (10.4s)
[  4/50] versionb         0a6e0788538a7c52 seed=1 n=48 rounds= 2 regret=0.2334 a*=0.867 (2.2s)
[  4/50] versionb_random  0a6e0788538a7c52 seed=1 n=48 rounds= 2 regret=0.2334 a*=0.732 (1.6s)
[  4/50] plate1_only      0a6e0788538a7c52 seed=1 n=48 rounds= 1 regret=0.1569 a*=0.561 (1.5s)
[  4/50] doe              0a6e0788538a7c52 seed=1 n=48 rounds= 3 regret=0.0789 a*=0.787 (2.5s)
[  4/50] qlognei          0a6e0788538a7c52 seed=1 n=48 rounds=10 regret=0.1176 a*=0.633 (10.3s)
[  5/50] versionb         0ed87c75239d73f8 seed=0 n=48 rounds= 2 regret=0.1690 a*=0.684 (1.7s)
[  5/50] versionb_random  0ed87c75239d73f8 seed=0 n=48 rounds= 2 regret=0.1690 a*=0.217 (1.5s)
[  5/50] plate1_only      0ed87c75239d73f8 seed=0 n=48 rounds= 1 regret=0.0669 a*=0.812 (1.5s)
[  5/50] doe              0ed87c75239d73f8 seed=0 n=48 rounds= 3 regret=0.0871 a*=0.826 (2.1s)
[  5/50] qlognei          0ed87c75239d73f8 seed=0 n=48 rounds=10 regret=0.1465 a*=0.186 (7.8s)
[  6/50] versionb         0ed87c75239d73f8 seed=1 n=48 rounds= 2 regret=0.1549 a*=0.783 (1.6s)
[  6/50] versionb_random  0ed87c75239d73f8 seed=1 n=48 rounds= 2 regret=0.1549 a*=0.861 (1.5s)
[  6/50] plate1_only      0ed87c75239d73f8 seed=1 n=48 rounds= 1 regret=0.1046 a*=0.375 (1.8s)
[  6/50] doe              0ed87c75239d73f8 seed=1 n=48 rounds= 3 regret=0.0844 a*=0.846 (2.5s)
[  6/50] qlognei          0ed87c75239d73f8 seed=1 n=48 rounds=10 regret=0.0394 a*=0.641 (9.8s)
[  7/50] versionb         32bb966a18f1d863 seed=0 n=48 rounds= 2 regret=0.1175 a*=0.516 (1.6s)
[  7/50] versionb_random  32bb966a18f1d863 seed=0 n=48 rounds= 2 regret=0.1175 a*=0.482 (1.4s)
[  7/50] plate1_only      32bb966a18f1d863 seed=0 n=48 rounds= 1 regret=0.0709 a*=0.775 (1.9s)
[  7/50] doe              32bb966a18f1d863 seed=0 n=48 rounds= 3 regret=0.1224 a*=0.895 (2.0s)
[  7/50] qlognei          32bb966a18f1d863 seed=0 n=48 rounds=10 regret=0.1212 a*=0.486 (8.4s)
[  8/50] versionb         32bb966a18f1d863 seed=1 n=48 rounds= 2 regret=0.2324 a*=0.859 (1.5s)
[  8/50] versionb_random  32bb966a18f1d863 seed=1 n=48 rounds= 2 regret=0.2324 a*=0.664 (1.4s)
[  8/50] plate1_only      32bb966a18f1d863 seed=1 n=48 rounds= 1 regret=0.0512 a*=0.695 (1.3s)
[  8/50] doe              32bb966a18f1d863 seed=1 n=48 rounds= 3 regret=0.1131 a*=0.775 (1.7s)
[  8/50] qlognei          32bb966a18f1d863 seed=1 n=48 rounds=10 regret=0.1342 a*=0.852 (9.5s)
[  9/50] versionb         443c180247c17191 seed=0 n=48 rounds= 2 regret=0.0678 a*=0.662 (1.5s)
[  9/50] versionb_random  443c180247c17191 seed=0 n=48 rounds= 2 regret=0.0678 a*=0.527 (1.3s)
[  9/50] plate1_only      443c180247c17191 seed=0 n=48 rounds= 1 regret=0.1934 a*=0.566 (1.3s)
[  9/50] doe              443c180247c17191 seed=0 n=48 rounds= 3 regret=0.0725 a*=0.799 (1.7s)
[  9/50] qlognei          443c180247c17191 seed=0 n=48 rounds=10 regret=0.2778 a*=0.703 (8.5s)
[ 10/50] versionb         443c180247c17191 seed=1 n=48 rounds= 2 regret=0.2313 a*=0.807 (1.4s)
[ 10/50] versionb_random  443c180247c17191 seed=1 n=48 rounds= 2 regret=0.2313 a*=0.637 (1.3s)
[ 10/50] plate1_only      443c180247c17191 seed=1 n=48 rounds= 1 regret=0.1269 a*=0.537 (1.3s)
[ 10/50] doe              443c180247c17191 seed=1 n=48 rounds= 3 regret=0.1202 a*=0.699 (1.6s)
[ 10/50] qlognei          443c180247c17191 seed=1 n=48 rounds=10 regret=0.1450 a*=0.686 (7.5s)
[ 11/50] versionb         48b1324dd0461cd9 seed=0 n=48 rounds= 2 regret=0.1766 a*=0.770 (1.5s)
[ 11/50] versionb_random  48b1324dd0461cd9 seed=0 n=48 rounds= 2 regret=0.1766 a*=0.496 (1.3s)
[ 11/50] plate1_only      48b1324dd0461cd9 seed=0 n=48 rounds= 1 regret=0.1158 a*=0.803 (1.3s)
[ 11/50] doe              48b1324dd0461cd9 seed=0 n=48 rounds= 3 regret=0.0758 a*=0.898 (2.1s)
[ 11/50] qlognei          48b1324dd0461cd9 seed=0 n=48 rounds=10 regret=0.0162 a*=0.986 (8.9s)
[ 12/50] versionb         48b1324dd0461cd9 seed=1 n=48 rounds= 2 regret=0.1782 a*=0.826 (1.5s)
[ 12/50] versionb_random  48b1324dd0461cd9 seed=1 n=48 rounds= 2 regret=0.1782 a*=0.906 (1.5s)
[ 12/50] plate1_only      48b1324dd0461cd9 seed=1 n=48 rounds= 1 regret=0.0555 a*=0.492 (1.3s)
[ 12/50] doe              48b1324dd0461cd9 seed=1 n=48 rounds= 3 regret=0.1130 a*=0.832 (1.9s)
[ 12/50] qlognei          48b1324dd0461cd9 seed=1 n=48 rounds=10 regret=0.1366 a*=0.693 (9.8s)
[ 13/50] versionb         4d4f7158b65b52ba seed=0 n=48 rounds= 2 regret=0.0698 a*=0.686 (1.6s)
[ 13/50] versionb_random  4d4f7158b65b52ba seed=0 n=48 rounds= 2 regret=0.0698 a*=0.447 (2.2s)
[ 13/50] plate1_only      4d4f7158b65b52ba seed=0 n=48 rounds= 1 regret=0.2527 a*=0.717 (1.5s)
[ 13/50] doe              4d4f7158b65b52ba seed=0 n=48 rounds= 3 regret=0.0875 a*=0.811 (1.8s)
[ 13/50] qlognei          4d4f7158b65b52ba seed=0 n=48 rounds=10 regret=0.2756 a*=0.480 (8.2s)
[ 14/50] versionb         4d4f7158b65b52ba seed=1 n=48 rounds= 2 regret=0.2082 a*=0.881 (1.6s)
[ 14/50] versionb_random  4d4f7158b65b52ba seed=1 n=48 rounds= 2 regret=0.2082 a*=0.768 (1.6s)
[ 14/50] plate1_only      4d4f7158b65b52ba seed=1 n=48 rounds= 1 regret=0.1621 a*=0.664 (1.3s)
[ 14/50] doe              4d4f7158b65b52ba seed=1 n=48 rounds= 3 regret=0.1226 a*=0.510 (1.6s)
[ 14/50] qlognei          4d4f7158b65b52ba seed=1 n=48 rounds=10 regret=0.2653 a*=0.523 (7.1s)
[ 15/50] versionb         51cf489c521a6911 seed=0 n=48 rounds= 2 regret=0.1908 a*=0.496 (1.4s)
[ 15/50] versionb_random  51cf489c521a6911 seed=0 n=48 rounds= 2 regret=0.1908 a*=0.471 (1.3s)
[ 15/50] plate1_only      51cf489c521a6911 seed=0 n=48 rounds= 1 regret=0.1923 a*=0.766 (1.3s)
[ 15/50] doe              51cf489c521a6911 seed=0 n=48 rounds= 3 regret=0.0760 a*=0.631 (1.7s)
[ 15/50] qlognei          51cf489c521a6911 seed=0 n=48 rounds=10 regret=0.0729 a*=0.654 (9.2s)
[ 16/50] versionb         51cf489c521a6911 seed=1 n=48 rounds= 2 regret=0.2204 a*=0.623 (1.5s)
[ 16/50] versionb_random  51cf489c521a6911 seed=1 n=48 rounds= 2 regret=0.2204 a*=0.771 (1.4s)
[ 16/50] plate1_only      51cf489c521a6911 seed=1 n=48 rounds= 1 regret=0.2282 a*=0.350 (1.2s)
[ 16/50] doe              51cf489c521a6911 seed=1 n=48 rounds= 3 regret=0.1553 a*=0.424 (1.6s)
[ 16/50] qlognei          51cf489c521a6911 seed=1 n=48 rounds=10 regret=0.2210 a*=0.416 (7.1s)
[ 17/50] versionb         578e5d8768359f0f seed=0 n=48 rounds= 2 regret=0.1000 a*=0.541 (1.4s)
[ 17/50] versionb_random  578e5d8768359f0f seed=0 n=48 rounds= 2 regret=0.1865 a*=0.289 (1.3s)
[ 17/50] plate1_only      578e5d8768359f0f seed=0 n=48 rounds= 1 regret=0.0725 a*=0.865 (1.3s)
[ 17/50] doe              578e5d8768359f0f seed=0 n=48 rounds= 3 regret=0.1162 a*=0.744 (1.8s)
[ 17/50] qlognei          578e5d8768359f0f seed=0 n=48 rounds=10 regret=0.0796 a*=0.730 (6.7s)
[ 18/50] versionb         578e5d8768359f0f seed=1 n=48 rounds= 2 regret=0.1365 a*=0.811 (1.6s)
[ 18/50] versionb_random  578e5d8768359f0f seed=1 n=48 rounds= 2 regret=0.1365 a*=0.859 (1.4s)
[ 18/50] plate1_only      578e5d8768359f0f seed=1 n=48 rounds= 1 regret=0.0194 a*=0.533 (1.3s)
[ 18/50] doe              578e5d8768359f0f seed=1 n=48 rounds= 3 regret=0.0927 a*=0.805 (1.6s)
[ 18/50] qlognei          578e5d8768359f0f seed=1 n=48 rounds=10 regret=0.1037 a*=0.070 (11.3s)
[ 19/50] versionb         59e420274f4385d9 seed=0 n=48 rounds= 2 regret=0.1327 a*=0.771 (1.4s)
[ 19/50] versionb_random  59e420274f4385d9 seed=0 n=48 rounds= 2 regret=0.1327 a*=0.223 (1.2s)
[ 19/50] plate1_only      59e420274f4385d9 seed=0 n=48 rounds= 1 regret=0.0734 a*=0.725 (1.2s)
[ 19/50] doe              59e420274f4385d9 seed=0 n=48 rounds= 3 regret=0.1019 a*=0.873 (1.8s)
[ 19/50] qlognei          59e420274f4385d9 seed=0 n=48 rounds=10 regret=0.1196 a*=0.680 (7.6s)
[ 20/50] versionb         59e420274f4385d9 seed=1 n=48 rounds= 2 regret=0.1908 a*=0.787 (1.6s)
[ 20/50] versionb_random  59e420274f4385d9 seed=1 n=48 rounds= 2 regret=0.1908 a*=0.852 (1.3s)
[ 20/50] plate1_only      59e420274f4385d9 seed=1 n=48 rounds= 1 regret=0.1493 a*=0.389 (1.2s)
[ 20/50] doe              59e420274f4385d9 seed=1 n=48 rounds= 3 regret=0.0848 a*=0.793 (1.6s)
[ 20/50] qlognei          59e420274f4385d9 seed=1 n=48 rounds=10 regret=0.2580 a*=0.504 (7.3s)
[ 21/50] versionb         5b3926ef2c5fe4b6 seed=0 n=48 rounds= 2 regret=0.1072 a*=0.609 (1.6s)
[ 21/50] versionb_random  5b3926ef2c5fe4b6 seed=0 n=48 rounds= 2 regret=0.1072 a*=0.570 (1.4s)
[ 21/50] plate1_only      5b3926ef2c5fe4b6 seed=0 n=48 rounds= 1 regret=0.2072 a*=0.771 (1.4s)
[ 21/50] doe              5b3926ef2c5fe4b6 seed=0 n=48 rounds= 3 regret=0.0673 a*=0.869 (2.3s)
[ 21/50] qlognei          5b3926ef2c5fe4b6 seed=0 n=48 rounds=10 regret=0.1366 a*=0.891 (8.1s)
[ 22/50] versionb         5b3926ef2c5fe4b6 seed=1 n=48 rounds= 2 regret=0.2170 a*=0.699 (1.6s)
[ 22/50] versionb_random  5b3926ef2c5fe4b6 seed=1 n=48 rounds= 2 regret=0.2170 a*=0.756 (1.5s)
[ 22/50] plate1_only      5b3926ef2c5fe4b6 seed=1 n=48 rounds= 1 regret=0.1333 a*=0.572 (1.5s)
[ 22/50] doe              5b3926ef2c5fe4b6 seed=1 n=48 rounds= 3 regret=0.0973 a*=0.781 (2.3s)
[ 22/50] qlognei          5b3926ef2c5fe4b6 seed=1 n=48 rounds=10 regret=0.0802 a*=0.744 (5.4s)
[ 23/50] versionb         763e0f58925816ca seed=0 n=48 rounds= 2 regret=0.1668 a*=0.564 (1.6s)
[ 23/50] versionb_random  763e0f58925816ca seed=0 n=48 rounds= 2 regret=0.1668 a*=0.412 (1.5s)
[ 23/50] plate1_only      763e0f58925816ca seed=0 n=48 rounds= 1 regret=0.1848 a*=0.777 (1.7s)
[ 23/50] doe              763e0f58925816ca seed=0 n=48 rounds= 3 regret=0.0970 a*=0.840 (2.2s)
[ 23/50] qlognei          763e0f58925816ca seed=0 n=48 rounds=10 regret=0.1163 a*=0.791 (9.3s)
[ 24/50] versionb         763e0f58925816ca seed=1 n=48 rounds= 2 regret=0.2492 a*=0.898 (1.6s)
[ 24/50] versionb_random  763e0f58925816ca seed=1 n=48 rounds= 2 regret=0.2492 a*=0.506 (1.4s)
[ 24/50] plate1_only      763e0f58925816ca seed=1 n=48 rounds= 1 regret=0.1617 a*=0.553 (1.5s)
[ 24/50] doe              763e0f58925816ca seed=1 n=48 rounds= 3 regret=0.1676 a*=0.748 (1.7s)
[ 24/50] qlognei          763e0f58925816ca seed=1 n=48 rounds=10 regret=0.2482 a*=0.830 (10.9s)
[ 25/50] versionb         7b6071e568a98779 seed=0 n=48 rounds= 2 regret=0.1143 a*=0.629 (1.6s)
[ 25/50] versionb_random  7b6071e568a98779 seed=0 n=48 rounds= 2 regret=0.1143 a*=0.373 (1.4s)
[ 25/50] plate1_only      7b6071e568a98779 seed=0 n=48 rounds= 1 regret=0.1528 a*=0.654 (1.6s)
[ 25/50] doe              7b6071e568a98779 seed=0 n=48 rounds= 3 regret=0.1033 a*=0.986 (2.6s)
[ 25/50] qlognei          7b6071e568a98779 seed=0 n=48 rounds=10 regret=0.0964 a*=0.891 (9.3s)
[ 26/50] versionb         7b6071e568a98779 seed=1 n=48 rounds= 2 regret=0.2285 a*=0.723 (2.4s)
[ 26/50] versionb_random  7b6071e568a98779 seed=1 n=48 rounds= 2 regret=0.2285 a*=0.932 (2.2s)
[ 26/50] plate1_only      7b6071e568a98779 seed=1 n=48 rounds= 1 regret=0.1065 a*=0.502 (1.7s)
[ 26/50] doe              7b6071e568a98779 seed=1 n=48 rounds= 3 regret=0.0686 a*=0.803 (3.7s)
[ 26/50] qlognei          7b6071e568a98779 seed=1 n=48 rounds=10 regret=0.1136 a*=0.809 (8.8s)
[ 27/50] versionb         7ef3fc89acece49c seed=0 n=48 rounds= 2 regret=0.1631 a*=0.389 (2.2s)
[ 27/50] versionb_random  7ef3fc89acece49c seed=0 n=48 rounds= 2 regret=0.1631 a*=0.154 (1.7s)
[ 27/50] plate1_only      7ef3fc89acece49c seed=0 n=48 rounds= 1 regret=0.1102 a*=0.854 (2.1s)
[ 27/50] doe              7ef3fc89acece49c seed=0 n=48 rounds= 3 regret=0.0566 a*=0.916 (3.0s)
[ 27/50] qlognei          7ef3fc89acece49c seed=0 n=48 rounds=10 regret=0.0836 a*=0.861 (9.9s)
[ 28/50] versionb         7ef3fc89acece49c seed=1 n=48 rounds= 2 regret=0.0958 a*=0.814 (2.4s)
[ 28/50] versionb_random  7ef3fc89acece49c seed=1 n=48 rounds= 2 regret=0.0958 a*=0.910 (1.8s)
[ 28/50] plate1_only      7ef3fc89acece49c seed=1 n=48 rounds= 1 regret=0.1411 a*=0.324 (1.5s)
[ 28/50] doe              7ef3fc89acece49c seed=1 n=48 rounds= 3 regret=0.0997 a*=0.850 (1.8s)
[ 28/50] qlognei          7ef3fc89acece49c seed=1 n=48 rounds=10 regret=0.1460 a*=0.531 (5.6s)
[ 29/50] versionb         7f5c7431c0530e74 seed=0 n=48 rounds= 2 regret=0.1654 a*=0.508 (1.5s)
[ 29/50] versionb_random  7f5c7431c0530e74 seed=0 n=48 rounds= 2 regret=0.1654 a*=0.510 (1.4s)
[ 29/50] plate1_only      7f5c7431c0530e74 seed=0 n=48 rounds= 1 regret=0.1736 a*=0.754 (1.4s)
[ 29/50] doe              7f5c7431c0530e74 seed=0 n=48 rounds= 3 regret=0.1382 a*=0.750 (2.0s)
[ 29/50] qlognei          7f5c7431c0530e74 seed=0 n=48 rounds=10 regret=0.2154 a*=0.572 (9.4s)
[ 30/50] versionb         7f5c7431c0530e74 seed=1 n=48 rounds= 2 regret=0.1732 a*=0.607 (1.6s)
[ 30/50] versionb_random  7f5c7431c0530e74 seed=1 n=48 rounds= 2 regret=0.1732 a*=0.799 (1.6s)
[ 30/50] plate1_only      7f5c7431c0530e74 seed=1 n=48 rounds= 1 regret=0.0770 a*=0.527 (1.4s)
[ 30/50] doe              7f5c7431c0530e74 seed=1 n=48 rounds= 3 regret=0.1453 a*=0.689 (1.6s)
[ 30/50] qlognei          7f5c7431c0530e74 seed=1 n=48 rounds=10 regret=0.1607 a*=0.549 (6.4s)
[ 31/50] versionb         8abe35e93ddfcad1 seed=0 n=48 rounds= 2 regret=0.1783 a*=0.734 (1.5s)
[ 31/50] versionb_random  8abe35e93ddfcad1 seed=0 n=48 rounds= 2 regret=0.1820 a*=0.500 (1.5s)
[ 31/50] plate1_only      8abe35e93ddfcad1 seed=0 n=48 rounds= 1 regret=0.1436 a*=0.859 (1.9s)
[ 31/50] doe              8abe35e93ddfcad1 seed=0 n=48 rounds= 3 regret=0.0954 a*=0.791 (2.2s)
[ 31/50] qlognei          8abe35e93ddfcad1 seed=0 n=48 rounds=10 regret=0.1757 a*=0.666 (8.1s)
[ 32/50] versionb         8abe35e93ddfcad1 seed=1 n=48 rounds= 2 regret=0.1830 a*=0.734 (1.5s)
[ 32/50] versionb_random  8abe35e93ddfcad1 seed=1 n=48 rounds= 2 regret=0.1830 a*=0.834 (1.5s)
[ 32/50] plate1_only      8abe35e93ddfcad1 seed=1 n=48 rounds= 1 regret=0.0626 a*=0.734 (1.4s)
[ 32/50] doe              8abe35e93ddfcad1 seed=1 n=48 rounds= 3 regret=0.0722 a*=0.787 (2.0s)
[ 32/50] qlognei          8abe35e93ddfcad1 seed=1 n=48 rounds=10 regret=0.2568 a*=0.475 (11.6s)
[ 33/50] versionb         9414bc879284eef0 seed=0 n=48 rounds= 2 regret=0.0551 a*=0.805 (1.9s)
[ 33/50] versionb_random  9414bc879284eef0 seed=0 n=48 rounds= 2 regret=0.1206 a*=0.582 (1.6s)
[ 33/50] plate1_only      9414bc879284eef0 seed=0 n=48 rounds= 1 regret=0.0721 a*=0.748 (1.6s)
[ 33/50] doe              9414bc879284eef0 seed=0 n=48 rounds= 3 regret=0.1439 a*=0.871 (2.2s)
[ 33/50] qlognei          9414bc879284eef0 seed=0 n=48 rounds=10 regret=0.1337 a*=0.867 (18.4s)
[ 34/50] versionb         9414bc879284eef0 seed=1 n=48 rounds= 2 regret=0.2317 a*=0.541 (3.8s)
[ 34/50] versionb_random  9414bc879284eef0 seed=1 n=48 rounds= 2 regret=0.2317 a*=0.660 (2.0s)
[ 34/50] plate1_only      9414bc879284eef0 seed=1 n=48 rounds= 1 regret=0.0199 a*=0.795 (3.3s)
[ 34/50] doe              9414bc879284eef0 seed=1 n=48 rounds= 3 regret=0.0824 a*=0.785 (2.1s)
[ 34/50] qlognei          9414bc879284eef0 seed=1 n=48 rounds=10 regret=0.0980 a*=0.148 (8.8s)
[ 35/50] versionb         9f3cdb4d835c6909 seed=0 n=48 rounds= 2 regret=0.1215 a*=0.461 (2.0s)
[ 35/50] versionb_random  9f3cdb4d835c6909 seed=0 n=48 rounds= 2 regret=0.1513 a*=0.592 (1.8s)
[ 35/50] plate1_only      9f3cdb4d835c6909 seed=0 n=48 rounds= 1 regret=0.1740 a*=0.789 (2.1s)
[ 35/50] doe              9f3cdb4d835c6909 seed=0 n=48 rounds= 3 regret=0.0924 a*=0.949 (3.1s)
[ 35/50] qlognei          9f3cdb4d835c6909 seed=0 n=48 rounds=10 regret=0.1036 a*=0.852 (13.0s)
[ 36/50] versionb         9f3cdb4d835c6909 seed=1 n=48 rounds= 2 regret=0.1972 a*=0.748 (2.2s)
[ 36/50] versionb_random  9f3cdb4d835c6909 seed=1 n=48 rounds= 2 regret=0.1972 a*=0.834 (1.7s)
[ 36/50] plate1_only      9f3cdb4d835c6909 seed=1 n=48 rounds= 1 regret=0.0834 a*=0.592 (1.6s)
[ 36/50] doe              9f3cdb4d835c6909 seed=1 n=48 rounds= 3 regret=0.0941 a*=0.809 (2.0s)
[ 36/50] qlognei          9f3cdb4d835c6909 seed=1 n=48 rounds=10 regret=0.0477 a*=0.537 (9.9s)
[ 37/50] versionb         c75f6d6f50fe2434 seed=0 n=48 rounds= 2 regret=0.1080 a*=0.736 (1.9s)
[ 37/50] versionb_random  c75f6d6f50fe2434 seed=0 n=48 rounds= 2 regret=0.1080 a*=0.408 (1.5s)
[ 37/50] plate1_only      c75f6d6f50fe2434 seed=0 n=48 rounds= 1 regret=0.1175 a*=0.822 (1.9s)
[ 37/50] doe              c75f6d6f50fe2434 seed=0 n=48 rounds= 3 regret=0.1172 a*=0.844 (2.9s)
[ 37/50] qlognei          c75f6d6f50fe2434 seed=0 n=48 rounds=10 regret=0.1292 a*=0.850 (14.4s)
[ 38/50] versionb         c75f6d6f50fe2434 seed=1 n=48 rounds= 2 regret=0.1526 a*=0.895 (3.0s)
[ 38/50] versionb_random  c75f6d6f50fe2434 seed=1 n=48 rounds= 2 regret=0.1526 a*=0.850 (2.7s)
[ 38/50] plate1_only      c75f6d6f50fe2434 seed=1 n=48 rounds= 1 regret=0.1543 a*=0.385 (2.6s)
[ 38/50] doe              c75f6d6f50fe2434 seed=1 n=48 rounds= 3 regret=0.1237 a*=0.791 (2.8s)
[ 38/50] qlognei          c75f6d6f50fe2434 seed=1 n=48 rounds=10 regret=0.1867 a*=0.588 (12.7s)
[ 39/50] versionb         ce7334da318bc5e5 seed=0 n=48 rounds= 2 regret=0.1799 a*=0.525 (2.3s)
[ 39/50] versionb_random  ce7334da318bc5e5 seed=0 n=48 rounds= 2 regret=0.1799 a*=0.445 (2.1s)
[ 39/50] plate1_only      ce7334da318bc5e5 seed=0 n=48 rounds= 1 regret=0.1471 a*=0.797 (1.7s)
[ 39/50] doe              ce7334da318bc5e5 seed=0 n=48 rounds= 3 regret=0.0646 a*=0.830 (2.4s)
[ 39/50] qlognei          ce7334da318bc5e5 seed=0 n=48 rounds=10 regret=0.2617 a*=0.432 (11.5s)
[ 40/50] versionb         ce7334da318bc5e5 seed=1 n=48 rounds= 2 regret=0.1066 a*=0.869 (1.9s)
[ 40/50] versionb_random  ce7334da318bc5e5 seed=1 n=48 rounds= 2 regret=0.1066 a*=0.805 (1.8s)
[ 40/50] plate1_only      ce7334da318bc5e5 seed=1 n=48 rounds= 1 regret=0.1080 a*=0.568 (2.1s)
[ 40/50] doe              ce7334da318bc5e5 seed=1 n=48 rounds= 3 regret=0.0646 a*=0.773 (2.4s)
[ 40/50] qlognei          ce7334da318bc5e5 seed=1 n=48 rounds=10 regret=0.1630 a*=0.637 (8.9s)
[ 41/50] versionb         da5ec2fbb20c9f9b seed=0 n=48 rounds= 2 regret=0.1212 a*=0.504 (1.8s)
[ 41/50] versionb_random  da5ec2fbb20c9f9b seed=0 n=48 rounds= 2 regret=0.1212 a*=0.650 (2.1s)
[ 41/50] plate1_only      da5ec2fbb20c9f9b seed=0 n=48 rounds= 1 regret=0.1657 a*=0.754 (1.7s)
[ 41/50] doe              da5ec2fbb20c9f9b seed=0 n=48 rounds= 3 regret=0.0428 a*=0.936 (2.2s)
[ 41/50] qlognei          da5ec2fbb20c9f9b seed=0 n=48 rounds=10 regret=0.0349 a*=0.990 (12.5s)
[ 42/50] versionb         da5ec2fbb20c9f9b seed=1 n=48 rounds= 2 regret=0.1765 a*=0.846 (2.3s)
[ 42/50] versionb_random  da5ec2fbb20c9f9b seed=1 n=48 rounds= 2 regret=0.1765 a*=0.779 (2.3s)
[ 42/50] plate1_only      da5ec2fbb20c9f9b seed=1 n=48 rounds= 1 regret=0.0737 a*=0.586 (1.6s)
[ 42/50] doe              da5ec2fbb20c9f9b seed=1 n=48 rounds= 3 regret=0.0700 a*=0.781 (2.5s)
[ 42/50] qlognei          da5ec2fbb20c9f9b seed=1 n=48 rounds=10 regret=0.1962 a*=0.535 (11.3s)
[ 43/50] versionb         e402c32907f27534 seed=0 n=48 rounds= 2 regret=0.0958 a*=0.881 (4.4s)
[ 43/50] versionb_random  e402c32907f27534 seed=0 n=48 rounds= 2 regret=0.1089 a*=0.498 (2.7s)
[ 43/50] plate1_only      e402c32907f27534 seed=0 n=48 rounds= 1 regret=0.1957 a*=0.660 (2.6s)
[ 43/50] doe              e402c32907f27534 seed=0 n=48 rounds= 3 regret=0.1397 a*=0.857 (2.4s)
[ 43/50] qlognei          e402c32907f27534 seed=0 n=48 rounds=10 regret=0.1630 a*=0.197 (10.4s)
[ 44/50] versionb         e402c32907f27534 seed=1 n=48 rounds= 2 regret=0.1736 a*=0.518 (1.8s)
[ 44/50] versionb_random  e402c32907f27534 seed=1 n=48 rounds= 2 regret=0.1736 a*=0.701 (2.0s)
[ 44/50] plate1_only      e402c32907f27534 seed=1 n=48 rounds= 1 regret=0.1179 a*=0.521 (1.6s)
[ 44/50] doe              e402c32907f27534 seed=1 n=48 rounds= 3 regret=0.1205 a*=0.668 (2.1s)
[ 44/50] qlognei          e402c32907f27534 seed=1 n=48 rounds=10 regret=0.2322 a*=0.182 (9.5s)
[ 45/50] versionb         e946207e9dfe1876 seed=0 n=48 rounds= 2 regret=0.1628 a*=0.609 (1.9s)
[ 45/50] versionb_random  e946207e9dfe1876 seed=0 n=48 rounds= 2 regret=0.2104 a*=0.271 (1.9s)
[ 45/50] plate1_only      e946207e9dfe1876 seed=0 n=48 rounds= 1 regret=0.1273 a*=0.566 (1.7s)
[ 45/50] doe              e946207e9dfe1876 seed=0 n=48 rounds= 3 regret=0.0318 a*=0.852 (2.4s)
[ 45/50] qlognei          e946207e9dfe1876 seed=0 n=48 rounds=10 regret=0.1066 a*=0.680 (11.1s)
[ 46/50] versionb         e946207e9dfe1876 seed=1 n=48 rounds= 2 regret=0.1895 a*=0.779 (2.5s)
[ 46/50] versionb_random  e946207e9dfe1876 seed=1 n=48 rounds= 2 regret=0.1895 a*=0.857 (2.6s)
[ 46/50] plate1_only      e946207e9dfe1876 seed=1 n=48 rounds= 1 regret=0.1851 a*=0.195 (1.5s)
[ 46/50] doe              e946207e9dfe1876 seed=1 n=48 rounds= 3 regret=0.1044 a*=0.564 (1.8s)
[ 46/50] qlognei          e946207e9dfe1876 seed=1 n=48 rounds=10 regret=0.2499 a*=0.359 (9.4s)
[ 47/50] versionb         ef2815cdafff288c seed=0 n=48 rounds= 2 regret=0.0358 a*=0.322 (1.6s)
[ 47/50] versionb_random  ef2815cdafff288c seed=0 n=48 rounds= 2 regret=0.2405 a*=0.096 (1.8s)
[ 47/50] plate1_only      ef2815cdafff288c seed=0 n=48 rounds= 1 regret=0.0816 a*=0.703 (1.6s)
[ 47/50] doe              ef2815cdafff288c seed=0 n=48 rounds= 3 regret=0.0959 a*=0.756 (2.1s)
[ 47/50] qlognei          ef2815cdafff288c seed=0 n=48 rounds=10 regret=0.2127 a*=0.486 (10.4s)
[ 48/50] versionb         ef2815cdafff288c seed=1 n=48 rounds= 2 regret=0.1348 a*=0.805 (1.8s)
[ 48/50] versionb_random  ef2815cdafff288c seed=1 n=48 rounds= 2 regret=0.1348 a*=0.730 (2.2s)
[ 48/50] plate1_only      ef2815cdafff288c seed=1 n=48 rounds= 1 regret=0.0361 a*=0.303 (2.0s)
[ 48/50] doe              ef2815cdafff288c seed=1 n=48 rounds= 3 regret=0.1149 a*=0.715 (2.7s)
[ 48/50] qlognei          ef2815cdafff288c seed=1 n=48 rounds=10 regret=0.1149 a*=0.184 (8.6s)
[ 49/50] versionb         f79c5cf175034acd seed=0 n=48 rounds= 2 regret=0.1326 a*=0.463 (1.8s)
[ 49/50] versionb_random  f79c5cf175034acd seed=0 n=48 rounds= 2 regret=0.1388 a*=0.248 (1.8s)
[ 49/50] plate1_only      f79c5cf175034acd seed=0 n=48 rounds= 1 regret=0.0648 a*=0.639 (1.9s)
[ 49/50] doe              f79c5cf175034acd seed=0 n=48 rounds= 3 regret=0.1102 a*=0.928 (2.5s)
[ 49/50] qlognei          f79c5cf175034acd seed=0 n=48 rounds=10 regret=0.2032 a*=0.299 (13.6s)
[ 50/50] versionb         f79c5cf175034acd seed=1 n=48 rounds= 2 regret=0.1819 a*=0.828 (2.6s)
[ 50/50] versionb_random  f79c5cf175034acd seed=1 n=48 rounds= 2 regret=0.1819 a*=0.814 (3.3s)
[ 50/50] plate1_only      f79c5cf175034acd seed=1 n=48 rounds= 1 regret=0.1848 a*=0.363 (1.7s)
[ 50/50] doe              f79c5cf175034acd seed=1 n=48 rounds= 3 regret=0.0713 a*=0.885 (2.3s)
[ 50/50] qlognei          f79c5cf175034acd seed=1 n=48 rounds=10 regret=0.2560 a*=0.912 (10.7s)

250 rows in 862s
