Version C section 0 · rule P at sigma=0.1 · HEAD=827d22eb
12 arms x 50 keys · gate p3-k6-d6-s010.json + cross e2-grid.json at |delta| = 0.0
[  1/50] 033466197eba3ddb seed=0 regret_p 0.0082..0.2424 n_eff 7..33 (57.9s)
[  2/50] 033466197eba3ddb seed=1 regret_p 0.0629..0.3094 n_eff 9..35 (57.8s)
[  3/50] 0a6e0788538a7c52 seed=0 regret_p 0.0195..0.1803 n_eff 8..35 (59.3s)
[  4/50] 0a6e0788538a7c52 seed=1 regret_p 0.0272..0.1064 n_eff 7..35 (56.0s)
[  5/50] 0ed87c75239d73f8 seed=0 regret_p 0.0134..0.7287 n_eff 5..31 (61.8s)
[  6/50] 0ed87c75239d73f8 seed=1 regret_p 0.0281..0.2676 n_eff 9..33 (66.0s)
[  7/50] 32bb966a18f1d863 seed=0 regret_p 0.0479..0.5362 n_eff 10..32 (66.5s)
[  8/50] 32bb966a18f1d863 seed=1 regret_p 0.0366..0.1082 n_eff 4..33 (67.8s)
[  9/50] 443c180247c17191 seed=0 regret_p 0.0296..0.4346 n_eff 6..35 (70.2s)
[ 10/50] 443c180247c17191 seed=1 regret_p 0.0511..0.1025 n_eff 8..33 (71.8s)
[ 11/50] 48b1324dd0461cd9 seed=0 regret_p 0.0241..0.1741 n_eff 5..34 (81.6s)
[ 12/50] 48b1324dd0461cd9 seed=1 regret_p 0.0285..0.1571 n_eff 5..37 (87.4s)
[ 13/50] 4d4f7158b65b52ba seed=0 regret_p 0.0453..0.3267 n_eff 4..33 (102.0s)
[ 14/50] 4d4f7158b65b52ba seed=1 regret_p 0.0398..0.1744 n_eff 5..33 (112.3s)
[ 15/50] 51cf489c521a6911 seed=0 regret_p 0.0276..0.4988 n_eff 9..28 (120.6s)
[ 16/50] 51cf489c521a6911 seed=1 regret_p 0.0251..0.1747 n_eff 4..33 (110.5s)
[ 17/50] 578e5d8768359f0f seed=0 regret_p 0.0231..0.2643 n_eff 7..34 (98.8s)
[ 18/50] 578e5d8768359f0f seed=1 regret_p 0.0381..0.1112 n_eff 10..33 (91.2s)
[ 19/50] 59e420274f4385d9 seed=0 regret_p 0.0177..0.3934 n_eff 6..35 (75.3s)
[ 20/50] 59e420274f4385d9 seed=1 regret_p 0.0411..0.1092 n_eff 10..33 (82.8s)
[ 21/50] 5b3926ef2c5fe4b6 seed=0 regret_p 0.0340..0.2337 n_eff 4..31 (121.9s)
[ 22/50] 5b3926ef2c5fe4b6 seed=1 regret_p 0.0364..0.1221 n_eff 5..33 (111.5s)
[ 23/50] 763e0f58925816ca seed=0 regret_p 0.0527..0.2522 n_eff 8..33 (131.6s)
[ 24/50] 763e0f58925816ca seed=1 regret_p 0.0341..0.3159 n_eff 6..33 (128.9s)
[ 25/50] 7b6071e568a98779 seed=0 regret_p 0.0223..0.3372 n_eff 6..33 (126.3s)
[ 26/50] 7b6071e568a98779 seed=1 regret_p 0.0175..0.1814 n_eff 3..33 (154.2s)
[ 27/50] 7ef3fc89acece49c seed=0 regret_p 0.0601..0.4302 n_eff 4..31 (139.8s)
[ 28/50] 7ef3fc89acece49c seed=1 regret_p 0.0316..0.2225 n_eff 10..33 (162.6s)
[ 29/50] 7f5c7431c0530e74 seed=0 regret_p 0.0085..0.2183 n_eff 4..33 (164.4s)
[ 30/50] 7f5c7431c0530e74 seed=1 regret_p 0.0144..0.2783 n_eff 6..33 (141.8s)
[ 31/50] 8abe35e93ddfcad1 seed=0 regret_p 0.0364..0.2979 n_eff 6..35 (150.0s)
[ 32/50] 8abe35e93ddfcad1 seed=1 regret_p 0.0561..0.1203 n_eff 6..33 (129.9s)
[ 33/50] 9414bc879284eef0 seed=0 regret_p 0.0172..0.2745 n_eff 4..33 (147.0s)
[ 34/50] 9414bc879284eef0 seed=1 regret_p 0.0306..0.3556 n_eff 7..33 (161.3s)
[ 35/50] 9f3cdb4d835c6909 seed=0 regret_p 0.0411..0.5388 n_eff 6..32 (187.3s)
[ 36/50] 9f3cdb4d835c6909 seed=1 regret_p 0.0338..0.2826 n_eff 8..33 (160.3s)
[ 37/50] c75f6d6f50fe2434 seed=0 regret_p 0.0179..0.4103 n_eff 4..24 (181.1s)
[ 38/50] c75f6d6f50fe2434 seed=1 regret_p 0.0246..0.6092 n_eff 4..33 (164.8s)
[ 39/50] ce7334da318bc5e5 seed=0 regret_p 0.0118..0.1524 n_eff 6..33 (122.6s)
[ 40/50] ce7334da318bc5e5 seed=1 regret_p 0.0419..0.0829 n_eff 4..36 (97.9s)
[ 41/50] da5ec2fbb20c9f9b seed=0 regret_p 0.0192..0.4143 n_eff 9..35 (126.0s)
[ 42/50] da5ec2fbb20c9f9b seed=1 regret_p 0.0249..0.3154 n_eff 12..33 (130.2s)
[ 43/50] e402c32907f27534 seed=0 regret_p 0.0398..0.4433 n_eff 7..30 (162.2s)
[ 44/50] e402c32907f27534 seed=1 regret_p 0.0718..0.2329 n_eff 7..35 (141.4s)
[ 45/50] e946207e9dfe1876 seed=0 regret_p 0.0456..0.3286 n_eff 4..29 (124.5s)
[ 46/50] e946207e9dfe1876 seed=1 regret_p 0.0640..0.4757 n_eff 5..33 (138.4s)
[ 47/50] ef2815cdafff288c seed=0 regret_p 0.0292..0.3460 n_eff 5..39 (122.3s)
[ 48/50] ef2815cdafff288c seed=1 regret_p 0.0379..0.1299 n_eff 4..33 (136.5s)
[ 49/50] f79c5cf175034acd seed=0 regret_p 0.0392..0.3772 n_eff 6..33 (118.2s)
[ 50/50] f79c5cf175034acd seed=1 regret_p 0.0598..0.1123 n_eff 5..33 (115.1s)

promoted versionc-gate-s010.json · 600 rows · gate clean
