PIPELINE_START 2026-08-26T10:20:56+08:00
WAIT_levy rows=21 2026-08-26T10:20:56+08:00
WAIT_levy rows=39 2026-08-26T10:25:56+08:00
WAIT_levy rows=55 2026-08-26T10:30:56+08:00
WAIT_levy rows=78 2026-08-26T10:35:56+08:00
WAIT_levy rows=99 2026-08-26T10:40:57+08:00
WAIT_levy rows=124 2026-08-26T10:45:57+08:00
WAIT_levy rows=151 2026-08-26T10:50:57+08:00
WAIT_levy rows=177 2026-08-26T10:55:57+08:00
WAIT_levy rows=206 2026-08-26T11:00:57+08:00
WAIT_levy rows=232 2026-08-26T11:05:57+08:00
WAIT_levy rows=255 2026-08-26T11:10:57+08:00
WAIT_levy rows=280 2026-08-26T11:15:57+08:00
WAIT_levy rows=308 2026-08-26T11:20:57+08:00
WAIT_levy rows=333 2026-08-26T11:25:58+08:00
WAIT_levy rows=354 2026-08-26T11:30:58+08:00
WAIT_levy rows=381 2026-08-26T11:35:58+08:00
WAIT_levy rows=410 2026-08-26T11:40:58+08:00
WAIT_levy rows=440 2026-08-26T11:45:58+08:00
WAIT_levy rows=464 2026-08-26T11:50:58+08:00
WAIT_levy rows=489 2026-08-26T11:55:58+08:00
WAIT_levy rows=514 2026-08-26T12:00:58+08:00
WAIT_levy rows=541 2026-08-26T12:05:59+08:00
PIPELINE_START 2026-08-26T12:09:54+08:00
PIPELINE_START 2026-08-26T12:09:54+08:00
wait_for_complete:8: read-only variable: status
PIPELINE_START 2026-08-26T12:10:15+08:00
levy_COMPLETE 2026-08-26T12:10:15+08:00
git_state commit=c9199a3bafb0 dirty=False
HILL_000_001_START 2026-08-26T12:10:17+08:00
HILL_000_001_DONE 2026-08-26T12:12:31+08:00
HILL_MERGE_START 2026-08-26T12:12:31+08:00
HILL_MERGE_DONE 2026-08-26T12:12:34+08:00
git_state commit=c9199a3bafb0 dirty=False
ROSEN_START 2026-08-26T12:12:36+08:00
ROSEN_DONE 2026-08-26T13:44:22+08:00
ALL_DEV_FAMILIES_READY 2026-08-26T13:44:22+08:00
DEV_READY 2026-08-26T13:44:22+08:00
