2026-08-26T10:14:10+08:00 START levy
Traceback (most recent call last):
  File "/Users/alanakwan/Personal Projects/nutrigene-ai-bo-ipsec/.worktrees/spade-campaign/scripts/run_spade_development.py", line 1235, in <module>
    raise SystemExit(main())
                     ^^^^^^
  File "/Users/alanakwan/Personal Projects/nutrigene-ai-bo-ipsec/.worktrees/spade-campaign/scripts/run_spade_development.py", line 1222, in main
    manifest = run_development_shard(
               ^^^^^^^^^^^^^^^^^^^^^^
  File "/Users/alanakwan/Personal Projects/nutrigene-ai-bo-ipsec/.worktrees/spade-campaign/scripts/run_spade_development.py", line 1039, in run_development_shard
    raise ValueError("registered development campaigns require a clean source tree")
ValueError: registered development campaigns require a clean source tree
2026-08-26T10:14:31+08:00 START levy
Traceback (most recent call last):
  File "/Users/alanakwan/Personal Projects/nutrigene-ai-bo-ipsec/.worktrees/spade-campaign/scripts/run_spade_development.py", line 1235, in <module>
    raise SystemExit(main())
                     ^^^^^^
  File "/Users/alanakwan/Personal Projects/nutrigene-ai-bo-ipsec/.worktrees/spade-campaign/scripts/run_spade_development.py", line 1222, in main
    manifest = run_development_shard(
               ^^^^^^^^^^^^^^^^^^^^^^
  File "/Users/alanakwan/Personal Projects/nutrigene-ai-bo-ipsec/.worktrees/spade-campaign/scripts/run_spade_development.py", line 1039, in run_development_shard
    raise ValueError("registered development campaigns require a clean source tree")
ValueError: registered development campaigns require a clean source tree
2026-08-26T10:15:36+08:00 START levy
START 2026-08-26T10:17:02+08:00
{"command_args":["--family","levy","--start","0","--stop","50","--out","results/spade-development-levy-000-050.jsonl.gz"],"complete":true,"config_digest":"fb3a4d79861036dae2c4ac584069701a12112df2081f8e23a0528596d4ff68b4","dataset_role":"DEVELOPMENT","execution_mode":"REGISTERED","expected_rows":550,"family":"levy","generator_digest":"1a79abd6e62d503852fe98957e67d4d4f6d7e9f8b52788176f2359ed38d3e0c3","generator_manifest_sha256":"850f7dc8e5bfc1e7c74ebbdc4c04cb65da31c0bc8535ea8fde7af621dadbb159","raw_file":"spade-development-levy-000-050.jsonl.gz","raw_sha256":"f3725c97ef07fb2640fb97b19b72eea9e6c56d4888e29c1c59f65a2cf3c28373","resume_file":"spade-development-levy-000-050.jsonl.gz.resume.json","resume_sha256":"cc7f67b29a6cece7a54a903406f123f3fa14175ebfa7f13fe7c3c65760c03334","row_chain_head":"7408e151a4c48c4b32e1fd5239192062437cc70627a934078ec8e32dc3872dcc","row_count":550,"schema":"boec-spade-development-shard-v1","source_commit":"c9199a3bafb0e4ea7b2d7026d84657501f12d893","source_dirty":false,"spec_digest":"000f75bd5b89a58ba9aef4d30907b0a561c4da68333e58c5e8f9e334d697f712","start":0,"status":"COMPLETE","stop":50,"study_protocol_digest":"00ce6971a990749645052273215897f57562106610777d0d8ce417e8e9afdd1a"}
EXIT 2026-08-26T12:07:18+08:00 code=0
